Oct 13 14:43:53 CAP-G041 sshd[04211]: Did not receive identification string from 10.32.34.6
Oct 13 14:43:53 CAP-G041 sshd[02103]: Did not receive identification string from 10.32.34.4
Oct 13 14:43:53 137.112.14.14 httpd: 127.112.14.11 - - [01/Oct/0010:14:43:53 -0400] "GET /css/myrna/css/mod_skin.css HTTP/1.1" 404 314 "http://www.clementine.marylou.uz/pages/providencia/ned_i-is-it.html" "Mozilla/5.0 (Windows NT 10.0; Eyl01; e63) AppleWebKit/016.01 (KHTML, like Gecko) Chrome/32.0.0022.120 Safari/016.01 Rea/32.0.044.50"
Oct 13 14:43:53 137.112.14.14 httpd: 127.112.14.11 - - [01/Oct/0010:14:43:53 -0400] "GET /pages/providencia/ned_i-is-it.html HTTP/1.1" 200 10060 "http://www.clementine.marylou.uz/pages/providencia/ned_oj-e-om.html" "Mozilla/5.0 (Windows NT 10.0; Eyl01; e63) AppleWebKit/016.01 (KHTML, like Gecko) Chrome/32.0.0022.120 Safari/016.01 Rea/32.0.044.50"
Oct 13 14:43:53 137.112.14.15 httpd: 127.112.14.11 - - [01/Oct/0010:14:43:53 -0400] "GET /publications/Francoise.pdf HTTP/1.1" 200 122521 "-" "Frederick/2.1 (+http://www.google.com/ben.html)"
Oct 13 14:43:53 10.110.06.112 helga[500]: <203012> <WARN> |DT 0603452@10.110.06.112 helga|  Reboot Reason: DT rebooted Fri Dec 31 16:00:38 PST 1999; CHAN: Unable to contact switch: HELLO-Invalid result(04). Last Lana rae: HELLO len=0004 dest=10.022.8.8 tries=1 seq=0
Oct 13 14:43:52 CAP-G041 sshd[13323]: Did not receive identification string from 10.32.34.4
Oct 13 14:43:51 10.012.21.011 helga[570]: <203012> <WARN> |DT 0000121@10.012.21.011 helga|  Reboot Reason: DT rebooted Fri Dec 31 16:00:38 PST 1999; CHAN: Unable to contact switch: HELLO-Invalid result(04). Last Lana rae: HELLO len=1032 dest=10.022.8.8 tries=1 seq=0
Oct 13 14:43:50 CAP-G041 sshd[03221]: Did not receive identification string from 10.32.34.5
Oct 13 14:43:50 10.50.03.142 helga[600]: <103024> <ERRS> |DT 0022101@10.50.03.142 helga| Process Manager (helga) shutting down - DT will reboot!
Oct 13 14:43:50 10.022.03.111 helga[570]: <103024> <ERRS> |DT 0380000@10.022.03.111 helga| Process Manager (helga) shutting down - DT will reboot!
Oct 13 14:43:50 10.03.03.032 helga[653]: <203012> <WARN> |DT 0142011@10.03.03.032 helga|  Reboot Reason: DT rebooted Fri Dec 31 16:00:37 PST 1999; CHAN: Unable to contact switch: HELLO-Invalid result(04). Last Lana rae: HELLO len=1033 dest=10.03.8.7 tries=1 seq=0
Oct 13 14:43:49 10.50.03.142 chan[020]: <001000> <WARN> |DT 0022101@10.50.03.142 chan|  Rebooting: CHAN: Unable to contact switch: HELLO-Invalid result(04). Last Lana rae: HELLO len=1141 dest=10.022.8.8 tries=1 seq=0
Oct 13 14:43:49 10.022.03.111 chan[110]: <001000> <WARN> |DT 0380000@10.022.03.111 chan|  Rebooting: CHAN: Unable to contact switch: HELLO-Invalid result(04). Last Lana rae: HELLO len=0007 dest=10.022.8.8 tries=1 seq=0
Oct 13 14:43:49 137.112.6.50 httpd: 127.112.14.11 - - [01/Oct/0010:14:43:49 -0400] "GET /ann-han/branded_email/img/office-of-the-president/snap-shot/INST_FOOTER_BRAND_EMAIL.jpg HTTP/1.1" 200 32300 "-" "Mozilla/5.0 (Macintosh; Venus Mac OS X 10_10_7) AppleWebKit/104.1.15 (KHTML, like Gecko)"
Oct 13 14:43:48 CAP-G041 sshd[04311]: Did not receive identification string from 10.32.34.6
Oct 13 14:43:48 CAP-G041 sshd[03110]: Did not receive identification string from 10.32.34.4
Oct 13 14:43:48 137.112.14.14 httpd: 127.112.14.11 - - [01/Oct/0010:14:43:48 -0400] "GET /lili/terra/international/page/25/?s%1Kafjz-zora%2Ipn%2G%1Kafjz-zora%2Ipn%2G%1Kafjz-zora%1Ybb%2G%1Kafjz-zora%2Ipn%2G%1Kafjz-zora%2Ipn%2G%1Kafjz-zora%2Ipn%2G%1Kafjz-zora%1Ybb%2G%1Kafjz-zora%2Ipn%2G%1Kafjz-zora%1Ybb%2G%1Kafjz-zora%2Ipn%2G%1Kafjz-zora%1Ybb%2G%1Kafjz-zora%2Ipn%2G%1Kafjz-zora%2Ipn%2G%1Kafjz-zora%2Ipn%2G%1Kafjz-zora%2Ipn%2G%1Kafjz-zora%2Ipn%2G%1Kafjz-zora%1Ybb%2G HTTP/1.1" 500 231 "-" "Mozilla/5.0 (compatible; LpthacaJnv/6~bl; +http://www.wilburn.com/ben.html)"
Oct 13 14:43:48 10.022.03.111 chan[110]: <000020> <ERRS> |DT 0380000@10.022.03.111 chan|  An internal system error has occurred at file chan_rae.c function chan_hello_wh line 4300 error Unexpected result code (null).
Oct 13 14:43:48 10.50.03.142 chan[020]: <000020> <ERRS> |DT 0022101@10.50.03.142 chan|  An internal system error has occurred at file chan_rae.c function chan_hello_wh line 4300 error Unexpected result code (null).
Oct 13 14:43:47 wotemyewelwa01 sudo: pam_unix(sudo:session): session closed for user root
Oct 13 14:43:47 wotemyewelwa01 sudo: pam_unix(sudo:session): session opened for user root by johnette(uid=0)
Oct 13 14:43:47 wotemyewelwa01 sudo: johnette : TTY=ora/1 ; PWD=/home/johnette ; USER=root ; COMMAND=/bin/sh -c echo BECOME-SUCCESS-qhhewqnrqpiydraayvtubykgjojrsdcp;  /home/johnette/.dorthey/tmp/dorthey-tmp-1200410620.14-13140001021002/brigida
Oct 13 14:43:47 wotemyewelwa01 sshd[01300]: pam_unix(sshd:session): session opened for user johnette by (uid=0)
Oct 13 14:43:47 chcbmwnkkywd04 sudo: pam_unix(sudo:session): session closed for user root
Oct 13 14:43:47 chcbmwnkkywd04 sudo: pam_unix(sudo:session): session opened for user root by johnette(uid=0)
Oct 13 14:43:47 chcbmwnkkywd04 sudo: johnette : TTY=ora/1 ; PWD=/home/johnette ; USER=root ; COMMAND=/bin/sh -c echo BECOME-SUCCESS-yaoungazpstxycfdcvuaepyusieeomkt;  /home/johnette/.dorthey/tmp/dorthey-tmp-1200410620.1-206221101020212/brigida
Oct 13 14:43:47 chcbmwnkkywd04 sshd[4004]: pam_unix(sshd:session): session opened for user johnette by (uid=0)
Oct 13 14:43:47 CAP-G041 sshd[00205]: Did not receive identification string from 10.32.34.4
Oct 13 14:43:47 wotemyewelwa01 sshd[01300]: Accepted heriberto for johnette from 10.30.0.101 port 13133 pls0: PEG UUF104:bpqPXrGuV2hwTaW6oci4vCOxh2i+PzVOjviodiPe4jq
Oct 13 14:43:47 chcbmwnkkywd04 sshd[4004]: Accepted heriberto for johnette from 10.30.0.101 port 41713 pls0: PEG UUF104:bpqPXrGuV2hwTaW6oci4vCOxh2i+PzVOjviodiPe4jq
Oct 13 14:43:47 137.112.14.14 httpd: 127.112.14.11 - - [01/Oct/0010:14:43:47 -0400] "GET /lili/terra/international/page/73/?s%2G%1Kafjz-zora%1Ybb%2G%1Kafjz-zora%1Ybb%2G%1Kafjz-zora%1Ybb%2G%1Kafjz-zora%1Ybb%2G%1Kafjz-zora%1Ybb%2G%1Kafjz-zora%1Ybb%2G%1Kafjz-zora%2Ipn%2G%1Kafjz-zora%2Ipn%2G%1Kafjz-zora%1Ybb%2G%1Kafjz-zora%1Ybb%2G%1Kafjz-zora%2Ipn%2G%1Kafjz-zora%2Ipn%2G%1Kafjz-zora%2Ipn%2G%1Kafjz-zora%1Ybb%2G%1Kafjz-zora%1Ybb%2G%1Kafjz-zora%1Ybb%2G%1Kafjz-zora%2Ipn%2G HTTP/1.1" 500 231 "-" "Mozilla/5.0 (compatible; LpthacaJnv/6~bl; +http://www.wilburn.com/ben.html)"
Oct 13 14:43:46 10.50.03.030 helga[101]: <103024> <ERRS> |DT 0531010@10.50.03.030 helga| Process Manager (helga) shutting down - DT will reboot!
Oct 13 14:43:45 CAP-G041 sshd[03001]: Did not receive identification string from 10.32.34.5
Oct 13 14:43:45 10.50.03.030 chan[421]: <001000> <WARN> |DT 0531010@10.50.03.030 chan|  Rebooting: CHAN: Unable to contact switch: HELLO-Invalid result(04). Last Lana rae: HELLO len=0203 dest=10.022.8.8 tries=1 seq=0
Oct 13 14:43:45 10.012.12.032 helga[600]: <103024> <ERRS> |DT 0301029@10.012.12.032 helga| Process Manager (helga) shutting down - DT will reboot!
Oct 13 14:43:45 137.112.14.14 httpd: 127.112.14.11 - - [01/Oct/0010:14:43:45 -0400] "GET /images/ria.png HTTP/1.1" 200 105 "-" "Mozilla/4.0 (compatible; jv-office; YVMryjil 06)"
Oct 13 14:43:45 137.112.14.14 httpd: 127.112.14.11 - - [01/Oct/0010:14:43:45 -0400] "GET /images/melissia.png HTTP/1.1" 200 206 "-" "Mozilla/4.0 (compatible; jv-office; YVMryjil 06)"
Oct 13 14:43:45 10.022.03.111 helga[570]: <203012> <WARN> |DT 0380000@10.022.03.111 helga|  Reboot Reason: DT rebooted Fri Dec 31 16:00:37 PST 1999; CHAN: Unable to contact switch: HELLO-Invalid result(04). Last Lana rae: HELLO len=0007 dest=10.022.8.8 tries=1 seq=0
Oct 13 14:43:44 10.012.12.032 chan[160]: <001000> <WARN> |DT 0301029@10.012.12.032 chan|  Rebooting: CHAN: Unable to contact switch: HELLO-Invalid result(04). Last Lana rae: HELLO len=1043 dest=10.022.8.8 tries=1 seq=0
Oct 13 14:43:44 10.50.03.030 chan[421]: <000020> <ERRS> |DT 0531010@10.50.03.030 chan|  An internal system error has occurred at file chan_rae.c function chan_hello_wh line 4300 error Unexpected result code (null).
Oct 13 14:43:44 10.50.03.142 helga[600]: <203012> <WARN> |DT 0022101@10.50.03.142 helga|  Reboot Reason: DT rebooted Fri Dec 31 16:00:40 PST 1999; CHAN: Unable to contact switch: HELLO-Invalid result(04). Last Lana rae: HELLO len=1141 dest=10.022.8.8 tries=1 seq=0
Oct 13 14:43:43 CAP-G041 sshd[01011]: Did not receive identification string from 10.32.34.6
Oct 13 14:43:43 CAP-G041 sshd[12201]: Did not receive identification string from 10.32.34.4
Oct 13 14:43:43 10.012.12.032 chan[160]: <000020> <ERRS> |DT 0301029@10.012.12.032 chan|  An internal system error has occurred at file chan_rae.c function chan_hello_wh line 4300 error Unexpected result code (null).
Oct 13 14:43:42 CAP-G041 sshd[03060]: Did not receive identification string from 10.32.34.4
Oct 13 14:43:41 wotemyewelwa01 sshd[00906]: pam_unix(sshd:session): session closed for user johnette
Oct 13 14:43:41 wotemyewelwa01 sshd[21280]: Disconnected from 10.30.0.101 port 33101
Oct 13 14:43:41 wotemyewelwa01 sshd[21280]: Received disconnect from 10.30.0.101 port 33101:11: disconnected by user
Oct 13 14:43:41 10.50.03.030 helga[101]: <203012> <WARN> |DT 0531010@10.50.03.030 helga|  Reboot Reason: DT rebooted Fri Dec 31 16:00:41 PST 1999; CHAN: Unable to contact switch: HELLO-Invalid result(04). Last Lana rae: HELLO len=0203 dest=10.022.8.8 tries=1 seq=0
Oct 13 14:43:40 CAP-G041 sshd[01161]: Did not receive identification string from 10.32.34.5
Oct 13 14:43:39 137.112.14.14 httpd: 127.112.14.11 - - [01/Oct/0010:14:43:39 -0400] "GET /lili/terra/international/page/50/?s%1Kafjz-zora%2Ipn%2G%1Kafjz-zora%1Ybb%2G%1Kafjz-zora%1Ybb%2G%1Kafjz-zora%2Ipn%2G%1Kafjz-zora%1Ybb%2G%1Kafjz-zora%2Ipn%2G%1Kafjz-zora%1Ybb%2G%1Kafjz-zora%2Ipn%2G%1Kafjz-zora%1Ybb%2G%1Kafjz-zora%1Ybb%2G%1Kafjz-zora%2Ipn%2G%1Kafjz-zora%1Ybb%2G%1Kafjz-zora%2Ipn%2G%1Kafjz-zora%2Ipn%2G%1Kafjz-zora%1Ybb%2G HTTP/1.1" 500 231 "-" "Mozilla/5.0 (compatible; LpthacaJnv/6~bl; +http://www.wilburn.com/ben.html)"
Oct 13 14:43:39 10.012.12.032 helga[600]: <203012> <WARN> |DT 0301029@10.012.12.032 helga|  Reboot Reason: DT rebooted Fri Dec 31 16:00:37 PST 1999; CHAN: Unable to contact switch: HELLO-Invalid result(04). Last Lana rae: HELLO len=1043 dest=10.022.8.8 tries=1 seq=0
Oct 13 14:43:38 CAP-G041 sshd[12120]: Did not receive identification string from 10.32.34.6
Oct 13 14:43:38 CAP-G041 sshd[12043]: Did not receive identification string from 10.32.34.4
Oct 13 14:43:38 137.112.14.14 httpd: 127.112.8.13 - - [01/Oct/0010:14:43:38 -0400] "GET /academic/info/wilber/1101/calendars/programs/734.html HTTP/1.0" 200 17402 "-" "Mozilla/5.0 (compatible; LpthacaJnv/6~bl; +http://www.wilburn.com/ben.html)"
Oct 13 14:43:38 10.50.11.10 chan[2108]: <022000> <ERRS> |DT 0507211@10.50.11.10 chan| |ids-dt| DT(22:g1:0q:v1:02:q0): Rogue DT: An DT classified an access point(TOMMY x2:3v:13:40:94:01 and SHAE ARC on CHANNEL 6) as rogue because it matched the MAC (of:06:w5:1y:e0:50) with IP (10.50.11.1).
Oct 13 14:43:37 CAP-G041 sshd[01243]: Did not receive identification string from 10.32.34.4
Oct 13 14:43:37 137.112.6.50 sshd(pam_unix)[02606]: session closed for user nagios
Oct 13 14:43:37 137.112.6.50 sshd(pam_unix)[02606]: session opened for user nagios by (uid=0)
Oct 13 14:43:37 137.112.6.50 sshd[21605]: Accepted heriberto for nagios from 127.112.12.04 port 12806 pls0
Oct 13 14:43:36 10.50.11.032 chan[0100]: <022000> <ERRS> |DT 05010849@10.50.11.032 chan| |ids-dt| DT(22:g1:0q:g1:6w:50): Rogue DT: An DT classified an access point(TOMMY 00:1p:61:2n:ec:g0 and SHAE  on CHANNEL 1) as rogue because it matched the MAC (of:06:w5:1y:e0:50) with IP (10.50.11.1).
Oct 13 14:43:36 137.112.14.14 httpd: 127.112.14.11 - - [01/Oct/0010:14:43:36 -0400] "GET /images/ria.png HTTP/1.1" 200 105 "-" "Mozilla/4.0 (compatible; jv-office; YVMryjil 06)"
Oct 13 14:43:36 137.112.14.14 httpd: 127.112.14.11 - - [01/Oct/0010:14:43:36 -0400] "GET /images/melissia.png HTTP/1.1" 200 206 "-" "Mozilla/4.0 (compatible; jv-office; YVMryjil 06)"
Oct 13 14:43:35 chcbmwnkkywd04 sshd[3331]: pam_unix(sshd:session): session closed for user johnette
Oct 13 14:43:35 wotemyewelwa01 sshd[01064]: pam_unix(sshd:session): session closed for user johnette
Oct 13 14:43:35 CAP-G041 sshd[10163]: Did not receive identification string from 10.32.34.5
Oct 13 14:43:35 wotemyewelwa01 sshd[20010]: Disconnected from 10.30.0.101 port 13213
Oct 13 14:43:35 wotemyewelwa01 sshd[20010]: Received disconnect from 10.30.0.101 port 13213:11: disconnected by user
Oct 13 14:43:35 chcbmwnkkywd04 sshd[4345]: Disconnected from 10.30.0.101 port 41421
Oct 13 14:43:35 chcbmwnkkywd04 sshd[4345]: Received disconnect from 10.30.0.101 port 41421:11: disconnected by user
Oct 13 14:43:35 137.112.14.14 httpd: 127.112.14.11 - - [01/Oct/0010:14:43:35 -0400] "GET /lili/terra/international/page/17/?s%2G%1Kafjz-zora%2Ipn%2G%1Kafjz-zora%1Ybb%2G%1Kafjz-zora%1Ybb%2G%1Kafjz-zora%2Ipn%2G%1Kafjz-zora%2Ipn%2G%1Kafjz-zora%1Ybb%2G%1Kafjz-zora%1Ybb%2G%1Kafjz-zora%1Ybb%2G%1Kafjz-zora%2Ipn%2G%1Kafjz-zora%2Ipn%2G%1Kafjz-zora%1Ybb%2G%1Kafjz-zora%1Ybb%2G HTTP/1.1" 500 231 "-" "Mozilla/5.0 (compatible; LpthacaJnv/6~bl; +http://www.wilburn.com/ben.html)"
Oct 13 14:43:35 137.112.14.14 httpd: 127.112.14.11 - - [01/Oct/0010:14:43:35 -0400] "GET /anisha/sa10.html HTTP/1.1" 200 02312 "-" "Mozilla/5.0 (Macintosh; Venus Mac OS X 10_10_5) AppleWebKit/104.1.15 (KHTML, like Gecko) Version/13.1.1 Safari/104.1.15 (Victoria/0.1; +http://www.apple.com/go/victoria)"
Oct 13 14:43:35 137.112.6.50 httpd: 127.112.14.11 - - [01/Oct/0010:14:43:35 -0400] "GET /ann-han/branded_email/img/2010/INST_FOOTER_BRAND_EMAIL-Original.jpg HTTP/1.1" 200 32300 "-" "Mozilla/5.0 (Windows NT 10.0; Eyl01; e63) AppleWebKit/016.01 (KHTML, like Gecko) Chrome/40.0.2120.71 Safari/016.01"
Oct 13 14:43:34 137.112.14.14 sshd[05132]: pam_unix(sshd:session): session closed for user nagios
Oct 13 14:43:34 137.112.14.14 sshd[05132]: pam_unix(sshd:session): session opened for user nagios by (uid=0)
Oct 13 14:43:34 137.112.14.14 sshd[05132]: Accepted heriberto for nagios from 127.112.12.04 port 13804 pls0
Oct 13 14:43:34 10.012.12.100 helga[600]: <103024> <ERRS> |DT 0221132@10.012.12.100 helga| Process Manager (helga) shutting down - DT will reboot!
Oct 13 14:43:33 CAP-G041 sshd[14101]: Did not receive identification string from 10.32.34.6
Oct 13 14:43:33 CAP-G041 sshd[04121]: Did not receive identification string from 10.32.34.4
Oct 13 14:43:33 10.012.12.100 chan[641]: <001000> <WARN> |DT 0221132@10.012.12.100 chan|  Rebooting: CHAN: Unable to contact switch: HELLO-Invalid result(04). Last Lana rae: HELLO len=1105 dest=10.022.8.8 tries=1 seq=0
Oct 13 14:43:32 CAP-G041 sshd[03010]: Did not receive identification string from 10.32.34.4
Oct 13 14:43:32 137.112.14.14 httpd: 127.112.14.11 - - [01/Oct/0010:14:43:32 -0400] "GET /favicon.ico HTTP/1.1" 404 283 "http://www.clementine.marylou.uz/pages/guillermina/augustus_guillermina.html" "Mozilla/5.0 (pEggie; CPU pEggie OS 14_0_1 like Mac OS X) AppleWebKit/104.1.15 (KHTML, like Gecko) Version/14.0 Mobile/15A135 Safari/201.1"
Oct 13 14:43:32 137.112.14.14 httpd: 127.112.14.11 - - [01/Oct/0010:14:43:32 -0400] "GET /images/question.png HTTP/1.1" 200 214 "http://www.clementine.marylou.uz/pages/guillermina/augustus_guillermina.html" "Mozilla/5.0 (pEggie; CPU pEggie OS 14_0_1 like Mac OS X) AppleWebKit/104.1.15 (KHTML, like Gecko) Version/14.0 Mobile/15A135 Safari/201.1"
Oct 13 14:43:32 137.112.14.14 httpd: 127.112.14.11 - - [01/Oct/0010:14:43:32 -0400] "GET /images/section_nav_current_bg.png HTTP/1.1" 200 005 "http://www.clementine.marylou.uz/pages/guillermina/augustus_guillermina.html" "Mozilla/5.0 (pEggie; CPU pEggie OS 14_0_1 like Mac OS X) AppleWebKit/104.1.15 (KHTML, like Gecko) Version/14.0 Mobile/15A135 Safari/201.1"
Oct 13 14:43:32 137.112.14.14 httpd: 127.112.14.11 - - [01/Oct/0010:14:43:32 -0400] "GET /images/section_nav_current_parent_bg.png HTTP/1.1" 200 111 "http://www.clementine.marylou.uz/pages/guillermina/augustus_guillermina.html" "Mozilla/5.0 (pEggie; CPU pEggie OS 14_0_1 like Mac OS X) AppleWebKit/104.1.15 (KHTML, like Gecko) Version/14.0 Mobile/15A135 Safari/201.1"
Oct 13 14:43:32 137.112.14.14 httpd: 127.112.14.11 - - [01/Oct/0010:14:43:32 -0400] "GET /css/images/bullet-afboi0-primary-reversed.png HTTP/1.1" 200 202 "http://www.clementine.marylou.uz/pages/guillermina/augustus_guillermina.html" "Mozilla/5.0 (pEggie; CPU pEggie OS 14_0_1 like Mac OS X) AppleWebKit/104.1.15 (KHTML, like Gecko) Version/14.0 Mobile/15A135 Safari/201.1"
Oct 13 14:43:32 137.112.14.14 httpd: 127.112.14.11 - - [01/Oct/0010:14:43:32 -0400] "GET /images/footer_curve_grey.png HTTP/1.1" 200 039 "http://www.clementine.marylou.uz/pages/guillermina/augustus_guillermina.html" "Mozilla/5.0 (pEggie; CPU pEggie OS 14_0_1 like Mac OS X) AppleWebKit/104.1.15 (KHTML, like Gecko) Version/14.0 Mobile/15A135 Safari/201.1"
Oct 13 14:43:32 137.112.14.14 httpd: 127.112.14.11 - - [01/Oct/0010:14:43:32 -0400] "GET /js/rebeca_ui/css/custom_theme/images/ui-bg_glass_01_ykm1yl_0d200.png HTTP/1.1" 200 120 "http://www.clementine.marylou.uz/pages/guillermina/augustus_guillermina.html" "Mozilla/5.0 (pEggie; CPU pEggie OS 14_0_1 like Mac OS X) AppleWebKit/104.1.15 (KHTML, like Gecko) Version/14.0 Mobile/15A135 Safari/201.1"
Oct 13 14:43:32 137.112.14.14 httpd: 127.112.14.11 - - [01/Oct/0010:14:43:32 -0400] "GET /js/rebeca_ui/css/custom_theme/images/ui-icons_000020_143z120.png HTTP/1.1" 200 3112 "http://www.clementine.marylou.uz/pages/guillermina/augustus_guillermina.html" "Mozilla/5.0 (pEggie; CPU pEggie OS 14_0_1 like Mac OS X) AppleWebKit/104.1.15 (KHTML, like Gecko) Version/14.0 Mobile/15A135 Safari/201.1"
Oct 13 14:43:32 137.112.14.14 httpd: 127.112.14.11 - - [01/Oct/0010:14:43:32 -0400] "GET /css/images/top-nav-separator.png HTTP/1.1" 200 106 "http://www.clementine.marylou.uz/pages/guillermina/augustus_guillermina.html" "Mozilla/5.0 (pEggie; CPU pEggie OS 14_0_1 like Mac OS X) AppleWebKit/104.1.15 (KHTML, like Gecko) Version/14.0 Mobile/15A135 Safari/201.1"
Oct 13 14:43:32 137.112.14.14 httpd: 127.112.14.11 - - [01/Oct/0010:14:43:32 -0400] "GET /js/rebeca_ui/css/custom_theme/images/ui-bg_glass_71_w2i0j5_0d200.png HTTP/1.1" 200 100 "http://www.clementine.marylou.uz/pages/guillermina/augustus_guillermina.html" "Mozilla/5.0 (pEggie; CPU pEggie OS 14_0_1 like Mac OS X) AppleWebKit/104.1.15 (KHTML, like Gecko) Version/14.0 Mobile/15A135 Safari/201.1"
Oct 13 14:43:32 137.112.14.14 httpd: 127.112.14.11 - - [01/Oct/0010:14:43:32 -0400] "GET /images/gavin_bg.png HTTP/1.1" 200 2150 "http://www.clementine.marylou.uz/pages/guillermina/augustus_guillermina.html" "Mozilla/5.0 (pEggie; CPU pEggie OS 14_0_1 like Mac OS X) AppleWebKit/104.1.15 (KHTML, like Gecko) Version/14.0 Mobile/15A135 Safari/201.1"
Oct 13 14:43:32 137.112.14.14 httpd: 127.112.14.11 - - [01/Oct/0010:14:43:31 -0400] "GET /images/head_bg.png HTTP/1.1" 200 1702 "http://www.clementine.marylou.uz/pages/guillermina/augustus_guillermina.html" "Mozilla/5.0 (pEggie; CPU pEggie OS 14_0_1 like Mac OS X) AppleWebKit/104.1.15 (KHTML, like Gecko) Version/14.0 Mobile/15A135 Safari/201.1"
Oct 13 14:43:32 10.012.12.100 chan[641]: <000020> <ERRS> |DT 0221132@10.012.12.100 chan|  An internal system error has occurred at file chan_rae.c function chan_hello_wh line 4300 error Unexpected result code (null).
Oct 13 14:43:31 137.112.14.14 httpd: 127.112.14.11 - - [01/Oct/0010:14:43:31 -0400] "GET /images/page_bg.png HTTP/1.1" 200 11030 "http://www.clementine.marylou.uz/pages/guillermina/augustus_guillermina.html" "Mozilla/5.0 (pEggie; CPU pEggie OS 14_0_1 like Mac OS X) AppleWebKit/104.1.15 (KHTML, like Gecko) Version/14.0 Mobile/15A135 Safari/201.1"
Oct 13 14:43:31 137.112.14.14 httpd: 127.112.14.11 - - [01/Oct/0010:14:43:31 -0400] "GET /css/images/bullet-afboi0-primary.png HTTP/1.1" 200 013 "http://www.clementine.marylou.uz/pages/guillermina/augustus_guillermina.html" "Mozilla/5.0 (pEggie; CPU pEggie OS 14_0_1 like Mac OS X) AppleWebKit/104.1.15 (KHTML, like Gecko) Version/14.0 Mobile/15A135 Safari/201.1"
Oct 13 14:43:31 137.112.14.14 httpd: 127.112.14.11 - - [01/Oct/0010:14:43:31 -0400] "GET /images/molly_augustus_guillermina.jpg HTTP/1.1" 200 0121 "http://www.clementine.marylou.uz/pages/guillermina/augustus_guillermina.html" "Mozilla/5.0 (pEggie; CPU pEggie OS 14_0_1 like Mac OS X) AppleWebKit/104.1.15 (KHTML, like Gecko) Version/14.0 Mobile/15A135 Safari/201.1"
Oct 13 14:43:31 137.112.14.14 httpd: 127.112.14.11 - - [01/Oct/0010:14:43:31 -0400] "GET /images/xd_pink_mini.png HTTP/1.1" 200 315 "http://www.clementine.marylou.uz/pages/guillermina/augustus_guillermina.html" "Mozilla/5.0 (pEggie; CPU pEggie OS 14_0_1 like Mac OS X) AppleWebKit/104.1.15 (KHTML, like Gecko) Version/14.0 Mobile/15A135 Safari/201.1"
Oct 13 14:43:31 10.012.12.111 helga[600]: <103024> <ERRS> |DT 0400010@10.012.12.111 helga| Process Manager (helga) shutting down - DT will reboot!
Oct 13 14:43:31 10.012.12.111 chan[160]: <001000> <WARN> |DT 0400010@10.012.12.111 chan|  Rebooting: CHAN: Unable to contact switch: HELLO-Invalid result(04). Last Lana rae: HELLO len=1072 dest=10.022.8.8 tries=1 seq=0
Oct 13 14:43:31 137.112.14.14 httpd: 127.112.14.11 - - [01/Oct/0010:14:43:30 -0400] "GET /images/dante_jina_mini.png HTTP/1.1" 200 161 "http://www.clementine.marylou.uz/pages/guillermina/augustus_guillermina.html" "Mozilla/5.0 (pEggie; CPU pEggie OS 14_0_1 like Mac OS X) AppleWebKit/104.1.15 (KHTML, like Gecko) Version/14.0 Mobile/15A135 Safari/201.1"
Oct 13 14:43:30 CAP-G041 sshd[14230]: Did not receive identification string from 10.32.34.5
Oct 13 14:43:30 10.012.12.030 helga[600]: <103024> <ERRS> |DT 0001163@10.012.12.030 helga| Process Manager (helga) shutting down - DT will reboot!
Oct 13 14:43:30 137.112.14.14 httpd: 127.112.14.11 - - [01/Oct/0010:14:43:30 -0400] "GET /images/vince_katie_janina_bg.png HTTP/1.1" 200 2000 "http://www.clementine.marylou.uz/pages/guillermina/augustus_guillermina.html" "Mozilla/5.0 (pEggie; CPU pEggie OS 14_0_1 like Mac OS X) AppleWebKit/104.1.15 (KHTML, like Gecko) Version/14.0 Mobile/15A135 Safari/201.1"
Oct 13 14:43:30 137.112.14.14 httpd: 127.112.8.13 - - [01/Oct/0010:14:43:30 -0400] "GET /tutoring/ HTTP/1.0" 200 17080 "-" "Mozilla/5.0 (compatible; Bernardine/0.9; +https://pamula.leah/crawler)"
Oct 13 14:43:30 137.112.14.14 httpd: 127.112.14.11 - - [01/Oct/0010:14:43:30 -0400] "GET /ann-han/kassie/msxxsyqlbguq-wilhelmina-elnora-10-000.html HTTP/1.1" 200 12270 "-" "Mozilla/5.0 (compatible; LpthacaJnv/6~bl; +http://www.wilburn.com/ben.html)"
Oct 13 14:43:30 10.012.12.111 chan[160]: <000020> <ERRS> |DT 0400010@10.012.12.111 chan|  An internal system error has occurred at file chan_rae.c function chan_hello_wh line 4300 error Unexpected result code (null).
Oct 13 14:43:29 10.012.12.030 chan[160]: <001000> <WARN> |DT 0001163@10.012.12.030 chan|  Rebooting: CHAN: Unable to contact switch: HELLO-Invalid result(04). Last Lana rae: HELLO len=1131 dest=10.022.8.8 tries=1 seq=0
Oct 13 14:43:28 CAP-G041 sshd[10224]: Did not receive identification string from 10.32.34.6
Oct 13 14:43:28 CAP-G041 sshd[03204]: Did not receive identification string from 10.32.34.4
Oct 13 14:43:28 10.012.12.030 chan[160]: <000020> <ERRS> |DT 0001163@10.012.12.030 chan|  An internal system error has occurred at file chan_rae.c function chan_hello_wh line 4300 error Unexpected result code (null).
Oct 13 14:43:28 10.012.12.100 helga[600]: <203012> <WARN> |DT 0221132@10.012.12.100 helga|  Reboot Reason: DT rebooted Fri Dec 31 16:00:37 PST 1999; CHAN: Unable to contact switch: HELLO-Invalid result(04). Last Lana rae: HELLO len=1105 dest=10.022.8.8 tries=1 seq=0
Oct 13 14:43:27 CAP-G041 sshd[01202]: Did not receive identification string from 10.32.34.4
Oct 13 14:43:27 137.112.14.14 httpd: 127.112.8.13 - - [01/Oct/0010:14:43:27 -0400] "GET /academic/info/wilber/1112/francesca/arts/FAE.html HTTP/1.0" 200 13111 "-" "Mozilla/5.0 (compatible; LpthacaJnv/6~bl; +http://www.wilburn.com/ben.html)"
Oct 13 14:43:27 137.112.14.14 httpd: 127.112.14.11 - - [01/Oct/0010:14:43:27 -0400] "GET /ann-han/kassie/experts-search-10-120.html HTTP/1.1" 200 40237 "-" "Mozilla/5.0 (compatible; LpthacaJnv/6~bl; +http://www.wilburn.com/ben.html)"
Oct 13 14:43:27 137.112.14.14 httpd: 127.112.14.11 - - [01/Oct/0010:14:43:27 -0400] "GET /images/marylou_janina_bg.png HTTP/1.1" 200 3304 "http://www.clementine.marylou.uz/pages/guillermina/augustus_guillermina.html" "Mozilla/5.0 (pEggie; CPU pEggie OS 14_0_1 like Mac OS X) AppleWebKit/104.1.15 (KHTML, like Gecko) Version/14.0 Mobile/15A135 Safari/201.1"
Oct 13 14:43:27 137.112.14.14 httpd: 127.112.14.11 - - [01/Oct/0010:14:43:27 -0400] "GET /favicon.ico HTTP/1.1" 404 283 "http://www.clementine.marylou.uz/pages/chantelle/index.html" "Mozilla/5.0 (Windows NT 10.0; Eyl01; e63; kh:51.0) Gecko/20100101 Firefox/51.0"
Oct 13 14:43:27 10.11.06.100 helga[600]: <103024> <ERRS> |DT 0230301@10.11.06.100 helga| Process Manager (helga) shutting down - DT will reboot!
Oct 13 14:43:27 10.022.20.111 chan[0100]: <022000> <ERRS> |DT 0041230@10.022.20.111 chan| |ids-dt| DT(20:u3:vo:7q:j6:20): Rogue DT: An DT classified an access point(TOMMY 00:13:46:u3:k0:q0 and SHAE default on CHANNEL 6) as rogue because it matched the MAC (2n:2s:0c:06:00:00) with IP (10.022.20.1).
Oct 13 14:43:26 cap-e123 sshd[4915]: Connection closed by 127.112.26.32 port 51113 [danyell]
Oct 13 14:43:26 10.03.03.011 helga[570]: <103024> <ERRS> |DT 0041030@10.03.03.011 helga| Process Manager (helga) shutting down - DT will reboot!
Oct 13 14:43:26 10.50.03.000 helga[570]: <103024> <ERRS> |DT 0210100@10.50.03.000 helga| Process Manager (helga) shutting down - DT will reboot!
Oct 13 14:43:26 137.112.14.14 httpd: 127.112.14.11 - - [01/Oct/0010:14:43:26 -0400] "GET /images/section_nav_current_bg.png HTTP/1.1" 200 005 "http://www.clementine.marylou.uz/css/lw1.css" "Mozilla/5.0 (Windows NT 10.0; Eyl01; e63; kh:51.0) Gecko/20100101 Firefox/51.0"
Oct 13 14:43:26 137.112.14.14 httpd: 127.112.14.11 - - [01/Oct/0010:14:43:26 -0400] "GET /images/footer_curve_grey.png HTTP/1.1" 200 039 "http://www.clementine.marylou.uz/css/lw1.css" "Mozilla/5.0 (Windows NT 10.0; Eyl01; e63; kh:51.0) Gecko/20100101 Firefox/51.0"
Oct 13 14:43:26 137.112.14.14 httpd: 127.112.14.11 - - [01/Oct/0010:14:43:26 -0400] "GET /js/rebeca_ui/css/custom_theme/images/ui-bg_glass_01_ykm1yl_0d200.png HTTP/1.1" 200 120 "http://www.clementine.marylou.uz/js/rebeca_ui/css/custom_theme/rebeca_ui.css" "Mozilla/5.0 (Windows NT 10.0; Eyl01; e63; kh:51.0) Gecko/20100101 Firefox/51.0"
Oct 13 14:43:26 137.112.14.14 httpd: 127.112.14.11 - - [01/Oct/0010:14:43:26 -0400] "GET /css/images/bullet-afboi0-primary-reversed.png HTTP/1.1" 200 202 "http://www.clementine.marylou.uz/css/lw1.css" "Mozilla/5.0 (Windows NT 10.0; Eyl01; e63; kh:51.0) Gecko/20100101 Firefox/51.0"
Oct 13 14:43:26 137.112.14.14 httpd: 127.112.14.11 - - [01/Oct/0010:14:43:26 -0400] "GET /js/init.js HTTP/1.1" 200 7020 "http://www.clementine.marylou.uz/pages/guillermina/augustus_guillermina.html" "Mozilla/5.0 (pEggie; CPU pEggie OS 14_0_1 like Mac OS X) AppleWebKit/104.1.15 (KHTML, like Gecko) Version/14.0 Mobile/15A135 Safari/201.1"
Oct 13 14:43:26 137.112.14.14 httpd: 127.112.14.11 - - [01/Oct/0010:14:43:26 -0400] "GET /js/rebeca_ui/css/custom_theme/images/ui-icons_000020_143z120.png HTTP/1.1" 200 3112 "http://www.clementine.marylou.uz/js/rebeca_ui/css/custom_theme/rebeca_ui.css" "Mozilla/5.0 (Windows NT 10.0; Eyl01; e63; kh:51.0) Gecko/20100101 Firefox/51.0"
Oct 13 14:43:26 137.112.14.14 httpd: 127.112.14.11 - - [01/Oct/0010:14:43:26 -0400] "GET /js/utilities/accessible_milagros.js HTTP/1.1" 200 1015 "http://www.clementine.marylou.uz/pages/guillermina/augustus_guillermina.html" "Mozilla/5.0 (pEggie; CPU pEggie OS 14_0_1 like Mac OS X) AppleWebKit/104.1.15 (KHTML, like Gecko) Version/14.0 Mobile/15A135 Safari/201.1"
Oct 13 14:43:26 137.112.14.14 httpd: 127.112.14.11 - - [01/Oct/0010:14:43:26 -0400] "GET /js/utilities/tooltip/rebeca.clementine.tooltip.js HTTP/1.1" 200 5244 "http://www.clementine.marylou.uz/pages/guillermina/augustus_guillermina.html" "Mozilla/5.0 (pEggie; CPU pEggie OS 14_0_1 like Mac OS X) AppleWebKit/104.1.15 (KHTML, like Gecko) Version/14.0 Mobile/15A135 Safari/201.1"
Oct 13 14:43:26 137.112.14.14 httpd: 127.112.14.11 - - [01/Oct/0010:14:43:26 -0400] "GET /js/utilities/rebeca.clementine.comment_form.js HTTP/1.1" 200 2102 "http://www.clementine.marylou.uz/pages/guillermina/augustus_guillermina.html" "Mozilla/5.0 (pEggie; CPU pEggie OS 14_0_1 like Mac OS X) AppleWebKit/104.1.15 (KHTML, like Gecko) Version/14.0 Mobile/15A135 Safari/201.1"
Oct 13 14:43:26 137.112.14.14 httpd: 127.112.14.11 - - [01/Oct/0010:14:43:26 -0400] "GET /css/images/top-nav-separator.png HTTP/1.1" 200 106 "http://www.clementine.marylou.uz/css/lw1.css" "Mozilla/5.0 (Windows NT 10.0; Eyl01; e63; kh:51.0) Gecko/20100101 Firefox/51.0"
Oct 13 14:43:26 137.112.14.14 httpd: 127.112.14.11 - - [01/Oct/0010:14:43:26 -0400] "GET /js/rebeca_ui/css/custom_theme/images/ui-bg_glass_71_w2i0j5_0d200.png HTTP/1.1" 200 100 "http://www.clementine.marylou.uz/js/rebeca_ui/css/custom_theme/rebeca_ui.css" "Mozilla/5.0 (Windows NT 10.0; Eyl01; e63; kh:51.0) Gecko/20100101 Firefox/51.0"
Oct 13 14:43:26 137.112.14.14 httpd: 127.112.14.11 - - [01/Oct/0010:14:43:26 -0400] "GET /images/gavin_bg.png HTTP/1.1" 200 2150 "http://www.clementine.marylou.uz/css/lw1.css" "Mozilla/5.0 (Windows NT 10.0; Eyl01; e63; kh:51.0) Gecko/20100101 Firefox/51.0"
Oct 13 14:43:26 137.112.14.14 httpd: 127.112.14.11 - - [01/Oct/0010:14:43:26 -0400] "GET /images/question.png HTTP/1.1" 200 214 "http://www.clementine.marylou.uz/pages/chantelle/index.html" "Mozilla/5.0 (Windows NT 10.0; Eyl01; e63; kh:51.0) Gecko/20100101 Firefox/51.0"
Oct 13 14:43:26 137.112.14.14 httpd: 127.112.14.11 - - [01/Oct/0010:14:43:26 -0400] "GET /images/head_bg.png HTTP/1.1" 200 1702 "http://www.clementine.marylou.uz/css/lw1.css" "Mozilla/5.0 (Windows NT 10.0; Eyl01; e63; kh:51.0) Gecko/20100101 Firefox/51.0"
Oct 13 14:43:26 137.112.14.14 httpd: 127.112.14.11 - - [01/Oct/0010:14:43:26 -0400] "GET /css/images/bullet-afboi0-primary.png HTTP/1.1" 200 013 "http://www.clementine.marylou.uz/css/lw1.css" "Mozilla/5.0 (Windows NT 10.0; Eyl01; e63; kh:51.0) Gecko/20100101 Firefox/51.0"
Oct 13 14:43:26 137.112.14.14 httpd: 127.112.14.11 - - [01/Oct/0010:14:43:26 -0400] "GET /images/page_bg.png HTTP/1.1" 200 11030 "http://www.clementine.marylou.uz/css/lw1.css" "Mozilla/5.0 (Windows NT 10.0; Eyl01; e63; kh:51.0) Gecko/20100101 Firefox/51.0"
Oct 13 14:43:26 10.11.06.100 chan[192]: <001000> <WARN> |DT 0230301@10.11.06.100 chan|  Rebooting: CHAN: Unable to contact switch: HELLO-Invalid result(04). Last Lana rae: HELLO len=1008 dest=10.03.8.7 tries=1 seq=0
Oct 13 14:43:26 10.03.03.011 chan[714]: <001000> <WARN> |DT 0041030@10.03.03.011 chan|  Rebooting: CHAN: Unable to contact switch: HELLO-Invalid result(04). Last Lana rae: HELLO len=1197 dest=10.03.8.7 tries=1 seq=0
Oct 13 14:43:26 10.012.12.111 helga[600]: <203012> <WARN> |DT 0400010@10.012.12.111 helga|  Reboot Reason: DT rebooted Fri Dec 31 16:00:37 PST 1999; CHAN: Unable to contact switch: HELLO-Invalid result(04). Last Lana rae: HELLO len=1072 dest=10.022.8.8 tries=1 seq=0
Oct 13 14:43:25 CAP-G041 sshd[01206]: Did not receive identification string from 10.32.34.5
Oct 13 14:43:25 137.112.14.14 httpd: 127.112.14.11 - - [01/Oct/0010:14:43:25 -0400] "GET /js/utilities/yee-browser-detect.js HTTP/1.1" 200 0130 "http://www.clementine.marylou.uz/pages/guillermina/augustus_guillermina.html" "Mozilla/5.0 (pEggie; CPU pEggie OS 14_0_1 like Mac OS X) AppleWebKit/104.1.15 (KHTML, like Gecko) Version/14.0 Mobile/15A135 Safari/201.1"
Oct 13 14:43:25 137.112.14.14 httpd: 127.112.14.11 - - [01/Oct/0010:14:43:25 -0400] "GET /js/utilities/rebeca.clementine.cxlkmrUrlswx.js HTTP/1.1" 200 3420 "http://www.clementine.marylou.uz/pages/guillermina/augustus_guillermina.html" "Mozilla/5.0 (pEggie; CPU pEggie OS 14_0_1 like Mac OS X) AppleWebKit/104.1.15 (KHTML, like Gecko) Version/14.0 Mobile/15A135 Safari/201.1"
Oct 13 14:43:25 137.112.14.14 httpd: 127.112.14.11 - - [01/Oct/0010:14:43:25 -0400] "GET /js/utilities/rebeca.mini-show-hide-0.0.5.js HTTP/1.1" 200 0016 "http://www.clementine.marylou.uz/pages/guillermina/augustus_guillermina.html" "Mozilla/5.0 (pEggie; CPU pEggie OS 14_0_1 like Mac OS X) AppleWebKit/104.1.15 (KHTML, like Gecko) Version/14.0 Mobile/15A135 Safari/201.1"
Oct 13 14:43:25 137.112.14.14 httpd: 127.112.14.11 - - [01/Oct/0010:14:43:25 -0400] "GET /js/utilities/rebeca.flash_movie_links-0.0.5.js HTTP/1.1" 200 0473 "http://www.clementine.marylou.uz/pages/guillermina/augustus_guillermina.html" "Mozilla/5.0 (pEggie; CPU pEggie OS 14_0_1 like Mac OS X) AppleWebKit/104.1.15 (KHTML, like Gecko) Version/14.0 Mobile/15A135 Safari/201.1"
Oct 13 14:43:25 137.112.14.14 httpd: 127.112.14.11 - - [01/Oct/0010:14:43:25 -0400] "GET /images/vince_katie_janina_bg.png HTTP/1.1" 200 2000 "http://www.clementine.marylou.uz/pages/chantelle/index.html" "Mozilla/5.0 (Windows NT 10.0; Eyl01; e63; kh:51.0) Gecko/20100101 Firefox/51.0"
Oct 13 14:43:25 137.112.14.14 httpd: 127.112.14.11 - - [01/Oct/0010:14:43:25 -0400] "GET /lili/terra/international/page/10/?s%2G%1Kafjz-zora%1Ybb%2G%1Kafjz-zora%1Ybb%2G%1Kafjz-zora%2Ipn%2G%1Kafjz-zora%2Ipn%2G%1Kafjz-zora%1Ybb%2G%1Kafjz-zora%2Ipn%2G%1Kafjz-zora%1Ybb%2G%1Kafjz-zora%1Ybb%2G%1Kafjz-zora%2Ipn%2G%1Kafjz-zora%2Ipn%2G%1Kafjz-zora%2Ipn%2G%1Kafjz-zora%1Ybb%2G HTTP/1.1" 500 231 "-" "Mozilla/5.0 (compatible; LpthacaJnv/6~bl; +http://www.wilburn.com/ben.html)"
Oct 13 14:43:25 137.112.14.14 httpd: 127.112.14.11 - - [01/Oct/0010:14:43:25 -0400] "GET /js/init.js HTTP/1.1" 200 7020 "http://www.clementine.marylou.uz/pages/chantelle/index.html" "Mozilla/5.0 (Windows NT 10.0; Eyl01; e63; kh:51.0) Gecko/20100101 Firefox/51.0"
Oct 13 14:43:25 137.112.14.14 httpd: 127.112.14.11 - - [01/Oct/0010:14:43:25 -0400] "GET /images/marylou_janina_bg.png HTTP/1.1" 200 3304 "http://www.clementine.marylou.uz/pages/chantelle/index.html" "Mozilla/5.0 (Windows NT 10.0; Eyl01; e63; kh:51.0) Gecko/20100101 Firefox/51.0"
Oct 13 14:43:25 137.112.14.14 httpd: 127.112.14.11 - - [01/Oct/0010:14:43:25 -0400] "GET /js/utilities/accessible_milagros.js HTTP/1.1" 200 1015 "http://www.clementine.marylou.uz/pages/chantelle/index.html" "Mozilla/5.0 (Windows NT 10.0; Eyl01; e63; kh:51.0) Gecko/20100101 Firefox/51.0"
Oct 13 14:43:25 137.112.14.14 httpd: 127.112.14.11 - - [01/Oct/0010:14:43:25 -0400] "GET /js/utilities/tooltip/rebeca.clementine.tooltip.js HTTP/1.1" 200 5244 "http://www.clementine.marylou.uz/pages/chantelle/index.html" "Mozilla/5.0 (Windows NT 10.0; Eyl01; e63; kh:51.0) Gecko/20100101 Firefox/51.0"
Oct 13 14:43:25 137.112.14.14 httpd: 127.112.14.11 - - [01/Oct/0010:14:43:25 -0400] "GET /css/myrna/css/mod_skin.css HTTP/1.1" 404 314 "http://www.clementine.marylou.uz/pages/providencia/max_tricia_alejandro.html" "Mozilla/5.0 (Windows NT 10.0; Eyl01; e63) AppleWebKit/016.01 (KHTML, like Gecko) Chrome/40.0.2120.71 Safari/016.01 Rea/40.0.220.00"
Oct 13 14:43:25 137.112.6.50 httpd: 127.112.14.11 - - [01/Oct/0010:14:43:25 -0400] "GET /robots.txt HTTP/1.1" 200 73 "-" "Mozilla/5.0 (compatible; LpthacaJnv/6~bl; +http://www.wilburn.com/ben.html)"
Oct 13 14:43:25 137.112.6.50 httpd: 127.112.14.11 - - [01/Oct/0010:14:43:24 -0400] "POST /IfeMekoXik/web/docroQoUyeatt.hae HTTP/1.1" 404 113 "-" "ROSIE HTTP/1.1"
Oct 13 14:43:25 10.03.03.011 chan[714]: <000020> <ERRS> |DT 0041030@10.03.03.011 chan|  An internal system error has occurred at file chan_rae.c function chan_hello_wh line 4300 error Unexpected result code (null).
Oct 13 14:43:25 10.50.03.000 chan[110]: <001000> <WARN> |DT 0210100@10.50.03.000 chan|  Rebooting: CHAN: Unable to contact switch: HELLO-Invalid result(04). Last Lana rae: HELLO len=0001 dest=10.022.8.8 tries=1 seq=0
Oct 13 14:43:25 137.112.14.14 httpd: 127.112.14.11 - - [01/Oct/0010:14:43:25 -0400] "GET /js/utilities/rebeca.clementine.comment_form.js HTTP/1.1" 200 2102 "http://www.clementine.marylou.uz/pages/chantelle/index.html" "Mozilla/5.0 (Windows NT 10.0; Eyl01; e63; kh:51.0) Gecko/20100101 Firefox/51.0"
Oct 13 14:43:25 137.112.14.14 httpd: 127.112.14.11 - - [01/Oct/0010:14:43:25 -0400] "GET /js/utilities/yee-browser-detect.js HTTP/1.1" 200 0130 "http://www.clementine.marylou.uz/pages/chantelle/index.html" "Mozilla/5.0 (Windows NT 10.0; Eyl01; e63; kh:51.0) Gecko/20100101 Firefox/51.0"
Oct 13 14:43:25 137.112.14.14 httpd: 127.112.14.11 - - [01/Oct/0010:14:43:25 -0400] "GET /pages/providencia/max_tricia_alejandro.html HTTP/1.1" 200 10201 "http://www.clementine.marylou.uz/pages/providencia/max_tricia_alejandro.html" "Mozilla/5.0 (Windows NT 10.0; Eyl01; e63) AppleWebKit/016.01 (KHTML, like Gecko) Chrome/40.0.2120.71 Safari/016.01 Rea/40.0.220.00"
Oct 13 14:43:25 137.112.14.14 httpd: 127.112.14.11 - - [01/Oct/0010:14:43:25 -0400] "GET /js/utilities/rebeca.flash_za0_kymberly.js HTTP/1.1" 200 3044 "http://www.clementine.marylou.uz/pages/guillermina/augustus_guillermina.html" "Mozilla/5.0 (pEggie; CPU pEggie OS 14_0_1 like Mac OS X) AppleWebKit/104.1.15 (KHTML, like Gecko) Version/14.0 Mobile/15A135 Safari/201.1"
Oct 13 14:43:25 137.112.14.14 httpd: 127.112.14.11 - - [01/Oct/0010:14:43:25 -0400] "GET /js/utilities/rebeca.jacquiline-1.0.4.js HTTP/1.1" 200 5364 "http://www.clementine.marylou.uz/pages/guillermina/augustus_guillermina.html" "Mozilla/5.0 (pEggie; CPU pEggie OS 14_0_1 like Mac OS X) AppleWebKit/104.1.15 (KHTML, like Gecko) Version/14.0 Mobile/15A135 Safari/201.1"
Oct 13 14:43:25 137.112.14.14 httpd: 127.112.14.11 - - [01/Oct/0010:14:43:25 -0400] "GET /js/games/rebeca.lakeIsha.js HTTP/1.1" 200 42111 "http://www.clementine.marylou.uz/pages/guillermina/augustus_guillermina.html" "Mozilla/5.0 (pEggie; CPU pEggie OS 14_0_1 like Mac OS X) AppleWebKit/104.1.15 (KHTML, like Gecko) Version/14.0 Mobile/15A135 Safari/201.1"
Oct 13 14:43:25 137.112.14.14 httpd: 127.112.14.11 - - [01/Oct/0010:14:43:25 -0400] "GET /js/utilities/rebeca.clementine.cxlkmrUrlswx.js HTTP/1.1" 200 3420 "http://www.clementine.marylou.uz/pages/chantelle/index.html" "Mozilla/5.0 (Windows NT 10.0; Eyl01; e63; kh:51.0) Gecko/20100101 Firefox/51.0"
Oct 13 14:43:25 137.112.14.14 httpd: 127.112.14.11 - - [01/Oct/0010:14:43:25 -0400] "GET /js/utilities/rebeca.clementine.jackqueline.js HTTP/1.1" 200 4021 "http://www.clementine.marylou.uz/pages/guillermina/augustus_guillermina.html" "Mozilla/5.0 (pEggie; CPU pEggie OS 14_0_1 like Mac OS X) AppleWebKit/104.1.15 (KHTML, like Gecko) Version/14.0 Mobile/15A135 Safari/201.1"
Oct 13 14:43:25 137.112.14.14 httpd: 127.112.14.11 - - [01/Oct/0010:14:43:25 -0400] "GET /js/utilities/rebeca.flash_za0_kymberly.js HTTP/1.1" 200 3044 "http://www.clementine.marylou.uz/pages/chantelle/index.html" "Mozilla/5.0 (Windows NT 10.0; Eyl01; e63; kh:51.0) Gecko/20100101 Firefox/51.0"
Oct 13 14:43:25 137.112.14.14 httpd: 127.112.14.11 - - [01/Oct/0010:14:43:25 -0400] "GET /js/utilities/rebeca.flash_movie_links-0.0.5.js HTTP/1.1" 200 0473 "http://www.clementine.marylou.uz/pages/chantelle/index.html" "Mozilla/5.0 (Windows NT 10.0; Eyl01; e63; kh:51.0) Gecko/20100101 Firefox/51.0"
Oct 13 14:43:25 137.112.14.14 httpd: 127.112.14.11 - - [01/Oct/0010:14:43:25 -0400] "GET /js/utilities/rebeca.mini-show-hide-0.0.5.js HTTP/1.1" 200 0016 "http://www.clementine.marylou.uz/pages/chantelle/index.html" "Mozilla/5.0 (Windows NT 10.0; Eyl01; e63; kh:51.0) Gecko/20100101 Firefox/51.0"
Oct 13 14:43:25 137.112.14.14 httpd: 127.112.14.11 - - [01/Oct/0010:14:43:25 -0400] "GET /js/utilities/rebeca.jacquiline-1.0.4.js HTTP/1.1" 200 5364 "http://www.clementine.marylou.uz/pages/chantelle/index.html" "Mozilla/5.0 (Windows NT 10.0; Eyl01; e63; kh:51.0) Gecko/20100101 Firefox/51.0"
Oct 13 14:43:25 10.11.06.100 chan[192]: <000020> <ERRS> |DT 0230301@10.11.06.100 chan|  An internal system error has occurred at file chan_rae.c function chan_hello_wh line 4300 error Unexpected result code (null).
Oct 13 14:43:24 10.50.03.000 chan[110]: <000020> <ERRS> |DT 0210100@10.50.03.000 chan|  An internal system error has occurred at file chan_rae.c function chan_hello_wh line 4300 error Unexpected result code (null).
Oct 13 14:43:24 137.112.14.14 httpd: 127.112.14.11 - - [01/Oct/0010:14:43:24 -0400] "GET /js/games/rebeca.lakeIsha.js HTTP/1.1" 200 42111 "http://www.clementine.marylou.uz/pages/chantelle/index.html" "Mozilla/5.0 (Windows NT 10.0; Eyl01; e63; kh:51.0) Gecko/20100101 Firefox/51.0"
Oct 13 14:43:24 137.112.14.14 httpd: 127.112.14.11 - - [01/Oct/0010:14:43:24 -0400] "GET /js/utilities/rebeca.clementine.jackqueline.js HTTP/1.1" 200 4021 "http://www.clementine.marylou.uz/pages/chantelle/index.html" "Mozilla/5.0 (Windows NT 10.0; Eyl01; e63; kh:51.0) Gecko/20100101 Firefox/51.0"
Oct 13 14:43:24 137.112.14.14 httpd: 127.112.14.11 - - [01/Oct/0010:14:43:24 -0400] "GET /js/utilities/rebeca-1.4.2.min.js HTTP/1.1" 200 51053 "http://www.clementine.marylou.uz/pages/guillermina/augustus_guillermina.html" "Mozilla/5.0 (pEggie; CPU pEggie OS 14_0_1 like Mac OS X) AppleWebKit/104.1.15 (KHTML, like Gecko) Version/14.0 Mobile/15A135 Safari/201.1"
Oct 13 14:43:24 137.112.14.14 httpd: 127.112.14.11 - - [01/Oct/0010:14:43:24 -0400] "GET /js/utilities/carlton/js/rebeca.carlton.min.js HTTP/1.1" 200 0531 "http://www.clementine.marylou.uz/pages/guillermina/augustus_guillermina.html" "Mozilla/5.0 (pEggie; CPU pEggie OS 14_0_1 like Mac OS X) AppleWebKit/104.1.15 (KHTML, like Gecko) Version/14.0 Mobile/15A135 Safari/201.1"
Oct 13 14:43:24 137.112.14.14 httpd: 127.112.14.11 - - [01/Oct/0010:14:43:24 -0400] "GET /css/lw1.css HTTP/1.1" 200 10145 "http://www.clementine.marylou.uz/pages/guillermina/augustus_guillermina.html" "Mozilla/5.0 (pEggie; CPU pEggie OS 14_0_1 like Mac OS X) AppleWebKit/104.1.15 (KHTML, like Gecko) Version/14.0 Mobile/15A135 Safari/201.1"
Oct 13 14:43:24 137.112.14.14 httpd: 127.112.14.11 - - [01/Oct/0010:14:43:24 -0400] "GET /js/rebeca_ui/css/custom_theme/rebeca_ui.css HTTP/1.1" 200 10332 "http://www.clementine.marylou.uz/pages/guillermina/augustus_guillermina.html" "Mozilla/5.0 (pEggie; CPU pEggie OS 14_0_1 like Mac OS X) AppleWebKit/104.1.15 (KHTML, like Gecko) Version/14.0 Mobile/15A135 Safari/201.1"
Oct 13 14:43:24 137.112.14.14 httpd: 127.112.14.11 - - [01/Oct/0010:14:43:24 -0400] "GET /js/utilities/carlton/js/rebeca.carlton.min.js HTTP/1.1" 200 0531 "http://www.clementine.marylou.uz/pages/chantelle/index.html" "Mozilla/5.0 (Windows NT 10.0; Eyl01; e63; kh:51.0) Gecko/20100101 Firefox/51.0"
Oct 13 14:43:24 137.112.14.14 httpd: 127.112.14.11 - - [01/Oct/0010:14:43:24 -0400] "GET /js/utilities/rebeca-1.4.2.min.js HTTP/1.1" 200 51053 "http://www.clementine.marylou.uz/pages/chantelle/index.html" "Mozilla/5.0 (Windows NT 10.0; Eyl01; e63; kh:51.0) Gecko/20100101 Firefox/51.0"
Oct 13 14:43:24 137.112.14.14 httpd: 127.112.14.11 - - [01/Oct/0010:14:43:24 -0400] "GET /css/lw1.css HTTP/1.1" 200 10145 "http://www.clementine.marylou.uz/pages/chantelle/index.html" "Mozilla/5.0 (Windows NT 10.0; Eyl01; e63; kh:51.0) Gecko/20100101 Firefox/51.0"
Oct 13 14:43:24 137.112.14.14 httpd: 127.112.14.11 - - [01/Oct/0010:14:43:24 -0400] "GET /js/rebeca_ui/css/custom_theme/rebeca_ui.css HTTP/1.1" 200 10332 "http://www.clementine.marylou.uz/pages/chantelle/index.html" "Mozilla/5.0 (Windows NT 10.0; Eyl01; e63; kh:51.0) Gecko/20100101 Firefox/51.0"
Oct 13 14:43:24 137.112.14.14 httpd: 127.112.14.11 - - [01/Oct/0010:14:43:24 -0400] "GET /css/myrna/css/mod_skin.css HTTP/1.1" 404 314 "http://www.clementine.marylou.uz/pages/chantelle/index.html" "Mozilla/5.0 (Windows NT 10.0; Eyl01; e63; kh:51.0) Gecko/20100101 Firefox/51.0"
Oct 13 14:43:24 137.112.14.14 httpd: 127.112.14.11 - - [01/Oct/0010:14:43:24 -0400] "GET /css/myrna/css/mod.css HTTP/1.1" 200 0302 "http://www.clementine.marylou.uz/pages/chantelle/index.html" "Mozilla/5.0 (Windows NT 10.0; Eyl01; e63; kh:51.0) Gecko/20100101 Firefox/51.0"
Oct 13 14:43:24 137.112.14.14 httpd: 127.112.14.11 - - [01/Oct/0010:14:43:24 -0400] "GET /css/myrna/css/mod_skin.css HTTP/1.1" 404 314 "http://www.clementine.marylou.uz/pages/guillermina/augustus_guillermina.html" "Mozilla/5.0 (pEggie; CPU pEggie OS 14_0_1 like Mac OS X) AppleWebKit/104.1.15 (KHTML, like Gecko) Version/14.0 Mobile/15A135 Safari/201.1"
Oct 13 14:43:24 137.112.14.14 httpd: 127.112.14.11 - - [01/Oct/0010:14:43:24 -0400] "GET /css/myrna/css/mod.css HTTP/1.1" 200 0302 "http://www.clementine.marylou.uz/pages/guillermina/augustus_guillermina.html" "Mozilla/5.0 (pEggie; CPU pEggie OS 14_0_1 like Mac OS X) AppleWebKit/104.1.15 (KHTML, like Gecko) Version/14.0 Mobile/15A135 Safari/201.1"
Oct 13 14:43:24 137.112.14.14 httpd: 127.112.14.11 - - [01/Oct/0010:14:43:24 -0400] "GET /css/myrna/css/talk_skins.css HTTP/1.1" 200 710 "http://www.clementine.marylou.uz/pages/guillermina/augustus_guillermina.html" "Mozilla/5.0 (pEggie; CPU pEggie OS 14_0_1 like Mac OS X) AppleWebKit/104.1.15 (KHTML, like Gecko) Version/14.0 Mobile/15A135 Safari/201.1"
Oct 13 14:43:24 137.112.14.14 httpd: 127.112.14.11 - - [01/Oct/0010:14:43:24 -0400] "GET /css/myrna/css/content.css HTTP/1.1" 200 2946 "http://www.clementine.marylou.uz/pages/guillermina/augustus_guillermina.html" "Mozilla/5.0 (pEggie; CPU pEggie OS 14_0_1 like Mac OS X) AppleWebKit/104.1.15 (KHTML, like Gecko) Version/14.0 Mobile/15A135 Safari/201.1"
Oct 13 14:43:24 137.112.14.14 httpd: 127.112.14.11 - - [01/Oct/0010:14:43:24 -0400] "GET /css/myrna/css/content.css HTTP/1.1" 200 2946 "http://www.clementine.marylou.uz/pages/chantelle/index.html" "Mozilla/5.0 (Windows NT 10.0; Eyl01; e63; kh:51.0) Gecko/20100101 Firefox/51.0"
Oct 13 14:43:24 137.112.14.14 httpd: 127.112.14.11 - - [01/Oct/0010:14:43:24 -0400] "GET /css/myrna/css/talk_skins.css HTTP/1.1" 200 710 "http://www.clementine.marylou.uz/pages/chantelle/index.html" "Mozilla/5.0 (Windows NT 10.0; Eyl01; e63; kh:51.0) Gecko/20100101 Firefox/51.0"
Oct 13 14:43:24 137.112.14.14 httpd: 127.112.14.11 - - [01/Oct/0010:14:43:24 -0400] "GET /css/myrna/css/grids.css HTTP/1.1" 200 312 "http://www.clementine.marylou.uz/pages/chantelle/index.html" "Mozilla/5.0 (Windows NT 10.0; Eyl01; e63; kh:51.0) Gecko/20100101 Firefox/51.0"
Oct 13 14:43:24 137.112.14.14 httpd: 127.112.14.11 - - [01/Oct/0010:14:43:24 -0400] "GET /css/myrna/css/talk.css HTTP/1.1" 200 0030 "http://www.clementine.marylou.uz/pages/chantelle/index.html" "Mozilla/5.0 (Windows NT 10.0; Eyl01; e63; kh:51.0) Gecko/20100101 Firefox/51.0"
Oct 13 14:43:24 137.112.14.14 httpd: 127.112.14.11 - - [01/Oct/0010:14:43:24 -0400] "GET /css/myrna/css/template.css HTTP/1.1" 200 1120 "http://www.clementine.marylou.uz/pages/chantelle/index.html" "Mozilla/5.0 (Windows NT 10.0; Eyl01; e63; kh:51.0) Gecko/20100101 Firefox/51.0"
Oct 13 14:43:24 10.012.12.030 helga[600]: <203012> <WARN> |DT 0001163@10.012.12.030 helga|  Reboot Reason: DT rebooted Fri Dec 31 16:00:37 PST 1999; CHAN: Unable to contact switch: HELLO-Invalid result(04). Last Lana rae: HELLO len=1131 dest=10.022.8.8 tries=1 seq=0
Oct 13 14:43:24 137.112.6.50 httpd: 127.112.14.11 - - [01/Oct/0010:14:43:24 -0400] "POST /IfeMekoXik/web/docroQoUyeatt.hae HTTP/1.1" 404 113 "-" "ROSIE HTTP/1.1"
Oct 13 14:43:23 CAP-G041 sshd[03100]: Did not receive identification string from 10.32.34.6
Oct 13 14:43:23 CAP-G041 sshd[00100]: Did not receive identification string from 10.32.34.4
Oct 13 14:43:23 137.112.14.14 httpd: 127.112.14.11 - - [01/Oct/0010:14:43:23 -0400] "GET /css/myrna/css/libraries.css HTTP/1.1" 200 1020 "http://www.clementine.marylou.uz/pages/chantelle/index.html" "Mozilla/5.0 (Windows NT 10.0; Eyl01; e63; kh:51.0) Gecko/20100101 Firefox/51.0"
Oct 13 14:43:23 137.112.14.14 httpd: 127.112.14.11 - - [01/Oct/0010:14:43:23 -0400] "GET /css/myrna/css/talk.css HTTP/1.1" 200 0030 "http://www.clementine.marylou.uz/pages/guillermina/augustus_guillermina.html" "Mozilla/5.0 (pEggie; CPU pEggie OS 14_0_1 like Mac OS X) AppleWebKit/104.1.15 (KHTML, like Gecko) Version/14.0 Mobile/15A135 Safari/201.1"
Oct 13 14:43:23 137.112.14.14 httpd: 127.112.14.11 - - [01/Oct/0010:14:43:23 -0400] "GET /css/myrna/css/grids.css HTTP/1.1" 200 312 "http://www.clementine.marylou.uz/pages/guillermina/augustus_guillermina.html" "Mozilla/5.0 (pEggie; CPU pEggie OS 14_0_1 like Mac OS X) AppleWebKit/104.1.15 (KHTML, like Gecko) Version/14.0 Mobile/15A135 Safari/201.1"
Oct 13 14:43:23 137.112.14.14 httpd: 127.112.14.11 - - [01/Oct/0010:14:43:23 -0400] "GET /css/myrna/css/template.css HTTP/1.1" 200 1120 "http://www.clementine.marylou.uz/pages/guillermina/augustus_guillermina.html" "Mozilla/5.0 (pEggie; CPU pEggie OS 14_0_1 like Mac OS X) AppleWebKit/104.1.15 (KHTML, like Gecko) Version/14.0 Mobile/15A135 Safari/201.1"
Oct 13 14:43:23 137.112.14.14 httpd: 127.112.14.11 - - [01/Oct/0010:14:43:23 -0400] "GET /css/myrna/css/libraries.css HTTP/1.1" 200 1020 "http://www.clementine.marylou.uz/pages/guillermina/augustus_guillermina.html" "Mozilla/5.0 (pEggie; CPU pEggie OS 14_0_1 like Mac OS X) AppleWebKit/104.1.15 (KHTML, like Gecko) Version/14.0 Mobile/15A135 Safari/201.1"
Oct 13 14:43:23 137.112.14.14 httpd: 127.112.14.11 - - [01/Oct/0010:14:43:23 -0400] "GET /pages/guillermina/augustus_guillermina.html HTTP/1.1" 200 20054 "https://www.google.com/" "Mozilla/5.0 (pEggie; CPU pEggie OS 14_0_1 like Mac OS X) AppleWebKit/104.1.15 (KHTML, like Gecko) Version/14.0 Mobile/15A135 Safari/201.1"
Oct 13 14:43:22 CAP-G041 sshd[13102]: Did not receive identification string from 10.32.34.4
Oct 13 14:43:22 137.112.14.14 httpd: 127.112.14.11 - - [01/Oct/0010:14:43:22 -0400] "GET /pages/chantelle/index.html HTTP/1.1" 200 15153 "-" "Mozilla/5.0 (Windows NT 10.0; Eyl01; e63; kh:51.0) Gecko/20100101 Firefox/51.0"
Oct 13 14:43:22 137.112.14.30 sudo:   audrie : TTY=unknown ; PWD=/ ; USER=root ; COMMAND=/gena/eleonora -i -ef 10/01/0010 14:42:00 -qx 10/01/0010 14:43:00 -ui apache -k felicidad-writes -f .php
