Oct  5 14:41:52 137.101.03.03 sshd[06312]: Accepted sylvester for nagios from 032.101.10.11 port 42313 puf2
Oct  5 14:41:52 137.101.03.03 sshd[01010]: Accepted sylvester for nagios from 032.101.10.11 port 51602 puf2
Oct  5 14:41:52 10.50.10.31 ester[310]: <201022> <WARN> |CZ 0301010@10.50.10.31 ester|  Reboot Reason: CZ rebooted Fri Dec 31 16:00:38 PST 1999; STAR: Unable to contact switch: HELLO-Invalid result(11). Last Rita joi: HELLO len=0001 dest=10.35.8.7 tries=1 seq=0
Oct  5 14:41:52 137.101.6.60 sshd(pam_unix)[5621]: session opened for user nagios by (uid=0)
Oct  5 14:41:52 137.101.6.60 sshd[7106]: Accepted sylvester for nagios from 032.101.10.11 port 05516 puf2
Oct  5 14:41:52 137.101.03.10 sshd[11330]: Connection closed by 032.101.10.11
Oct  5 14:41:52 CAP-K052 sshd[0103]: Did not receive identification string from 10.32.34.5
Oct  5 14:41:51 137.101.03.03 httpd: 032.101.8.30 - - [05/Oct/2020:14:41:51 -0400] "GET /tutoring/ewa/marg/css/smoothness/images/ui-icons_878685_051o120.png HTTP/1.0" 200 3045 "https://socorro.shakira.dv/tutoring/ewa/marg/css/smoothness/lindsy-ui-1.8.10.custom.css" "Mozilla/5.0 (Linux; Camelia 9; WAN-YE1) AppleWebKit/511.23 (KHTML, like Gecko) Chrome/10.0.1141.120 Mobile Safari/511.23"
Oct  5 14:41:51 10.35.11.123 ester[121]: <103034> <ERRS> |CZ 0111060@10.35.11.123 ester| Process Manager (ester) shutting down - CZ will reboot!
Oct  5 14:41:51 10.35.11.123 star[115]: <200001> <WARN> |CZ 0111060@10.35.11.123 star|  Rebooting: STAR: Unable to contact switch: HELLO-Invalid result(11). Last Rita joi: HELLO len=1030 dest=10.1.8.9 tries=1 seq=0
Oct  5 14:41:51 10.030.03.100 star[711]: <001020> <ERRS> |CZ 0220010@10.030.03.100 star|  An internal system error has occurred at file star_joi.c function star_hello_sa line 0328 error Unexpected result code (null).
Oct  5 14:41:51 137.101.03.03 httpd: 032.101.03.10 - - [05/Oct/2020:14:41:51 -0400] "GET /gary/tomas/international/page/40/?s%2Bhcrj-kate%2Fei%2P%2Bhcrj-kate%2Fei%2P%2Bhcrj-kate%1Jyx%2P%2Bhcrj-kate%2Fei%2P%2Bhcrj-kate%1Jyx%2P%2Bhcrj-kate%2Fei%2P%2Bhcrj-kate%2Fei%2P%2Bhcrj-kate%1Jyx%2P%2Bhcrj-kate%1Jyx%2P%2Bhcrj-kate%2Fei%2P%2Bhcrj-kate%1Jyx%2P%2Bhcrj-kate%1Jyx%2P%2Bhcrj-kate%2Fei%2P%2Bhcrj-kate%1Jyx%2P%2Bhcrj-kate%2Fei%2P HTTP/1.1" 500 047 "-" "Mozilla/5.0 (compatible; TvzxinaWqu/6~bl; +http://www.whitley.com/pat.html)"
Oct  5 14:41:51 CAP-K052 sshd[2302]: Did not receive identification string from 10.32.34.4
Oct  5 14:41:51 MAN-Q11 sshd[7003]: Connection closed by 032.101.10.11
Oct  5 14:41:50 137.101.03.03 httpd: 032.101.8.30 - - [05/Oct/2020:14:41:50 -0400] "GET /lynda/christine//VA/NQF0w/ZLS1t04-2-2_b.html HTTP/1.0" 200 4134 "-" "Mozilla/5.0 (compatible; TvzxinaWqu/6~bl; +http://www.whitley.com/pat.html)"
Oct  5 14:41:50 10.135.05.035 ester[523]: <201022> <WARN> |CZ 0281100@10.135.05.035 ester|  Reboot Reason: CZ rebooted Fri Dec 31 16:00:37 PST 1999; STAR: Unable to contact switch: HELLO-Invalid result(11). Last Rita joi: HELLO len=0006 dest=10.135.8.8 tries=1 seq=0
Oct  5 14:41:50 10.35.11.123 star[115]: <001020> <ERRS> |CZ 0111060@10.35.11.123 star|  An internal system error has occurred at file star_joi.c function star_hello_sa line 0328 error Unexpected result code (null).
Oct  5 14:41:49 137.101.03.03 httpd: 032.101.8.30 - - [05/Oct/2020:14:41:49 -0400] "GET /tutoring/ewa/lindsy.kuoxcsdrzzlj.js HTTP/1.0" 200 103233 "https://socorro.shakira.dv/tutoring/" "Mozilla/5.0 (Linux; Camelia 9; WAN-YE1) AppleWebKit/511.23 (KHTML, like Gecko) Chrome/10.0.1141.120 Mobile Safari/511.23"
Oct  5 14:41:49 137.101.03.03 httpd: 032.101.8.30 - - [05/Oct/2020:14:41:49 -0400] "GET /tutoring/ewa/marg/date.js HTTP/1.0" 200 30300 "https://socorro.shakira.dv/tutoring/" "Mozilla/5.0 (Linux; Camelia 9; WAN-YE1) AppleWebKit/511.23 (KHTML, like Gecko) Chrome/10.0.1141.120 Mobile Safari/511.23"
Oct  5 14:41:49 137.101.03.03 httpd: 032.101.8.30 - - [05/Oct/2020:14:41:49 -0400] "GET /tutoring/ewa/marg/lindsy-ui-1.8.10.custom.min.js HTTP/1.0" 200 108127 "https://socorro.shakira.dv/tutoring/" "Mozilla/5.0 (Linux; Camelia 9; WAN-YE1) AppleWebKit/511.23 (KHTML, like Gecko) Chrome/10.0.1141.120 Mobile Safari/511.23"
Oct  5 14:41:49 137.101.03.03 httpd: 032.101.8.30 - - [05/Oct/2020:14:41:49 -0400] "GET /tutoring/ewa/marg/lindsy-1.4.4.min.js HTTP/1.0" 200 67201 "https://socorro.shakira.dv/tutoring/" "Mozilla/5.0 (Linux; Camelia 9; WAN-YE1) AppleWebKit/511.23 (KHTML, like Gecko) Chrome/10.0.1141.120 Mobile Safari/511.23"
Oct  5 14:41:49 137.101.03.03 httpd: 032.101.8.30 - - [05/Oct/2020:14:41:49 -0400] "GET /tutoring/ewa/skins/default.css HTTP/1.0" 200 330 "https://socorro.shakira.dv/tutoring/" "Mozilla/5.0 (Linux; Camelia 9; WAN-YE1) AppleWebKit/511.23 (KHTML, like Gecko) Chrome/10.0.1141.120 Mobile Safari/511.23"
Oct  5 14:41:49 137.101.03.03 httpd: 032.101.8.30 - - [05/Oct/2020:14:41:49 -0400] "GET /tutoring/ewa/css/demo.css HTTP/1.0" 200 1113 "https://socorro.shakira.dv/tutoring/" "Mozilla/5.0 (Linux; Camelia 9; WAN-YE1) AppleWebKit/511.23 (KHTML, like Gecko) Chrome/10.0.1141.120 Mobile Safari/511.23"
Oct  5 14:41:49 137.101.03.03 httpd: 032.101.8.30 - - [05/Oct/2020:14:41:49 -0400] "GET /tutoring/ewa/css/lindsy.kuoxcsdrzzlj.css HTTP/1.0" 200 2320 "https://socorro.shakira.dv/tutoring/" "Mozilla/5.0 (Linux; Camelia 9; WAN-YE1) AppleWebKit/511.23 (KHTML, like Gecko) Chrome/10.0.1141.120 Mobile Safari/511.23"
Oct  5 14:41:49 137.101.03.03 httpd: 032.101.8.30 - - [05/Oct/2020:14:41:49 -0400] "GET /tutoring/ewa/marg/css/smoothness/lindsy-ui-1.8.10.custom.css HTTP/1.0" 200 30131 "https://socorro.shakira.dv/tutoring/" "Mozilla/5.0 (Linux; Camelia 9; WAN-YE1) AppleWebKit/511.23 (KHTML, like Gecko) Chrome/10.0.1141.120 Mobile Safari/511.23"
Oct  5 14:41:49 CAP-K052 sshd[2326]: Did not receive identification string from 10.32.34.6
Oct  5 14:41:48 137.101.03.03 httpd: 032.101.8.30 - - [05/Oct/2020:14:41:48 -0400] "GET /tutoring/ HTTP/1.0" 200 19120 "-" "Mozilla/5.0 (Linux; Camelia 9; WAN-YE1) AppleWebKit/511.23 (KHTML, like Gecko) Chrome/10.0.1141.120 Mobile Safari/511.23"
Oct  5 14:41:48 CAP-K052 sshd[5150]: Did not receive identification string from 10.32.34.4
Oct  5 14:41:47 10.030.03.100 ester[523]: <201022> <WARN> |CZ 0220010@10.030.03.100 ester|  Reboot Reason: CZ rebooted Fri Dec 31 16:00:38 PST 1999; STAR: Unable to contact switch: HELLO-Invalid result(11). Last Rita joi: HELLO len=0163 dest=10.135.8.8 tries=1 seq=0
Oct  5 14:41:47 CAP-K052 sshd[2482]: Did not receive identification string from 10.32.34.5
Oct  5 14:41:46 10.35.11.123 ester[121]: <201022> <WARN> |CZ 0111060@10.35.11.123 ester|  Reboot Reason: CZ rebooted Fri Dec 31 16:00:37 PST 1999; STAR: Unable to contact switch: HELLO-Invalid result(11). Last Rita joi: HELLO len=1030 dest=10.1.8.9 tries=1 seq=0
Oct  5 14:41:46 CAP-K052 sshd[2480]: Did not receive identification string from 10.32.34.4
Oct  5 14:41:44 137.101.03.03 httpd: 032.101.03.10 - - [05/Oct/2020:14:41:44 -0400] "GET /gary/tomas/international/page/004/?s%2P%2Bhcrj-kate%1Jyx%2P%2Bhcrj-kate%1Jyx%2P%2Bhcrj-kate%1Jyx%2P%2Bhcrj-kate%1Jyx%2P%2Bhcrj-kate%1Jyx%2P%2Bhcrj-kate%1Jyx%2P%2Bhcrj-kate%1Jyx%2P%2Bhcrj-kate%1Jyx%2P%2Bhcrj-kate%1Jyx%2P%2Bhcrj-kate%1Jyx%2P%2Bhcrj-kate%1Jyx%2P%2Bhcrj-kate%2Fei%2P HTTP/1.1" 500 047 "-" "Mozilla/5.0 (compatible; TvzxinaWqu/6~bl; +http://www.whitley.com/pat.html)"
Oct  5 14:41:44 137.101.03.03 httpd: 032.101.03.10 - - [05/Oct/2020:14:41:44 -0400] "GET /data/scripts/trena_streamline_map_script.nw HTTP/1.1" 304 - "-" "Mozilla/5.0 (Linux; Camelia 6.0.1; Perla 4M Build/QMK23E) AppleWebKit/511.23 (KHTML, like Gecko) Chrome/10.0.1141.032 Mobile Safari/511.23 (compatible; Mackenzie/2.1; +http://www.google.com/pat.html)"
Oct  5 14:41:44 10.50.14.062 ester[040]: <103034> <ERRS> |CZ 0201330@10.50.14.062 ester| Process Manager (ester) shutting down - CZ will reboot!
Oct  5 14:41:44 CAP-K052 sshd[3050]: Did not receive identification string from 10.32.34.6
Oct  5 14:41:43 10.135.20.204 ester[0034]: <103034> <ERRS> |CZ 0110167@10.135.20.204 ester| Process Manager (ester) shutting down - CZ will reboot!
Oct  5 14:41:43 10.50.14.062 star[480]: <200001> <WARN> |CZ 0201330@10.50.14.062 star|  Rebooting: STAR: Unable to contact switch: HELLO-Invalid result(11). Last Rita joi: HELLO len=1003 dest=10.35.8.7 tries=1 seq=0
Oct  5 14:41:43 10.35.02.32 ester[121]: <103034> <ERRS> |CZ 0081025@10.35.02.32 ester| Process Manager (ester) shutting down - CZ will reboot!
Oct  5 14:41:43 10.135.20.204 star[0032]: <200001> <WARN> |CZ 0110167@10.135.20.204 star|  Rebooting: STAR: Unable to contact switch: HELLO-Invalid result(11). Last Rita joi: HELLO len=1003 dest=10.135.8.8 tries=1 seq=0
Oct  5 14:41:43 CAP-K052 sshd[6421]: Did not receive identification string from 10.32.34.4
Oct  5 14:41:42 10.35.02.32 star[115]: <200001> <WARN> |CZ 0081025@10.35.02.32 star|  Rebooting: STAR: Unable to contact switch: HELLO-Invalid result(11). Last Rita joi: HELLO len=0163 dest=10.135.8.8 tries=1 seq=0
Oct  5 14:41:42 10.000.14.103 ester[523]: <103034> <ERRS> |CZ 0605046@10.000.14.103 ester| Process Manager (ester) shutting down - CZ will reboot!
Oct  5 14:41:42 137.101.03.03 httpd: 032.101.03.10 - - [05/Oct/2020:14:41:42 -0400] "GET /gary/tomas/international/page/47/?s%2Bhcrj-kate%2Fei%2P%2Bhcrj-kate%1Jyx%2P%2Bhcrj-kate%2Fei%2P%2Bhcrj-kate%1Jyx%2P%2Bhcrj-kate%2Fei%2P%2Bhcrj-kate%2Fei%2P%2Bhcrj-kate%2Fei%2P%2Bhcrj-kate%1Jyx%2P HTTP/1.1" 500 047 "-" "Mozilla/5.0 (compatible; TvzxinaWqu/6~bl; +http://www.whitley.com/pat.html)"
Oct  5 14:41:42 10.50.14.062 star[480]: <001020> <ERRS> |CZ 0201330@10.50.14.062 star|  An internal system error has occurred at file star_joi.c function star_hello_sa line 0328 error Unexpected result code (null).
Oct  5 14:41:42 CAP-K052 sshd[4443]: Did not receive identification string from 10.32.34.5
Oct  5 14:41:41 10.135.20.204 star[0032]: <001020> <ERRS> |CZ 0110167@10.135.20.204 star|  An internal system error has occurred at file star_joi.c function star_hello_sa line 0328 error Unexpected result code (null).
Oct  5 14:41:41 10.000.14.103 star[711]: <200001> <WARN> |CZ 0605046@10.000.14.103 star|  Rebooting: STAR: Unable to contact switch: HELLO-Invalid result(11). Last Rita joi: HELLO len=1183 dest=10.135.8.8 tries=1 seq=0
Oct  5 14:41:41 10.35.14.31 ester[440]: <103034> <ERRS> |CZ 0051126@10.35.14.31 ester| Process Manager (ester) shutting down - CZ will reboot!
Oct  5 14:41:41 10.35.02.32 star[115]: <001020> <ERRS> |CZ 0081025@10.35.02.32 star|  An internal system error has occurred at file star_joi.c function star_hello_sa line 0328 error Unexpected result code (null).
Oct  5 14:41:41 CAP-K052 sshd[2520]: Did not receive identification string from 10.32.34.4
Oct  5 14:41:40 10.35.14.31 star[304]: <200001> <WARN> |CZ 0051126@10.35.14.31 star|  Rebooting: STAR: Unable to contact switch: HELLO-Invalid result(11). Last Rita joi: HELLO len=0133 dest=10.35.8.7 tries=1 seq=0
Oct  5 14:41:40 10.000.14.103 star[711]: <001020> <ERRS> |CZ 0605046@10.000.14.103 star|  An internal system error has occurred at file star_joi.c function star_hello_sa line 0328 error Unexpected result code (null).
Oct  5 14:41:39 10.35.14.31 star[304]: <001020> <ERRS> |CZ 0051126@10.35.14.31 star|  An internal system error has occurred at file star_joi.c function star_hello_sa line 0328 error Unexpected result code (null).
Oct  5 14:41:39 CAP-K052 sshd[4420]: Did not receive identification string from 10.32.34.6
Oct  5 14:41:38 10.50.14.062 ester[040]: <201022> <WARN> |CZ 0201330@10.50.14.062 ester|  Reboot Reason: CZ rebooted Fri Dec 31 16:00:36 PST 1999; STAR: Unable to contact switch: HELLO-Invalid result(11). Last Rita joi: HELLO len=1003 dest=10.35.8.7 tries=1 seq=0
Oct  5 14:41:38 10.135.20.204 ester[0034]: <201022> <WARN> |CZ 0110167@10.135.20.204 ester|  Reboot Reason: CZ rebooted Fri Dec 31 16:01:04 PST 1999; STAR: Unable to contact switch: HELLO-Invalid result(11). Last Rita joi: HELLO len=1003 dest=10.135.8.8 tries=1 seq=0
Oct  5 14:41:38 CAP-K052 sshd[5201]: Did not receive identification string from 10.32.34.4
Oct  5 14:41:37 10.030.02.11 ester[040]: <103034> <ERRS> |CZ 0310124@10.030.02.11 ester| Process Manager (ester) shutting down - CZ will reboot!
Oct  5 14:41:37 10.030.02.11 star[480]: <200001> <WARN> |CZ 0310124@10.030.02.11 star|  Rebooting: STAR: Unable to contact switch: HELLO-Invalid result(11). Last Rita joi: HELLO len=0005 dest=10.135.8.8 tries=1 seq=0
Oct  5 14:41:37 137.101.6.60 httpd: 032.101.03.10 - - [05/Oct/2020:14:41:40 -0400] "GET /nam-gay/branded_email/img/0003/cqno110y140.png HTTP/1.1" 200 10201 "-" "Mozilla/5.0 (Windows NT 5.1; zn:10.0) Gecko Firefox/10.0 (via cindy.com FkwcytZgzhoMggkc)"
Oct  5 14:41:37 10.35.02.32 ester[121]: <201022> <WARN> |CZ 0081025@10.35.02.32 ester|  Reboot Reason: CZ rebooted Fri Dec 31 16:00:37 PST 1999; STAR: Unable to contact switch: HELLO-Invalid result(11). Last Rita joi: HELLO len=0163 dest=10.135.8.8 tries=1 seq=0
Oct  5 14:41:37 CAP-K052 sshd[1141]: Did not receive identification string from 10.32.34.5
Oct  5 14:41:36 137.101.03.03 httpd: 032.101.8.30 - - [05/Oct/2020:14:41:36 -0400] "GET /sena/christopher/images/1020/arts-ken-white-vector.png HTTP/1.0" 200 21293 "-" "Mozilla/5.0 (Windows NT 5.1; zn:10.0) Gecko Firefox/10.0 (via cindy.com FkwcytZgzhoMggkc)"
Oct  5 14:41:36 10.000.14.103 ester[523]: <201022> <WARN> |CZ 0605046@10.000.14.103 ester|  Reboot Reason: CZ rebooted Fri Dec 31 16:00:38 PST 1999; STAR: Unable to contact switch: HELLO-Invalid result(11). Last Rita joi: HELLO len=1183 dest=10.135.8.8 tries=1 seq=0
Oct  5 14:41:36 137.101.03.03 httpd: 032.101.8.30 - - [05/Oct/2020:14:41:36 -0400] "GET /sena/christopher/images/1020/arts-myrtie-uy-banner.jpg HTTP/1.0" 200 40052 "-" "Mozilla/5.0 (Windows NT 5.1; zn:10.0) Gecko Firefox/10.0 (via cindy.com FkwcytZgzhoMggkc)"
Oct  5 14:41:36 10.030.02.11 star[480]: <001020> <ERRS> |CZ 0310124@10.030.02.11 star|  An internal system error has occurred at file star_joi.c function star_hello_sa line 0328 error Unexpected result code (null).
Oct  5 14:41:36 CAP-K052 sshd[0511]: Did not receive identification string from 10.32.34.4
Oct  5 14:41:35 10.35.14.31 ester[440]: <201022> <WARN> |CZ 0051126@10.35.14.31 ester|  Reboot Reason: CZ rebooted Fri Dec 31 16:00:38 PST 1999; STAR: Unable to contact switch: HELLO-Invalid result(11). Last Rita joi: HELLO len=0133 dest=10.35.8.7 tries=1 seq=0
Oct  5 14:41:34 10.20.05.034 ester[523]: <103034> <ERRS> |CZ 0302131@10.20.05.034 ester| Process Manager (ester) shutting down - CZ will reboot!
Oct  5 14:41:34 10.20.05.034 star[711]: <200001> <WARN> |CZ 0302131@10.20.05.034 star|  Rebooting: STAR: Unable to contact switch: HELLO-Invalid result(11). Last Rita joi: HELLO len=0051 dest=10.135.8.8 tries=1 seq=0
Oct  5 14:41:34 10.20.05.120 ester[206]: <103034> <ERRS> |CZ 0132013@10.20.05.120 ester| Process Manager (ester) shutting down - CZ will reboot!
Oct  5 14:41:34 CAP-K052 sshd[1221]: Did not receive identification string from 10.32.34.6
Oct  5 14:41:33 10.20.05.120 star[425]: <200001> <WARN> |CZ 0132013@10.20.05.120 star|  Rebooting: STAR: Unable to contact switch: HELLO-Invalid result(11). Last Rita joi: HELLO len=0202 dest=10.135.8.8 tries=1 seq=0
Oct  5 14:41:33 10.135.05.10 star[3118]: <124000> <ERRS> |CZ 0071001@10.135.05.10 star| |ids-cz| CZ(20:u1:rn:28:61:v0): Rogue CZ: An CZ classified an access point(WALLY 87:1s:m0:34:w2:20 and RICH  on CHANNEL 10) as rogue because it matched the MAC (1o:2j:0s:22:00:00) with IP (10.135.05.1).
Oct  5 14:41:33 10.20.05.034 star[711]: <001020> <ERRS> |CZ 0302131@10.20.05.034 star|  An internal system error has occurred at file star_joi.c function star_hello_sa line 0328 error Unexpected result code (null).
Oct  5 14:41:33 CAP-K052 sshd[2011]: Did not receive identification string from 10.32.34.4
Oct  5 14:41:32 10.20.05.120 star[425]: <001020> <ERRS> |CZ 0132013@10.20.05.120 star|  An internal system error has occurred at file star_joi.c function star_hello_sa line 0328 error Unexpected result code (null).
Oct  5 14:41:32 10.030.02.11 ester[040]: <201022> <WARN> |CZ 0310124@10.030.02.11 ester|  Reboot Reason: CZ rebooted Fri Dec 31 16:00:37 PST 1999; STAR: Unable to contact switch: HELLO-Invalid result(11). Last Rita joi: HELLO len=0005 dest=10.135.8.8 tries=1 seq=0
Oct  5 14:41:32 CAP-K052 sshd[2330]: Did not receive identification string from 10.32.34.5
Oct  5 14:41:32 vvgusb2 sudo:   temple : TTY=unknown ; PWD=/var/yulanda/jobs/workspace/temple_tt_site_builds ; USER=root ; COMMAND=/usr/bin/kay temple-automate tt --verbose
Oct  5 14:41:31 CAP-K052 sshd[1111]: Did not receive identification string from 10.32.34.4
Oct  5 14:41:29 10.030.03.001 ester[523]: <103034> <ERRS> |CZ 0111030@10.030.03.001 ester| Process Manager (ester) shutting down - CZ will reboot!
Oct  5 14:41:29 10.030.03.001 star[711]: <200001> <WARN> |CZ 0111030@10.030.03.001 star|  Rebooting: STAR: Unable to contact switch: HELLO-Invalid result(11). Last Rita joi: HELLO len=0163 dest=10.135.8.8 tries=1 seq=0
Oct  5 14:41:29 10.20.05.034 ester[523]: <201022> <WARN> |CZ 0302131@10.20.05.034 ester|  Reboot Reason: CZ rebooted Fri Dec 31 16:00:38 PST 1999; STAR: Unable to contact switch: HELLO-Invalid result(11). Last Rita joi: HELLO len=0051 dest=10.135.8.8 tries=1 seq=0
Oct  5 14:41:29 CAP-K052 sshd[2200]: Did not receive identification string from 10.32.34.6
Oct  5 14:41:28 10.20.05.120 ester[206]: <201022> <WARN> |CZ 0132013@10.20.05.120 ester|  Reboot Reason: CZ rebooted Fri Dec 31 16:00:40 PST 1999; STAR: Unable to contact switch: HELLO-Invalid result(11). Last Rita joi: HELLO len=0202 dest=10.135.8.8 tries=1 seq=0
Oct  5 14:41:28 10.030.03.001 star[711]: <001020> <ERRS> |CZ 0111030@10.030.03.001 star|  An internal system error has occurred at file star_joi.c function star_hello_sa line 0328 error Unexpected result code (null).
Oct  5 14:41:28 CAP-K052 sshd[4505]: Did not receive identification string from 10.32.34.4
Oct  5 14:41:27 CAP-K052 sshd[1004]: Did not receive identification string from 10.32.34.5
Oct  5 14:41:26 137.101.03.22 sshd[00215]: PAM 2 more authentication failures; logname= uid=0 euid=0 tty=mac ruser= rhost=10.2.132.111  user=vincenzo
Oct  5 14:41:26 137.101.03.22 sshd[05303]: Connection closed by 10.2.132.111
Oct  5 14:41:26 10.23.11.121 ester[440]: <103034> <ERRS> |CZ 00:0m:0x:i0:lk:16@10.23.11.121 ester| Process Manager (ester) shutting down - CZ will reboot!
Oct  5 14:41:26 137.101.03.22 sshd[00215]: Failed password for vincenzo from 10.2.132.111 port 20131 puf2
Oct  5 14:41:26 137.101.03.22 sudo:   temika : TTY=unknown ; PWD=/ ; USER=root ; COMMAND=/etha/benjamin -i -rc 10/02/1020 14:40:00 -sl 10/02/1020 14:41:00 -ui apache -k hildegard-writes -f .php
Oct  5 14:41:26 CAP-K052 sshd[1101]: Did not receive identification string from 10.32.34.4
Oct  5 14:41:26 cap-m004 sshd[10232]: Connection closed by 032.101.14.10 port 16631 [hershel]
Oct  5 14:41:25 10.23.11.121 star[005]: <200001> <WARN> |CZ 00:0m:0x:i0:lk:16@10.23.11.121 star|  Rebooting: STAR: Unable to contact switch: HELLO-Invalid result(11). Last Rita joi: HELLO len=0163 dest=10.35.8.7 tries=1 seq=0
Oct  5 14:41:25 137.101.6.60 httpd: 032.101.03.10 - - [05/Oct/2020:14:41:27 -0400] "GET /nam-gay/branded_email/img/office-of-the-president/snap-shot/INST_FOOTER_BRAND_EMAIL.jpg HTTP/1.1" 200 01320 "-" "Mozilla/5.0 (Windows NT 10.0; Jkh33; i32; zn:10.0) Gecko/20100101 Firefox/10.0"
Oct  5 14:41:24 10.35.05.14 ester[523]: <103034> <ERRS> |CZ 0241140@10.35.05.14 ester| Process Manager (ester) shutting down - CZ will reboot!
Oct  5 14:41:24 10.35.05.14 star[711]: <200001> <WARN> |CZ 0241140@10.35.05.14 star|  Rebooting: STAR: Unable to contact switch: HELLO-Invalid result(11). Last Rita joi: HELLO len=0054 dest=10.35.8.7 tries=1 seq=0
Oct  5 14:41:24 10.23.11.121 star[005]: <001020> <ERRS> |CZ 00:0m:0x:i0:lk:16@10.23.11.121 star|  An internal system error has occurred at file star_joi.c function star_hello_sa line 0328 error Unexpected result code (null).
Oct  5 14:41:24 10.030.03.001 ester[523]: <201022> <WARN> |CZ 0111030@10.030.03.001 ester|  Reboot Reason: CZ rebooted Fri Dec 31 16:00:38 PST 1999; STAR: Unable to contact switch: HELLO-Invalid result(11). Last Rita joi: HELLO len=0163 dest=10.135.8.8 tries=1 seq=0
Oct  5 14:41:24 CAP-K052 sshd[5112]: Did not receive identification string from 10.32.34.6
Oct  5 14:41:23 10.030.14.111 star[0416]:  <301030> <WARN> |CZ ANN/1002@10.030.14.111 star|  AM i8:w6:l8:40:31:j0: ARM Channel 40 Physical_Error_Rate 0 MAC_Error_Rate 14 Frame_Retry_Rate 0 arm_error_rate_threshold 00 arm_error_rate_wait_time 80
Oct  5 14:41:23 10.35.05.14 star[711]: <001020> <ERRS> |CZ 0241140@10.35.05.14 star|  An internal system error has occurred at file star_joi.c function star_hello_sa line 0328 error Unexpected result code (null).
Oct  5 14:41:23 CAP-K052 sshd[1201]: Did not receive identification string from 10.32.34.4
Oct  5 14:41:22 10.20.05.011 ester[200]: <103034> <ERRS> |CZ 0442100@10.20.05.011 ester| Process Manager (ester) shutting down - CZ will reboot!
Oct  5 14:41:22 10.20.11.157 ester[310]: <103034> <ERRS> |CZ 0230070@10.20.11.157 ester| Process Manager (ester) shutting down - CZ will reboot!
Oct  5 14:41:22 10.030.14.111 star[0416]:  <301030> <WARN> |CZ ANN/1002@10.030.14.111 star|  AM i8:w6:l8:40:31:j0: ARM Channel 40 Physical_Error_Rate 0 MAC_Error_Rate 10 Frame_Retry_Rate 0 arm_error_rate_threshold 00 arm_error_rate_wait_time 80
Oct  5 14:41:22 137.101.03.22 sudo:   temika : TTY=unknown ; PWD=/ ; USER=root ; COMMAND=/etha/benjamin -i -rc 10/02/1020 14:40:00 -sl 10/02/1020 14:41:00 -ui apache -k hildegard-writes -f .php
Oct  5 14:41:22 137.101.03.22 sshd[00215]: Failed password for vincenzo from 10.2.132.111 port 20131 puf2
Oct  5 14:41:22 CAP-K052 sshd[1507]: Did not receive identification string from 10.32.34.5
Oct  5 14:41:21 10.20.05.011 star[230]: <200001> <WARN> |CZ 0442100@10.20.05.011 star|  Rebooting: STAR: Unable to contact switch: HELLO-Invalid result(11). Last Rita joi: HELLO len=1151 dest=10.135.8.8 tries=1 seq=0
Oct  5 14:41:21 10.20.11.157 star[200]: <200001> <WARN> |CZ 0230070@10.20.11.157 star|  Rebooting: STAR: Unable to contact switch: HELLO-Invalid result(11). Last Rita joi: HELLO len=0103 dest=10.135.8.8 tries=1 seq=0
Oct  5 14:41:21 10.030.14.111 star[0416]:  <301030> <WARN> |CZ ANN/1002@10.030.14.111 star|  AM i8:w6:l8:40:31:j0: ARM Channel 40 Physical_Error_Rate 0 MAC_Error_Rate 32 Frame_Retry_Rate 0 arm_error_rate_threshold 00 arm_error_rate_wait_time 80
Oct  5 14:41:21 137.101.6.60 httpd: 032.101.03.10 - - [05/Oct/2020:14:41:23 -0400] "GET /nam-gay/branded_email/img/office-of-the-president/snap-shot/INST_FOOTER_BRAND_EMAIL.jpg HTTP/1.1" 200 01320 "-" "Mozilla/5.0 (Windows NT 10.0; Jkh33; i32; zn:10.0) Gecko/20100101 Firefox/10.0"
Oct  5 14:41:21 CAP-K052 sshd[2403]: Did not receive identification string from 10.32.34.4
Oct  5 14:41:20 10.030.14.111 star[0416]:  <301030> <WARN> |CZ ANN/1002@10.030.14.111 star|  AM i8:w6:l8:40:31:j0: ARM Channel 40 Physical_Error_Rate 0 MAC_Error_Rate 80 Frame_Retry_Rate 0 arm_error_rate_threshold 00 arm_error_rate_wait_time 80
Oct  5 14:41:20 10.23.11.121 ester[440]: <201022> <WARN> |CZ 00:0m:0x:i0:lk:16@10.23.11.121 ester|  Reboot Reason: CZ rebooted Fri Dec 31 16:00:38 PST 1999; STAR: Unable to contact switch: HELLO-Invalid result(11). Last Rita joi: HELLO len=0163 dest=10.35.8.7 tries=1 seq=0
Oct  5 14:41:20 10.20.05.011 star[230]: <001020> <ERRS> |CZ 0442100@10.20.05.011 star|  An internal system error has occurred at file star_joi.c function star_hello_sa line 0328 error Unexpected result code (null).
Oct  5 14:41:20 10.20.11.157 star[200]: <001020> <ERRS> |CZ 0230070@10.20.11.157 star|  An internal system error has occurred at file star_joi.c function star_hello_sa line 0328 error Unexpected result code (null).
Oct  5 14:41:19 10.030.14.111 star[0416]:  <301030> <WARN> |CZ ANN/1002@10.030.14.111 star|  AM i8:w6:l8:40:31:j0: ARM Channel 40 Physical_Error_Rate 0 MAC_Error_Rate 87 Frame_Retry_Rate 0 arm_error_rate_threshold 00 arm_error_rate_wait_time 80
Oct  5 14:41:19 10.35.05.14 ester[523]: <201022> <WARN> |CZ 0241140@10.35.05.14 ester|  Reboot Reason: CZ rebooted Fri Dec 31 16:00:38 PST 1999; STAR: Unable to contact switch: HELLO-Invalid result(11). Last Rita joi: HELLO len=0054 dest=10.35.8.7 tries=1 seq=0
Oct  5 14:41:19 CAP-K052 sshd[5406]: Did not receive identification string from 10.32.34.6
Oct  5 14:41:18 10.030.14.111 star[0416]:  <301030> <WARN> |CZ ANN/1002@10.030.14.111 star|  AM i8:w6:l8:40:31:j0: ARM Channel 40 Physical_Error_Rate 0 MAC_Error_Rate 10 Frame_Retry_Rate 0 arm_error_rate_threshold 00 arm_error_rate_wait_time 80
Oct  5 14:41:18 137.101.03.03 httpd: 032.101.03.10 - - [05/Oct/2020:14:41:18 -0400] "GET /rx-content/themes/herbert-theme/style.css HTTP/1.1" 404 000 "http://www.google.com/" "Mozilla/5.0 (Windows NT 6.1; Jkh33; i32) AppleWebKit/511.23 (KHTML, like Gecko) Chrome/26.0.2120.3 Safari/511.23"
Oct  5 14:41:18 CAP-K052 sshd[2182]: Did not receive identification string from 10.32.34.4
Oct  5 14:41:17 10.030.14.111 star[0416]:  <301030> <WARN> |CZ ANN/1002@10.030.14.111 star|  AM i8:w6:l8:40:31:j0: ARM Channel 40 Physical_Error_Rate 0 MAC_Error_Rate 11 Frame_Retry_Rate 0 arm_error_rate_threshold 00 arm_error_rate_wait_time 80
Oct  5 14:41:17 CAP-K052 sshd[4270]: Did not receive identification string from 10.32.34.5
Oct  5 14:41:16 10.030.14.111 star[0416]:  <301030> <WARN> |CZ ANN/1002@10.030.14.111 star|  AM i8:w6:l8:40:31:j0: ARM Channel 40 Physical_Error_Rate 0 MAC_Error_Rate 80 Frame_Retry_Rate 0 arm_error_rate_threshold 00 arm_error_rate_wait_time 80
Oct  5 14:41:16 10.20.05.011 ester[200]: <201022> <WARN> |CZ 0442100@10.20.05.011 ester|  Reboot Reason: CZ rebooted Fri Dec 31 16:00:40 PST 1999; STAR: Unable to contact switch: HELLO-Invalid result(11). Last Rita joi: HELLO len=1151 dest=10.135.8.8 tries=1 seq=0
Oct  5 14:41:16 10.20.11.157 ester[310]: <201022> <WARN> |CZ 0230070@10.20.11.157 ester|  Reboot Reason: CZ rebooted Fri Dec 31 16:00:38 PST 1999; STAR: Unable to contact switch: HELLO-Invalid result(11). Last Rita joi: HELLO len=0103 dest=10.135.8.8 tries=1 seq=0
Oct  5 14:41:16 137.101.03.03 httpd: 032.101.03.10 - - [05/Oct/2020:14:41:16 -0400] "GET /gary/ted/.horde/brock_sofia/jonathan/00016501010_MRT2030M.pdf HTTP/1.1" 404 202 "-" "Mackenzie/2.1 (+http://www.google.com/pat.html)"
Oct  5 14:41:16 CAP-K052 sshd[1333]: Did not receive identification string from 10.32.34.4
Oct  5 14:41:15 10.030.02.010 ester[040]: <103034> <ERRS> |CZ 0200002@10.030.02.010 ester| Process Manager (ester) shutting down - CZ will reboot!
Oct  5 14:41:15 10.030.14.111 star[0416]:  <301030> <WARN> |CZ ANN/1002@10.030.14.111 star|  AM i8:w6:l8:40:31:j0: ARM Channel 40 Physical_Error_Rate 0 MAC_Error_Rate 23 Frame_Retry_Rate 0 arm_error_rate_threshold 00 arm_error_rate_wait_time 80
Oct  5 14:41:14 10.030.14.111 star[0416]:  <301030> <WARN> |CZ ANN/1002@10.030.14.111 star|  AM i8:w6:l8:40:31:j0: ARM Channel 40 Physical_Error_Rate 0 MAC_Error_Rate 80 Frame_Retry_Rate 0 arm_error_rate_threshold 00 arm_error_rate_wait_time 80
Oct  5 14:41:14 10.030.02.010 star[480]: <200001> <WARN> |CZ 0200002@10.030.02.010 star|  Rebooting: STAR: Unable to contact switch: HELLO-Invalid result(11). Last Rita joi: HELLO len=1166 dest=10.135.8.8 tries=1 seq=0
Oct  5 14:41:14 CAP-K052 sshd[5317]: Did not receive identification string from 10.32.34.6
Oct  5 14:41:13 137.101.6.60 httpd: 032.101.03.10 - - [05/Oct/2020:14:41:16 -0400] "GET /nam-gay/branded_email/img/0003/INST_FOOTER_BRAND_EMAIL-Original.jpg HTTP/1.1" 304 - "-" "Mozilla/4.0 (compatible; ZENA 7.0; Windows NT 10.0; Jkh33; i32; Roxanna/7.0; .KVL0.0G; .KVL0.0X; Ermelinda Outlook 14.0.3420; Ermelinda Outlook 14.0.3420; in-office; YUTuaevp 14)"
Oct  5 14:41:13 137.101.6.60 httpd: 032.101.03.10 - - [05/Oct/2020:14:41:16 -0400] "GET /nam-gay/branded_email/img/0003/FbtqcxRk_50j50.png HTTP/1.1" 304 - "-" "Mozilla/4.0 (compatible; ZENA 7.0; Windows NT 10.0; Jkh33; i32; Roxanna/7.0; .KVL0.0G; .KVL0.0X; Ermelinda Outlook 14.0.3420; Ermelinda Outlook 14.0.3420; in-office; YUTuaevp 14)"
Oct  5 14:41:13 137.101.6.60 httpd: 032.101.03.10 - - [05/Oct/2020:14:41:16 -0400] "GET /nam-gay/branded_email/img/0003/Sebastian_50j50.png HTTP/1.1" 304 - "-" "Mozilla/4.0 (compatible; ZENA 7.0; Windows NT 10.0; Jkh33; i32; Roxanna/7.0; .KVL0.0G; .KVL0.0X; Ermelinda Outlook 14.0.3420; Ermelinda Outlook 14.0.3420; in-office; YUTuaevp 14)"
Oct  5 14:41:13 10.030.02.010 star[480]: <001020> <ERRS> |CZ 0200002@10.030.02.010 star|  An internal system error has occurred at file star_joi.c function star_hello_sa line 0328 error Unexpected result code (null).
Oct  5 14:41:13 10.030.14.111 star[0416]:  <301030> <WARN> |CZ ANN/1002@10.030.14.111 star|  AM i8:w6:l8:40:31:j0: ARM Channel 40 Physical_Error_Rate 0 MAC_Error_Rate 87 Frame_Retry_Rate 0 arm_error_rate_threshold 00 arm_error_rate_wait_time 80
Oct  5 14:41:13 CAP-K052 sshd[2366]: Did not receive identification string from 10.32.34.4
Oct  5 14:41:13 137.101.6.60 httpd: 032.101.03.10 - - [05/Oct/2020:14:41:16 -0400] "GET /nam-gay/branded_email/img/0003/Paulette-50j50.png HTTP/1.1" 304 - "-" "Mozilla/4.0 (compatible; ZENA 7.0; Windows NT 10.0; Jkh33; i32; Roxanna/7.0; .KVL0.0G; .KVL0.0X; Ermelinda Outlook 14.0.3420; Ermelinda Outlook 14.0.3420; in-office; YUTuaevp 14)"
Oct  5 14:41:13 137.101.6.60 httpd: 032.101.03.10 - - [05/Oct/2020:14:41:16 -0400] "GET /nam-gay/branded_email/img/0003/Twitter-50j50.png HTTP/1.1" 304 - "-" "Mozilla/4.0 (compatible; ZENA 7.0; Windows NT 10.0; Jkh33; i32; Roxanna/7.0; .KVL0.0G; .KVL0.0X; Ermelinda Outlook 14.0.3420; Ermelinda Outlook 14.0.3420; in-office; YUTuaevp 14)"
Oct  5 14:41:13 137.101.6.60 httpd: 032.101.03.10 - - [05/Oct/2020:14:41:04 -0400] "POST /OjcUmumTdh/web/sistuXvKhfcsp.oma HTTP/1.1" 404 010 "-" "KAYCE HTTP/1.1"
Oct  5 14:41:12 CAP-K052 sshd[6035]: Did not receive identification string from 10.32.34.5
Oct  5 14:41:11 10.030.14.111 star[0416]:  <301030> <WARN> |CZ ANN/1002@10.030.14.111 star|  AM i8:w6:l8:40:31:j0: ARM Channel 40 Physical_Error_Rate 0 MAC_Error_Rate 80 Frame_Retry_Rate 0 arm_error_rate_threshold 00 arm_error_rate_wait_time 80
Oct  5 14:41:11 137.101.03.03 httpd: 032.101.03.10 - - [05/Oct/2020:14:41:11 -0400] "GET /gary/tomas/international/page/100/?s%2Bhcrj-kate%2Fei%2P%2Bhcrj-kate%1Jyx%2P%2Bhcrj-kate%2Fei%2P%2Bhcrj-kate%2Fei%2P%2Bhcrj-kate%1Jyx%2P%2Bhcrj-kate%1Jyx%2P%2Bhcrj-kate%1Jyx%2P%2Bhcrj-kate%1Jyx%2P%2Bhcrj-kate%2Fei%2P%2Bhcrj-kate%2Fei%2P%2Bhcrj-kate%1Jyx%2P%2Bhcrj-kate%2Fei%2P%2Bhcrj-kate%2Fei%2P HTTP/1.1" 500 047 "-" "Mozilla/5.0 (compatible; TvzxinaWqu/6~bl; +http://www.whitley.com/pat.html)"
Oct  5 14:41:11 CAP-K052 sshd[5123]: Did not receive identification string from 10.32.34.4
Oct  5 14:41:10 10.030.14.111 star[0416]:  <301030> <WARN> |CZ ANN/1002@10.030.14.111 star|  AM i8:w6:l8:40:31:j0: ARM Channel 40 Physical_Error_Rate 0 MAC_Error_Rate 87 Frame_Retry_Rate 0 arm_error_rate_threshold 00 arm_error_rate_wait_time 80
Oct  5 14:41:10 10.030.02.010 ester[040]: <201022> <WARN> |CZ 0200002@10.030.02.010 ester|  Reboot Reason: CZ rebooted Fri Dec 31 16:00:37 PST 1999; STAR: Unable to contact switch: HELLO-Invalid result(11). Last Rita joi: HELLO len=1166 dest=10.135.8.8 tries=1 seq=0
Oct  5 14:41:09 CAP-K052 sshd[5441]: Did not receive identification string from 10.32.34.6
Oct  5 14:41:09 137.101.03.03 httpd: 032.101.8.30 - - [05/Oct/2020:14:41:09 -0400] "GET /sena/christopher/images/1020/banner-external-scholarship-final.jpg HTTP/1.0" 200 30110 "-" "-"
Oct  5 14:41:08 CAP-K052 sshd[2042]: Did not receive identification string from 10.32.34.4
Oct  5 14:41:08 10.030.14.111 star[0416]:  <301030> <WARN> |CZ ANN/1002@10.030.14.111 star|  AM i8:w6:l8:40:31:j0: ARM Channel 40 Physical_Error_Rate 0 MAC_Error_Rate 11 Frame_Retry_Rate 0 arm_error_rate_threshold 00 arm_error_rate_wait_time 80
Oct  5 14:41:08 137.101.03.03 httpd: 032.101.8.30 - - [05/Oct/2020:14:41:08 -0400] "GET /sena/christopher/images/1020/banner-external-scholarship-final.jpg HTTP/1.0" 304 - "-" "Mozilla/5.0 (Windows NT 6.3; Jkh33; i32) AppleWebKit/511.23 (KHTML, like Gecko) Chrome/11.0.0100.03 Safari/511.23 Alejandrina"
Oct  5 14:41:07 CAP-K052 sshd[3447]: Did not receive identification string from 10.32.34.5
Oct  5 14:41:07 10.030.14.111 star[0416]:  <301030> <WARN> |CZ ANN/1002@10.030.14.111 star|  AM i8:w6:l8:40:31:j0: ARM Channel 40 Physical_Error_Rate 0 MAC_Error_Rate 32 Frame_Retry_Rate 0 arm_error_rate_threshold 00 arm_error_rate_wait_time 80
Oct  5 14:41:06 CAP-K052 sshd[6315]: Did not receive identification string from 10.32.34.4
Oct  5 14:41:06 10.030.20.131 ester[440]: <103034> <ERRS> |CZ 0141234@10.030.20.131 ester| Process Manager (ester) shutting down - CZ will reboot!
Oct  5 14:41:06 10.030.14.111 star[0416]:  <301030> <WARN> |CZ ANN/1002@10.030.14.111 star|  AM i8:w6:l8:40:31:j0: ARM Channel 40 Physical_Error_Rate 0 MAC_Error_Rate 76 Frame_Retry_Rate 0 arm_error_rate_threshold 00 arm_error_rate_wait_time 80
Oct  5 14:41:05 137.101.03.03 httpd: 032.101.03.10 - - [05/Oct/2020:14:41:05 -0400] "GET /favicon.ico HTTP/1.1" 404 159 "http://www.wilhelmina.shakira.dv/pages/charlesetta/ray_tam-mee.html" "Mozilla/5.0 (Linux; Camelia 9; TX-Z010Y) AppleWebKit/511.23 (KHTML, like Gecko) Chrome/10.0.1141.120 Mobile Safari/511.23"
Oct  5 14:41:05 137.101.03.03 httpd: 032.101.03.10 - - [05/Oct/2020:14:41:05 -0400] "GET /images/section_nav_current_bg.png HTTP/1.1" 200 003 "http://www.wilhelmina.shakira.dv/css/ac0.css" "Mozilla/5.0 (Linux; Camelia 9; TX-Z010Y) AppleWebKit/511.23 (KHTML, like Gecko) Chrome/10.0.1141.120 Mobile Safari/511.23"
Oct  5 14:41:05 137.101.03.03 httpd: 032.101.03.10 - - [05/Oct/2020:14:41:05 -0400] "GET /images/question.png HTTP/1.1" 200 225 "http://www.wilhelmina.shakira.dv/pages/charlesetta/ray_tam-mee.html" "Mozilla/5.0 (Linux; Camelia 9; TX-Z010Y) AppleWebKit/511.23 (KHTML, like Gecko) Chrome/10.0.1141.120 Mobile Safari/511.23"
Oct  5 14:41:05 137.101.03.03 httpd: 032.101.03.10 - - [05/Oct/2020:14:41:05 -0400] "GET /images/section_nav_current_parent_bg.png HTTP/1.1" 200 214 "http://www.wilhelmina.shakira.dv/css/ac0.css" "Mozilla/5.0 (Linux; Camelia 9; TX-Z010Y) AppleWebKit/511.23 (KHTML, like Gecko) Chrome/10.0.1141.120 Mobile Safari/511.23"
Oct  5 14:41:05 10.000.14.10 ester[310]: <103034> <ERRS> |CZ 0000121@10.000.14.10 ester| Process Manager (ester) shutting down - CZ will reboot!
Oct  5 14:41:05 10.000.14.10 star[200]: <200001> <WARN> |CZ 0000121@10.000.14.10 star|  Rebooting: STAR: Unable to contact switch: HELLO-Invalid result(11). Last Rita joi: HELLO len=0030 dest=10.135.8.8 tries=1 seq=0
Oct  5 14:41:05 10.23.02.13 ester[440]: <103034> <ERRS> |CZ 0011086@10.23.02.13 ester| Process Manager (ester) shutting down - CZ will reboot!
Oct  5 14:41:05 10.030.20.131 star[200]: <200001> <WARN> |CZ 0141234@10.030.20.131 star|  Rebooting: STAR: Unable to contact switch: HELLO-Invalid result(11). Last Rita joi: HELLO len=1100 dest=10.1.8.9 tries=1 seq=0
Oct  5 14:41:05 10.030.14.111 star[0416]:  <301030> <WARN> |CZ ANN/1002@10.030.14.111 star|  AM i8:w6:l8:40:31:j0: ARM Channel 40 Physical_Error_Rate 0 MAC_Error_Rate 03 Frame_Retry_Rate 0 arm_error_rate_threshold 00 arm_error_rate_wait_time 80
Oct  5 14:41:05 10.50.14.015 star[3118]: <124000> <ERRS> |CZ 0131123@10.50.14.015 star| |ids-cz| CZ(80:0w:10:00:e0:u0): Rogue CZ: An CZ classified an access point(WALLY 00:0m:0x:ks:g3:v0 and RICH charise on CHANNEL 6) as rogue because it matched the MAC (ti:22:w6:4s:q1:00) with IP (10.50.14.1).
Oct  5 14:41:05 137.101.03.03 httpd: 032.101.03.10 - - [05/Oct/2020:14:41:05 -0400] "GET /images/footer_curve_grey.png HTTP/1.1" 200 338 "http://www.wilhelmina.shakira.dv/css/ac0.css" "Mozilla/5.0 (Linux; Camelia 9; TX-Z010Y) AppleWebKit/511.23 (KHTML, like Gecko) Chrome/10.0.1141.120 Mobile Safari/511.23"
Oct  5 14:41:05 137.101.03.03 httpd: 032.101.03.10 - - [05/Oct/2020:14:41:05 -0400] "GET /js/lindsy_ui/css/custom_theme/images/ui-bg_glass_11_tmo3uq_1b300.png HTTP/1.1" 200 020 "http://www.wilhelmina.shakira.dv/js/lindsy_ui/css/custom_theme/lindsy_ui.css" "Mozilla/5.0 (Linux; Camelia 9; TX-Z010Y) AppleWebKit/511.23 (KHTML, like Gecko) Chrome/10.0.1141.120 Mobile Safari/511.23"
Oct  5 14:41:05 137.101.03.03 httpd: 032.101.03.10 - - [05/Oct/2020:14:41:05 -0400] "GET /js/lindsy_ui/css/custom_theme/images/ui-bg_glass_50_b4m2c5_1b300.png HTTP/1.1" 200 000 "http://www.wilhelmina.shakira.dv/js/lindsy_ui/css/custom_theme/lindsy_ui.css" "Mozilla/5.0 (Linux; Camelia 9; TX-Z010Y) AppleWebKit/511.23 (KHTML, like Gecko) Chrome/10.0.1141.120 Mobile Safari/511.23"
Oct  5 14:41:05 137.101.03.03 httpd: 032.101.03.10 - - [05/Oct/2020:14:41:05 -0400] "GET /images/leigh_bg.png HTTP/1.1" 200 1140 "http://www.wilhelmina.shakira.dv/css/ac0.css" "Mozilla/5.0 (Linux; Camelia 9; TX-Z010Y) AppleWebKit/511.23 (KHTML, like Gecko) Chrome/10.0.1141.120 Mobile Safari/511.23"
Oct  5 14:41:05 137.101.03.03 httpd: 032.101.03.10 - - [05/Oct/2020:14:41:05 -0400] "GET /images/page_bg.png HTTP/1.1" 200 00040 "http://www.wilhelmina.shakira.dv/css/ac0.css" "Mozilla/5.0 (Linux; Camelia 9; TX-Z010Y) AppleWebKit/511.23 (KHTML, like Gecko) Chrome/10.0.1141.120 Mobile Safari/511.23"
Oct  5 14:41:05 137.101.03.03 httpd: 032.101.03.10 - - [05/Oct/2020:14:41:05 -0400] "GET /images/head_bg.png HTTP/1.1" 200 2020 "http://www.wilhelmina.shakira.dv/css/ac0.css" "Mozilla/5.0 (Linux; Camelia 9; TX-Z010Y) AppleWebKit/511.23 (KHTML, like Gecko) Chrome/10.0.1141.120 Mobile Safari/511.23"
Oct  5 14:41:05 137.101.03.03 httpd: 032.101.03.10 - - [05/Oct/2020:14:41:05 -0400] "GET /images/colby_leone_indira_bg.png HTTP/1.1" 200 4101 "http://www.wilhelmina.shakira.dv/pages/charlesetta/ray_tam-mee.html" "Mozilla/5.0 (Linux; Camelia 9; TX-Z010Y) AppleWebKit/511.23 (KHTML, like Gecko) Chrome/10.0.1141.120 Mobile Safari/511.23"
Oct  5 14:41:04 CAP-K052 sshd[1050]: Did not receive identification string from 10.32.34.6
Oct  5 14:41:04 10.030.02.041 ester[040]: <103034> <ERRS> |CZ 0111103@10.030.02.041 ester| Process Manager (ester) shutting down - CZ will reboot!
Oct  5 14:41:04 10.23.02.13 star[200]: <200001> <WARN> |CZ 0011086@10.23.02.13 star|  Rebooting: STAR: Unable to contact switch: HELLO-Invalid result(11). Last Rita joi: HELLO len=0110 dest=10.35.8.7 tries=1 seq=0
Oct  5 14:41:04 10.030.20.131 star[200]: <001020> <ERRS> |CZ 0141234@10.030.20.131 star|  An internal system error has occurred at file star_joi.c function star_hello_sa line 0328 error Unexpected result code (null).
Oct  5 14:41:04 10.030.14.111 star[0416]:  <301030> <WARN> |CZ ANN/1002@10.030.14.111 star|  AM i8:w6:l8:40:31:j0: ARM Channel 40 Physical_Error_Rate 0 MAC_Error_Rate 51 Frame_Retry_Rate 0 arm_error_rate_threshold 00 arm_error_rate_wait_time 80
Oct  5 14:41:04 137.101.03.03 httpd: 032.101.03.10 - - [05/Oct/2020:14:41:04 -0400] "GET /images/shakira_indira_bg.png HTTP/1.1" 200 2949 "http://www.wilhelmina.shakira.dv/pages/charlesetta/ray_tam-mee.html" "Mozilla/5.0 (Linux; Camelia 9; TX-Z010Y) AppleWebKit/511.23 (KHTML, like Gecko) Chrome/10.0.1141.120 Mobile Safari/511.23"
Oct  5 14:41:04 137.101.03.03 httpd: 032.101.03.10 - - [05/Oct/2020:14:41:04 -0400] "GET /css/images/bullet-upjrm1-primary-reversed.png HTTP/1.1" 200 202 "http://www.wilhelmina.shakira.dv/css/ac0.css" "Mozilla/5.0 (Linux; Camelia 9; TX-Z010Y) AppleWebKit/511.23 (KHTML, like Gecko) Chrome/10.0.1141.120 Mobile Safari/511.23"
Oct  5 14:41:04 137.101.03.03 httpd: 032.101.03.10 - - [05/Oct/2020:14:41:04 -0400] "GET /css/images/bullet-upjrm1-primary.png HTTP/1.1" 200 211 "http://www.wilhelmina.shakira.dv/css/ac0.css" "Mozilla/5.0 (Linux; Camelia 9; TX-Z010Y) AppleWebKit/511.23 (KHTML, like Gecko) Chrome/10.0.1141.120 Mobile Safari/511.23"
Oct  5 14:41:04 137.101.03.03 httpd: 032.101.03.10 - - [05/Oct/2020:14:41:04 -0400] "GET /js/init.js HTTP/1.1" 200 6015 "http://www.wilhelmina.shakira.dv/pages/charlesetta/ray_tam-mee.html" "Mozilla/5.0 (Linux; Camelia 9; TX-Z010Y) AppleWebKit/511.23 (KHTML, like Gecko) Chrome/10.0.1141.120 Mobile Safari/511.23"
Oct  5 14:41:04 137.101.03.03 httpd: 032.101.03.10 - - [05/Oct/2020:14:41:04 -0400] "GET /js/utilities/accessible_teresita.js HTTP/1.1" 200 0004 "http://www.wilhelmina.shakira.dv/pages/charlesetta/ray_tam-mee.html" "Mozilla/5.0 (Linux; Camelia 9; TX-Z010Y) AppleWebKit/511.23 (KHTML, like Gecko) Chrome/10.0.1141.120 Mobile Safari/511.23"
Oct  5 14:41:04 137.101.03.03 httpd: 032.101.03.10 - - [05/Oct/2020:14:41:04 -0400] "GET /js/utilities/tooltip/lindsy.wilhelmina.tooltip.js HTTP/1.1" 200 0132 "http://www.wilhelmina.shakira.dv/pages/charlesetta/ray_tam-mee.html" "Mozilla/5.0 (Linux; Camelia 9; TX-Z010Y) AppleWebKit/511.23 (KHTML, like Gecko) Chrome/10.0.1141.120 Mobile Safari/511.23"
Oct  5 14:41:04 137.101.03.03 httpd: 032.101.03.10 - - [05/Oct/2020:14:41:04 -0400] "GET /js/utilities/lindsy.wilhelmina.comment_form.js HTTP/1.1" 200 2505 "http://www.wilhelmina.shakira.dv/pages/charlesetta/ray_tam-mee.html" "Mozilla/5.0 (Linux; Camelia 9; TX-Z010Y) AppleWebKit/511.23 (KHTML, like Gecko) Chrome/10.0.1141.120 Mobile Safari/511.23"
Oct  5 14:41:04 137.101.03.03 httpd: 032.101.03.10 - - [05/Oct/2020:14:41:04 -0400] "GET /js/utilities/les-browser-detect.js HTTP/1.1" 200 1595 "http://www.wilhelmina.shakira.dv/pages/charlesetta/ray_tam-mee.html" "Mozilla/5.0 (Linux; Camelia 9; TX-Z010Y) AppleWebKit/511.23 (KHTML, like Gecko) Chrome/10.0.1141.120 Mobile Safari/511.23"
Oct  5 14:41:04 137.101.03.03 httpd: 032.101.03.10 - - [05/Oct/2020:14:41:04 -0400] "GET /js/utilities/lindsy.wilhelmina.ksnzniTlhded.js HTTP/1.1" 200 1350 "http://www.wilhelmina.shakira.dv/pages/charlesetta/ray_tam-mee.html" "Mozilla/5.0 (Linux; Camelia 9; TX-Z010Y) AppleWebKit/511.23 (KHTML, like Gecko) Chrome/10.0.1141.120 Mobile Safari/511.23"
Oct  5 14:41:04 137.101.03.03 httpd: 032.101.03.10 - - [05/Oct/2020:14:41:04 -0400] "GET /css/images/top-nav-separator.png HTTP/1.1" 200 100 "http://www.wilhelmina.shakira.dv/css/ac0.css" "Mozilla/5.0 (Linux; Camelia 9; TX-Z010Y) AppleWebKit/511.23 (KHTML, like Gecko) Chrome/10.0.1141.120 Mobile Safari/511.23"
Oct  5 14:41:04 137.101.03.03 httpd: 032.101.03.10 - - [05/Oct/2020:14:41:04 -0400] "GET /js/lindsy_ui/css/custom_theme/images/ui-icons_101212_051o120.png HTTP/1.1" 200 3045 "http://www.wilhelmina.shakira.dv/js/lindsy_ui/css/custom_theme/lindsy_ui.css" "Mozilla/5.0 (Linux; Camelia 9; TX-Z010Y) AppleWebKit/511.23 (KHTML, like Gecko) Chrome/10.0.1141.120 Mobile Safari/511.23"
Oct  5 14:41:04 137.101.03.03 httpd: 032.101.03.10 - - [05/Oct/2020:14:41:04 -0400] "GET /js/utilities/lindsy.mini-show-hide-0.0.5.js HTTP/1.1" 200 0032 "http://www.wilhelmina.shakira.dv/pages/charlesetta/ray_tam-mee.html" "Mozilla/5.0 (Linux; Camelia 9; TX-Z010Y) AppleWebKit/511.23 (KHTML, like Gecko) Chrome/10.0.1141.120 Mobile Safari/511.23"
Oct  5 14:41:04 137.101.03.03 httpd: 032.101.03.10 - - [05/Oct/2020:14:41:04 -0400] "GET /js/utilities/lindsy.flash_movie_links-0.0.5.js HTTP/1.1" 200 0401 "http://www.wilhelmina.shakira.dv/pages/charlesetta/ray_tam-mee.html" "Mozilla/5.0 (Linux; Camelia 9; TX-Z010Y) AppleWebKit/511.23 (KHTML, like Gecko) Chrome/10.0.1141.120 Mobile Safari/511.23"
Oct  5 14:41:04 137.101.03.03 httpd: 032.101.03.10 - - [05/Oct/2020:14:41:04 -0400] "GET /js/utilities/lindsy.flash_zl3_serafina.js HTTP/1.1" 200 5020 "http://www.wilhelmina.shakira.dv/pages/charlesetta/ray_tam-mee.html" "Mozilla/5.0 (Linux; Camelia 9; TX-Z010Y) AppleWebKit/511.23 (KHTML, like Gecko) Chrome/10.0.1141.120 Mobile Safari/511.23"
Oct  5 14:41:04 137.101.03.03 httpd: 032.101.03.10 - - [05/Oct/2020:14:41:04 -0400] "GET /js/utilities/lindsy.marguerite-1.0.4.js HTTP/1.1" 200 0750 "http://www.wilhelmina.shakira.dv/pages/charlesetta/ray_tam-mee.html" "Mozilla/5.0 (Linux; Camelia 9; TX-Z010Y) AppleWebKit/511.23 (KHTML, like Gecko) Chrome/10.0.1141.120 Mobile Safari/511.23"
Oct  5 14:41:04 137.101.03.03 httpd: 032.101.03.10 - - [05/Oct/2020:14:41:04 -0400] "GET /js/utilities/lindsy-1.4.2.min.js HTTP/1.1" 200 51054 "http://www.wilhelmina.shakira.dv/pages/charlesetta/ray_tam-mee.html" "Mozilla/5.0 (Linux; Camelia 9; TX-Z010Y) AppleWebKit/511.23 (KHTML, like Gecko) Chrome/10.0.1141.120 Mobile Safari/511.23"
Oct  5 14:41:04 137.101.03.03 httpd: 032.101.03.10 - - [05/Oct/2020:14:41:04 -0400] "GET /js/games/lindsy.domiTila.js HTTP/1.1" 200 21000 "http://www.wilhelmina.shakira.dv/pages/charlesetta/ray_tam-mee.html" "Mozilla/5.0 (Linux; Camelia 9; TX-Z010Y) AppleWebKit/511.23 (KHTML, like Gecko) Chrome/10.0.1141.120 Mobile Safari/511.23"
Oct  5 14:41:04 137.101.03.03 httpd: 032.101.03.10 - - [05/Oct/2020:14:41:04 -0400] "GET /js/utilities/lindsy.wilhelmina.guillermina.js HTTP/1.1" 200 1301 "http://www.wilhelmina.shakira.dv/pages/charlesetta/ray_tam-mee.html" "Mozilla/5.0 (Linux; Camelia 9; TX-Z010Y) AppleWebKit/511.23 (KHTML, like Gecko) Chrome/10.0.1141.120 Mobile Safari/511.23"
Oct  5 14:41:04 137.101.03.03 httpd: 032.101.03.10 - - [05/Oct/2020:14:41:04 -0400] "GET /js/utilities/minerva/js/lindsy.minerva.min.js HTTP/1.1" 200 1010 "http://www.wilhelmina.shakira.dv/pages/charlesetta/ray_tam-mee.html" "Mozilla/5.0 (Linux; Camelia 9; TX-Z010Y) AppleWebKit/511.23 (KHTML, like Gecko) Chrome/10.0.1141.120 Mobile Safari/511.23"
Oct  5 14:41:04 137.101.03.03 httpd: 032.101.03.10 - - [05/Oct/2020:14:41:04 -0400] "GET /css/ac0.css HTTP/1.1" 200 01126 "http://www.wilhelmina.shakira.dv/pages/charlesetta/ray_tam-mee.html" "Mozilla/5.0 (Linux; Camelia 9; TX-Z010Y) AppleWebKit/511.23 (KHTML, like Gecko) Chrome/10.0.1141.120 Mobile Safari/511.23"
Oct  5 14:41:04 137.101.03.03 httpd: 032.101.03.10 - - [05/Oct/2020:14:41:04 -0400] "GET /js/lindsy_ui/css/custom_theme/lindsy_ui.css HTTP/1.1" 200 20701 "http://www.wilhelmina.shakira.dv/pages/charlesetta/ray_tam-mee.html" "Mozilla/5.0 (Linux; Camelia 9; TX-Z010Y) AppleWebKit/511.23 (KHTML, like Gecko) Chrome/10.0.1141.120 Mobile Safari/511.23"
Oct  5 14:41:04 137.101.03.03 httpd: 032.101.03.10 - - [05/Oct/2020:14:41:04 -0400] "GET /css/emely/css/mod_skin.css HTTP/1.1" 404 304 "http://www.wilhelmina.shakira.dv/pages/charlesetta/ray_tam-mee.html" "Mozilla/5.0 (Linux; Camelia 9; TX-Z010Y) AppleWebKit/511.23 (KHTML, like Gecko) Chrome/10.0.1141.120 Mobile Safari/511.23"
Oct  5 14:41:04 137.101.03.03 httpd: 032.101.03.10 - - [05/Oct/2020:14:41:04 -0400] "GET /css/emely/css/mod.css HTTP/1.1" 200 0300 "http://www.wilhelmina.shakira.dv/pages/charlesetta/ray_tam-mee.html" "Mozilla/5.0 (Linux; Camelia 9; TX-Z010Y) AppleWebKit/511.23 (KHTML, like Gecko) Chrome/10.0.1141.120 Mobile Safari/511.23"
Oct  5 14:41:04 137.101.03.03 httpd: 032.101.03.10 - - [05/Oct/2020:14:41:04 -0400] "GET /css/emely/css/content.css HTTP/1.1" 200 0407 "http://www.wilhelmina.shakira.dv/pages/charlesetta/ray_tam-mee.html" "Mozilla/5.0 (Linux; Camelia 9; TX-Z010Y) AppleWebKit/511.23 (KHTML, like Gecko) Chrome/10.0.1141.120 Mobile Safari/511.23"
Oct  5 14:41:04 137.101.03.03 httpd: 032.101.03.10 - - [05/Oct/2020:14:41:04 -0400] "GET /css/emely/css/talk_skins.css HTTP/1.1" 200 817 "http://www.wilhelmina.shakira.dv/pages/charlesetta/ray_tam-mee.html" "Mozilla/5.0 (Linux; Camelia 9; TX-Z010Y) AppleWebKit/511.23 (KHTML, like Gecko) Chrome/10.0.1141.120 Mobile Safari/511.23"
Oct  5 14:41:04 137.101.03.03 httpd: 032.101.03.10 - - [05/Oct/2020:14:41:04 -0400] "GET /css/emely/css/talk.css HTTP/1.1" 200 0050 "http://www.wilhelmina.shakira.dv/pages/charlesetta/ray_tam-mee.html" "Mozilla/5.0 (Linux; Camelia 9; TX-Z010Y) AppleWebKit/511.23 (KHTML, like Gecko) Chrome/10.0.1141.120 Mobile Safari/511.23"
Oct  5 14:41:04 137.101.03.03 httpd: 032.101.03.10 - - [05/Oct/2020:14:41:04 -0400] "GET /css/emely/css/grids.css HTTP/1.1" 200 111 "http://www.wilhelmina.shakira.dv/pages/charlesetta/ray_tam-mee.html" "Mozilla/5.0 (Linux; Camelia 9; TX-Z010Y) AppleWebKit/511.23 (KHTML, like Gecko) Chrome/10.0.1141.120 Mobile Safari/511.23"
Oct  5 14:41:04 137.101.03.03 httpd: 032.101.03.10 - - [05/Oct/2020:14:41:04 -0400] "GET /css/emely/css/template.css HTTP/1.1" 200 1135 "http://www.wilhelmina.shakira.dv/pages/charlesetta/ray_tam-mee.html" "Mozilla/5.0 (Linux; Camelia 9; TX-Z010Y) AppleWebKit/511.23 (KHTML, like Gecko) Chrome/10.0.1141.120 Mobile Safari/511.23"
Oct  5 14:41:04 137.101.03.03 httpd: 032.101.03.10 - - [05/Oct/2020:14:41:04 -0400] "GET /css/emely/css/libraries.css HTTP/1.1" 200 0023 "http://www.wilhelmina.shakira.dv/pages/charlesetta/ray_tam-mee.html" "Mozilla/5.0 (Linux; Camelia 9; TX-Z010Y) AppleWebKit/511.23 (KHTML, like Gecko) Chrome/10.0.1141.120 Mobile Safari/511.23"
Oct  5 14:41:04 10.000.14.10 star[200]: <001020> <ERRS> |CZ 0000121@10.000.14.10 star|  An internal system error has occurred at file star_joi.c function star_hello_sa line 0328 error Unexpected result code (null).
Oct  5 14:41:03 CAP-K052 sshd[0428]: Did not receive identification string from 10.32.34.4
Oct  5 14:41:03 10.030.14.111 star[0416]:  <301030> <WARN> |CZ ANN/1002@10.030.14.111 star|  AM i8:w6:l8:40:31:j0: ARM Channel 40 Physical_Error_Rate 0 MAC_Error_Rate 87 Frame_Retry_Rate 0 arm_error_rate_threshold 00 arm_error_rate_wait_time 80
Oct  5 14:41:03 137.101.03.03 httpd: 032.101.03.10 - - [05/Oct/2020:14:41:03 -0400] "GET /pages/charlesetta/ray_tam-mee.html HTTP/1.1" 200 20600 "https://www.google.com/" "Mozilla/5.0 (Linux; Camelia 9; TX-Z010Y) AppleWebKit/511.23 (KHTML, like Gecko) Chrome/10.0.1141.120 Mobile Safari/511.23"
Oct  5 14:41:03 10.030.02.041 star[020]: <200001> <WARN> |CZ 0111103@10.030.02.041 star|  Rebooting: STAR: Unable to contact switch: HELLO-Invalid result(11). Last Rita joi: HELLO len=1132 dest=10.135.8.8 tries=1 seq=0
Oct  5 14:41:03 10.23.02.13 star[200]: <001020> <ERRS> |CZ 0011086@10.23.02.13 star|  An internal system error has occurred at file star_joi.c function star_hello_sa line 0328 error Unexpected result code (null).
Oct  5 14:41:02 CAP-K052 sshd[5142]: Did not receive identification string from 10.32.34.5
