Oct  5 14:41:02 10.030.02.041 star[020]: <001020> <ERRS> |CZ 0111103@10.030.02.041 star|  An internal system error has occurred at file star_joi.c function star_hello_sa line 0328 error Unexpected result code (null).
Oct  5 14:41:02 10.23.11.100 ester[040]: <103034> <ERRS> |CZ 00:0m:0x:u3:0m:a2@10.23.11.100 ester| Process Manager (ester) shutting down - CZ will reboot!
Oct  5 14:41:02 10.030.14.111 star[0416]:  <301030> <WARN> |CZ ANN/1002@10.030.14.111 star|  AM i8:w6:l8:40:31:j0: ARM Channel 40 Physical_Error_Rate 0 MAC_Error_Rate 72 Frame_Retry_Rate 0 arm_error_rate_threshold 00 arm_error_rate_wait_time 80
Oct  5 14:41:01 CAP-K052 sshd[5010]: Did not receive identification string from 10.32.34.4
Oct  5 14:41:01 10.23.11.100 star[480]: <200001> <WARN> |CZ 00:0m:0x:u3:0m:a2@10.23.11.100 star|  Rebooting: STAR: Unable to contact switch: HELLO-Invalid result(11). Last Rita joi: HELLO len=0001 dest=10.35.8.7 tries=1 seq=0
Oct  5 14:41:01 10.030.14.111 star[0416]:  <301030> <WARN> |CZ ANN/1002@10.030.14.111 star|  AM i8:w6:l8:40:31:j0: ARM Channel 40 Physical_Error_Rate 0 MAC_Error_Rate 87 Frame_Retry_Rate 0 arm_error_rate_threshold 00 arm_error_rate_wait_time 80
Oct  5 14:41:01 137.101.03.03 httpd: 032.101.03.10 - - [05/Oct/2020:14:41:01 -0400] "GET /images/madelene.png HTTP/1.1" 304 - "-" "Mozilla/4.0 (compatible; ZENA 7.0; Windows NT 6.2; TPZ21; Roxanna/7.0; .KVL0.0G; .KVL0.0X; .NET SUE 2.0.40622; .NET SUE 3.0.30300; .NET SUE 3.5.30300; Ermelinda Outlook 03.0.4112; in-office; YUTuaevp 03)"
Oct  5 14:41:01 137.101.03.03 httpd: 032.101.03.10 - - [05/Oct/2020:14:41:01 -0400] "GET /images/rob.png HTTP/1.1" 304 - "-" "Mozilla/4.0 (compatible; ZENA 7.0; Windows NT 6.2; TPZ21; Roxanna/7.0; .KVL0.0G; .KVL0.0X; .NET SUE 2.0.40622; .NET SUE 3.0.30300; .NET SUE 3.5.30300; Ermelinda Outlook 03.0.4112; in-office; YUTuaevp 03)"
Oct  5 14:41:01 137.101.03.03 httpd: 032.101.03.10 - - [05/Oct/2020:14:41:01 -0400] "GET /gary/tomas/international/page/004/?s%2P%2Bhcrj-kate%2Fei%2P%2Bhcrj-kate%2Fei%2P%2Bhcrj-kate%2Fei%2P%2Bhcrj-kate%2Fei%2P%2Bhcrj-kate%2Fei%2P%2Bhcrj-kate%2Fei%2P%2Bhcrj-kate%2Fei%2P%2Bhcrj-kate%1Jyx%2P%2Bhcrj-kate%2Fei%2P%2Bhcrj-kate%2Fei%2P%2Bhcrj-kate%2Fei%2P%2Bhcrj-kate%1Jyx%2P%2Bhcrj-kate%1Jyx%2P%2Bhcrj-kate%1Jyx%2P HTTP/1.1" 500 047 "-" "Mozilla/5.0 (compatible; TvzxinaWqu/6~bl; +http://www.whitley.com/pat.html)"
Oct  5 14:41:01 137.101.6.60 httpd: 032.101.03.10 - - [05/Oct/2020:14:41:04 -0400] "POST /OjcUmumTdh/web/sistuXvKhfcsp.oma HTTP/1.1" 404 010 "-" "KAYCE HTTP/1.1"
Oct  5 14:41:01 10.030.20.131 ester[440]: <201022> <WARN> |CZ 0141234@10.030.20.131 ester|  Reboot Reason: CZ rebooted Fri Dec 31 16:00:38 PST 1999; STAR: Unable to contact switch: HELLO-Invalid result(11). Last Rita joi: HELLO len=1100 dest=10.1.8.9 tries=1 seq=0
Oct  5 14:41:00 10.030.14.111 star[0416]:  <301030> <WARN> |CZ ANN/1002@10.030.14.111 star|  AM i8:w6:l8:40:31:j0: ARM Channel 40 Physical_Error_Rate 0 MAC_Error_Rate 40 Frame_Retry_Rate 0 arm_error_rate_threshold 00 arm_error_rate_wait_time 80
Oct  5 14:41:00 137.101.03.22 sshd[00215]: Failed password for vincenzo from 10.2.132.111 port 20131 puf2
Oct  5 14:41:00 10.23.11.100 star[480]: <001020> <ERRS> |CZ 00:0m:0x:u3:0m:a2@10.23.11.100 star|  An internal system error has occurred at file star_joi.c function star_hello_sa line 0328 error Unexpected result code (null).
Oct  5 14:41:00 10.000.14.10 ester[310]: <201022> <WARN> |CZ 0000121@10.000.14.10 ester|  Reboot Reason: CZ rebooted Fri Dec 31 16:00:38 PST 1999; STAR: Unable to contact switch: HELLO-Invalid result(11). Last Rita joi: HELLO len=0030 dest=10.135.8.8 tries=1 seq=0
Oct  5 14:41:00 10.23.02.13 ester[440]: <201022> <WARN> |CZ 0011086@10.23.02.13 ester|  Reboot Reason: CZ rebooted Fri Dec 31 16:00:38 PST 1999; STAR: Unable to contact switch: HELLO-Invalid result(11). Last Rita joi: HELLO len=0110 dest=10.35.8.7 tries=1 seq=0
Oct  5 14:40:59 CAP-K052 sshd[1013]: Did not receive identification string from 10.32.34.6
Oct  5 14:40:59 10.030.14.111 star[0416]:  <301030> <WARN> |CZ ANN/1002@10.030.14.111 star|  AM i8:w6:l8:40:31:j0: ARM Channel 40 Physical_Error_Rate 0 MAC_Error_Rate 80 Frame_Retry_Rate 0 arm_error_rate_threshold 00 arm_error_rate_wait_time 80
Oct  5 14:40:59 137.101.03.03 httpd: 032.101.03.10 - - [05/Oct/2020:14:40:59 -0400] "GET /gary/ted/.horde/adrianna/000425_001301020631_lavonia.pdf HTTP/1.1" 200 600512 "-" "Mackenzie/2.1 (+http://www.google.com/pat.html)"
Oct  5 14:40:59 10.030.02.041 ester[040]: <201022> <WARN> |CZ 0111103@10.030.02.041 ester|  Reboot Reason: CZ rebooted Fri Dec 31 16:00:37 PST 1999; STAR: Unable to contact switch: HELLO-Invalid result(11). Last Rita joi: HELLO len=1132 dest=10.135.8.8 tries=1 seq=0
Oct  5 14:40:58 CAP-K052 sshd[2411]: Did not receive identification string from 10.32.34.4
Oct  5 14:40:58 137.101.03.22 sshd[00215]: pam_unix(sshd:auth): authentication failure; logname= uid=0 euid=0 tty=mac ruser= rhost=10.2.132.111  user=vincenzo
Oct  5 14:40:58 10.35.10.000 ester[040]: <103034> <ERRS> |CZ 0060337@10.35.10.000 ester| Process Manager (ester) shutting down - CZ will reboot!
Oct  5 14:40:57 CAP-K052 sshd[4200]: Did not receive identification string from 10.32.34.5
Oct  5 14:40:57 10.030.14.111 star[0416]:  <301030> <WARN> |CZ ANN/1002@10.030.14.111 star|  AM i8:w6:l8:40:31:j0: ARM Channel 40 Physical_Error_Rate 0 MAC_Error_Rate 61 Frame_Retry_Rate 0 arm_error_rate_threshold 00 arm_error_rate_wait_time 80
Oct  5 14:40:57 10.35.10.000 star[641]: <200001> <WARN> |CZ 0060337@10.35.10.000 star|  Rebooting: STAR: Unable to contact switch: HELLO-Invalid result(11). Last Rita joi: HELLO len=1010 dest=10.35.8.7 tries=1 seq=0
Oct  5 14:40:56 CAP-K052 sshd[3202]: Did not receive identification string from 10.32.34.4
Oct  5 14:40:56 10.35.05.01 ester[440]: <103034> <ERRS> |CZ 0042005@10.35.05.01 ester| Process Manager (ester) shutting down - CZ will reboot!
Oct  5 14:40:56 10.35.05.01 star[200]: <200001> <WARN> |CZ 0042005@10.35.05.01 star|  Rebooting: STAR: Unable to contact switch: HELLO-Invalid result(11). Last Rita joi: HELLO len=0005 dest=10.35.8.7 tries=1 seq=0
Oct  5 14:40:56 10.135.05.80 ester[440]: <103034> <ERRS> |CZ 0120022@10.135.05.80 ester| Process Manager (ester) shutting down - CZ will reboot!
Oct  5 14:40:56 10.030.14.111 star[0416]:  <301030> <WARN> |CZ ANN/1002@10.030.14.111 star|  AM i8:w6:l8:40:31:j0: ARM Channel 40 Physical_Error_Rate 0 MAC_Error_Rate 80 Frame_Retry_Rate 0 arm_error_rate_threshold 00 arm_error_rate_wait_time 80
Oct  5 14:40:56 10.23.11.100 ester[040]: <201022> <WARN> |CZ 00:0m:0x:u3:0m:a2@10.23.11.100 ester|  Reboot Reason: CZ rebooted Fri Dec 31 16:00:37 PST 1999; STAR: Unable to contact switch: HELLO-Invalid result(11). Last Rita joi: HELLO len=0001 dest=10.35.8.7 tries=1 seq=0
Oct  5 14:40:56 137.101.03.22 httpd: 032.101.03.10 - - [05/Oct/2020:14:40:56 -0400] "GET /IRChrktmw/editor/szxixrjdmfr/upload/php/upload.php HTTP/1.1" 404 033188 "-" "Mozilla/5.0 (Windows NT 6.3; Jkh33; i32) AppleWebKit/511.23 (KHTML, like Gecko) Chrome/50.0.3000.100 Safari/511.23"
Oct  5 14:40:56 10.35.10.000 star[641]: <001020> <ERRS> |CZ 0060337@10.35.10.000 star|  An internal system error has occurred at file star_joi.c function star_hello_sa line 0328 error Unexpected result code (null).
Oct  5 14:40:55 10.135.05.80 star[005]: <200001> <WARN> |CZ 0120022@10.135.05.80 star|  Rebooting: STAR: Unable to contact switch: HELLO-Invalid result(11). Last Rita joi: HELLO len=1051 dest=10.135.8.8 tries=1 seq=0
Oct  5 14:40:55 10.030.14.111 star[0416]:  <301030> <WARN> |CZ ANN/1002@10.030.14.111 star|  AM i8:w6:l8:40:31:j0: ARM Channel 40 Physical_Error_Rate 0 MAC_Error_Rate 87 Frame_Retry_Rate 0 arm_error_rate_threshold 00 arm_error_rate_wait_time 80
Oct  5 14:40:55 10.35.05.01 star[200]: <001020> <ERRS> |CZ 0042005@10.35.05.01 star|  An internal system error has occurred at file star_joi.c function star_hello_sa line 0328 error Unexpected result code (null).
Oct  5 14:40:54 CAP-K052 sshd[3030]: Did not receive identification string from 10.32.34.6
Oct  5 14:40:54 10.135.05.80 star[005]: <001020> <ERRS> |CZ 0120022@10.135.05.80 star|  An internal system error has occurred at file star_joi.c function star_hello_sa line 0328 error Unexpected result code (null).
Oct  5 14:40:54 10.030.14.111 star[0416]:  <301030> <WARN> |CZ ANN/1002@10.030.14.111 star|  AM i8:w6:l8:40:31:j0: ARM Channel 40 Physical_Error_Rate 0 MAC_Error_Rate 72 Frame_Retry_Rate 0 arm_error_rate_threshold 00 arm_error_rate_wait_time 80
Oct  5 14:40:53 CAP-K052 sshd[0173]: Did not receive identification string from 10.32.34.4
Oct  5 14:40:53 10.030.14.111 star[0416]:  <301030> <WARN> |CZ ANN/1002@10.030.14.111 star|  AM i8:w6:l8:40:31:j0: ARM Channel 40 Physical_Error_Rate 0 MAC_Error_Rate 11 Frame_Retry_Rate 0 arm_error_rate_threshold 00 arm_error_rate_wait_time 80
Oct  5 14:40:53 137.101.6.60 httpd: 032.101.03.10 - - [05/Oct/2020:14:40:55 -0400] "GET /nam-gay/branded_email/img/office-of-the-president/snap-shot/INST_FOOTER_BRAND_EMAIL.jpg HTTP/1.1" 200 01320 "-" "Mozilla/5.0 (compatible; ZENA 10.0; Windows NT 6.2; TPZ21; Roxanna/6.0)"
Oct  5 14:40:52 CAP-K052 sshd[4177]: Did not receive identification string from 10.32.34.5
Oct  5 14:40:52 10.030.14.111 star[0416]:  <301030> <WARN> |CZ ANN/1002@10.030.14.111 star|  AM i8:w6:l8:40:31:j0: ARM Channel 40 Physical_Error_Rate 0 MAC_Error_Rate 63 Frame_Retry_Rate 0 arm_error_rate_threshold 00 arm_error_rate_wait_time 80
Oct  5 14:40:52 137.101.03.03 httpd: 032.101.03.10 - - [05/Oct/2020:14:40:52 -0400] "GET /gary/tomas/international/page/20/?s%2P%2Bhcrj-kate%1Jyx%2P%2Bhcrj-kate%2Fei%2P%2Bhcrj-kate%1Jyx%2P%2Bhcrj-kate%2Fei%2P%2Bhcrj-kate%1Jyx%2P%2Bhcrj-kate%2Fei%2P%2Bhcrj-kate%2Fei%2P%2Bhcrj-kate%2Fei%2P%2Bhcrj-kate%1Jyx%2P%2Bhcrj-kate%2Fei%2P HTTP/1.1" 500 047 "-" "Mozilla/5.0 (compatible; TvzxinaWqu/6~bl; +http://www.whitley.com/pat.html)"
Oct  5 14:40:52 137.101.03.03 httpd: 032.101.8.30 - - [05/Oct/2020:14:40:52 -0400] "GET /lynda/christine//VA/UPR0e/LAI1q11-4-1.html HTTP/1.0" 200 12222 "-" "Mackenzie/2.1 (+http://www.google.com/pat.html)"
Oct  5 14:40:52 10.35.10.000 ester[040]: <201022> <WARN> |CZ 0060337@10.35.10.000 ester|  Reboot Reason: CZ rebooted Fri Dec 31 16:00:36 PST 1999; STAR: Unable to contact switch: HELLO-Invalid result(11). Last Rita joi: HELLO len=1010 dest=10.35.8.7 tries=1 seq=0
Oct  5 14:40:51 CAP-K052 sshd[5265]: Did not receive identification string from 10.32.34.4
Oct  5 14:40:51 10.35.05.01 ester[440]: <201022> <WARN> |CZ 0042005@10.35.05.01 ester|  Reboot Reason: CZ rebooted Fri Dec 31 16:00:37 PST 1999; STAR: Unable to contact switch: HELLO-Invalid result(11). Last Rita joi: HELLO len=0005 dest=10.35.8.7 tries=1 seq=0
Oct  5 14:40:50 10.030.14.111 star[0416]:  <301030> <WARN> |CZ ANN/1002@10.030.14.111 star|  AM i8:w6:l8:40:31:j0: ARM Channel 40 Physical_Error_Rate 0 MAC_Error_Rate 11 Frame_Retry_Rate 0 arm_error_rate_threshold 00 arm_error_rate_wait_time 80
Oct  5 14:40:50 10.135.05.80 ester[440]: <201022> <WARN> |CZ 0120022@10.135.05.80 ester|  Reboot Reason: CZ rebooted Fri Dec 31 16:00:38 PST 1999; STAR: Unable to contact switch: HELLO-Invalid result(11). Last Rita joi: HELLO len=1051 dest=10.135.8.8 tries=1 seq=0
Oct  5 14:40:49 CAP-K052 sshd[2010]: Did not receive identification string from 10.32.34.6
Oct  5 14:40:49 10.030.14.111 star[0416]:  <301030> <WARN> |CZ ANN/1002@10.030.14.111 star|  AM i8:w6:l8:40:31:j0: ARM Channel 40 Physical_Error_Rate 0 MAC_Error_Rate 10 Frame_Retry_Rate 0 arm_error_rate_threshold 00 arm_error_rate_wait_time 80
Oct  5 14:40:49 137.101.03.03 httpd: 032.101.03.10 - - [05/Oct/2020:14:40:49 -0400] "GET /pok-ada/doc/Kabhv2012.final_.pdf HTTP/1.1" 404 304 "-" "Mackenzie/2.1 (+http://www.google.com/pat.html)"
Oct  5 14:40:48 CAP-K052 sshd[4360]: Did not receive identification string from 10.32.34.4
Oct  5 14:40:48 137.101.6.60 httpd: 032.101.03.10 - - [05/Oct/2020:14:40:51 -0400] "GET /nam-gay/branded_email/img/0003/INST_FOOTER_BRAND_EMAIL-Original.jpg HTTP/1.1" 304 - "-" "Mozilla/4.0 (compatible; in-office; YUTuaevp 14)"
Oct  5 14:40:48 137.101.6.60 httpd: 032.101.03.10 - - [05/Oct/2020:14:40:51 -0400] "GET /nam-gay/branded_email/img/0003/FbtqcxRk_50j50.png HTTP/1.1" 304 - "-" "Mozilla/4.0 (compatible; in-office; YUTuaevp 14)"
Oct  5 14:40:48 137.101.6.60 httpd: 032.101.03.10 - - [05/Oct/2020:14:40:51 -0400] "GET /nam-gay/branded_email/img/0003/Sebastian_50j50.png HTTP/1.1" 304 - "-" "Mozilla/4.0 (compatible; in-office; YUTuaevp 14)"
Oct  5 14:40:48 137.101.6.60 httpd: 032.101.03.10 - - [05/Oct/2020:14:40:51 -0400] "GET /nam-gay/branded_email/img/0003/Paulette-50j50.png HTTP/1.1" 304 - "-" "Mozilla/4.0 (compatible; in-office; YUTuaevp 14)"
Oct  5 14:40:48 137.101.6.60 httpd: 032.101.03.10 - - [05/Oct/2020:14:40:51 -0400] "GET /nam-gay/branded_email/img/0003/Twitter-50j50.png HTTP/1.1" 304 - "-" "Mozilla/4.0 (compatible; in-office; YUTuaevp 14)"
Oct  5 14:40:48 10.030.14.111 star[0416]:  <301030> <WARN> |CZ ANN/1002@10.030.14.111 star|  AM i8:w6:l8:40:31:j0: ARM Channel 40 Physical_Error_Rate 0 MAC_Error_Rate 03 Frame_Retry_Rate 0 arm_error_rate_threshold 00 arm_error_rate_wait_time 80
Oct  5 14:40:47 CAP-K052 sshd[6214]: Did not receive identification string from 10.32.34.5
Oct  5 14:40:47 10.50.14.005 ester[440]: <103034> <ERRS> |CZ 2101021@10.50.14.005 ester| Process Manager (ester) shutting down - CZ will reboot!
Oct  5 14:40:47 10.50.14.005 star[200]: <200001> <WARN> |CZ 2101021@10.50.14.005 star|  Rebooting: STAR: Unable to contact switch: HELLO-Invalid result(11). Last Rita joi: HELLO len=0011 dest=10.35.8.7 tries=1 seq=0
Oct  5 14:40:47 10.030.14.111 star[0416]:  <301030> <WARN> |CZ ANN/1002@10.030.14.111 star|  AM i8:w6:l8:40:31:j0: ARM Channel 40 Physical_Error_Rate 0 MAC_Error_Rate 51 Frame_Retry_Rate 0 arm_error_rate_threshold 00 arm_error_rate_wait_time 80
Oct  5 14:40:47 137.101.03.03 httpd: 032.101.03.10 - - [05/Oct/2020:14:40:47 -0400] "GET /gary/tomas/international/page/100/?s%2P%2Bhcrj-kate%1Jyx%2P%2Bhcrj-kate%2Fei%2P%2Bhcrj-kate%2Fei%2P%2Bhcrj-kate%1Jyx%2P%2Bhcrj-kate%1Jyx%2P%2Bhcrj-kate%1Jyx%2P%2Bhcrj-kate%2Fei%2P%2Bhcrj-kate%1Jyx%2P HTTP/1.1" 500 047 "-" "Mozilla/5.0 (compatible; TvzxinaWqu/6~bl; +http://www.whitley.com/pat.html)"
Oct  5 14:40:46 CAP-K052 sshd[1312]: Did not receive identification string from 10.32.34.4
Oct  5 14:40:46 137.101.6.60 httpd: 032.101.03.10 - - [05/Oct/2020:14:40:49 -0400] "GET /nam-gay/branded_email/img/0003/Sebastian_50j50.png HTTP/1.1" 304 - "-" "Mozilla/4.0 (compatible; in-office; YUTuaevp 14)"
Oct  5 14:40:46 137.101.6.60 httpd: 032.101.03.10 - - [05/Oct/2020:14:40:49 -0400] "GET /nam-gay/branded_email/img/0003/Twitter-50j50.png HTTP/1.1" 304 - "-" "Mozilla/4.0 (compatible; in-office; YUTuaevp 14)"
Oct  5 14:40:46 137.101.6.60 httpd: 032.101.03.10 - - [05/Oct/2020:14:40:49 -0400] "GET /nam-gay/branded_email/img/0003/INST_FOOTER_BRAND_EMAIL-Original.jpg HTTP/1.1" 304 - "-" "Mozilla/4.0 (compatible; in-office; YUTuaevp 14)"
Oct  5 14:40:46 137.101.6.60 httpd: 032.101.03.10 - - [05/Oct/2020:14:40:49 -0400] "GET /nam-gay/branded_email/img/0003/FbtqcxRk_50j50.png HTTP/1.1" 304 - "-" "Mozilla/4.0 (compatible; in-office; YUTuaevp 14)"
Oct  5 14:40:46 10.030.14.111 star[0416]:  <301030> <WARN> |CZ ANN/1002@10.030.14.111 star|  AM i8:w6:l8:40:31:j0: ARM Channel 40 Physical_Error_Rate 0 MAC_Error_Rate 72 Frame_Retry_Rate 0 arm_error_rate_threshold 00 arm_error_rate_wait_time 80
Oct  5 14:40:46 137.101.6.60 httpd: 032.101.03.10 - - [05/Oct/2020:14:40:49 -0400] "GET /nam-gay/branded_email/img/0003/Paulette-50j50.png HTTP/1.1" 304 - "-" "Mozilla/4.0 (compatible; in-office; YUTuaevp 14)"
Oct  5 14:40:46 10.50.14.005 star[200]: <001020> <ERRS> |CZ 2101021@10.50.14.005 star|  An internal system error has occurred at file star_joi.c function star_hello_sa line 0328 error Unexpected result code (null).
Oct  5 14:40:45 10.030.14.111 star[0416]:  <301030> <WARN> |CZ ANN/1002@10.030.14.111 star|  AM i8:w6:l8:40:31:j0: ARM Channel 40 Physical_Error_Rate 0 MAC_Error_Rate 51 Frame_Retry_Rate 0 arm_error_rate_threshold 00 arm_error_rate_wait_time 80
Oct  5 14:40:44 CAP-K052 sshd[3343]: Did not receive identification string from 10.32.34.6
Oct  5 14:40:44 10.030.14.111 star[0416]:  <301030> <WARN> |CZ ANN/1002@10.030.14.111 star|  AM i8:w6:l8:40:31:j0: ARM Channel 40 Physical_Error_Rate 0 MAC_Error_Rate 46 Frame_Retry_Rate 0 arm_error_rate_threshold 00 arm_error_rate_wait_time 80
Oct  5 14:40:44 10.000.14.80 ester[310]: <103034> <ERRS> |CZ 0403404@10.000.14.80 ester| Process Manager (ester) shutting down - CZ will reboot!
Oct  5 14:40:43 137.101.6.60 httpd: 032.101.03.10 - - [05/Oct/2020:14:40:45 -0400] "GET /nam-gay/branded_email/img/0003/FbtqcxRk_50j50.png HTTP/1.1" 200 0120 "-" "Mozilla/4.0 (compatible; in-office; YUTuaevp 14)"
Oct  5 14:40:43 137.101.6.60 httpd: 032.101.03.10 - - [05/Oct/2020:14:40:45 -0400] "GET /nam-gay/branded_email/img/0003/INST_FOOTER_BRAND_EMAIL-Original.jpg HTTP/1.1" 200 01320 "-" "Mozilla/4.0 (compatible; in-office; YUTuaevp 14)"
Oct  5 14:40:43 137.101.6.60 httpd: 032.101.03.10 - - [05/Oct/2020:14:40:45 -0400] "GET /nam-gay/branded_email/img/0003/cqno110y140.png HTTP/1.1" 200 10201 "-" "Mozilla/4.0 (compatible; in-office; YUTuaevp 14)"
Oct  5 14:40:43 137.101.6.60 httpd: 032.101.03.10 - - [05/Oct/2020:14:40:45 -0400] "GET /nam-gay/branded_email/img/0003/Paulette-50j50.png HTTP/1.1" 200 1231 "-" "Mozilla/4.0 (compatible; in-office; YUTuaevp 14)"
Oct  5 14:40:43 137.101.6.60 httpd: 032.101.03.10 - - [05/Oct/2020:14:40:45 -0400] "GET /nam-gay/branded_email/img/0003/Twitter-50j50.png HTTP/1.1" 200 0701 "-" "Mozilla/4.0 (compatible; in-office; YUTuaevp 14)"
Oct  5 14:40:43 137.101.6.60 httpd: 032.101.03.10 - - [05/Oct/2020:14:40:45 -0400] "GET /nam-gay/branded_email/img/0003/Sebastian_50j50.png HTTP/1.1" 200 1464 "-" "Mozilla/4.0 (compatible; in-office; YUTuaevp 14)"
Oct  5 14:40:43 CAP-K052 sshd[6311]: Did not receive identification string from 10.32.34.4
Oct  5 14:40:43 10.030.14.111 star[0416]:  <301030> <WARN> |CZ ANN/1002@10.030.14.111 star|  AM i8:w6:l8:40:31:j0: ARM Channel 40 Physical_Error_Rate 0 MAC_Error_Rate 80 Frame_Retry_Rate 0 arm_error_rate_threshold 00 arm_error_rate_wait_time 80
Oct  5 14:40:43 10.000.14.80 star[200]: <200001> <WARN> |CZ 0403404@10.000.14.80 star|  Rebooting: STAR: Unable to contact switch: HELLO-Invalid result(11). Last Rita joi: HELLO len=0030 dest=10.135.8.8 tries=1 seq=0
Oct  5 14:40:43 137.101.03.03 httpd: 032.101.8.30 - - [05/Oct/2020:14:40:43 -0400] "GET /academic/info/suzann/1012/calendars/courses/SHA.html HTTP/1.0" 200 33430 "-" "Mozilla/5.0 (compatible; TvzxinaWqu/6~bl; +http://www.whitley.com/pat.html)"
Oct  5 14:40:43 137.101.03.22 httpd: 032.101.03.10 - - [05/Oct/2020:14:40:43 -0400] "GET /fawn/?q=event/1010/00/02/month/ HTTP/1.1" 404 033188 "-" "Mozilla/5.0 (compatible; nanette/2.0; +http://www.bing.com/nanette.htm)"
Oct  5 14:40:43 137.101.03.22 sudo:   temika : TTY=unknown ; PWD=/ ; USER=root ; COMMAND=/etha/benjamin -i -rc 10/02/1020 14:39:00 -sl 10/02/1020 14:40:00 -ui apache -k hildegard-writes -f .php
Oct  5 14:40:42 10.030.14.111 star[0416]:  <301030> <WARN> |CZ ANN/1002@10.030.14.111 star|  AM i8:w6:l8:40:31:j0: ARM Channel 40 Physical_Error_Rate 0 MAC_Error_Rate 40 Frame_Retry_Rate 0 arm_error_rate_threshold 00 arm_error_rate_wait_time 80
Oct  5 14:40:42 10.50.10.26 star[0111]: <124000> <ERRS> |CZ 02111028@10.50.10.26 star| |ids-cz| CZ(e0:n1:22:03:5t:20): Rogue CZ: An CZ classified an access point(WALLY 00:0m:0x:01:04:l1 and RICH charise on CHANNEL 1) as rogue because it matched the MAC (ti:22:w6:4s:q1:00) with IP (10.50.10.1).
Oct  5 14:40:42 10.030.02.120 star[480]: <200001> <WARN> |CZ 0310101@10.030.02.120 star|  Rebooting: STAR: Unable to contact switch: HELLO-Invalid result(11). Last Rita joi: HELLO len=1022 dest=10.135.8.8 tries=1 seq=0
Oct  5 14:40:42 10.000.14.80 star[200]: <001020> <ERRS> |CZ 0403404@10.000.14.80 star|  An internal system error has occurred at file star_joi.c function star_hello_sa line 0328 error Unexpected result code (null).
Oct  5 14:40:42 10.50.14.005 ester[440]: <201022> <WARN> |CZ 2101021@10.50.14.005 ester|  Reboot Reason: CZ rebooted Fri Dec 31 16:00:36 PST 1999; STAR: Unable to contact switch: HELLO-Invalid result(11). Last Rita joi: HELLO len=0011 dest=10.35.8.7 tries=1 seq=0
Oct  5 14:40:42 137.101.03.03 httpd: 032.101.03.10 - - [05/Oct/2020:14:40:42 -0400] "GET /apple-touch-icon-jackqueline.png HTTP/1.1" 404 020 "-" "Mozilla/5.0 (Macintosh; Nikia Mac OS X 10_10_1) AppleWebKit/201.2.4 (KHTML, like Gecko) Version/9.0.1 Safari/201.2.4 scoddwfmzyktpeffrfb/1.1 Janette Clementine/1.0"
Oct  5 14:40:42 137.101.03.03 httpd: 032.101.03.10 - - [05/Oct/2020:14:40:42 -0400] "GET /pages/charlesetta/ray_rw-e-bf.html HTTP/1.1" 200 14040 "-" "Mozilla/5.0 (Macintosh; Nikia Mac OS X 10_10_1) AppleWebKit/201.2.4 (KHTML, like Gecko) Version/9.0.1 Safari/201.2.4 scoddwfmzyktpeffrfb/1.1 Janette Clementine/1.0"
Oct  5 14:40:42 137.101.03.03 httpd: 032.101.03.10 - - [05/Oct/2020:14:40:42 -0400] "GET /apple-touch-icon.png HTTP/1.1" 404 003 "-" "Mozilla/5.0 (Macintosh; Nikia Mac OS X 10_10_1) AppleWebKit/201.2.4 (KHTML, like Gecko) Version/9.0.1 Safari/201.2.4 scoddwfmzyktpeffrfb/1.1 Janette Clementine/1.0"
Oct  5 14:40:42 CAP-K052 sshd[0220]: Did not receive identification string from 10.32.34.5
Oct  5 14:40:42 10.030.02.120 ester[040]: <103034> <ERRS> |CZ 0310101@10.030.02.120 ester| Process Manager (ester) shutting down - CZ will reboot!
Oct  5 14:40:42 137.101.03.03 httpd: 032.101.03.10 - - [05/Oct/2020:14:40:42 -0400] "GET /favicon.ico HTTP/1.1" 404 159 "-" "Mozilla/5.0 (Macintosh; Nikia Mac OS X 10_10_1) AppleWebKit/201.2.4 (KHTML, like Gecko) Version/9.0.1 Safari/201.2.4 scoddwfmzyktpeffrfb/1.1 Janette Clementine/1.0"
Oct  5 14:40:41 CAP-K052 sshd[5313]: Did not receive identification string from 10.32.34.4
Oct  5 14:40:40 10.030.02.120 star[480]: <001020> <ERRS> |CZ 0310101@10.030.02.120 star|  An internal system error has occurred at file star_joi.c function star_hello_sa line 0328 error Unexpected result code (null).
Oct  5 14:40:39 10.030.02.226 ester[040]: <103034> <ERRS> |CZ 0221004@10.030.02.226 ester| Process Manager (ester) shutting down - CZ will reboot!
Oct  5 14:40:39 10.030.14.111 star[0416]:  <301030> <WARN> |CZ ANN/1002@10.030.14.111 star|  AM i8:w6:l8:40:31:j0: ARM Channel 40 Physical_Error_Rate 0 MAC_Error_Rate 11 Frame_Retry_Rate 0 arm_error_rate_threshold 00 arm_error_rate_wait_time 80
Oct  5 14:40:39 CAP-K052 sshd[5310]: Did not receive identification string from 10.32.34.6
Oct  5 14:40:38 10.030.02.226 star[480]: <200001> <WARN> |CZ 0221004@10.030.02.226 star|  Rebooting: STAR: Unable to contact switch: HELLO-Invalid result(11). Last Rita joi: HELLO len=1140 dest=10.135.8.8 tries=1 seq=0
Oct  5 14:40:38 10.030.14.111 star[0416]:  <301030> <WARN> |CZ ANN/1002@10.030.14.111 star|  AM i8:w6:l8:40:31:j0: ARM Channel 40 Physical_Error_Rate 0 MAC_Error_Rate 80 Frame_Retry_Rate 0 arm_error_rate_threshold 00 arm_error_rate_wait_time 80
Oct  5 14:40:38 10.000.14.80 ester[310]: <201022> <WARN> |CZ 0403404@10.000.14.80 ester|  Reboot Reason: CZ rebooted Fri Dec 31 16:00:38 PST 1999; STAR: Unable to contact switch: HELLO-Invalid result(11). Last Rita joi: HELLO len=0030 dest=10.135.8.8 tries=1 seq=0
Oct  5 14:40:38 10.23.11.26 star[1103]: <124000> <ERRS> |CZ 0042077@10.23.11.26 star| |ids-cz| CZ(20:u1:rn:63:87:20): Rogue CZ: An CZ classified an access point(WALLY 00:0m:0x:ks:q1:11 and RICH charise on CHANNEL 1) as rogue because it matched the MAC (ti:22:w6:4s:q1:40) with IP (10.23.11.1).
Oct  5 14:40:38 CAP-K052 sshd[6000]: Did not receive identification string from 10.32.34.4
Oct  5 14:40:37 137.101.03.03 httpd: 032.101.03.10 - - [05/Oct/2020:14:40:37 -0400] "GET /kourtney/en/1015/01/01/rodrick-brown-the-new-testament-an-n-dimensional-hybrid-of-homogeneities/ HTTP/1.1" 404 307 "-" "Mozilla/5.0 (Windows NT 6.1; Roxanna/7.0; zn:10.0) like Gecko"
Oct  5 14:40:37 10.35.10.22 star[3118]: <124000> <ERRS> |CZ 0051201@10.35.10.22 star| |ids-cz| CZ(11:z0:0t:z0:80:g0): Rogue CZ: An CZ classified an access point(WALLY 00:0m:0x:ks:q1:11 and RICH charise on CHANNEL 1) as rogue because it matched the MAC (ti:22:w6:4s:q1:40) with IP (0.0.0.0).
Oct  5 14:40:37 10.030.02.226 star[480]: <001020> <ERRS> |CZ 0221004@10.030.02.226 star|  An internal system error has occurred at file star_joi.c function star_hello_sa line 0328 error Unexpected result code (null).
Oct  5 14:40:37 10.030.02.120 ester[040]: <201022> <WARN> |CZ 0310101@10.030.02.120 ester|  Reboot Reason: CZ rebooted Fri Dec 31 16:00:37 PST 1999; STAR: Unable to contact switch: HELLO-Invalid result(11). Last Rita joi: HELLO len=1022 dest=10.135.8.8 tries=1 seq=0
Oct  5 14:40:37 CAP-W64 su: pam_unix(su-l:session): session closed for user reynaldo
