14.020.20.240 - - [03/Oct/0010:09:29:07 -0400] "GET /sites/all/themes/custom/paulita_wai_assets/common/css/shu_common.css?bx3sgv HTTP/1.0" 200 20010 "https://www.paulita.sv/en/demetrice-results/paz%00qpjjizyieq\Mozilla/5.0 (Macintosh; Ilana Mac OS X 10_03_6) AppleWebKit/205.1.15 (KHTML, like Gecko) Version/12.1.2 Safari/205.1.15"
14.020.20.240 - - [03/Oct/0010:09:29:07 -0400] "GET /sites/all/themes/custom/paulita_wai_assets/events/css/shu_events.css?bx3sgv HTTP/1.0" 200 1210 "https://www.paulita.sv/en/demetrice-results/paz%00qpjjizyieq\Mozilla/5.0 (Macintosh; Ilana Mac OS X 10_03_6) AppleWebKit/205.1.15 (KHTML, like Gecko) Version/12.1.2 Safari/205.1.15"
14.020.20.240 - - [03/Oct/0010:09:29:07 -0400] "GET /sites/all/themes/custom/paulita_wai_assets/forms/css/shu_forms.css?bx3sgv HTTP/1.0" 200 0710 "https://www.paulita.sv/en/demetrice-results/paz%00qpjjizyieq\Mozilla/5.0 (Macintosh; Ilana Mac OS X 10_03_6) AppleWebKit/205.1.15 (KHTML, like Gecko) Version/12.1.2 Safari/205.1.15"
14.020.20.240 - - [03/Oct/0010:09:29:07 -0400] "GET /sites/all/themes/custom/paulita_wai_assets/legacy/css/shu_legacy.css?bx3sgv HTTP/1.0" 200 1320 "https://www.paulita.sv/en/demetrice-results/paz%00qpjjizyieq\Mozilla/5.0 (Macintosh; Ilana Mac OS X 10_03_6) AppleWebKit/205.1.15 (KHTML, like Gecko) Version/12.1.2 Safari/205.1.15"
14.020.20.240 - - [03/Oct/0010:09:29:07 -0400] "GET /sites/all/themes/custom/paulita_wai/penelope_details/css/ba_penelope_details.css?bx3sgv HTTP/1.0" 200 003 "https://www.paulita.sv/en/demetrice-results/paz%00qpjjizyieq\Mozilla/5.0 (Macintosh; Ilana Mac OS X 10_03_6) AppleWebKit/205.1.15 (KHTML, like Gecko) Version/12.1.2 Safari/205.1.15"
14.020.20.240 - - [03/Oct/0010:09:29:07 -0400] "GET /sites/all/themes/custom/paulita_wai_assets/node/css/shu_node.css?bx3sgv HTTP/1.0" 200 202 "https://www.paulita.sv/en/demetrice-results/paz%00qpjjizyieq\Mozilla/5.0 (Macintosh; Ilana Mac OS X 10_03_6) AppleWebKit/205.1.15 (KHTML, like Gecko) Version/12.1.2 Safari/205.1.15"
14.020.20.240 - - [03/Oct/0010:09:29:07 -0400] "GET /sites/all/themes/custom/paulita_wai/css/shirl/ba_shirl.css?bx3sgv HTTP/1.0" 200 040 "https://www.paulita.sv/en/demetrice-results/paz%00qpjjizyieq\Mozilla/5.0 (Macintosh; Ilana Mac OS X 10_03_6) AppleWebKit/205.1.15 (KHTML, like Gecko) Version/12.1.2 Safari/205.1.15"
14.020.20.240 - - [03/Oct/0010:09:29:07 -0400] "GET /sites/all/themes/custom/paulita_wai/css/layout/ba_rosamond.css?bx3sgv HTTP/1.0" 200 1043 "https://www.paulita.sv/en/demetrice-results/paz%00qpjjizyieq\Mozilla/5.0 (Macintosh; Ilana Mac OS X 10_03_6) AppleWebKit/205.1.15 (KHTML, like Gecko) Version/12.1.2 Safari/205.1.15"
14.020.20.240 - - [03/Oct/0010:09:29:07 -0400] "GET /sites/all/themes/custom/paulita_wai/css/page_structure.css?bx3sgv HTTP/1.0" 200 1020 "https://www.paulita.sv/en/demetrice-results/paz%00qpjjizyieq\Mozilla/5.0 (Macintosh; Ilana Mac OS X 10_03_6) AppleWebKit/205.1.15 (KHTML, like Gecko) Version/12.1.2 Safari/205.1.15"
14.020.20.240 - - [03/Oct/0010:09:29:07 -0400] "GET /sites/all/themes/custom/paulita_wai/custom_panels/full_width/paulita_b_full/paulita_b_full.css?bx3sgv HTTP/1.0" 200 120 "https://www.paulita.sv/en/demetrice-results/paz%00qpjjizyieq\Mozilla/5.0 (Macintosh; Ilana Mac OS X 10_03_6) AppleWebKit/205.1.15 (KHTML, like Gecko) Version/12.1.2 Safari/205.1.15"
14.020.20.240 - - [03/Oct/0010:09:29:07 -0400] "GET /sites/all/modules/contrib/panels/css/panels.css?bx3sgv HTTP/1.0" 200 501 "https://www.paulita.sv/en/demetrice-results/paz%00qpjjizyieq\Mozilla/5.0 (Macintosh; Ilana Mac OS X 10_03_6) AppleWebKit/205.1.15 (KHTML, like Gecko) Version/12.1.2 Safari/205.1.15"
14.020.20.240 - - [03/Oct/0010:09:29:07 -0400] "GET /modules/node/node.css?bx3sgv HTTP/1.0" 200 033 "https://www.paulita.sv/en/demetrice-results/paz%00qpjjizyieq\Mozilla/5.0 (Macintosh; Ilana Mac OS X 10_03_6) AppleWebKit/205.1.15 (KHTML, like Gecko) Version/12.1.2 Safari/205.1.15"
14.020.20.240 - - [03/Oct/0010:09:29:07 -0400] "GET /sites/all/modules/contrib/kareen/css/kareen.css?bx3sgv HTTP/1.0" 200 308 "https://www.paulita.sv/en/demetrice-results/paz%00qpjjizyieq\Mozilla/5.0 (Macintosh; Ilana Mac OS X 10_03_6) AppleWebKit/205.1.15 (KHTML, like Gecko) Version/12.1.2 Safari/205.1.15"
14.020.20.240 - - [03/Oct/0010:09:29:07 -0400] "GET /sites/all/modules/contrib/catheryn/css/catheryn.css?bx3sgv HTTP/1.0" 200 411 "https://www.paulita.sv/en/demetrice-results/paz%00qpjjizyieq\Mozilla/5.0 (Macintosh; Ilana Mac OS X 10_03_6) AppleWebKit/205.1.15 (KHTML, like Gecko) Version/12.1.2 Safari/205.1.15"
14.020.20.240 - - [03/Oct/0010:09:29:07 -0400] "GET /sites/all/modules/contrib/date/date_ted/date.css?bx3sgv HTTP/1.0" 200 3733 "https://www.paulita.sv/en/demetrice-results/paz%00qpjjizyieq\Mozilla/5.0 (Macintosh; Ilana Mac OS X 10_03_6) AppleWebKit/205.1.15 (KHTML, like Gecko) Version/12.1.2 Safari/205.1.15"
14.020.20.240 - - [03/Oct/0010:09:29:07 -0400] "GET /sites/all/modules/contrib/date/date_popup/themes/giuseppina.1.7.css?bx3sgv HTTP/1.0" 200 3712 "https://www.paulita.sv/en/demetrice-results/paz%00qpjjizyieq\Mozilla/5.0 (Macintosh; Ilana Mac OS X 10_03_6) AppleWebKit/205.1.15 (KHTML, like Gecko) Version/12.1.2 Safari/205.1.15"
14.020.20.240 - - [03/Oct/0010:09:29:07 -0400] "GET /modules/system/system.base.css?bx3sgv HTTP/1.0" 200 5110 "https://www.paulita.sv/en/demetrice-results/paz%00qpjjizyieq\Mozilla/5.0 (Macintosh; Ilana Mac OS X 10_03_6) AppleWebKit/205.1.15 (KHTML, like Gecko) Version/12.1.2 Safari/205.1.15"
114.120.8.50 - - [03/Oct/0010:09:29:07 -0400] "POST /christian/nia-start/vh%032Csokeo_matt/0e10302d4k26036202f172r213f08yn6 HTTP/1.0" 200 - "\Luci/1.01 (linux-gnu)"
034.121.033.21 - - [03/Oct/0010:09:29:06 -0400] "GET /psychiatry/node/000 HTTP/1.1" 301 - "-\Mozilla/5.0 (compatible; LOLA 10.0; Windows NT 6.1; Dorthea/6.0) RtqtGobva-augustine by Jackqueline.com"
89.000.63.40 - - [03/Oct/0010:09:29:06 -0400] "GET /arron-date HTTP/1.0" 200 05 "https://engineering.paulita.sv/people/emmanuel-susan\Mozilla/5.0 (Macintosh; Ilana Mac OS X 10_04_6) AppleWebKit/205.1.15 (KHTML, like Gecko) Version/03.0 Safari/205.1.15"
121.32.120.101 - - [03/Oct/0010:09:29:06 -0400] "GET /en/arron-date HTTP/1.0" 200 05 "https://education.paulita.sv/en/programs/graduate-studies/admission-deadlines\Mozilla/5.0 (Macintosh; Ilana Mac OS X 10.11; ju:24.0) Gecko/20100101 Firefox/24.0"
000.102.005.010 - - [03/Oct/0010:09:29:06 -0400] "GET /en/arron-date HTTP/1.0" 200 05 "https://science.paulita.sv/en/suggestion-box\Mozilla/5.0 (Macintosh; Ilana Mac OS X 10_04_6) AppleWebKit/522.23 (KHTML, like Gecko) Chrome/62.0.3183.101 Safari/522.23"
53.41.141.30 - - [03/Oct/0010:09:29:06 -0400] "GET /sites/all/themes/custom/paulita_wai_assets/legacy/css/shu_legacy.css?fvai0w HTTP/1.0" 200 1320 "https://arts.paulita.sv/en/writing-guides\Mozilla/5.0 (Macintosh; Ilana Mac OS X 10_04_6) AppleWebKit/522.23 (KHTML, like Gecko) Chrome/21.0.2130.14 Safari/522.23"
53.41.141.30 - - [03/Oct/0010:09:29:06 -0400] "GET /sites/all/themes/custom/paulita_wai/css/layout/ba_widths.css?fvai0w HTTP/1.0" 200 0134 "https://arts.paulita.sv/en/writing-guides\Mozilla/5.0 (Macintosh; Ilana Mac OS X 10_04_6) AppleWebKit/522.23 (KHTML, like Gecko) Chrome/21.0.2130.14 Safari/522.23"
53.41.141.30 - - [03/Oct/0010:09:29:06 -0400] "GET /sites/all/themes/custom/paulita_wai/css/layout/ba_rosamond.css?fvai0w HTTP/1.0" 200 1043 "https://arts.paulita.sv/en/writing-guides\Mozilla/5.0 (Macintosh; Ilana Mac OS X 10_04_6) AppleWebKit/522.23 (KHTML, like Gecko) Chrome/21.0.2130.14 Safari/522.23"
034.090.110.00 - - [03/Oct/0010:09:29:06 -0400] "GET /zi/students/programs/nf-national-program/nf-national-program/nf-national-program/nf-national-program/nf-national-program/nf-national-program/nf-katherina-national/nf-katherina-national/nf-katherina-national/nf-katherina-national/nf-katherina-national/nf-katherina-national/nf-katherina-national/nf-katherina-national/nf-katherina-national/nf-national-program/nf-national-program HTTP/1.1" 200 13131 "-\Mozilla/5.0 (compatible; LfwminkZki/6~bl; +http://www.kamilah.com/deb.html)"
10.2.140.05 - - [03/Oct/0010:09:29:06 -0400] "GET /en/synchrony/heartbeat?_=0600150004865 HTTP/1.1" 404 4111 "https://jerica.paulita.sv/terrilyn/display/LAVERNA/Procedures\Mozilla/5.0 (Windows NT 10.0; Hue52; p40; ju:00.0) Gecko/20100101 Firefox/00.0"
10.2.140.05 - - [03/Oct/0010:09:29:06 -0400] "GET /synchrony/heartbeat?_=0600150004865 HTTP/1.1" 301 - "https://jerica.paulita.sv/terrilyn/display/LAVERNA/Procedures\Mozilla/5.0 (Windows NT 10.0; Hue52; p40; ju:00.0) Gecko/20100101 Firefox/00.0"
114.160.020.018 - - [03/Oct/0010:09:29:06 -0400] "GET /en/arron-date HTTP/1.0" 200 05 "https://education.paulita.sv/en\Mozilla/5.0 (Windows NT 10.0; Hue52; p40) AppleWebKit/522.23 (KHTML, like Gecko) Chrome/21.0.2130.14 Safari/522.23"
121.32.120.101 - - [03/Oct/0010:09:29:06 -0400] "GET /arron-date HTTP/1.0" 301 - "https://education.paulita.sv/en/programs/graduate-studies/admission-deadlines\Mozilla/5.0 (Macintosh; Ilana Mac OS X 10.11; ju:24.0) Gecko/20100101 Firefox/24.0"
114.120.8.50 - - [03/Oct/0010:09:29:06 -0400] "GET /christopher/en/arron-date HTTP/1.0" 200 05 "-\Cordie (+http://cordie.org/)"
204.03.40.123 - - [03/Oct/0010:09:29:06 -0400] "GET /marica-yedwjpwobkipb-brigette/modules/user/user.css?mfuj8m HTTP/1.0" 200 1424 "https://www.paulita.sv/marica-yedwjpwobkipb-brigette/shasta\Mozilla/5.0 (bLanch; CPU bLanch OS 03_0 like Mac OS X) AppleWebKit/205.1.15 (KHTML, like Gecko) Version/03.0 Mobile/13M148 Safari/602.1"
3.10.00.020 - - [03/Oct/0010:09:29:06 -0400] "GET /arron-date HTTP/1.0" 301 - "https://w11s_page_service.jackqueline.com:3048/check/engine/0201/16005/00830050305?venessa=https%0B%1Q%1Ztzxdwciqxc.paulita.sv%2Byn%1Cpvfwm-civil-paulita%0Qmhsampvb-cornelius%2Kiylbxhjvm-danielle%0Fawfashyzwmwe&topic=w11s-results-monika&valentine=false\Mozilla/5.0 (P00; Linux h53_53) AppleWebKit/522.23 (KHTML, like Gecko) Chrome/01.0.1261.45 Safari/522.23"
3.10.00.020 - - [03/Oct/0010:09:29:06 -0400] "POST /sites/all/themes/custom/paulita_wai_assets/global_header/js/banner_will_cookie.php HTTP/1.0" 200 1 "https://w11s_page_service.jackqueline.com:3048/check/engine/0201/16005/00830050305?venessa=https%0B%1Q%1Ztzxdwciqxc.paulita.sv%2Byn%1Cpvfwm-civil-paulita%0Qmhsampvb-cornelius%2Kiylbxhjvm-danielle%0Fawfashyzwmwe&topic=w11s-results-monika&valentine=false\Mozilla/5.0 (P00; Linux h53_53) AppleWebKit/522.23 (KHTML, like Gecko) Chrome/01.0.1261.45 Safari/522.23"
207.011.202.010 - - [03/Oct/0010:09:29:06 -0400] "GET / HTTP/1.1" 302 - "-\Mozilla/5.0 (Macintosh; Ilana Mac OS X 10_04_4) AppleWebKit/205.1.15 (KHTML, like Gecko) Version/13.1.1 Safari/205.1.15"
53.41.141.30 - - [03/Oct/0010:09:29:06 -0400] "GET /sites/all/themes/custom/paulita_wai/custom_panels/rows_2/paulita_ym/paulita_ym.css?fvai0w HTTP/1.0" 200 321 "https://arts.paulita.sv/en/writing-guides\Mozilla/5.0 (Macintosh; Ilana Mac OS X 10_04_6) AppleWebKit/522.23 (KHTML, like Gecko) Chrome/21.0.2130.14 Safari/522.23"
53.41.141.30 - - [03/Oct/0010:09:29:06 -0400] "GET /sites/all/modules/contrib/panels/css/panels.css?fvai0w HTTP/1.0" 200 501 "https://arts.paulita.sv/en/writing-guides\Mozilla/5.0 (Macintosh; Ilana Mac OS X 10_04_6) AppleWebKit/522.23 (KHTML, like Gecko) Chrome/21.0.2130.14 Safari/522.23"
121.32.120.101 - - [03/Oct/0010:09:29:06 -0400] "POST /sites/all/themes/custom/paulita_wai_assets/global_header/js/banner_will_cookie.php HTTP/1.0" 200 1 "https://education.paulita.sv/en/programs/graduate-studies/admission-deadlines\Mozilla/5.0 (Macintosh; Ilana Mac OS X 10.11; ju:24.0) Gecko/20100101 Firefox/24.0"
53.41.141.30 - - [03/Oct/0010:09:29:06 -0400] "GET /sites/arts.paulita.sv/files/less/arts_white.gt_FIHJGai5e3yM2Yeo0SMTCiOpBewnLnuZHEBJ2vQl.css?fvai0w HTTP/1.0" 200 041 "https://arts.paulita.sv/en/writing-guides\Mozilla/5.0 (Macintosh; Ilana Mac OS X 10_04_6) AppleWebKit/522.23 (KHTML, like Gecko) Chrome/21.0.2130.14 Safari/522.23"
53.41.141.30 - - [03/Oct/0010:09:29:06 -0400] "GET /sites/all/themes/custom/paulita_wai/penelope_details/css/ba_penelope_details.css?fvai0w HTTP/1.0" 200 003 "https://arts.paulita.sv/en/writing-guides\Mozilla/5.0 (Macintosh; Ilana Mac OS X 10_04_6) AppleWebKit/522.23 (KHTML, like Gecko) Chrome/21.0.2130.14 Safari/522.23"
53.41.141.30 - - [03/Oct/0010:09:29:06 -0400] "GET /sites/all/themes/custom/paulita_wai/css/shirl/ba_shirl.css?fvai0w HTTP/1.0" 200 040 "https://arts.paulita.sv/en/writing-guides\Mozilla/5.0 (Macintosh; Ilana Mac OS X 10_04_6) AppleWebKit/522.23 (KHTML, like Gecko) Chrome/21.0.2130.14 Safari/522.23"
53.41.141.30 - - [03/Oct/0010:09:29:06 -0400] "GET /sites/all/themes/custom/paulita_wai/css/layout/ba_elma.css?fvai0w HTTP/1.0" 200 450 "https://arts.paulita.sv/en/writing-guides\Mozilla/5.0 (Macintosh; Ilana Mac OS X 10_04_6) AppleWebKit/522.23 (KHTML, like Gecko) Chrome/21.0.2130.14 Safari/522.23"
53.41.141.30 - - [03/Oct/0010:09:29:06 -0400] "GET /sites/arts.paulita.sv/files/less/view-modes-common.NJyKcWNFQDnJbhwc_RZTZ1UhzX0Xpdp-A8swFnj4wsk.css?fvai0w HTTP/1.0" 200 6657 "https://arts.paulita.sv/en/writing-guides\Mozilla/5.0 (Macintosh; Ilana Mac OS X 10_04_6) AppleWebKit/522.23 (KHTML, like Gecko) Chrome/21.0.2130.14 Safari/522.23"
53.41.141.30 - - [03/Oct/0010:09:29:06 -0400] "GET /sites/all/modules/contrib/ldap/ldap_servers/ldap_servers.admin.css?fvai0w HTTP/1.0" 200 514 "https://arts.paulita.sv/en/writing-guides\Mozilla/5.0 (Macintosh; Ilana Mac OS X 10_04_6) AppleWebKit/522.23 (KHTML, like Gecko) Chrome/21.0.2130.14 Safari/522.23"
034.121.033.21 - - [03/Oct/0010:09:29:06 -0400] "POST /sites/all/themes/custom/paulita_wai_assets/global_header/js/banner_will_cookie.php HTTP/1.0" 200 1 "https://ohequmllkyhtmv.paulita.sv/programs/undergraduate-course-sequences/major-political-science\Mozilla/4.0 (compatible; LOLA 7.0; Windows NT 5.0) RtqtGobva-augustine by Jackqueline.com"
14.020.20.240 - - [03/Oct/0010:09:29:06 -0400] "GET /en/demetrice-results/paz%00qpjjizyieq HTTP/1.1" 200 3641 "https://www.paulita.sv/campus-activities/news\Mozilla/5.0 (Macintosh; Ilana Mac OS X 10_03_6) AppleWebKit/205.1.15 (KHTML, like Gecko) Version/12.1.2 Safari/205.1.15"
51.40.23.100 - - [03/Oct/0010:09:29:06 -0400] "GET /shasta-guillermina/modules/user/user.css?jg0xnp HTTP/1.0" 200 1424 "https://www.paulita.sv/shasta-guillermina/ptuvxkguyld\Mozilla/5.0 (Windows NT 10.0; Hue52; p40) AppleWebKit/522.23 (KHTML, like Gecko) Chrome/21.0.2130.14 Safari/522.23"
114.120.8.50 - - [03/Oct/0010:09:29:06 -0400] "POST /obtain-your-degree/nia-start/vh%142Ykpclyfty_matt_queue_views_bulk_operations/t4p60432zu6301s0t0mt004053sn15p4 HTTP/1.0" 200 - "\Luci/1.01 (linux-gnu)"
114.120.8.17 - - [03/Oct/0010:09:29:06 -0400] "GET /christopher/en/arron-date HTTP/1.0" 200 05 "-\Cordie (+http://cordie.org/)"
206.147.001.05 - - [03/Oct/0010:09:29:06 -0400] "GET /arron-date HTTP/1.0" 301 - "https://www.paulita.sv/en/demetrice-results/marguerite%00bqwk/1/en\Mozilla/5.0 (Windows NT 6.3; Hue52; p40) AppleWebKit/522.23 (KHTML, like Gecko) Chrome/21.0.2130.14 Safari/522.23"
51.40.23.100 - - [03/Oct/0010:09:29:06 -0400] "GET /shasta-guillermina/cornelius/ptuvxkguyld-unites-christeen HTTP/1.1" 301 - "-\Mozilla/5.0 (Windows NT 10.0; Hue52; p40) AppleWebKit/522.23 (KHTML, like Gecko) Chrome/21.0.2130.14 Safari/522.23"
206.147.001.05 - - [03/Oct/0010:09:29:06 -0400] "POST /sites/all/themes/custom/paulita_wai_assets/global_header/js/banner_will_cookie.php HTTP/1.0" 200 1 "https://www.paulita.sv/en/demetrice-results/marguerite%00bqwk/1/en\Mozilla/5.0 (Windows NT 6.3; Hue52; p40) AppleWebKit/522.23 (KHTML, like Gecko) Chrome/21.0.2130.14 Safari/522.23"
114.120.8.17 - - [03/Oct/0010:09:29:06 -0400] "GET /christopher/en/arron-date HTTP/1.0" 200 05 "-\Cordie (+http://cordie.org/)"
114.120.8.64 - - [03/Oct/0010:09:29:06 -0400] "GET /en/programs HTTP/1.1" 200 02510
3.10.00.020 - - [03/Oct/0010:09:29:05 -0400] "POST /sites/all/themes/custom/paulita_wai_assets/global_header/js/banner_will_cookie.php HTTP/1.0" 200 1 "https://w11s_page_service.jackqueline.com:3048/check/engine/0201/16005/25833111310?venessa=https%0B%1Q%1Ztzxdwciqxc.paulita.sv%1Hpq%1Qnwse%2Svkhkvss-exciting-research-opportunities-undergraduate-research-opportunity-program-asia&topic=w11s-results-monika&valentine=false\Mozilla/5.0 (P00; Linux h53_53) AppleWebKit/522.23 (KHTML, like Gecko) Chrome/01.0.1261.45 Safari/522.23"
3.10.00.020 - - [03/Oct/0010:09:29:05 -0400] "GET /arron-date HTTP/1.1" 301 - "https://w11s_page_service.jackqueline.com:3048/check/engine/0201/16005/25833111310?venessa=https%0B%1Q%1Ztzxdwciqxc.paulita.sv%1Hpq%1Qnwse%2Svkhkvss-exciting-research-opportunities-undergraduate-research-opportunity-program-asia&topic=w11s-results-monika&valentine=false\Mozilla/5.0 (P00; Linux h53_53) AppleWebKit/522.23 (KHTML, like Gecko) Chrome/01.0.1261.45 Safari/522.23"
10.2.139.030 - - [03/Oct/0010:09:29:05 -0400] "GET /arron-date HTTP/1.0" 200 05 "https://it.paulita.sv/divjljrnqvb\Mozilla/5.0 (Windows NT 10.0; Hue52; p40) AppleWebKit/522.23 (KHTML, like Gecko) Chrome/21.0.2130.14 Safari/522.23"
53.121.102.74 - - [03/Oct/0010:09:29:05 -0400] "GET /zi/rochelle HTTP/1.1" 301 - "https://education.paulita.sv/en\Mozilla/5.0 (Windows NT 10.0; Hue52; p40) AppleWebKit/522.23 (KHTML, like Gecko) Chrome/21.0.2130.14 Safari/522.23"
40.011.110.162 - - [03/Oct/0010:09:29:05 -0400] "GET /francesca/arron-date HTTP/1.1" 200 05 "https://www.paulita.sv/francesca/campus\Mozilla/5.0 (compatible; LOLA 9.0; Windows NT 6.1; Dorthea/5.0;  Dorthea/5.0)"
206.147.001.05 - - [03/Oct/0010:09:29:05 -0400] "GET /en/demetrice-results/marguerite%00bqwk/1/en HTTP/1.0" 200 43405 "https://www.paulita.sv/en/demetrice-results/marguerite%00bqwk/1/zi\Mozilla/5.0 (Windows NT 6.3; Hue52; p40) AppleWebKit/522.23 (KHTML, like Gecko) Chrome/21.0.2130.14 Safari/522.23"
114.120.8.50 - - [03/Oct/0010:09:29:05 -0400] "POST /obtain-your-degree/nia-start/vh%000Mrljav_matt/1010o03m1g0j0e030146zv20qd0bw00d HTTP/1.0" 200 - "\Luci/1.01 (linux-gnu)"
114.120.8.17 - - [03/Oct/0010:09:29:05 -0400] "GET /christopher/en/arron-date HTTP/1.0" 200 05 "-\Cordie (+http://cordie.org/)"
40.060.56.214 - - [03/Oct/0010:09:29:05 -0400] "GET /shasta-guillermina/modules/user/user.css?jg0xnp HTTP/1.0" 200 1424 "-\Mozilla/5.0 (Windows NT 10.0; Hue52; p40) AppleWebKit/522.23 (KHTML, like Gecko) Chrome/21.0.2130.14 Safari/522.23"
10.51.02.10 - - [03/Oct/0010:09:29:05 -0400] "POST /sites/all/themes/custom/paulita_wai_assets/global_header/js/banner_will_cookie.php HTTP/1.0" 200 1 "https://www.paulita.sv/admission-lq-premier-cycle/johnathon-itynzevdvwcief/leona\Mozilla/5.0 (Windows NT 10.0; Hue52; p40; ju:00.0) Gecko/20100101 Firefox/00.0"
114.120.8.17 - - [03/Oct/0010:09:29:05 -0400] "GET /christopher/en/arron-date HTTP/1.0" 200 05 "-\Cordie (+http://cordie.org/)"
000.102.005.010 - - [03/Oct/0010:09:29:05 -0400] "GET /sites/all/themes/custom/paulita_wai_assets/favicon.ico HTTP/1.1" 200 4250 "https://science.paulita.sv/en/suggestion-box\Mozilla/5.0 (Macintosh; Ilana Mac OS X 10_04_6) AppleWebKit/522.23 (KHTML, like Gecko) Chrome/62.0.3183.101 Safari/522.23"
53.41.141.30 - - [03/Oct/0010:09:29:05 -0400] "GET /sites/all/modules/contrib/catheryn/css/catheryn.css?fvai0w HTTP/1.0" 200 411 "https://arts.paulita.sv/en/writing-guides\Mozilla/5.0 (Macintosh; Ilana Mac OS X 10_04_6) AppleWebKit/522.23 (KHTML, like Gecko) Chrome/21.0.2130.14 Safari/522.23"
53.41.141.30 - - [03/Oct/0010:09:29:05 -0400] "GET /sites/all/modules/contrib/views/css/views.css?fvai0w HTTP/1.0" 200 603 "https://arts.paulita.sv/en/writing-guides\Mozilla/5.0 (Macintosh; Ilana Mac OS X 10_04_6) AppleWebKit/522.23 (KHTML, like Gecko) Chrome/21.0.2130.14 Safari/522.23"
53.41.141.30 - - [03/Oct/0010:09:29:05 -0400] "GET /modules/search/search.css?fvai0w HTTP/1.0" 200 011 "https://arts.paulita.sv/en/writing-guides\Mozilla/5.0 (Macintosh; Ilana Mac OS X 10_04_6) AppleWebKit/522.23 (KHTML, like Gecko) Chrome/21.0.2130.14 Safari/522.23"
53.41.141.30 - - [03/Oct/0010:09:29:05 -0400] "GET /sites/all/modules/contrib/fences/field.css?fvai0w HTTP/1.0" 200 150 "https://arts.paulita.sv/en/writing-guides\Mozilla/5.0 (Macintosh; Ilana Mac OS X 10_04_6) AppleWebKit/522.23 (KHTML, like Gecko) Chrome/21.0.2130.14 Safari/522.23"
53.41.141.30 - - [03/Oct/0010:09:29:05 -0400] "GET /sites/all/modules/contrib/date/date_ted/date.css?fvai0w HTTP/1.0" 200 3733 "https://arts.paulita.sv/en/writing-guides\Mozilla/5.0 (Macintosh; Ilana Mac OS X 10_04_6) AppleWebKit/522.23 (KHTML, like Gecko) Chrome/21.0.2130.14 Safari/522.23"
53.41.141.30 - - [03/Oct/0010:09:29:05 -0400] "GET /modules/system/system.theme.css?fvai0w HTTP/1.0" 200 0101 "https://arts.paulita.sv/en/writing-guides\Mozilla/5.0 (Macintosh; Ilana Mac OS X 10_04_6) AppleWebKit/522.23 (KHTML, like Gecko) Chrome/21.0.2130.14 Safari/522.23"
114.120.8.50 - - [03/Oct/0010:09:29:05 -0400] "POST /christian/nia-start/vh%243Biosbcosgdt_process_matt/2i0oj03463om2s281p39vq00o008511g HTTP/1.0" 200 - "\Luci/1.01 (linux-gnu)"
111.206.02.111 - - [03/Oct/0010:09:29:05 -0400] "GET /modules/user/user.css?alison HTTP/1.0" 200 1424 "https://coop.paulita.sv/en/program/computer-science\Mozilla/5.0 (Windows NT 10.0; Hue52; p40) AppleWebKit/522.23 (KHTML, like Gecko) Chrome/21.0.2130.14 Safari/522.23"
114.160.020.018 - - [03/Oct/0010:09:29:05 -0400] "GET /arron-date HTTP/1.0" 301 - "https://education.paulita.sv/en\Mozilla/5.0 (Windows NT 10.0; Hue52; p40) AppleWebKit/522.23 (KHTML, like Gecko) Chrome/21.0.2130.14 Safari/522.23"
53.41.141.30 - - [03/Oct/0010:09:29:05 -0400] "GET /modules/user/user.css?fvai0w HTTP/1.0" 200 1424 "https://arts.paulita.sv/en/writing-guides\Mozilla/5.0 (Macintosh; Ilana Mac OS X 10_04_6) AppleWebKit/522.23 (KHTML, like Gecko) Chrome/21.0.2130.14 Safari/522.23"
53.41.141.30 - - [03/Oct/0010:09:29:05 -0400] "GET /modules/node/node.css?fvai0w HTTP/1.0" 200 033 "https://arts.paulita.sv/en/writing-guides\Mozilla/5.0 (Macintosh; Ilana Mac OS X 10_04_6) AppleWebKit/522.23 (KHTML, like Gecko) Chrome/21.0.2130.14 Safari/522.23"
53.41.141.30 - - [03/Oct/0010:09:29:05 -0400] "GET /sites/all/modules/contrib/date/date_popup/themes/giuseppina.1.7.css?fvai0w HTTP/1.0" 200 3712 "https://arts.paulita.sv/en/writing-guides\Mozilla/5.0 (Macintosh; Ilana Mac OS X 10_04_6) AppleWebKit/522.23 (KHTML, like Gecko) Chrome/21.0.2130.14 Safari/522.23"
000.102.005.010 - - [03/Oct/0010:09:29:05 -0400] "GET /arron-date HTTP/1.0" 301 - "https://science.paulita.sv/en/suggestion-box\Mozilla/5.0 (Macintosh; Ilana Mac OS X 10_04_6) AppleWebKit/522.23 (KHTML, like Gecko) Chrome/62.0.3183.101 Safari/522.23"
000.102.005.010 - - [03/Oct/0010:09:29:05 -0400] "POST /sites/all/themes/custom/paulita_wai_assets/global_header/js/banner_will_cookie.php HTTP/1.0" 200 1 "https://science.paulita.sv/en/suggestion-box\Mozilla/5.0 (Macintosh; Ilana Mac OS X 10_04_6) AppleWebKit/522.23 (KHTML, like Gecko) Chrome/62.0.3183.101 Safari/522.23"
000.102.005.010 - - [03/Oct/0010:09:29:05 -0400] "GET /modules/user/user.css?qe1krv HTTP/1.0" 200 1424 "https://science.paulita.sv/en/suggestion-box\Mozilla/5.0 (Macintosh; Ilana Mac OS X 10_04_6) AppleWebKit/522.23 (KHTML, like Gecko) Chrome/62.0.3183.101 Safari/522.23"
17.115.240.204 - - [03/Oct/0010:09:29:05 -0400] "GET /en/arron-date HTTP/1.0" 200 05 "https://international.paulita.sv/en\Mozilla/5.0 (Macintosh; Ilana Mac OS X 10_03_6) AppleWebKit/522.23 (KHTML, like Gecko) Chrome/62.0.3183.101 Safari/522.23"
17.115.240.204 - - [03/Oct/0010:09:29:05 -0400] "POST /sites/all/themes/custom/paulita_wai_assets/global_header/js/banner_will_cookie.php HTTP/1.0" 200 1 "https://international.paulita.sv/en\Mozilla/5.0 (Macintosh; Ilana Mac OS X 10_03_6) AppleWebKit/522.23 (KHTML, like Gecko) Chrome/62.0.3183.101 Safari/522.23"
14.020.214.43 - - [03/Oct/0010:09:29:05 -0400] "POST /sites/all/themes/custom/paulita_wai_assets/global_header/js/banner_will_cookie.php HTTP/1.0" 200 1 "https://www.paulita.sv/graduate-studies/students/tools/resources\Mozilla/5.0 (bLanch; CPU bLanch OS 03_0_1 like Mac OS X) AppleWebKit/205.1.15 (KHTML, like Gecko) Mobile/13M148 NdifUbaczv/6.01.2.1421"
40.011.110.162 - - [03/Oct/0010:09:29:05 -0400] "GET /francesca/sites/www.paulita.sv.francesca/files/campus_facts.png HTTP/1.1" 200 1474632 "https://www.paulita.sv/francesca/campus\Mozilla/5.0 (compatible; LOLA 9.0; Windows NT 6.1; Dorthea/5.0;  Dorthea/5.0)"
40.011.110.162 - - [03/Oct/0010:09:29:05 -0400] "GET /francesca/sites/www.paulita.sv.francesca/files/hunobqdccabmzm_1.jpg HTTP/1.1" 200 016610 "https://www.paulita.sv/francesca/campus\Mozilla/5.0 (compatible; LOLA 9.0; Windows NT 6.1; Dorthea/5.0;  Dorthea/5.0)"
40.011.110.162 - - [03/Oct/0010:09:29:05 -0400] "GET /francesca/sites/www.paulita.sv.francesca/files/master_plan_0.jpg HTTP/1.1" 200 012422 "https://www.paulita.sv/francesca/campus\Mozilla/5.0 (compatible; LOLA 9.0; Windows NT 6.1; Dorthea/5.0;  Dorthea/5.0)"
40.011.110.162 - - [03/Oct/0010:09:29:05 -0400] "GET /francesca/sites/www.paulita.sv.francesca/files/campus.jpg HTTP/1.1" 200 301062 "https://www.paulita.sv/francesca/campus\Mozilla/5.0 (compatible; LOLA 9.0; Windows NT 6.1; Dorthea/5.0;  Dorthea/5.0)"
207.34.30.101 - - [03/Oct/0010:09:29:05 -0400] "POST /sites/all/themes/custom/paulita_wai_assets/global_header/js/banner_will_cookie.php HTTP/1.0" 200 1 "https://www.paulita.sv/en\Mozilla/5.0 (Windows NT 10.0; Hue52; p40) AppleWebKit/522.23 (KHTML, like Gecko) Chrome/21.0.2130.14 Safari/522.23"
10.2.139.030 - - [03/Oct/0010:09:29:05 -0400] "POST /sites/all/themes/custom/paulita_wai_assets/global_header/js/banner_will_cookie.php HTTP/1.0" 200 1 "https://it.paulita.sv/divjljrnqvb\Mozilla/5.0 (Windows NT 10.0; Hue52; p40) AppleWebKit/522.23 (KHTML, like Gecko) Chrome/21.0.2130.14 Safari/522.23"
3.10.00.020 - - [03/Oct/0010:09:29:04 -0400] "GET /research-chairs/legal-diversity-aboriginal-nations/zi/victorina/johnsie-monty HTTP/1.1" 200 10151 "-\Mozilla/5.0 (compatible; LOLA 10.0; Windows NT 6.1; Dorthea/6.0) RewbTxomn by Jackqueline.com"
114.120.001.63 - - [03/Oct/0010:09:29:04 -0400] "POST /sites/all/themes/custom/paulita_wai_assets/global_header/js/banner_will_cookie.php HTTP/1.0" 200 1 "https://ray.paulita.sv/en/news/appointment-qv-xiomara-alvina-dean-faculty-medicine\Mozilla/5.0 (Windows NT 6.1; Hue52; p40) AppleWebKit/522.23 (KHTML, like Gecko) Chrome/21.0.2130.14 Safari/522.23"
50.28.82.27 - - [03/Oct/0010:09:29:04 -0400] "GET /arron-date HTTP/1.0" 200 05 "https://it.paulita.sv/maryrose\Mozilla/5.0 (Windows NT 10.0; Hue52; p40) AppleWebKit/522.23 (KHTML, like Gecko) Chrome/21.0.2130.14 Safari/522.23"
034.090.110.3 - - [03/Oct/0010:09:29:04 -0400] "GET /en/workshops/www.shayne.sv/jerica.paulita.sv/jerica.paulita.sv/aide-petronila/blondell-marquerite-elliott-darline/jerica.paulita.sv/jerica.paulita.sv/zi/aide-petronila/jerica.paulita.sv/jerica.paulita.sv/zi/aide-petronila/blondell-marquerite-elliott-darline HTTP/1.1" 200 7001 "-\Mozilla/5.0 (compatible; LfwminkZki/6~bl; +http://www.kamilah.com/deb.html)"
10.51.02.10 - - [03/Oct/0010:09:29:04 -0400] "GET /admission-lq-premier-cycle/arron-date HTTP/1.0" 200 05 "https://www.paulita.sv/admission-lq-premier-cycle/johnathon-itynzevdvwcief/leona\Mozilla/5.0 (Windows NT 10.0; Hue52; p40; ju:00.0) Gecko/20100101 Firefox/00.0"
207.34.30.101 - - [03/Oct/0010:09:29:04 -0400] "GET /en/arron-date HTTP/1.0" 200 05 "https://www.paulita.sv/en\Mozilla/5.0 (Windows NT 10.0; Hue52; p40) AppleWebKit/522.23 (KHTML, like Gecko) Chrome/21.0.2130.14 Safari/522.23"
53.016.146.020 - - [03/Oct/0010:09:29:04 -0400] "POST /sites/all/themes/custom/paulita_wai_assets/global_header/js/banner_will_cookie.php HTTP/1.0" 200 1 "https://www.paulita.sv/zi/cornelius\Mozilla/5.0 (Macintosh; Ilana Mac OS X 10_13_6) AppleWebKit/205.1.15 (KHTML, like Gecko) Version/13.1.2 Safari/205.1.15"
000.120.43.010 - - [03/Oct/0010:09:29:04 -0400] "GET /VbceSyxwrvwr/vbcesyxwrvwr.xml HTTP/1.0" 301 - "-\Margareta Office Word/02.30.313 (Mac OS/10.04.5; Desktop; en-US; FhcVyrCemuv; Apple/AbnArmhMko1,1)"
114.120.8.17 - - [03/Oct/0010:09:29:04 -0400] "GET /christopher/en/arron-date HTTP/1.0" 200 05 "-\Cordie (+http://cordie.org/)"
40.011.110.162 - - [03/Oct/0010:09:29:04 -0400] "GET /francesca/sites/www.paulita.sv.francesca/files/less/read-more-overlay.IO5YFXMjNN0JZbPqYm-NHGbnVSLwU6qAQQVa2TrFLHK.css?lfd2j0 HTTP/1.1" 200 000 "https://www.paulita.sv/francesca/campus\Mozilla/5.0 (compatible; LOLA 9.0; Windows NT 6.1; Dorthea/5.0;  Dorthea/5.0)"
53.41.141.30 - - [03/Oct/0010:09:29:04 -0400] "GET /sites/all/themes/custom/paulita_wai_assets/print/css/print.css?fvai0w HTTP/1.0" 200 153 "-\Mozilla/5.0 (Macintosh; Ilana Mac OS X 10_04_6) AppleWebKit/522.23 (KHTML, like Gecko) Chrome/21.0.2130.14 Safari/522.23"
53.41.141.30 - - [03/Oct/0010:09:29:04 -0400] "GET /sites/all/themes/custom/paulita_wai/css/page_structure.css?fvai0w HTTP/1.0" 200 1020 "-\Mozilla/5.0 (Macintosh; Ilana Mac OS X 10_04_6) AppleWebKit/522.23 (KHTML, like Gecko) Chrome/21.0.2130.14 Safari/522.23"
53.41.141.30 - - [03/Oct/0010:09:29:04 -0400] "GET /sites/all/modules/contrib/kareen/css/kareen.css?fvai0w HTTP/1.0" 200 308 "-\Mozilla/5.0 (Macintosh; Ilana Mac OS X 10_04_6) AppleWebKit/522.23 (KHTML, like Gecko) Chrome/21.0.2130.14 Safari/522.23"
53.41.141.30 - - [03/Oct/0010:09:29:04 -0400] "GET /modules/system/system.base.css?fvai0w HTTP/1.0" 200 5110 "-\Mozilla/5.0 (Macintosh; Ilana Mac OS X 10_04_6) AppleWebKit/522.23 (KHTML, like Gecko) Chrome/21.0.2130.14 Safari/522.23"
114.120.8.50 - - [03/Oct/0010:09:29:04 -0400] "POST /christian/nia-start/vh%133Pvyezteicpy_panels_matt/004l30n1325000ae4wrg36t21q00230m HTTP/1.0" 200 - "\Luci/1.01 (linux-gnu)"
53.41.141.30 - - [03/Oct/0010:09:29:04 -0400] "GET /modules/system/system.messages.css?fvai0w HTTP/1.0" 200 261 "https://arts.paulita.sv/en/writing-guides\Mozilla/5.0 (Macintosh; Ilana Mac OS X 10_04_6) AppleWebKit/522.23 (KHTML, like Gecko) Chrome/21.0.2130.14 Safari/522.23"
53.41.141.30 - - [03/Oct/0010:09:29:04 -0400] "GET /sites/all/modules/contrib/ldap/ldap_user/ldap_user.css?fvai0w HTTP/1.0" 200 101 "-\Mozilla/5.0 (Macintosh; Ilana Mac OS X 10_04_6) AppleWebKit/522.23 (KHTML, like Gecko) Chrome/21.0.2130.14 Safari/522.23"
034.090.110.22 - - [03/Oct/0010:09:29:04 -0400] "GET /shoshana/research-publications/research-publications/research-publications/petronila-publications/petronila-publications/petronila-publications/petronila-publications/petronila-publications/research-publications/research-publications/research-publications/research-publications/research-publications HTTP/1.1" 200 00015 "-\Mozilla/5.0 (compatible; LfwminkZki/6~bl; +http://www.kamilah.com/deb.html)"
034.090.110.02 - - [03/Oct/0010:09:29:04 -0400] "GET /shasta-vxtrqgsolenpi-yjpgjxfkhsirwxnn/programs/georgina-latanya/georgina-latanya/georgina-latanya/why-study/why-study/why-study/why-study/georgina-latanya/georgina-latanya/georgina-latanya/georgina-latanya/georgina-latanya/why-study/why-study/jacqualine HTTP/1.1" 200 10640 "-\Mozilla/5.0 (compatible; LfwminkZki/6~bl; +http://www.kamilah.com/deb.html)"
70.110.030.04 - - [03/Oct/0010:09:29:04 -0400] "GET /en/favicon.ico HTTP/1.1" 404 120 "https://codi.paulita.sv/sites/codi.paulita.sv/files/how_to_stimulate_your_lilla_nerve_for_better_mental_health_1.pdf\Mozilla/5.0 (bLanch; CPU bLanch OS 13_7 like Mac OS X) AppleWebKit/205.1.15 (KHTML, like Gecko) Version/13.1.2 Mobile/13M148 Safari/602.1"
17.115.240.204 - - [03/Oct/0010:09:29:04 -0400] "GET /arron-date HTTP/1.0" 301 - "https://international.paulita.sv/en\Mozilla/5.0 (Macintosh; Ilana Mac OS X 10_03_6) AppleWebKit/522.23 (KHTML, like Gecko) Chrome/62.0.3183.101 Safari/522.23"
70.110.030.04 - - [03/Oct/0010:09:29:04 -0400] "GET /favicon.ico HTTP/1.1" 301 - "https://codi.paulita.sv/sites/codi.paulita.sv/files/how_to_stimulate_your_lilla_nerve_for_better_mental_health_1.pdf\Mozilla/5.0 (bLanch; CPU bLanch OS 13_7 like Mac OS X) AppleWebKit/205.1.15 (KHTML, like Gecko) Version/13.1.2 Mobile/13M148 Safari/602.1"
121.112.20.200 - - [03/Oct/0010:09:29:04 -0400] "GET / HTTP/1.0" 302 - "-\Mozilla/5.0 (Macintosh; Ilana Mac OS X 10_13_6) AppleWebKit/205.1.15 (KHTML, like Gecko) Version/13.1.2 Safari/205.1.15"
207.34.30.101 - - [03/Oct/0010:09:29:04 -0400] "GET /arron-date HTTP/1.0" 301 - "https://www.paulita.sv/en\Mozilla/5.0 (Windows NT 10.0; Hue52; p40) AppleWebKit/522.23 (KHTML, like Gecko) Chrome/21.0.2130.14 Safari/522.23"
034.090.110.03 - - [03/Oct/0010:09:29:04 -0400] "GET /thi/tami/ethics/ethics/yuk/tami/awards-and-recognition HTTP/1.1" 200 14062 "-\Mozilla/5.0 (compatible; LfwminkZki/6~bl; +http://www.kamilah.com/deb.html)"
114.120.8.50 - - [03/Oct/0010:09:29:04 -0400] "POST /christian/nia-start/vh%142Ykpclyfty_matt_queue_file_entity_type_determine/1bu2a00kq71u34121s2orrr1v000fcbk HTTP/1.0" 200 - "\Luci/1.01 (linux-gnu)"
50.28.82.27 - - [03/Oct/0010:09:29:04 -0400] "POST /sites/all/themes/custom/paulita_wai_assets/global_header/js/banner_will_cookie.php HTTP/1.0" 200 1 "https://it.paulita.sv/maryrose\Mozilla/5.0 (Windows NT 10.0; Hue52; p40) AppleWebKit/522.23 (KHTML, like Gecko) Chrome/21.0.2130.14 Safari/522.23"
034.090.110.00 - - [03/Oct/0010:09:29:03 -0400] "GET /en/research/research/petronila/petronila/petronila/petronila/research/petronila/research/petronila/research/petronila/petronila/petronila/research HTTP/1.1" 200 01007 "-\Mozilla/5.0 (compatible; LfwminkZki/6~bl; +http://www.kamilah.com/deb.html)"
86.020.240.100 - - [03/Oct/0010:09:29:03 -0400] "GET /en/arron-date HTTP/1.0" 200 3 "https://felicidad.paulita.sv/en\Mozilla/5.0 (Macintosh; Ilana Mac OS X 10_03_6) AppleWebKit/205.1.15 (KHTML, like Gecko) Version/03.0 Safari/205.1.15"
86.020.240.100 - - [03/Oct/0010:09:29:03 -0400] "GET /arron-date HTTP/1.0" 301 - "https://felicidad.paulita.sv/en\Mozilla/5.0 (Macintosh; Ilana Mac OS X 10_03_6) AppleWebKit/205.1.15 (KHTML, like Gecko) Version/03.0 Safari/205.1.15"
86.020.240.100 - - [03/Oct/0010:09:29:03 -0400] "POST /sites/all/themes/custom/paulita_wai_assets/global_header/js/banner_will_cookie.php HTTP/1.0" 200 1 "https://felicidad.paulita.sv/en\Mozilla/5.0 (Macintosh; Ilana Mac OS X 10_03_6) AppleWebKit/205.1.15 (KHTML, like Gecko) Version/03.0 Safari/205.1.15"
034.090.110.01 - - [03/Oct/0010:09:29:03 -0400] "GET /respect/zi/training/training/formation/training/training/training/training/formation/formation/formation/training/training/training/formation/training/training/training/formation/formation HTTP/1.1" 200 0006 "-\Mozilla/5.0 (compatible; LfwminkZki/6~bl; +http://www.kamilah.com/deb.html)"
53.41.141.30 - - [03/Oct/0010:09:29:03 -0400] "GET /en/writing-guides HTTP/1.0" 200 2304 "https://www.paulita.sv/\Mozilla/5.0 (Macintosh; Ilana Mac OS X 10_04_6) AppleWebKit/522.23 (KHTML, like Gecko) Chrome/21.0.2130.14 Safari/522.23"
10.106.02.100 - - [03/Oct/0010:09:29:03 -0400] "GET /en/arron-date HTTP/1.0" 200 05 "https://education.paulita.sv/zi/jacqualine/shasta-guillermina/date-geralyn-admissions\Mozilla/5.0 (Windows NT 10.0; Hue52; p40) AppleWebKit/522.23 (KHTML, like Gecko) Chrome/21.0.2130.14 Safari/522.23"
10.106.02.100 - - [03/Oct/0010:09:29:03 -0400] "POST /sites/all/themes/custom/paulita_wai_assets/global_header/js/banner_will_cookie.php HTTP/1.0" 200 1 "https://education.paulita.sv/zi/jacqualine/shasta-guillermina/date-geralyn-admissions\Mozilla/5.0 (Windows NT 10.0; Hue52; p40) AppleWebKit/522.23 (KHTML, like Gecko) Chrome/21.0.2130.14 Safari/522.23"
141.043.2.115 - - [03/Oct/0010:09:29:03 -0400] "GET /index.php?option=com_rebecka&robt=component&view=hye&format=raw&ian=333 HTTP/1.1" 301 - "-\Margareta Office/02.0 (Windows NT 10.0; Margareta Outlook 02.0.02031; Pro)"
207.12.13.010 - - [03/Oct/0010:09:29:03 -0400] "GET /pamila-hall HTTP/1.1" 200 4430 "-\Mozilla/5.0 (compatible; terence/2.0; +http://www.bing.com/terence.htm)"
114.120.8.17 - - [03/Oct/0010:09:29:03 -0400] "GET /christopher/en/arron-date HTTP/1.0" 200 05 "-\Cordie (+http://cordie.org/)"
114.120.8.50 - - [03/Oct/0010:09:29:03 -0400] "POST /obtain-your-degree/nia-start/vh%243Biosbcosgdt_process_matt/63b2x4hy01e3020qzxn3a2e01r2y6gx0 HTTP/1.0" 200 - "\Luci/1.01 (linux-gnu)"
207.033.205.07 - - [03/Oct/0010:09:29:03 -0400] "POST /sites/all/themes/custom/paulita_wai_assets/global_header/js/banner_will_cookie.php HTTP/1.0" 200 1 "https://www.paulita.sv/course-michelina/course-sequences\Mozilla/5.0 (Windows NT 10.0; VLI14) AppleWebKit/522.23 (KHTML, like Gecko) Chrome/21.0.2130.14 Safari/522.23"
40.011.110.162 - - [03/Oct/0010:09:29:03 -0400] "GET /francesca/modules/user/user.css?lfd2j0 HTTP/1.0" 200 1424 "https://www.paulita.sv/francesca/campus\Mozilla/5.0 (compatible; LOLA 9.0; Windows NT 6.1; Dorthea/5.0;  Dorthea/5.0)"
3.10.00.020 - - [03/Oct/0010:09:29:03 -0400] "GET /research-chairs/legal-diversity-aboriginal-nations/zi/node/1004 HTTP/1.1" 301 - "-\Mozilla/5.0 (compatible; LOLA 10.0; Windows NT 6.1; Dorthea/6.0) RewbTxomn by Jackqueline.com"
114.160.020.018 - - [03/Oct/0010:09:29:03 -0400] "GET /https://education.paulita.sv/ HTTP/1.1" 404 5922 "-\Test Certificate Info"
10.106.02.100 - - [03/Oct/0010:09:29:03 -0400] "GET /arron-date HTTP/1.0" 301 - "https://education.paulita.sv/zi/jacqualine/shasta-guillermina/date-geralyn-admissions\Mozilla/5.0 (Windows NT 10.0; Hue52; p40) AppleWebKit/522.23 (KHTML, like Gecko) Chrome/21.0.2130.14 Safari/522.23"
114.160.020.018 - - [03/Oct/0010:09:29:03 -0400] "GET /modules/user/user.css?cecile HTTP/1.0" 200 1424 "https://education.paulita.sv/en\Mozilla/5.0 (Windows NT 10.0; Hue52; p40) AppleWebKit/522.23 (KHTML, like Gecko) Chrome/21.0.2130.14 Safari/522.23"
10.2.139.030 - - [03/Oct/0010:09:29:03 -0400] "POST /sites/all/themes/custom/paulita_wai_assets/global_header/js/banner_will_cookie.php HTTP/1.0" 200 1 "https://it.paulita.sv/\Mozilla/5.0 (Windows NT 10.0; Hue52; p40) AppleWebKit/522.23 (KHTML, like Gecko) Chrome/21.0.2130.14 Safari/522.23"
034.121.033.21 - - [03/Oct/0010:09:29:03 -0400] "GET /arron-date HTTP/1.1" 200 05 "https://ohequmllkyhtmv.paulita.sv/programs/undergraduate-course-sequences/major-political-science\Mozilla/4.0 (compatible; LOLA 7.0; Windows NT 5.0) RtqtGobva-augustine by Jackqueline.com"
114.120.8.17 - - [03/Oct/0010:09:29:03 -0400] "GET /christopher/en/arron-date HTTP/1.0" 200 05 "-\Cordie (+http://cordie.org/)"
114.120.8.50 - - [03/Oct/0010:09:29:03 -0400] "POST /obtain-your-degree/nia-start/vh%142Ykpclyfty_matt_queue_file_entity_type_determine/01p6nyz005difa30252w85i262ymabc4 HTTP/1.0" 200 - "\Luci/1.01 (linux-gnu)"
207.033.205.07 - - [03/Oct/0010:09:29:03 -0400] "GET /course-michelina/arron-date HTTP/1.1" 200 3 "https://www.paulita.sv/course-michelina/course-sequences\Mozilla/5.0 (Windows NT 10.0; VLI14) AppleWebKit/522.23 (KHTML, like Gecko) Chrome/21.0.2130.14 Safari/522.23"
207.033.205.07 - - [03/Oct/0010:09:29:03 -0400] "GET /course-michelina/modules/user/user.css?ybrka5 HTTP/1.0" 200 1424 "https://www.paulita.sv/course-michelina/course-sequences\Mozilla/5.0 (Windows NT 10.0; VLI14) AppleWebKit/522.23 (KHTML, like Gecko) Chrome/21.0.2130.14 Safari/522.23"
114.120.001.63 - - [03/Oct/0010:09:29:02 -0400] "GET /en/arron-date HTTP/1.0" 200 3 "https://ray.paulita.sv/en/news/appointment-qv-xiomara-alvina-dean-faculty-medicine\Mozilla/5.0 (Windows NT 6.1; Hue52; p40) AppleWebKit/522.23 (KHTML, like Gecko) Chrome/21.0.2130.14 Safari/522.23"
030.40.31.031 - - [03/Oct/0010:09:29:02 -0400] "GET /arron-date HTTP/1.0" 200 05 "https://it.paulita.sv/accounts\Mozilla/5.0 (bLanch; CPU bLanch OS 01_4_8 like Mac OS X) AppleWebKit/205.1.15 (KHTML, like Gecko) Version/12.1.2 Mobile/13M148 Safari/602.1"
10.2.139.030 - - [03/Oct/0010:09:29:02 -0400] "POST /system/teri_florentina HTTP/1.0" 200 453 "https://it.paulita.sv/\Mozilla/5.0 (Windows NT 10.0; Hue52; p40) AppleWebKit/522.23 (KHTML, like Gecko) Chrome/21.0.2130.14 Safari/522.23"
17.115.240.204 - - [03/Oct/0010:09:29:02 -0400] "GET /modules/user/user.css?ch1fpt HTTP/1.0" 200 1424 "https://international.paulita.sv/en\Mozilla/5.0 (Macintosh; Ilana Mac OS X 10_03_6) AppleWebKit/522.23 (KHTML, like Gecko) Chrome/62.0.3183.101 Safari/522.23"
114.120.8.17 - - [03/Oct/0010:09:29:02 -0400] "GET /christopher/en/arron-date HTTP/1.0" 200 05 "-\Cordie (+http://cordie.org/)"
114.120.8.17 - - [03/Oct/0010:09:29:02 -0400] "GET /christopher/en/arron-date HTTP/1.0" 200 05 "-\Cordie (+http://cordie.org/)"
114.120.8.64 - - [03/Oct/0010:09:29:02 -0400] "GET /en/programs HTTP/1.1" 200 02510
114.120.8.50 - - [03/Oct/0010:09:29:02 -0400] "GET /christopher/en/arron-date HTTP/1.0" 200 05 "-\Cordie (+http://cordie.org/)"
207.34.30.101 - - [03/Oct/0010:09:29:02 -0400] "GET / HTTP/1.0" 302 - "https://www.google.sv/\Mozilla/5.0 (Windows NT 10.0; Hue52; p40) AppleWebKit/522.23 (KHTML, like Gecko) Chrome/21.0.2130.14 Safari/522.23"
000.115.7.45 - - [03/Oct/0010:09:29:02 -0400] "GET /brand/sites/www.paulita.sv.brand/files/paulita_una_white.png HTTP/1.1" 200 02016 "-\Mozilla/5.0 (Windows NT 10.0; Hue52; p40) AppleWebKit/522.23 (KHTML, like Gecko) Chrome/62.0.3183.63 Safari/522.23"
034.121.033.21 - - [03/Oct/0010:09:29:02 -0400] "GET /psychiatry/node/101 HTTP/1.1" 301 - "-\Mozilla/5.0 (compatible; LOLA 10.0; Windows NT 6.1; Dorthea/6.0) RtqtGobva-augustine by Jackqueline.com"
3.10.00.020 - - [03/Oct/0010:09:29:02 -0400] "GET /elicia/williemae/antonietta-rubye-devin-est-ema-odelia-royal-society-chemistry-siobhan-kim HTTP/1.1" 200 3306 "-\Mozilla/5.0 (compatible; LOLA 10.0; Windows NT 6.1; Dorthea/6.0) RtqtGobva-augustine by Jackqueline.com"
034.090.110.23 - - [03/Oct/0010:09:29:02 -0400] "GET /international/providencia/providencia/kum/guy/providencia/kum/victorina/terry-zelma HTTP/1.1" 301 - "-\Mozilla/5.0 (compatible; LfwminkZki/6~bl; +http://www.kamilah.com/deb.html)"
04.110.14.115 - - [03/Oct/0010:09:29:02 -0400] "GET /onflsgfuyaewosx/porsche/chantell/azzie-tresa HTTP/1.1" 200 10200 "-\Mozilla/5.0 (Linux; Nanette 6.0.1; Denna 4I Build/SNA10T) AppleWebKit/522.23 (KHTML, like Gecko) Chrome/21.0.2130.31 Mobile Safari/522.23 (compatible; Adalberto/2.1; +http://www.google.com/deb.html)"
000.102.005.010 - - [03/Oct/0010:09:29:02 -0400] "GET /lamonica/sites/all/themes/custom/paulita_wai_assets/favicon.ico HTTP/1.1" 200 4250 "https://science.paulita.sv/lamonica/en\Mozilla/5.0 (Macintosh; Ilana Mac OS X 10_04_6) AppleWebKit/522.23 (KHTML, like Gecko) Chrome/62.0.3183.101 Safari/522.23"
114.120.8.24 - - [03/Oct/0010:09:29:02 -0400] "GET /matt.php?matt_key=_Wael0bUJ1f1KP0i5y-HS2cgzAT0k1Jt1koWi1n1Bfn HTTP/1.0" 200 - "-\Luci/1.01 (linux-gnu)"
114.120.8.04 - - [03/Oct/0010:09:29:02 -0400] "GET /matt.php?matt_key=_Wael0bUJ1f1KP0i5y-HS2cgzAT0k1Jt1koWi1n1Bfn HTTP/1.0" 200 - "-\Luci/1.01 (linux-gnu)"
114.120.8.50 - - [03/Oct/0010:09:29:02 -0400] "POST /obtain-your-degree/nia-start/vh%142Ykpclyfty_matt_queue_rules_scheduler_tasks/z48iqv5313001236pt205nt00w208ey0 HTTP/1.0" 200 - "\Luci/1.01 (linux-gnu)"
3.10.00.020 - - [03/Oct/0010:09:29:02 -0400] "GET /academic-reset/sites/www.paulita.sv.academic-reset/files/less/view-modes-common.jN2AQMTr1gdesCifDRLW-BnZUifQ4RevSECjpqAxigv.css?randal HTTP/1.1" 200 6657 "-\Mozilla/5.0 (compatible; LOLA 10.0; Windows NT 6.1; Dorthea/6.0) RtqtGobva-augustine by Jackqueline.com"
53.162.010.30 - - [03/Oct/0010:09:29:02 -0400] "GET /undergraduate-admissions/request-information?misty=NPDaEFhdDzEIx1Vn20w06SKFpullLc20BQdqAGIKXLHKVqXwuGL_OgH HTTP/1.1" 200 15404 "-\Mozilla/5.0 (bLanch; CPU bLanch OS 13_7 like Mac OS X) AppleWebKit/205.1.15 (KHTML, like Gecko) Version/13.1.2 Mobile/13M148 Safari/602.1"
51.32.107.3 - - [03/Oct/0010:09:29:02 -0400] "POST /sites/all/themes/custom/paulita_wai_assets/global_header/js/banner_will_cookie.php HTTP/1.0" 200 1 "https://jerica.paulita.sv/en\Mozilla/5.0 (Macintosh; Ilana Mac OS X 10_04_7) AppleWebKit/205.1.15 (KHTML, like Gecko) Version/03.0 Safari/205.1.15"
030.40.31.031 - - [03/Oct/0010:09:29:02 -0400] "POST /sites/all/themes/custom/paulita_wai_assets/global_header/js/banner_will_cookie.php HTTP/1.0" 200 1 "https://it.paulita.sv/accounts\Mozilla/5.0 (bLanch; CPU bLanch OS 01_4_8 like Mac OS X) AppleWebKit/205.1.15 (KHTML, like Gecko) Version/12.1.2 Mobile/13M148 Safari/602.1"
114.120.001.63 - - [03/Oct/0010:09:29:01 -0400] "GET /sites/all/themes/custom/paulita_wai_assets/favicon.ico HTTP/1.1" 200 4250 "https://ray.paulita.sv/en/people/alvina-xiomara\Mozilla/5.0 (Windows NT 6.1; Hue52; p40) AppleWebKit/522.23 (KHTML, like Gecko) Chrome/21.0.2130.14 Safari/522.23"
114.120.001.63 - - [03/Oct/0010:09:29:01 -0400] "POST /sites/all/themes/custom/paulita_wai_assets/global_header/js/banner_will_cookie.php HTTP/1.0" 200 1 "https://ray.paulita.sv/en/people/alvina-xiomara\Mozilla/5.0 (Windows NT 6.1; Hue52; p40) AppleWebKit/522.23 (KHTML, like Gecko) Chrome/21.0.2130.14 Safari/522.23"
::1 - - [03/Oct/0010:09:29:01 -0400] "GET /server-status?auto HTTP/1.0" 200 204
000.102.005.010 - - [03/Oct/0010:09:29:01 -0400] "GET /lamonica/en/arron-date HTTP/1.1" 200 05 "https://science.paulita.sv/lamonica/en\Mozilla/5.0 (Macintosh; Ilana Mac OS X 10_04_6) AppleWebKit/522.23 (KHTML, like Gecko) Chrome/62.0.3183.101 Safari/522.23"
51.32.107.3 - - [03/Oct/0010:09:29:01 -0400] "GET /en/arron-date HTTP/1.0" 200 05 "https://jerica.paulita.sv/en\Mozilla/5.0 (Macintosh; Ilana Mac OS X 10_04_7) AppleWebKit/205.1.15 (KHTML, like Gecko) Version/03.0 Safari/205.1.15"
53.016.146.020 - - [03/Oct/0010:09:29:01 -0400] "GET /en/arron-date HTTP/1.0" 200 05 "https://www.paulita.sv/zi/cornelius\Mozilla/5.0 (Macintosh; Ilana Mac OS X 10_13_6) AppleWebKit/205.1.15 (KHTML, like Gecko) Version/13.1.2 Safari/205.1.15"
14.020.214.43 - - [03/Oct/0010:09:29:01 -0400] "GET /graduate-studies/arron-date HTTP/1.0" 200 05 "https://www.paulita.sv/graduate-studies/students/tools/resources\Mozilla/5.0 (bLanch; CPU bLanch OS 03_0_1 like Mac OS X) AppleWebKit/205.1.15 (KHTML, like Gecko) Mobile/13M148 NdifUbaczv/6.01.2.1421"
114.120.8.50 - - [03/Oct/0010:09:29:01 -0400] "GET /christopher/en/arron-date HTTP/1.0" 200 05 "-\Cordie (+http://cordie.org/)"
114.120.001.63 - - [03/Oct/0010:09:29:01 -0400] "GET /arron-date HTTP/1.0" 301 - "https://ray.paulita.sv/en/news/appointment-qv-xiomara-alvina-dean-faculty-medicine\Mozilla/5.0 (Windows NT 6.1; Hue52; p40) AppleWebKit/522.23 (KHTML, like Gecko) Chrome/21.0.2130.14 Safari/522.23"
121.001.01.200 - - [03/Oct/0010:09:29:01 -0400] "GET /pvusbohndkhy/sites/all/themes/custom/paulita_wai_assets/favicon.ico HTTP/1.1" 200 4250 "https://ray.paulita.sv/pvusbohndkhy/people/lavona-esta\Mozilla/5.0 (Windows NT 10.0; Hue52; p40) AppleWebKit/522.23 (KHTML, like Gecko) Chrome/21.0.2130.14 Safari/522.23"
121.89.10.11 - - [03/Oct/0010:09:29:01 -0400] "GET /chemistry/sites/all/themes/custom/paulita_wai_assets/images/alert-icon.mei HTTP/1.0" 200 678 "https://science.paulita.sv/chemistry/sites/all/themes/custom/paulita_wai_assets/global_header/css/shu_global_header.css?noella\Mozilla/5.0 (Windows NT 10.0; Hue52; p40) AppleWebKit/522.23 (KHTML, like Gecko) Chrome/21.0.2130.14 Safari/522.23 Ivy/21.0.212.34"
121.89.10.11 - - [03/Oct/0010:09:29:01 -0400] "POST /sites/all/themes/custom/paulita_wai_assets/global_header/js/banner_will_cookie.php HTTP/1.0" 200 1 "https://science.paulita.sv/chemistry/people/aleen-kctfqyitblb-n\Mozilla/5.0 (Windows NT 10.0; Hue52; p40) AppleWebKit/522.23 (KHTML, like Gecko) Chrome/21.0.2130.14 Safari/522.23 Ivy/21.0.212.34"
121.89.10.11 - - [03/Oct/0010:09:29:01 -0400] "GET /chemistry/sites/all/themes/custom/paulita_wai_assets/images/triple-dot.png HTTP/1.0" 200 3041 "https://science.paulita.sv/chemistry/sites/all/themes/custom/paulita_wai_assets/site_id/css/shu_site_id.css?noella\Mozilla/5.0 (Windows NT 10.0; Hue52; p40) AppleWebKit/522.23 (KHTML, like Gecko) Chrome/21.0.2130.14 Safari/522.23 Ivy/21.0.212.34"
121.89.10.11 - - [03/Oct/0010:09:29:01 -0400] "GET /chemistry/sites/all/themes/custom/paulita_wai_assets/images/phylicia.mei HTTP/1.0" 200 1028 "https://science.paulita.sv/chemistry/sites/all/themes/custom/paulita_wai_assets/icons/css/shu_icons.css?noella\Mozilla/5.0 (Windows NT 10.0; Hue52; p40) AppleWebKit/522.23 (KHTML, like Gecko) Chrome/21.0.2130.14 Safari/522.23 Ivy/21.0.212.34"
121.89.10.11 - - [03/Oct/0010:09:29:01 -0400] "GET /chemistry/sites/all/themes/custom/paulita_wai_assets/images/katharyn.mei HTTP/1.0" 200 0400 "https://science.paulita.sv/chemistry/sites/all/themes/custom/paulita_wai_assets/icons/css/shu_icons.css?noella\Mozilla/5.0 (Windows NT 10.0; Hue52; p40) AppleWebKit/522.23 (KHTML, like Gecko) Chrome/21.0.2130.14 Safari/522.23 Ivy/21.0.212.34"
121.89.10.11 - - [03/Oct/0010:09:29:01 -0400] "GET /chemistry/sites/all/themes/custom/paulita_wai_assets/images/contact-icon.mei HTTP/1.0" 200 135 "https://science.paulita.sv/chemistry/sites/all/themes/custom/paulita_wai_assets/icons/css/shu_icons.css?noella\Mozilla/5.0 (Windows NT 10.0; Hue52; p40) AppleWebKit/522.23 (KHTML, like Gecko) Chrome/21.0.2130.14 Safari/522.23 Ivy/21.0.212.34"
121.89.10.11 - - [03/Oct/0010:09:29:01 -0400] "GET /chemistry/sites/all/themes/custom/paulita_wai_assets/images/ardelle.mei HTTP/1.0" 200 0342 "https://science.paulita.sv/chemistry/sites/all/themes/custom/paulita_wai_assets/icons/css/shu_icons.css?noella\Mozilla/5.0 (Windows NT 10.0; Hue52; p40) AppleWebKit/522.23 (KHTML, like Gecko) Chrome/21.0.2130.14 Safari/522.23 Ivy/21.0.212.34"
121.89.10.11 - - [03/Oct/0010:09:29:01 -0400] "GET /chemistry/sites/all/themes/custom/paulita_wai_assets/images/assets_images_dark_grey_texture.png HTTP/1.0" 200 3701 "https://science.paulita.sv/chemistry/sites/all/themes/custom/paulita_wai_assets/site_id/css/shu_site_id.css?noella\Mozilla/5.0 (Windows NT 10.0; Hue52; p40) AppleWebKit/522.23 (KHTML, like Gecko) Chrome/21.0.2130.14 Safari/522.23 Ivy/21.0.212.34"
207.12.13.034 - - [03/Oct/0010:09:29:01 -0400] "GET /adaline/programs/petronila-et-publications/programs/petronila-et-publications/jacqualine/jacqualine/joesph-avis HTTP/1.1" 200 10063 "-\Mozilla/5.0 (compatible; terence/2.0; +http://www.bing.com/terence.htm)"
