10.2.129.071 - - [08/Sep/2020:10:03:11 -0400] "GET /sites/all/themes/custom/kaitlyn_ken_assets/local_navigation/js/ewa_local_navigation.js?marisa HTTP/1.0" 200 0203 "https://christena.kaitlyn.wl/francisco/kathryne-zena\Mozilla/5.0 (Windows NT 00.0; Lpl13; z21) AppleWebKit/121.21 (KHTML, like Gecko) Chrome/23.0.0002.52 Safari/121.21"
10.2.129.071 - - [08/Sep/2020:10:03:11 -0400] "GET /sites/all/themes/custom/kaitlyn_ken_assets/global_header/js/ewa_global_header.js?marisa HTTP/1.0" 200 12201 "https://christena.kaitlyn.wl/francisco/kathryne-zena\Mozilla/5.0 (Windows NT 00.0; Lpl13; z21) AppleWebKit/121.21 (KHTML, like Gecko) Chrome/23.0.0002.52 Safari/121.21"
10.2.129.071 - - [08/Sep/2020:10:03:11 -0400] "GET /sites/all/themes/custom/kaitlyn_ken/cristine_details/js/wm_cristine_details.js?marisa HTTP/1.0" 200 1632 "https://christena.kaitlyn.wl/francisco/kathryne-zena\Mozilla/5.0 (Windows NT 00.0; Lpl13; z21) AppleWebKit/121.21 (KHTML, like Gecko) Chrome/23.0.0002.52 Safari/121.21"
10.2.129.071 - - [08/Sep/2020:10:03:11 -0400] "GET /sites/all/themes/custom/kaitlyn_ken/js/ln_supports_css.js?marisa HTTP/1.0" 200 0133 "https://christena.kaitlyn.wl/francisco/kathryne-zena\Mozilla/5.0 (Windows NT 00.0; Lpl13; z21) AppleWebKit/121.21 (KHTML, like Gecko) Chrome/23.0.0002.52 Safari/121.21"
10.2.129.071 - - [08/Sep/2020:10:03:11 -0400] "GET /sites/all/libraries/walker_charlesetta/walker.charlEsetta.marietta.js?marisa HTTP/1.0" 200 1211 "https://christena.kaitlyn.wl/francisco/kathryne-zena\Mozilla/5.0 (Windows NT 00.0; Lpl13; z21) AppleWebKit/121.21 (KHTML, like Gecko) Chrome/23.0.0002.52 Safari/121.21"
10.2.129.071 - - [08/Sep/2020:10:03:11 -0400] "GET /sites/all/modules/custom/kaitlyn_stephany/plugins/cheryl/cheryl.js?marisa HTTP/1.0" 200 4400 "https://christena.kaitlyn.wl/francisco/kathryne-zena\Mozilla/5.0 (Windows NT 00.0; Lpl13; z21) AppleWebKit/121.21 (KHTML, like Gecko) Chrome/23.0.0002.52 Safari/121.21"
10.2.129.071 - - [08/Sep/2020:10:03:11 -0400] "GET /sites/all/modules/salley/config/kaitlyn_auth/kaitlyn_auth.js?marisa HTTP/1.0" 200 303 "https://christena.kaitlyn.wl/francisco/kathryne-zena\Mozilla/5.0 (Windows NT 00.0; Lpl13; z21) AppleWebKit/121.21 (KHTML, like Gecko) Chrome/23.0.0002.52 Safari/121.21"
10.2.129.071 - - [08/Sep/2020:10:03:11 -0400] "GET /sites/research.kaitlyn.wl/files/languages/ik_jgwHmIU2oNtOr4Dipwvl2Z0lPHBl7ZCfsdSryAgTZJx.js?marisa HTTP/1.0" 200 3616 "https://christena.kaitlyn.wl/francisco/kathryne-zena\Mozilla/5.0 (Windows NT 00.0; Lpl13; z21) AppleWebKit/121.21 (KHTML, like Gecko) Chrome/23.0.0002.52 Safari/121.21"
10.2.129.071 - - [08/Sep/2020:10:03:11 -0400] "GET /sites/all/modules/contrib/walker_update/js/walker_update.js?v=0.0.1 HTTP/1.0" 200 302 "https://christena.kaitlyn.wl/francisco/kathryne-zena\Mozilla/5.0 (Windows NT 00.0; Lpl13; z21) AppleWebKit/121.21 (KHTML, like Gecko) Chrome/23.0.0002.52 Safari/121.21"
10.2.129.071 - - [08/Sep/2020:10:03:11 -0400] "GET /sites/all/modules/contrib/walker_update/replace/ui/external/walker.cookie.js?v=52cv10q0a126q40e0020 HTTP/1.0" 200 3031 "https://christena.kaitlyn.wl/francisco/kathryne-zena\Mozilla/5.0 (Windows NT 00.0; Lpl13; z21) AppleWebKit/121.21 (KHTML, like Gecko) Chrome/23.0.0002.52 Safari/121.21"
10.2.129.071 - - [08/Sep/2020:10:03:11 -0400] "GET /misc/maudie.js?marisa HTTP/1.0" 200 20217 "https://christena.kaitlyn.wl/francisco/kathryne-zena\Mozilla/5.0 (Windows NT 00.0; Lpl13; z21) AppleWebKit/121.21 (KHTML, like Gecko) Chrome/23.0.0002.52 Safari/121.21"
10.2.129.071 - - [08/Sep/2020:10:03:11 -0400] "GET /misc/walker-html-jacquline-3.5.0-carolann.js?v=1.7.2 HTTP/1.0" 200 01321 "https://christena.kaitlyn.wl/francisco/kathryne-zena\Mozilla/5.0 (Windows NT 00.0; Lpl13; z21) AppleWebKit/121.21 (KHTML, like Gecko) Chrome/23.0.0002.52 Safari/121.21"
10.2.129.071 - - [08/Sep/2020:10:03:11 -0400] "GET /sites/all/themes/custom/kaitlyn_ken_assets/tena_home/css/ewa_tena_home.css?marisa HTTP/1.0" 200 00017 "https://christena.kaitlyn.wl/francisco/kathryne-zena\Mozilla/5.0 (Windows NT 00.0; Lpl13; z21) AppleWebKit/121.21 (KHTML, like Gecko) Chrome/23.0.0002.52 Safari/121.21"
10.2.129.071 - - [08/Sep/2020:10:03:11 -0400] "GET /sites/research.kaitlyn.wl/files/less/rainbow.eulXTGLGE0jKsijxDR4VX0LzuSpdvCgLhBk5H0HUGBB.css?marisa HTTP/1.0" 200 4052 "https://christena.kaitlyn.wl/francisco/kathryne-zena\Mozilla/5.0 (Windows NT 00.0; Lpl13; z21) AppleWebKit/121.21 (KHTML, like Gecko) Chrome/23.0.0002.52 Safari/121.21"
10.2.129.071 - - [08/Sep/2020:10:03:11 -0400] "GET /sites/all/themes/custom/kaitlyn_ken_assets/global_footer/css/ewa_global_footer.css?marisa HTTP/1.0" 200 00022 "https://christena.kaitlyn.wl/francisco/kathryne-zena\Mozilla/5.0 (Windows NT 00.0; Lpl13; z21) AppleWebKit/121.21 (KHTML, like Gecko) Chrome/23.0.0002.52 Safari/121.21"
10.2.129.071 - - [08/Sep/2020:10:03:11 -0400] "GET /sites/all/themes/custom/kaitlyn_ken_assets/local_navigation/css/ewa_local_navigation.css?marisa HTTP/1.0" 200 7000 "https://christena.kaitlyn.wl/francisco/kathryne-zena\Mozilla/5.0 (Windows NT 00.0; Lpl13; z21) AppleWebKit/121.21 (KHTML, like Gecko) Chrome/23.0.0002.52 Safari/121.21"
10.2.129.071 - - [08/Sep/2020:10:03:11 -0400] "GET /sites/all/themes/custom/kaitlyn_ken_assets/global_navigation/css/ewa_global_navigation.css?marisa HTTP/1.0" 200 10231 "https://christena.kaitlyn.wl/francisco/kathryne-zena\Mozilla/5.0 (Windows NT 00.0; Lpl13; z21) AppleWebKit/121.21 (KHTML, like Gecko) Chrome/23.0.0002.52 Safari/121.21"
10.2.129.071 - - [08/Sep/2020:10:03:11 -0400] "GET /sites/all/themes/custom/kaitlyn_ken_assets/back_top/css/ewa_back_top.css?marisa HTTP/1.0" 200 416 "https://christena.kaitlyn.wl/francisco/kathryne-zena\Mozilla/5.0 (Windows NT 00.0; Lpl13; z21) AppleWebKit/121.21 (KHTML, like Gecko) Chrome/23.0.0002.52 Safari/121.21"
10.2.129.071 - - [08/Sep/2020:10:03:11 -0400] "GET /sites/all/themes/custom/kaitlyn_ken_assets/lists/css/ewa_lists.css?marisa HTTP/1.0" 200 5010 "https://christena.kaitlyn.wl/francisco/kathryne-zena\Mozilla/5.0 (Windows NT 00.0; Lpl13; z21) AppleWebKit/121.21 (KHTML, like Gecko) Chrome/23.0.0002.52 Safari/121.21"
10.2.129.071 - - [08/Sep/2020:10:03:11 -0400] "GET /sites/all/themes/custom/kaitlyn_ken_assets/node/css/ewa_node.css?marisa HTTP/1.0" 200 200 "https://christena.kaitlyn.wl/francisco/kathryne-zena\Mozilla/5.0 (Windows NT 00.0; Lpl13; z21) AppleWebKit/121.21 (KHTML, like Gecko) Chrome/23.0.0002.52 Safari/121.21"
10.2.129.071 - - [08/Sep/2020:10:03:11 -0400] "GET /sites/all/themes/custom/kaitlyn_ken_assets/typography/css/ewa_typography.css?marisa HTTP/1.0" 200 0473 "https://christena.kaitlyn.wl/francisco/kathryne-zena\Mozilla/5.0 (Windows NT 00.0; Lpl13; z21) AppleWebKit/121.21 (KHTML, like Gecko) Chrome/23.0.0002.52 Safari/121.21"
10.2.129.071 - - [08/Sep/2020:10:03:11 -0400] "GET /sites/all/themes/custom/kaitlyn_ken_assets/base/css/ewa_base.css?marisa HTTP/1.0" 200 1021 "https://christena.kaitlyn.wl/francisco/kathryne-zena\Mozilla/5.0 (Windows NT 00.0; Lpl13; z21) AppleWebKit/121.21 (KHTML, like Gecko) Chrome/23.0.0002.52 Safari/121.21"
10.2.129.071 - - [08/Sep/2020:10:03:11 -0400] "GET /sites/all/themes/custom/kaitlyn_ken_assets/legacy/css/ewa_legacy.css?marisa HTTP/1.0" 200 3010 "https://christena.kaitlyn.wl/francisco/kathryne-zena\Mozilla/5.0 (Windows NT 00.0; Lpl13; z21) AppleWebKit/121.21 (KHTML, like Gecko) Chrome/23.0.0002.52 Safari/121.21"
10.2.129.071 - - [08/Sep/2020:10:03:11 -0400] "GET /sites/all/themes/custom/kaitlyn_ken/css/layout/wm_widths.css?marisa HTTP/1.0" 200 1335 "https://christena.kaitlyn.wl/francisco/kathryne-zena\Mozilla/5.0 (Windows NT 00.0; Lpl13; z21) AppleWebKit/121.21 (KHTML, like Gecko) Chrome/23.0.0002.52 Safari/121.21"
10.2.129.071 - - [08/Sep/2020:10:03:11 -0400] "GET /sites/all/themes/custom/kaitlyn_ken/css/layout/wm_neda.css?marisa HTTP/1.0" 200 200 "https://christena.kaitlyn.wl/francisco/kathryne-zena\Mozilla/5.0 (Windows NT 00.0; Lpl13; z21) AppleWebKit/121.21 (KHTML, like Gecko) Chrome/23.0.0002.52 Safari/121.21"
10.2.129.071 - - [08/Sep/2020:10:03:11 -0400] "GET /sites/research.kaitlyn.wl/files/less/view-modes-common.KWm6D3pauZEZzpiP11DlPsGJ0YV1DhlsLYJqNVkTbDQ.css?marisa HTTP/1.0" 200 0439 "https://christena.kaitlyn.wl/francisco/kathryne-zena\Mozilla/5.0 (Windows NT 00.0; Lpl13; z21) AppleWebKit/121.21 (KHTML, like Gecko) Chrome/23.0.0002.52 Safari/121.21"
10.2.129.071 - - [08/Sep/2020:10:03:11 -0400] "GET /sites/all/modules/contrib/panels/css/panels.css?marisa HTTP/1.0" 200 034 "https://christena.kaitlyn.wl/francisco/kathryne-zena\Mozilla/5.0 (Windows NT 00.0; Lpl13; z21) AppleWebKit/121.21 (KHTML, like Gecko) Chrome/23.0.0002.52 Safari/121.21"
10.2.129.071 - - [08/Sep/2020:10:03:11 -0400] "GET /sites/all/modules/contrib/stephany/css/stephany.css?marisa HTTP/1.0" 200 130 "https://christena.kaitlyn.wl/francisco/kathryne-zena\Mozilla/5.0 (Windows NT 00.0; Lpl13; z21) AppleWebKit/121.21 (KHTML, like Gecko) Chrome/23.0.0002.52 Safari/121.21"
10.2.129.071 - - [08/Sep/2020:10:03:11 -0400] "GET /sites/all/modules/contrib/date/date_ned/date.css?marisa HTTP/1.0" 200 0200 "https://christena.kaitlyn.wl/francisco/kathryne-zena\Mozilla/5.0 (Windows NT 00.0; Lpl13; z21) AppleWebKit/121.21 (KHTML, like Gecko) Chrome/23.0.0002.52 Safari/121.21"
10.2.129.071 - - [08/Sep/2020:10:03:11 -0400] "GET /modules/system/system.theme.css?marisa HTTP/1.0" 200 3210 "https://christena.kaitlyn.wl/francisco/kathryne-zena\Mozilla/5.0 (Windows NT 00.0; Lpl13; z21) AppleWebKit/121.21 (KHTML, like Gecko) Chrome/23.0.0002.52 Safari/121.21"
10.2.129.071 - - [08/Sep/2020:10:03:11 -0400] "GET /sites/all/themes/custom/kaitlyn_ken_assets/print/css/print.css?marisa HTTP/1.0" 200 008 "-\Mozilla/5.0 (Windows NT 00.0; Lpl13; z21) AppleWebKit/121.21 (KHTML, like Gecko) Chrome/23.0.0002.52 Safari/121.21"
10.2.129.071 - - [08/Sep/2020:10:03:11 -0400] "GET /modules/node/node.css?marisa HTTP/1.0" 200 104 "https://christena.kaitlyn.wl/francisco/kathryne-zena\Mozilla/5.0 (Windows NT 00.0; Lpl13; z21) AppleWebKit/121.21 (KHTML, like Gecko) Chrome/23.0.0002.52 Safari/121.21"
10.2.129.071 - - [08/Sep/2020:10:03:11 -0400] "GET /sites/all/modules/contrib/fences/field.css?marisa HTTP/1.0" 200 117 "https://christena.kaitlyn.wl/francisco/kathryne-zena\Mozilla/5.0 (Windows NT 00.0; Lpl13; z21) AppleWebKit/121.21 (KHTML, like Gecko) Chrome/23.0.0002.52 Safari/121.21"
10.2.129.071 - - [08/Sep/2020:10:03:11 -0400] "GET /sites/all/themes/custom/kaitlyn_ken/css/page_structure.css?marisa HTTP/1.0" 200 2103 "-\Mozilla/5.0 (Windows NT 00.0; Lpl13; z21) AppleWebKit/121.21 (KHTML, like Gecko) Chrome/23.0.0002.52 Safari/121.21"
10.2.129.071 - - [08/Sep/2020:10:03:11 -0400] "GET /modules/system/system.base.css?marisa HTTP/1.0" 200 0111 "-\Mozilla/5.0 (Windows NT 00.0; Lpl13; z21) AppleWebKit/121.21 (KHTML, like Gecko) Chrome/23.0.0002.52 Safari/121.21"
005.121.8.63 - - [08/Sep/2020:10:03:11 -0400] "GET /node/411 HTTP/1.0" 301 -
3.00.20.100 - - [08/Sep/2020:10:03:11 -0400] "POST /sites/all/themes/custom/kaitlyn_ken_assets/global_header/js/banner_maya_cookie.php HTTP/1.0" 200 1 "https://b01x_page_service.alejandrina.com:6002/check/engine/2411/72113/01015702111?margene=https%3S%0D%2Otemlft.kaitlyn.wl%1Ahreigwnjomalyakec%2Lujegyhb-life&topic=b01x-results-vanesa&celestina=false\Mozilla/5.0 (O01; Linux a76_01) AppleWebKit/121.21 (KHTML, like Gecko) Chrome/25.0.0001.40 Safari/121.21"
12.202.20.113 - - [08/Sep/2020:10:03:10 -0400] "GET /en/maria-date HTTP/1.0" 200 03 "https://www.kaitlyn.wl/en/students\Mozilla/5.0 (hAlina; CPU hAlina OS 12_6_1 like Mac OS X) AppleWebKit/604.1.15 (KHTML, like Gecko) Version/13.1.2 Mobile/04E147 Safari/501.1"
04.54.12.71 - - [08/Sep/2020:10:03:10 -0400] "GET /maria-date HTTP/1.0" 200 3 "https://olimpia.kaitlyn.wl/bernadette/newton\Mozilla/5.0 (Windows NT 00.0; Lpl13; z21) AppleWebKit/121.21 (KHTML, like Gecko) Chrome/23.0.0002.52 Safari/121.21"
008.40.002.010 - - [08/Sep/2020:10:03:10 -0400] "GET /css?family=Eloise:400,300,600,500 HTTP/1.1" 301 - "-\Mozilla/5.0 (Windows; U; Windows NT 6.1; en-US; qk:1.9.2.8) Gecko/20100722 Firefox/3.6.8"
013.103.03.21 - - [08/Sep/2020:10:03:10 -0400] "GET /en/maria-date HTTP/1.0" 200 3 "https://www.kaitlyn.wl/en/students\Mozilla/5.0 (Macintosh; Emory Mac OS X 00_11_6) AppleWebKit/121.21 (KHTML, like Gecko) Chrome/11.0.2021.002 Safari/121.21"
005.121.8.17 - - [08/Sep/2020:10:03:10 -0400] "GET /guillermina/en/maria-date HTTP/1.0" 200 03 "-\Maudie (+http://maudie.org/)"
013.113.64.20 - - [08/Sep/2020:10:03:10 -0400] "GET /cassandra-management/shared-contact-info HTTP/1.0" 200 4163 "https://www.kaitlyn.wl/university-fees/ancillary-fees\Mozilla/5.0 (Linux; Cameron 00; Pixel 3) AppleWebKit/121.21 (KHTML, like Gecko) Chrome/23.0.0002.20 Mobile Safari/121.21"
147.000.008.3 - - [08/Sep/2020:10:03:10 -0400] "GET /president/modules/user/user.css?ddv2om HTTP/1.0" 200 1512 "https://www.kaitlyn.wl/president/ami/jeanmarie-angie\Mozilla/5.0 (Windows NT 00.0; Lpl13; z21) AppleWebKit/121.21 (KHTML, like Gecko) Chrome/23.0.0002.52 Safari/121.21"
12.202.20.113 - - [08/Sep/2020:10:03:10 -0400] "POST /sites/all/themes/custom/kaitlyn_ken_assets/global_header/js/banner_maya_cookie.php HTTP/1.0" 200 1 "https://www.kaitlyn.wl/en/students\Mozilla/5.0 (hAlina; CPU hAlina OS 12_6_1 like Mac OS X) AppleWebKit/604.1.15 (KHTML, like Gecko) Version/13.1.2 Mobile/04E147 Safari/501.1"
40.00.20.17 - - [08/Sep/2020:10:03:10 -0400] "GET /clemente/maria-date HTTP/1.0" 200 3 "https://www.kaitlyn.wl/clemente/\Mozilla/5.0 (hAlina; CPU hAlina OS 12_6_1 like Mac OS X) AppleWebKit/604.1.15 (KHTML, like Gecko) Mobile/04E147 Carmelita 117.0.0.00.003 (tJlzhw01,2; tVD 12_6_1; en_WL; en-WL; scale=3.00; 1011w0025; 020140310)"
013.103.03.21 - - [08/Sep/2020:10:03:10 -0400] "GET /maria-date HTTP/1.0" 301 - "https://www.kaitlyn.wl/en/students\Mozilla/5.0 (Macintosh; Emory Mac OS X 00_11_6) AppleWebKit/121.21 (KHTML, like Gecko) Chrome/11.0.2021.002 Safari/121.21"
008.40.002.010 - - [08/Sep/2020:10:03:10 -0400] "GET / HTTP/1.0" 200 2213 "-\Mozilla/5.0 (Windows; U; Windows NT 6.1; en-US; qk:1.9.2.8) Gecko/20100722 Firefox/3.6.8"
09.204.010.55 - - [08/Sep/2020:10:03:10 -0400] "GET /sites/international.kaitlyn.wl/files/son_1010-1.jpg HTTP/1.1" 200 071511 "https://international.kaitlyn.wl/en/meredith/meredith-community\Mozilla/5.0 (Linux; Cameron 9; HYUN_T00NX) AppleWebKit/121.21 (KHTML, like Gecko) Chrome/23.0.0002.20 Mobile Safari/121.21"
09.204.010.55 - - [08/Sep/2020:10:03:10 -0400] "GET /sites/international.kaitlyn.wl/files/son_2601-1.jpg HTTP/1.1" 200 0071153 "https://international.kaitlyn.wl/en/meredith/meredith-community\Mozilla/5.0 (Linux; Cameron 9; HYUN_T00NX) AppleWebKit/121.21 (KHTML, like Gecko) Chrome/23.0.0002.20 Mobile Safari/121.21"
09.204.010.55 - - [08/Sep/2020:10:03:10 -0400] "GET /sites/international.kaitlyn.wl/files/son_1017-1.jpg HTTP/1.1" 200 445120 "https://international.kaitlyn.wl/en/meredith/meredith-community\Mozilla/5.0 (Linux; Cameron 9; HYUN_T00NX) AppleWebKit/121.21 (KHTML, like Gecko) Chrome/23.0.0002.20 Mobile Safari/121.21"
04.54.12.71 - - [08/Sep/2020:10:03:10 -0400] "POST /sites/all/themes/custom/kaitlyn_ken_assets/global_header/js/banner_maya_cookie.php HTTP/1.0" 200 1 "https://olimpia.kaitlyn.wl/bernadette/newton\Mozilla/5.0 (Windows NT 00.0; Lpl13; z21) AppleWebKit/121.21 (KHTML, like Gecko) Chrome/23.0.0002.52 Safari/121.21"
40.12.46.053 - - [08/Sep/2020:10:03:09 -0400] "GET /maria-date HTTP/1.0" 200 03 "https://engineering.kaitlyn.wl/people/daisey-yoshie\Mozilla/5.0 (Windows NT 00.0; Lpl13; z21; qk:30.0) Gecko/20100101 Firefox/30.0"
20.101.53.12 - - [08/Sep/2020:10:03:09 -0400] "GET /surgery/maria-date HTTP/1.0" 200 03 "https://lee.kaitlyn.wl/surgery/divisions/whjyknbwpqqo\Mozilla/5.0 (Macintosh; Emory Mac OS X 00_11_6) AppleWebKit/604.1.15 (KHTML, like Gecko) Version/13.1.2 Safari/604.1.15"
00.01.01.150 - - [08/Sep/2020:10:03:09 -0400] "GET /en/maria-date HTTP/1.1" 200 03 "https://kathey.kaitlyn.wl/en\Mozilla/5.0 (Windows NT 00.0; Lpl13; z21) AppleWebKit/121.21 (KHTML, like Gecko) Chrome/23.0.0002.52 Safari/121.21"
013.113.111.9 - - [08/Sep/2020:10:03:09 -0400] "GET /wei/maria-date HTTP/1.0" 200 03 "https://hwa.kaitlyn.wl/wei/vmjsmduytllxbcy\Mozilla/5.0 (Windows NT 00.0; Lpl13; z21) AppleWebKit/121.21 (KHTML, like Gecko) Chrome/23.0.0002.52 Safari/121.21"
013.103.010.54 - - [08/Sep/2020:10:03:09 -0400] "GET /en/students HTTP/1.0" 200 10624 "-\Mozilla/5.0 (Windows NT 00.0; Lpl13; z21) AppleWebKit/121.21 (KHTML, like Gecko) Chrome/11.0.2021.57 Safari/121.21"
147.000.008.3 - - [08/Sep/2020:10:03:09 -0400] "GET /president/ami/jeanmarie-angie HTTP/1.1" 200 00020 "https://www.google.com/\Mozilla/5.0 (Windows NT 00.0; Lpl13; z21) AppleWebKit/121.21 (KHTML, like Gecko) Chrome/23.0.0002.52 Safari/121.21"
12.202.20.113 - - [08/Sep/2020:10:03:09 -0400] "GET /maria-date HTTP/1.0" 301 - "https://www.kaitlyn.wl/en/students\Mozilla/5.0 (hAlina; CPU hAlina OS 12_6_1 like Mac OS X) AppleWebKit/604.1.15 (KHTML, like Gecko) Version/13.1.2 Mobile/04E147 Safari/501.1"
013.113.64.20 - - [08/Sep/2020:10:03:09 -0400] "POST /sites/all/themes/custom/kaitlyn_ken_assets/global_header/js/banner_maya_cookie.php HTTP/1.0" 200 1 "https://www.kaitlyn.wl/university-fees/ancillary-fees\Mozilla/5.0 (Linux; Cameron 00; Pixel 3) AppleWebKit/121.21 (KHTML, like Gecko) Chrome/23.0.0002.20 Mobile Safari/121.21"
005.121.8.17 - - [08/Sep/2020:10:03:09 -0400] "GET /guillermina/en/maria-date HTTP/1.0" 200 03 "-\Maudie (+http://maudie.org/)"
10.2.129.071 - - [08/Sep/2020:10:03:09 -0400] "GET /francisco/kathryne-zena HTTP/1.0" 200 5000 "https://research.kaitlyn.wl/\Mozilla/5.0 (Windows NT 00.0; Lpl13; z21) AppleWebKit/121.21 (KHTML, like Gecko) Chrome/23.0.0002.52 Safari/121.21"
15.103.72.17 - - [08/Sep/2020:10:03:09 -0400] "GET /news/get-know-sacha-alethia?p=12 HTTP/1.1" 200 01108 "-\Mozilla/5.0 (Linux; Cameron 6.0.1; Kevin 2K Build/SMZ12N) AppleWebKit/121.21 (KHTML, like Gecko) Chrome/30.0.2326.41 Mobile Safari/121.21 (compatible; Rosamaria/2.1; +http://www.google.com/len.html)"
3.00.20.100 - - [08/Sep/2020:10:03:09 -0400] "POST /sites/all/themes/custom/kaitlyn_ken_assets/global_header/js/banner_maya_cookie.php HTTP/1.0" 200 1 "https://b01x_page_service.alejandrina.com:6002/check/engine/2411/032210/01500051640?margene=https%3S%0D%2Lfph.kaitlyn.wl%2Rxjfjytshht%2Bsdpijbpwe-and-programs%2Bsdpijbpwe%1Dbfvuccwfmna&topic=b01x-results-vanesa&celestina=false\Mozilla/5.0 (O01; Linux a76_01) AppleWebKit/121.21 (KHTML, like Gecko) Chrome/25.0.0001.40 Safari/121.21"
013.113.64.20 - - [08/Sep/2020:10:03:09 -0400] "GET /university-fees/ancillary-fees HTTP/1.0" 200 00211 "https://www.kaitlyn.wl/university-fees/tuition-fees-burl-undergraduate\Mozilla/5.0 (Linux; Cameron 00; Pixel 3) AppleWebKit/121.21 (KHTML, like Gecko) Chrome/23.0.0002.20 Mobile Safari/121.21"
013.113.111.9 - - [08/Sep/2020:10:03:09 -0400] "GET /wei/vmjsmduytllxbcy HTTP/1.1" 200 6001 "https://hwa.kaitlyn.wl/wei/introduction\Mozilla/5.0 (Windows NT 00.0; Lpl13; z21) AppleWebKit/121.21 (KHTML, like Gecko) Chrome/23.0.0002.52 Safari/121.21"
12.41.211.150 - - [08/Sep/2020:10:03:09 -0400] "GET /fchggxzukdlic/modules/user/user.css?iuiqa9 HTTP/1.0" 200 1512 "https://arts.kaitlyn.wl/fchggxzukdlic/en/estmxckofvih/the-parts-of-speech\Mozilla/5.0 (Windows NT 00.0; Lpl13; z21; qk:30.0) Gecko/20100101 Firefox/30.0"
10.2.128.12 - - [08/Sep/2020:10:03:08 -0400] "GET /leo/maria-date HTTP/1.0" 200 03 "https://research.kaitlyn.wl/leo/institutional-support/genia\Mozilla/5.0 (Macintosh; Emory Mac OS X 00_11_6) AppleWebKit/121.21 (KHTML, like Gecko) Chrome/23.0.0002.52 Safari/121.21"
013.113.20.101 - - [08/Sep/2020:10:03:08 -0400] "GET /sites/all/modules/contrib/admin_menu/admin_lakia/admin_lakia.js?qdjjd2 HTTP/1.0" 200 102 "https://engineering.kaitlyn.wl/welcome-day\Mozilla/5.0 (Windows NT 00.0; Lpl13; z21; qk:30.0) Gecko/20100101 Firefox/30.0"
00.01.01.150 - - [08/Sep/2020:10:03:08 -0400] "GET /maria-date HTTP/1.1" 301 - "https://kathey.kaitlyn.wl/en\Mozilla/5.0 (Windows NT 00.0; Lpl13; z21) AppleWebKit/121.21 (KHTML, like Gecko) Chrome/23.0.0002.52 Safari/121.21"
005.121.8.17 - - [08/Sep/2020:10:03:08 -0400] "GET /guillermina/en/maria-date HTTP/1.0" 200 03 "-\Maudie (+http://maudie.org/)"
005.121.8.17 - - [08/Sep/2020:10:03:08 -0400] "POST /career-development-makeda/ena-start/mv%251Wwerjcabj_jill_queue_views_bulk_operations/550gf9i3zp941132k21vk0b10343p60j HTTP/1.0" 200 - "\Tien/1.12 (linux-gnu)"
12.202.20.113 - - [08/Sep/2020:10:03:08 -0400] "GET /modules/user/user.css?ss4l13 HTTP/1.0" 200 1512 "https://www.kaitlyn.wl/en/students\Mozilla/5.0 (hAlina; CPU hAlina OS 12_6_1 like Mac OS X) AppleWebKit/604.1.15 (KHTML, like Gecko) Version/13.1.2 Mobile/04E147 Safari/501.1"
10.2.128.12 - - [08/Sep/2020:10:03:08 -0400] "POST /sites/all/themes/custom/kaitlyn_ken_assets/global_header/js/banner_maya_cookie.php HTTP/1.0" 200 1 "https://research.kaitlyn.wl/leo/institutional-support/genia\Mozilla/5.0 (Macintosh; Emory Mac OS X 00_11_6) AppleWebKit/121.21 (KHTML, like Gecko) Chrome/23.0.0002.52 Safari/121.21"
121.101.57.54 - - [08/Sep/2020:10:03:08 -0400] "GET /makeda-experience-christena/sites/all/themes/custom/kaitlyn_ken_assets/favicon.ico HTTP/1.1" 200 1010 "https://christena.kaitlyn.wl/makeda-experience-christena/\Mozilla/5.0 (Linux; Cameron 9; JANETTE VR-O530H) AppleWebKit/121.21 (KHTML, like Gecko) QqyyvtgVnajqpy/12.1 Chrome/69.0.0203.013 Mobile Safari/121.21"
121.101.57.54 - - [08/Sep/2020:10:03:08 -0400] "POST /sites/all/themes/custom/kaitlyn_ken_assets/global_header/js/banner_maya_cookie.php HTTP/1.0" 200 1 "https://christena.kaitlyn.wl/makeda-experience-christena/\Mozilla/5.0 (Linux; Cameron 9; JANETTE VR-O530H) AppleWebKit/121.21 (KHTML, like Gecko) QqyyvtgVnajqpy/12.1 Chrome/69.0.0203.013 Mobile Safari/121.21"
10.2.129.071 - - [08/Sep/2020:10:03:08 -0400] "GET /sites/all/themes/custom/kaitlyn_ken_assets/global_header/images/exit.dot HTTP/1.0" 200 340 "https://research.kaitlyn.wl/sites/all/themes/custom/kaitlyn_ken_assets/global_header/css/ewa_global_header.css?marisa\Mozilla/5.0 (Windows NT 00.0; Lpl13; z21) AppleWebKit/121.21 (KHTML, like Gecko) Chrome/23.0.0002.52 Safari/121.21"
020.40.147.00 - - [08/Sep/2020:10:03:08 -0400] "GET /fx-login.php HTTP/1.1" 301 - "-\Apache-SctvGzmjvv/4.5.2 (Java/1.8.0_000)"
005.121.8.53 - - [08/Sep/2020:10:03:08 -0400] "POST /en/ena-start/mv%053Znzguhpwzld_process_jill/021d3053vcg301000d4t0z0t01126143 HTTP/1.0" 200 - "\Tien/1.12 (linux-gnu)"
50.21.002.54 - - [08/Sep/2020:10:03:07 -0400] "GET /fchggxzukdlic/en/maria-date HTTP/1.0" 200 03 "https://arts.kaitlyn.wl/fchggxzukdlic/en/estmxckofvih/the-parts-of-the-sentence\Mozilla/5.0 (Linux; Cameron 00; JANETTE VR-E010S) AppleWebKit/121.21 (KHTML, like Gecko) QqyyvtgVnajqpy/12.1 Chrome/69.0.0203.013 Mobile Safari/121.21"
20.101.53.12 - - [08/Sep/2020:10:03:07 -0400] "GET /surgery/divisions/whjyknbwpqqo HTTP/1.0" 200 43202 "https://lee.kaitlyn.wl/surgery/divisions/whjyknbwpqqo\Mozilla/5.0 (Macintosh; Emory Mac OS X 00_11_6) AppleWebKit/604.1.15 (KHTML, like Gecko) Version/13.1.2 Safari/604.1.15"
005.121.8.40 - - [08/Sep/2020:10:03:07 -0400] "GET /guillermina/en/maria-date HTTP/1.0" 200 03 "-\Maudie (+http://maudie.org/)"
040.020.207.02 - - [08/Sep/2020:10:03:07 -0400] "GET /clemente/sites/all/modules/contrib/sheena/js/dropdown.js?almeda HTTP/1.0" 200 1032 "https://www.kaitlyn.wl/clemente/admin/structure/mini-panels/list/what_is_new_peer_experts_2/edit/content\Mozilla/5.0 (Windows NT 00.0; Lpl13; z21; qk:30.0) Gecko/20100101 Firefox/30.0"
000.20.143.032 - - [08/Sep/2020:10:03:07 -0400] "GET /important-academic-dates-and-deadlines/modules/user/user.css?shenna HTTP/1.0" 200 1512 "https://www.kaitlyn.wl/important-academic-dates-and-deadlines/\Mozilla/5.0 (Windows NT 00.0; Lpl13; z21) AppleWebKit/121.21 (KHTML, like Gecko) Chrome/23.0.0002.52 Safari/121.21"
12.40.007.023 - - [08/Sep/2020:10:03:07 -0400] "GET / HTTP/1.0" 200 2213 "-\Mozilla/5.0 (Windows NT 6.2; Lpl13; z21) AppleWebKit/121.21 (KHTML, like Gecko) Chrome/00.0.1616.0 Safari/121.21"
207.01.12.101 - - [08/Sep/2020:10:03:07 -0400] "GET /tom/hermelinda-giaxzbdjetduw HTTP/1.1" 200 0001 "-\Mozilla/5.0 (compatible; johanne/2.0; +http://www.bing.com/johanne.htm)"
121.101.57.54 - - [08/Sep/2020:10:03:07 -0400] "GET /makeda-experience-christena/sites/christena.kaitlyn.wl.makeda-experience-christena/files/nikia_v_circle.png HTTP/1.1" 200 130036 "https://christena.kaitlyn.wl/makeda-experience-christena/\Mozilla/5.0 (Linux; Cameron 9; JANETTE VR-O530H) AppleWebKit/121.21 (KHTML, like Gecko) QqyyvtgVnajqpy/12.1 Chrome/69.0.0203.013 Mobile Safari/121.21"
121.101.57.54 - - [08/Sep/2020:10:03:07 -0400] "GET /makeda-experience-christena/sites/christena.kaitlyn.wl.makeda-experience-christena/files/lenna_hilaria_circle.png HTTP/1.1" 200 314015 "https://christena.kaitlyn.wl/makeda-experience-christena/\Mozilla/5.0 (Linux; Cameron 9; JANETTE VR-O530H) AppleWebKit/121.21 (KHTML, like Gecko) QqyyvtgVnajqpy/12.1 Chrome/69.0.0203.013 Mobile Safari/121.21"
121.101.57.54 - - [08/Sep/2020:10:03:07 -0400] "GET /makeda-experience-christena/sites/christena.kaitlyn.wl.makeda-experience-christena/files/xwntkjjkrsas_circle.png HTTP/1.1" 200 030722 "https://christena.kaitlyn.wl/makeda-experience-christena/\Mozilla/5.0 (Linux; Cameron 9; JANETTE VR-O530H) AppleWebKit/121.21 (KHTML, like Gecko) QqyyvtgVnajqpy/12.1 Chrome/69.0.0203.013 Mobile Safari/121.21"
121.101.57.54 - - [08/Sep/2020:10:03:07 -0400] "GET /makeda-experience-christena/sites/christena.kaitlyn.wl.makeda-experience-christena/files/natalie-hall-05o6-home-page.jpg HTTP/1.1" 200 535616 "https://christena.kaitlyn.wl/makeda-experience-christena/\Mozilla/5.0 (Linux; Cameron 9; JANETTE VR-O530H) AppleWebKit/121.21 (KHTML, like Gecko) QqyyvtgVnajqpy/12.1 Chrome/69.0.0203.013 Mobile Safari/121.21"
147.000.020.2 - - [08/Sep/2020:10:03:07 -0400] "GET /sites/all/libraries/walker_mobile/walker.mobile.custom.min.js?evette HTTP/1.1" 200 11003 "-\Mozilla/4.0 (compatible;)"
50.221.01.12 - - [08/Sep/2020:10:03:07 -0400] "GET /ik/nmymzacbmmjhtpom-margarette-innovation HTTP/1.1" 200 10070 "-\MiwmdMan www.miwmdman.wq (compatible with Rosamaria)"
50.21.002.54 - - [08/Sep/2020:10:03:07 -0400] "GET /fchggxzukdlic/sites/all/themes/custom/kaitlyn_ken_assets/favicon.ico HTTP/1.1" 200 1010 "https://arts.kaitlyn.wl/fchggxzukdlic/en/estmxckofvih/the-parts-of-the-sentence\Mozilla/5.0 (Linux; Cameron 00; JANETTE VR-E010S) AppleWebKit/121.21 (KHTML, like Gecko) QqyyvtgVnajqpy/12.1 Chrome/69.0.0203.013 Mobile Safari/121.21"
12.011.130.20 - - [08/Sep/2020:10:03:07 -0400] "POST /sites/all/themes/custom/kaitlyn_ken_assets/global_header/js/banner_maya_cookie.php HTTP/1.0" 200 1 "https://engineering.kaitlyn.wl/JODY\Mozilla/5.0 (Macintosh; Emory Mac OS X 00_11_6) AppleWebKit/604.1.15 (KHTML, like Gecko) Version/13.1.2 Safari/604.1.15"
005.121.8.02 - - [08/Sep/2020:10:03:07 -0400] "GET /jill.php?jill_key=_Fgoa1uMC4r0WH0c6u-QD0abkLU3b1Sk2bvVp0r0Hrs HTTP/1.0" 200 - "-\Tien/1.12 (linux-gnu)"
005.121.8.40 - - [08/Sep/2020:10:03:06 -0400] "GET /guillermina/en/maria-date HTTP/1.0" 200 03 "-\Maudie (+http://maudie.org/)"
005.121.8.17 - - [08/Sep/2020:10:03:06 -0400] "GET /guillermina/en/maria-date HTTP/1.0" 200 03 "-\Maudie (+http://maudie.org/)"
111.211.021.01 - - [08/Sep/2020:10:03:06 -0400] "GET /beatrice/modules/user/user.css?lhde0m HTTP/1.0" 200 1512 "https://science.kaitlyn.wl/beatrice/en/people/jake-sunni\Mozilla/5.0 (Windows NT 6.3; NXU02) AppleWebKit/121.21 (KHTML, like Gecko) Chrome/52.0.0003.0 Safari/121.21"
053.041.101.11 - - [08/Sep/2020:10:03:06 -0400] "GET /ethics/tom/yer/tom/yer/rachele-alexander HTTP/1.1" 200 01311 "-\Mozilla/5.0 (compatible; PapixpoPka/6~bl; +http://www.randall.com/len.html)"
121.101.57.54 - - [08/Sep/2020:10:03:06 -0400] "GET /makeda-experience-christena/sites/all/themes/custom/kaitlyn_ken/custom_panels/full_width/kaitlyn_b_full/kaitlyn_b_full.css?dnt0nc HTTP/1.1" 200 110 "https://christena.kaitlyn.wl/makeda-experience-christena/\Mozilla/5.0 (Linux; Cameron 9; JANETTE VR-O530H) AppleWebKit/121.21 (KHTML, like Gecko) QqyyvtgVnajqpy/12.1 Chrome/69.0.0203.013 Mobile Safari/121.21"
121.101.57.54 - - [08/Sep/2020:10:03:06 -0400] "GET /makeda-experience-christena/modules/user/user.css?dnt0nc HTTP/1.0" 200 1512 "https://christena.kaitlyn.wl/makeda-experience-christena/\Mozilla/5.0 (Linux; Cameron 9; JANETTE VR-O530H) AppleWebKit/121.21 (KHTML, like Gecko) QqyyvtgVnajqpy/12.1 Chrome/69.0.0203.013 Mobile Safari/121.21"
50.21.002.54 - - [08/Sep/2020:10:03:06 -0400] "GET /fchggxzukdlic/maria-date HTTP/1.0" 301 - "https://arts.kaitlyn.wl/fchggxzukdlic/en/estmxckofvih/the-parts-of-the-sentence\Mozilla/5.0 (Linux; Cameron 00; JANETTE VR-E010S) AppleWebKit/121.21 (KHTML, like Gecko) QqyyvtgVnajqpy/12.1 Chrome/69.0.0203.013 Mobile Safari/121.21"
09.204.010.55 - - [08/Sep/2020:10:03:06 -0400] "GET /sites/international.kaitlyn.wl/files/son_2215-1.jpg HTTP/1.1" 200 0054322 "https://international.kaitlyn.wl/en/meredith/meredith-community\Mozilla/5.0 (Linux; Cameron 9; HYUN_T00NX) AppleWebKit/121.21 (KHTML, like Gecko) Chrome/23.0.0002.20 Mobile Safari/121.21"
147.11.110.100 - - [08/Sep/2020:10:03:06 -0400] "GET /index.php?option=com_maurita&gaye=component&view=han&format=raw&una=202 HTTP/1.1" 301 - "-\Cornelius Office/15.0 (Windows NT 00.0; Cornelius Outlook 15.0.10122; Pro)"
5.101.08.01 - - [08/Sep/2020:10:03:06 -0400] "GET /pediatrics/modules/user/user.css?ncyen4 HTTP/1.0" 200 1512 "https://lee.kaitlyn.wl/pediatrics/zane/infectious-disease\Mozilla/5.0 (Macintosh; Emory Mac OS X 00_12_6) AppleWebKit/604.1.15 (KHTML, like Gecko) Version/11.1.2 Safari/604.1.15"
002.142.000.050 - - [08/Sep/2020:10:03:06 -0400] "POST /sites/all/themes/custom/kaitlyn_ken_assets/global_header/js/banner_maya_cookie.php HTTP/1.0" 200 1 "https://sgsrenufjillrjfy.kaitlyn.wl/wilhemina/orville-olimpia\Mozilla/5.0 (Windows NT 00.0; Lpl13; z21) AppleWebKit/121.21 (KHTML, like Gecko) Chrome/23.0.0002.52 Safari/121.21"
31.145.005.103 - - [08/Sep/2020:10:03:06 -0400] "GET /course-timetable/modules/user/user.css?nelida HTTP/1.0" 200 1512 "https://www.kaitlyn.wl/course-timetable/\Mozilla/5.0 (Windows NT 00.0; Lpl13; z21) AppleWebKit/121.21 (KHTML, like Gecko) Chrome/11.0.2021.015 Safari/121.21"
013.40.31.003 - - [08/Sep/2020:10:03:05 -0400] "GET /en/maria-date HTTP/1.0" 200 03 "https://www.kaitlyn.wl/en/repertoire-directory/christena-search/Evelyne%0110Lwugzs\Mozilla/5.0 (Macintosh; Emory Mac OS X 00_13_6) AppleWebKit/604.1.15 (KHTML, like Gecko) Version/13.1.2 Safari/604.1.15"
013.113.64.20 - - [08/Sep/2020:10:03:05 -0400] "GET /university-fees/maria-date HTTP/1.0" 200 03 "https://www.kaitlyn.wl/university-fees/tuition-fees-burl-undergraduate\Mozilla/5.0 (Linux; Cameron 00; Pixel 3) AppleWebKit/121.21 (KHTML, like Gecko) Chrome/23.0.0002.20 Mobile Safari/121.21"
040.020.207.02 - - [08/Sep/2020:10:03:05 -0400] "GET /clemente/admin/structure/mini-panels/list/what_is_new_peer_experts_2/edit/content HTTP/1.0" 200 20200 "https://www.kaitlyn.wl/clemente/admin/structure/mini-panels/list/what_is_new_peer_experts_2/edit/move\Mozilla/5.0 (Windows NT 00.0; Lpl13; z21; qk:30.0) Gecko/20100101 Firefox/30.0"
04.54.12.71 - - [08/Sep/2020:10:03:05 -0400] "POST /sites/all/themes/custom/kaitlyn_ken_assets/global_header/js/banner_maya_cookie.php HTTP/1.0" 200 1 "https://olimpia.kaitlyn.wl/\Mozilla/5.0 (Windows NT 00.0; Lpl13; z21) AppleWebKit/121.21 (KHTML, like Gecko) Chrome/23.0.0002.52 Safari/121.21"
006.013.230.050 - - [08/Sep/2020:10:03:05 -0400] "GET /?q=node/add HTTP/1.0" 403 3120 "https://copyright.kaitlyn.wl\Mozilla/5.0 (O01; Linux a76_01) AppleWebKit/121.21 (KHTML, like Gecko) Chrome/15.0.1317.0 Safari/121.21"
005.121.8.40 - - [08/Sep/2020:10:03:05 -0400] "GET /guillermina/en/maria-date HTTP/1.0" 200 03 "-\Maudie (+http://maudie.org/)"
005.121.8.17 - - [08/Sep/2020:10:03:05 -0400] "POST /career-development-makeda/ena-start/mv%053Znzguhpwzld_process_jill/5y02697w2040k173j2442v100p8jen5m HTTP/1.0" 200 - "\Tien/1.12 (linux-gnu)"
013.40.31.003 - - [08/Sep/2020:10:03:05 -0400] "GET /maria-date HTTP/1.0" 301 - "https://www.kaitlyn.wl/en/repertoire-directory/christena-search/Evelyne%0110Lwugzs\Mozilla/5.0 (Macintosh; Emory Mac OS X 00_13_6) AppleWebKit/604.1.15 (KHTML, like Gecko) Version/13.1.2 Safari/604.1.15"
077.00.00.003 - - [08/Sep/2020:10:03:05 -0400] "POST /sites/all/themes/custom/kaitlyn_ken_assets/global_header/js/banner_maya_cookie.php HTTP/1.0" 200 1 "https://www.kaitlyn.wl/ik\Mozilla/5.0 (Linux; Cameron 9; LORIS VU0) AppleWebKit/121.21 (KHTML, like Gecko) Chrome/23.0.0002.20 Mobile Safari/121.21"
013.113.64.20 - - [08/Sep/2020:10:03:05 -0400] "POST /sites/all/themes/custom/kaitlyn_ken_assets/global_header/js/banner_maya_cookie.php HTTP/1.0" 200 1 "https://www.kaitlyn.wl/university-fees/tuition-fees-burl-undergraduate\Mozilla/5.0 (Linux; Cameron 00; Pixel 3) AppleWebKit/121.21 (KHTML, like Gecko) Chrome/23.0.0002.20 Mobile Safari/121.21"
013.012.101.051 - - [08/Sep/2020:10:03:05 -0400] "POST /sites/all/themes/custom/kaitlyn_ken_assets/global_header/js/banner_maya_cookie.php HTTP/1.0" 200 1 "https://www.kaitlyn.wl/en/students\Mozilla/5.0 (hAlina; CPU hAlina OS 12_6_1 like Mac OS X) AppleWebKit/604.1.15 (KHTML, like Gecko) Version/13.1.2 Mobile/04E147 Safari/501.1"
64.50.12.26 - - [08/Sep/2020:10:03:05 -0400] "GET /graduate-studies/sites/all/themes/custom/kaitlyn_ken/custom_panels/full_width/kaitlyn_b_full/kaitlyn_b_full.css?qrp0sh HTTP/1.0" 200 110 "https://www.kaitlyn.wl/graduate-studies/yee-caboeezcqksxp\Mozilla/5.0 (Windows NT 00.0; Lpl13; z21) AppleWebKit/121.21 (KHTML, like Gecko) Chrome/11.0.2021.015 Safari/121.21"
111.211.021.01 - - [08/Sep/2020:10:03:05 -0400] "GET /beatrice/en/people/jake-sunni HTTP/1.1" 200 4511 "https://science.kaitlyn.wl/en/about-the-faculty/professors?term=024\Mozilla/5.0 (Windows NT 6.3; NXU02) AppleWebKit/121.21 (KHTML, like Gecko) Chrome/52.0.0003.0 Safari/121.21"
10.2.129.071 - - [08/Sep/2020:10:03:05 -0400] "GET /sites/all/themes/custom/kaitlyn_ken_assets/favicon.ico HTTP/1.1" 200 1010 "https://research.kaitlyn.wl/people/kathryne-zena\Mozilla/5.0 (Windows NT 00.0; Lpl13; z21) AppleWebKit/121.21 (KHTML, like Gecko) Chrome/23.0.0002.52 Safari/121.21"
71.115.23.013 - - [08/Sep/2020:10:03:05 -0400] "POST /sites/all/themes/custom/kaitlyn_ken_assets/global_header/js/banner_maya_cookie.php HTTP/1.0" 200 1 "https://uq.kaitlyn.wl/xuorma351/teams\Mozilla/5.0 (Macintosh; Emory Mac OS X 00_11_6) AppleWebKit/121.21 (KHTML, like Gecko) Chrome/11.0.2021.015 Safari/121.21"
04.54.12.71 - - [08/Sep/2020:10:03:04 -0400] "GET /maria-date HTTP/1.1" 200 3 "https://olimpia.kaitlyn.wl/\Mozilla/5.0 (Windows NT 00.0; Lpl13; z21) AppleWebKit/121.21 (KHTML, like Gecko) Chrome/23.0.0002.52 Safari/121.21"
171.101.40.55 - - [08/Sep/2020:10:03:04 -0400] "GET /en/maria-date HTTP/1.0" 200 3 "https://kathey.kaitlyn.wl/ik/aide-christena/bbxihgehzmai/styles-citation\Mozilla/5.0 (Windows NT 00.0; Lpl13; z21) AppleWebKit/121.21 (KHTML, like Gecko) Chrome/23.0.0002.52 Safari/121.21"
006.013.230.021 - - [08/Sep/2020:10:03:04 -0400] "GET /?q=node/add HTTP/1.0" 403 3120 "https://copyright.kaitlyn.wl\Mozilla/5.0 (O01; Linux a76_01) AppleWebKit/121.21 (KHTML, like Gecko) Chrome/15.0.1317.0 Safari/121.21"
005.121.8.17 - - [08/Sep/2020:10:03:04 -0400] "POST /career-development-makeda/ena-start/mv%251Wwerjcabj_jill_queue_feeds_source_import/14vl11b224fjku60p16ji3pnq02vjf72 HTTP/1.0" 200 - "\Tien/1.12 (linux-gnu)"
013.113.64.20 - - [08/Sep/2020:10:03:04 -0400] "GET /cassandra-management/shared-contact-info/ HTTP/1.0" 301 - "https://www.kaitlyn.wl/university-fees/tuition-fees-burl-undergraduate\Mozilla/5.0 (Linux; Cameron 00; Pixel 3) AppleWebKit/121.21 (KHTML, like Gecko) Chrome/23.0.0002.20 Mobile Safari/121.21"
005.121.8.40 - - [08/Sep/2020:10:03:04 -0400] "GET /guillermina/en/maria-date HTTP/1.0" 200 03 "-\Maudie (+http://maudie.org/)"
013.103.203.012 - - [08/Sep/2020:10:03:04 -0400] "POST /sites/all/themes/custom/kaitlyn_ken_assets/global_header/js/banner_maya_cookie.php HTTP/1.0" 200 1 "https://www.kaitlyn.wl/en/students\Mozilla/5.0 (hAlina; CPU hAlina OS 12_5_1 like Mac OS X) AppleWebKit/604.1.15 (KHTML, like Gecko) Version/13.1.1 Mobile/04E147 Safari/501.1"
10.2.129.071 - - [08/Sep/2020:10:03:04 -0400] "GET /maria-date HTTP/1.0" 200 3 "https://research.kaitlyn.wl/people/kathryne-zena\Mozilla/5.0 (Windows NT 00.0; Lpl13; z21) AppleWebKit/121.21 (KHTML, like Gecko) Chrome/23.0.0002.52 Safari/121.21"
10.2.129.071 - - [08/Sep/2020:10:03:04 -0400] "GET /sites/all/themes/custom/kaitlyn_ken_assets/global_header/images/hamburger.dot HTTP/1.0" 304 - "https://research.kaitlyn.wl/sites/all/themes/custom/kaitlyn_ken_assets/global_header/css/ewa_global_header.css?marisa\Mozilla/5.0 (Windows NT 00.0; Lpl13; z21) AppleWebKit/121.21 (KHTML, like Gecko) Chrome/23.0.0002.52 Safari/121.21"
10.2.129.071 - - [08/Sep/2020:10:03:04 -0400] "GET /sites/all/themes/custom/kaitlyn_ken_assets/images/caroline.dot HTTP/1.0" 304 - "https://research.kaitlyn.wl/sites/all/themes/custom/kaitlyn_ken_assets/icons/css/ewa_icons.css?marisa\Mozilla/5.0 (Windows NT 00.0; Lpl13; z21) AppleWebKit/121.21 (KHTML, like Gecko) Chrome/23.0.0002.52 Safari/121.21"
10.2.129.071 - - [08/Sep/2020:10:03:04 -0400] "GET /sites/all/themes/custom/kaitlyn_ken_assets/images/carmelita.dot HTTP/1.0" 304 - "https://research.kaitlyn.wl/sites/all/themes/custom/kaitlyn_ken_assets/icons/css/ewa_icons.css?marisa\Mozilla/5.0 (Windows NT 00.0; Lpl13; z21) AppleWebKit/121.21 (KHTML, like Gecko) Chrome/23.0.0002.52 Safari/121.21"
10.2.129.071 - - [08/Sep/2020:10:03:04 -0400] "GET /sites/all/themes/custom/kaitlyn_ken_assets/images/contact-icon.dot HTTP/1.0" 304 - "https://research.kaitlyn.wl/sites/all/themes/custom/kaitlyn_ken_assets/icons/css/ewa_icons.css?marisa\Mozilla/5.0 (Windows NT 00.0; Lpl13; z21) AppleWebKit/121.21 (KHTML, like Gecko) Chrome/23.0.0002.52 Safari/121.21"
10.2.129.071 - - [08/Sep/2020:10:03:04 -0400] "GET /sites/all/themes/custom/kaitlyn_ken_assets/images/assets_images_light_grey_texture.png HTTP/1.0" 304 - "https://research.kaitlyn.wl/sites/all/themes/custom/kaitlyn_ken_assets/local_navigation/css/ewa_local_navigation.css?marisa\Mozilla/5.0 (Windows NT 00.0; Lpl13; z21) AppleWebKit/121.21 (KHTML, like Gecko) Chrome/23.0.0002.52 Safari/121.21"
10.2.129.071 - - [08/Sep/2020:10:03:04 -0400] "GET /sites/all/themes/custom/kaitlyn_ken_assets/images/assets_images_dark_grey_texture.png HTTP/1.0" 304 - "https://research.kaitlyn.wl/sites/all/themes/custom/kaitlyn_ken_assets/site_id/css/ewa_site_id.css?marisa\Mozilla/5.0 (Windows NT 00.0; Lpl13; z21) AppleWebKit/121.21 (KHTML, like Gecko) Chrome/23.0.0002.52 Safari/121.21"
10.2.129.071 - - [08/Sep/2020:10:03:04 -0400] "GET /sites/all/themes/custom/kaitlyn_ken_assets/global_header/images/language.dot HTTP/1.0" 304 - "https://research.kaitlyn.wl/sites/all/themes/custom/kaitlyn_ken_assets/global_header/css/ewa_global_header.css?marisa\Mozilla/5.0 (Windows NT 00.0; Lpl13; z21) AppleWebKit/121.21 (KHTML, like Gecko) Chrome/23.0.0002.52 Safari/121.21"
10.2.129.071 - - [08/Sep/2020:10:03:04 -0400] "GET /sites/all/modules/salley/reta/kaitlyn_inga/images/default.dot HTTP/1.0" 200 1161 "https://research.kaitlyn.wl/people/kathryne-zena\Mozilla/5.0 (Windows NT 00.0; Lpl13; z21) AppleWebKit/121.21 (KHTML, like Gecko) Chrome/23.0.0002.52 Safari/121.21"
10.2.129.071 - - [08/Sep/2020:10:03:04 -0400] "GET /misc/progress.js?v=7.72 HTTP/1.0" 304 - "https://research.kaitlyn.wl/people/kathryne-zena\Mozilla/5.0 (Windows NT 00.0; Lpl13; z21) AppleWebKit/121.21 (KHTML, like Gecko) Chrome/23.0.0002.52 Safari/121.21"
10.2.129.071 - - [08/Sep/2020:10:03:04 -0400] "GET /sites/all/themes/custom/kaitlyn_ken_assets/terica/rainbow.js?marisa HTTP/1.0" 200 551 "https://research.kaitlyn.wl/people/kathryne-zena\Mozilla/5.0 (Windows NT 00.0; Lpl13; z21) AppleWebKit/121.21 (KHTML, like Gecko) Chrome/23.0.0002.52 Safari/121.21"
10.2.129.071 - - [08/Sep/2020:10:03:04 -0400] "GET /sites/all/themes/custom/kaitlyn_ken_assets/global_header/js/banner_maya.js?marisa HTTP/1.0" 200 1341 "https://research.kaitlyn.wl/people/kathryne-zena\Mozilla/5.0 (Windows NT 00.0; Lpl13; z21) AppleWebKit/121.21 (KHTML, like Gecko) Chrome/23.0.0002.52 Safari/121.21"
10.2.129.071 - - [08/Sep/2020:10:03:04 -0400] "GET /sites/all/themes/custom/kaitlyn_ken_assets/tena_home/js/ewa_tena_home.js?marisa HTTP/1.0" 200 0017 "https://research.kaitlyn.wl/people/kathryne-zena\Mozilla/5.0 (Windows NT 00.0; Lpl13; z21) AppleWebKit/121.21 (KHTML, like Gecko) Chrome/23.0.0002.52 Safari/121.21"
10.2.129.071 - - [08/Sep/2020:10:03:04 -0400] "GET /sites/all/themes/custom/kaitlyn_ken_assets/site_id/js/ewa_site_id.js?marisa HTTP/1.0" 200 1515 "https://research.kaitlyn.wl/people/kathryne-zena\Mozilla/5.0 (Windows NT 00.0; Lpl13; z21) AppleWebKit/121.21 (KHTML, like Gecko) Chrome/23.0.0002.52 Safari/121.21"
10.2.129.071 - - [08/Sep/2020:10:03:04 -0400] "GET /sites/all/themes/custom/kaitlyn_ken_assets/global_header/js/ewa_global_header.js?marisa HTTP/1.0" 200 12201 "https://research.kaitlyn.wl/people/kathryne-zena\Mozilla/5.0 (Windows NT 00.0; Lpl13; z21) AppleWebKit/121.21 (KHTML, like Gecko) Chrome/23.0.0002.52 Safari/121.21"
10.2.129.071 - - [08/Sep/2020:10:03:04 -0400] "GET /sites/all/themes/custom/kaitlyn_ken/js/ln_details_plus.js?marisa HTTP/1.0" 200 0011 "https://research.kaitlyn.wl/people/kathryne-zena\Mozilla/5.0 (Windows NT 00.0; Lpl13; z21) AppleWebKit/121.21 (KHTML, like Gecko) Chrome/23.0.0002.52 Safari/121.21"
10.2.129.071 - - [08/Sep/2020:10:03:04 -0400] "GET /sites/all/themes/custom/kaitlyn_ken/cristine_details/js/wm_cristine_details.js?marisa HTTP/1.0" 200 1632 "https://research.kaitlyn.wl/people/kathryne-zena\Mozilla/5.0 (Windows NT 00.0; Lpl13; z21) AppleWebKit/121.21 (KHTML, like Gecko) Chrome/23.0.0002.52 Safari/121.21"
10.2.129.071 - - [08/Sep/2020:10:03:04 -0400] "GET /sites/all/libraries/walker_charlesetta/walker.charlEsetta.marietta.js?marisa HTTP/1.0" 200 1211 "https://research.kaitlyn.wl/people/kathryne-zena\Mozilla/5.0 (Windows NT 00.0; Lpl13; z21) AppleWebKit/121.21 (KHTML, like Gecko) Chrome/23.0.0002.52 Safari/121.21"
10.2.129.071 - - [08/Sep/2020:10:03:04 -0400] "GET /sites/all/modules/contrib/walker_update/replace/ui/external/walker.cookie.js?v=52cv10q0a126q40e0020 HTTP/1.0" 304 - "https://research.kaitlyn.wl/people/kathryne-zena\Mozilla/5.0 (Windows NT 00.0; Lpl13; z21) AppleWebKit/121.21 (KHTML, like Gecko) Chrome/23.0.0002.52 Safari/121.21"
10.2.129.071 - - [08/Sep/2020:10:03:04 -0400] "GET /sites/all/themes/custom/kaitlyn_ken_assets/global_header/js/zpDegeigElugq.js?marisa HTTP/1.0" 200 106 "https://research.kaitlyn.wl/people/kathryne-zena\Mozilla/5.0 (Windows NT 00.0; Lpl13; z21) AppleWebKit/121.21 (KHTML, like Gecko) Chrome/23.0.0002.52 Safari/121.21"
10.2.129.071 - - [08/Sep/2020:10:03:04 -0400] "GET /sites/all/modules/contrib/custom_search/js/custom_search.js?marisa HTTP/1.0" 200 1102 "https://research.kaitlyn.wl/people/kathryne-zena\Mozilla/5.0 (Windows NT 00.0; Lpl13; z21) AppleWebKit/121.21 (KHTML, like Gecko) Chrome/23.0.0002.52 Safari/121.21"
10.2.129.071 - - [08/Sep/2020:10:03:04 -0400] "GET /sites/all/modules/salley/reta/kaitlyn_core/kaitlyn_core.js?marisa HTTP/1.0" 200 200 "https://research.kaitlyn.wl/people/kathryne-zena\Mozilla/5.0 (Windows NT 00.0; Lpl13; z21) AppleWebKit/121.21 (KHTML, like Gecko) Chrome/23.0.0002.52 Safari/121.21"
10.2.129.071 - - [08/Sep/2020:10:03:04 -0400] "GET /misc/walker-html-jacquline-3.5.0-carolann.js?v=1.7.2 HTTP/1.0" 304 - "https://research.kaitlyn.wl/people/kathryne-zena\Mozilla/5.0 (Windows NT 00.0; Lpl13; z21) AppleWebKit/121.21 (KHTML, like Gecko) Chrome/23.0.0002.52 Safari/121.21"
10.2.129.071 - - [08/Sep/2020:10:03:04 -0400] "GET /sites/research.kaitlyn.wl/files/less/rainbow.eulXTGLGE0jKsijxDR4VX0LzuSpdvCgLhBk5H0HUGBB.css?marisa HTTP/1.0" 200 4052 "https://research.kaitlyn.wl/people/kathryne-zena\Mozilla/5.0 (Windows NT 00.0; Lpl13; z21) AppleWebKit/121.21 (KHTML, like Gecko) Chrome/23.0.0002.52 Safari/121.21"
10.2.129.071 - - [08/Sep/2020:10:03:04 -0400] "GET /sites/all/themes/custom/kaitlyn_ken_assets/wilson_navigation/css/ewa_wilson_navigation.css?marisa HTTP/1.0" 200 1174 "https://research.kaitlyn.wl/people/kathryne-zena\Mozilla/5.0 (Windows NT 00.0; Lpl13; z21) AppleWebKit/121.21 (KHTML, like Gecko) Chrome/23.0.0002.52 Safari/121.21"
10.2.129.071 - - [08/Sep/2020:10:03:04 -0400] "GET /sites/all/themes/custom/kaitlyn_ken_assets/global_footer/css/ewa_global_footer.css?marisa HTTP/1.0" 200 00022 "https://research.kaitlyn.wl/people/kathryne-zena\Mozilla/5.0 (Windows NT 00.0; Lpl13; z21) AppleWebKit/121.21 (KHTML, like Gecko) Chrome/23.0.0002.52 Safari/121.21"
10.2.129.071 - - [08/Sep/2020:10:03:04 -0400] "GET /sites/all/themes/custom/kaitlyn_ken_assets/contact_footer/css/ewa_contact_footer.css?marisa HTTP/1.0" 200 2411 "https://research.kaitlyn.wl/people/kathryne-zena\Mozilla/5.0 (Windows NT 00.0; Lpl13; z21) AppleWebKit/121.21 (KHTML, like Gecko) Chrome/23.0.0002.52 Safari/121.21"
10.2.129.071 - - [08/Sep/2020:10:03:04 -0400] "GET /sites/all/themes/custom/kaitlyn_ken_assets/site_id/css/ewa_site_id.css?marisa HTTP/1.0" 200 3030 "https://research.kaitlyn.wl/people/kathryne-zena\Mozilla/5.0 (Windows NT 00.0; Lpl13; z21) AppleWebKit/121.21 (KHTML, like Gecko) Chrome/23.0.0002.52 Safari/121.21"
10.2.129.071 - - [08/Sep/2020:10:03:04 -0400] "GET /sites/all/themes/custom/kaitlyn_ken_assets/global_navigation/css/ewa_global_navigation.css?marisa HTTP/1.0" 200 10231 "https://research.kaitlyn.wl/people/kathryne-zena\Mozilla/5.0 (Windows NT 00.0; Lpl13; z21) AppleWebKit/121.21 (KHTML, like Gecko) Chrome/23.0.0002.52 Safari/121.21"
10.2.129.071 - - [08/Sep/2020:10:03:04 -0400] "GET /sites/all/themes/custom/kaitlyn_ken_assets/back_top/css/ewa_back_top.css?marisa HTTP/1.0" 200 416 "https://research.kaitlyn.wl/people/kathryne-zena\Mozilla/5.0 (Windows NT 00.0; Lpl13; z21) AppleWebKit/121.21 (KHTML, like Gecko) Chrome/23.0.0002.52 Safari/121.21"
10.2.129.071 - - [08/Sep/2020:10:03:04 -0400] "GET /sites/all/themes/custom/kaitlyn_ken_assets/lists/css/ewa_lists.css?marisa HTTP/1.0" 200 5010 "https://research.kaitlyn.wl/people/kathryne-zena\Mozilla/5.0 (Windows NT 00.0; Lpl13; z21) AppleWebKit/121.21 (KHTML, like Gecko) Chrome/23.0.0002.52 Safari/121.21"
10.2.129.071 - - [08/Sep/2020:10:03:04 -0400] "GET /sites/all/themes/custom/kaitlyn_ken_assets/tables/css/ewa_tables.css?marisa HTTP/1.0" 200 121 "https://research.kaitlyn.wl/people/kathryne-zena\Mozilla/5.0 (Windows NT 00.0; Lpl13; z21) AppleWebKit/121.21 (KHTML, like Gecko) Chrome/23.0.0002.52 Safari/121.21"
10.2.129.071 - - [08/Sep/2020:10:03:04 -0400] "GET /sites/all/themes/custom/kaitlyn_ken_assets/forms/css/ewa_forms.css?marisa HTTP/1.0" 200 2100 "https://research.kaitlyn.wl/people/kathryne-zena\Mozilla/5.0 (Windows NT 00.0; Lpl13; z21) AppleWebKit/121.21 (KHTML, like Gecko) Chrome/23.0.0002.52 Safari/121.21"
10.2.129.071 - - [08/Sep/2020:10:03:04 -0400] "GET /sites/all/themes/custom/kaitlyn_ken_assets/typography/css/ewa_typography.css?marisa HTTP/1.0" 200 0473 "https://research.kaitlyn.wl/people/kathryne-zena\Mozilla/5.0 (Windows NT 00.0; Lpl13; z21) AppleWebKit/121.21 (KHTML, like Gecko) Chrome/23.0.0002.52 Safari/121.21"
10.2.129.071 - - [08/Sep/2020:10:03:04 -0400] "GET /sites/all/themes/custom/kaitlyn_ken_assets/base/css/ewa_base.css?marisa HTTP/1.0" 200 1021 "https://research.kaitlyn.wl/people/kathryne-zena\Mozilla/5.0 (Windows NT 00.0; Lpl13; z21) AppleWebKit/121.21 (KHTML, like Gecko) Chrome/23.0.0002.52 Safari/121.21"
10.2.129.071 - - [08/Sep/2020:10:03:04 -0400] "GET /sites/all/themes/custom/kaitlyn_ken/cristine_details/css/wm_cristine_details.css?marisa HTTP/1.0" 200 343 "https://research.kaitlyn.wl/people/kathryne-zena\Mozilla/5.0 (Windows NT 00.0; Lpl13; z21) AppleWebKit/121.21 (KHTML, like Gecko) Chrome/23.0.0002.52 Safari/121.21"
10.2.129.071 - - [08/Sep/2020:10:03:04 -0400] "GET /sites/all/themes/custom/kaitlyn_ken/css/layout/wm_marjorie.css?marisa HTTP/1.0" 200 1013 "https://research.kaitlyn.wl/people/kathryne-zena\Mozilla/5.0 (Windows NT 00.0; Lpl13; z21) AppleWebKit/121.21 (KHTML, like Gecko) Chrome/23.0.0002.52 Safari/121.21"
10.2.129.071 - - [08/Sep/2020:10:03:04 -0400] "GET /sites/research.kaitlyn.wl/files/less/view-modes-common.KWm6D3pauZEZzpiP11DlPsGJ0YV1DhlsLYJqNVkTbDQ.css?marisa HTTP/1.0" 200 0439 "https://research.kaitlyn.wl/people/kathryne-zena\Mozilla/5.0 (Windows NT 00.0; Lpl13; z21) AppleWebKit/121.21 (KHTML, like Gecko) Chrome/23.0.0002.52 Safari/121.21"
10.2.129.071 - - [08/Sep/2020:10:03:04 -0400] "GET /sites/all/themes/custom/kaitlyn_ken/custom_panels/rows_1/kaitlyn_j/kaitlyn_j.css?marisa HTTP/1.0" 200 206 "https://research.kaitlyn.wl/people/kathryne-zena\Mozilla/5.0 (Windows NT 00.0; Lpl13; z21) AppleWebKit/121.21 (KHTML, like Gecko) Chrome/23.0.0002.52 Safari/121.21"
10.2.129.071 - - [08/Sep/2020:10:03:04 -0400] "GET /sites/all/modules/contrib/panels/css/panels.css?marisa HTTP/1.0" 200 034 "https://research.kaitlyn.wl/people/kathryne-zena\Mozilla/5.0 (Windows NT 00.0; Lpl13; z21) AppleWebKit/121.21 (KHTML, like Gecko) Chrome/23.0.0002.52 Safari/121.21"
10.2.129.071 - - [08/Sep/2020:10:03:04 -0400] "GET /sites/all/modules/contrib/ldap/ldap_servers/ldap_servers.admin.css?marisa HTTP/1.0" 200 825 "https://research.kaitlyn.wl/people/kathryne-zena\Mozilla/5.0 (Windows NT 00.0; Lpl13; z21) AppleWebKit/121.21 (KHTML, like Gecko) Chrome/23.0.0002.52 Safari/121.21"
10.2.129.071 - - [08/Sep/2020:10:03:04 -0400] "GET /sites/all/modules/contrib/date/date_popup/themes/antonietta.1.7.css?marisa HTTP/1.0" 200 3320 "https://research.kaitlyn.wl/people/kathryne-zena\Mozilla/5.0 (Windows NT 00.0; Lpl13; z21) AppleWebKit/121.21 (KHTML, like Gecko) Chrome/23.0.0002.52 Safari/121.21"
10.2.129.071 - - [08/Sep/2020:10:03:04 -0400] "GET /modules/system/system.theme.css?marisa HTTP/1.0" 200 3210 "https://research.kaitlyn.wl/people/kathryne-zena\Mozilla/5.0 (Windows NT 00.0; Lpl13; z21) AppleWebKit/121.21 (KHTML, like Gecko) Chrome/23.0.0002.52 Safari/121.21"
