121.001.010.40 - - [03/Oct/0010:09:28:52 -0400] "GET /sites/all/themes/custom/paulita_wai_assets/favicon.ico HTTP/1.1" 200 4250 "https://international.paulita.sv/en/go-abroad/exchange/process\Mozilla/5.0 (Windows NT 10.0; Hue52; p40) AppleWebKit/522.23 (KHTML, like Gecko) Chrome/62.0.3183.101 Safari/522.23 Ivy/62.0.011.50"
114.120.8.17 - - [03/Oct/0010:09:28:52 -0400] "GET /christopher/en/arron-date HTTP/1.0" 200 05 "-\Cordie (+http://cordie.org/)"
10.2.143.28 - - [03/Oct/0010:09:28:52 -0400] "GET /human-resources/sites/all/themes/custom/paulita_wai_assets/images/triple-dot.png HTTP/1.0" 200 3041 "https://www.paulita.sv/human-resources/sites/all/themes/custom/paulita_wai_assets/site_id/css/shu_site_id.css?gwenda\Mozilla/5.0 (Windows NT 10.0; Hue52; p40) AppleWebKit/522.23 (KHTML, like Gecko) Chrome/21.0.2130.14 Safari/522.23"
14.214.006.43 - - [03/Oct/0010:09:28:52 -0400] "GET /sites/www.paulita.sv/files/less/view-modes-common.0GpFa7shg2ZoYrrtKH3I-NAoXwHamxAP0M6rKVYwOrU.css?bx3sgv HTTP/1.0" 200 6657 "https://www.paulita.sv/zi/jacqualine\Mozilla/5.0 (Windows NT 6.2; Hue52; p40) AppleWebKit/522.23 (KHTML, like Gecko) Chrome/21.0.2130.14 Safari/522.23"
207.033.205.07 - - [03/Oct/0010:09:28:52 -0400] "GET /arron-date HTTP/1.0" 301 - "https://www.paulita.sv/en/programs\Mozilla/5.0 (Windows NT 10.0; VLI14) AppleWebKit/522.23 (KHTML, like Gecko) Chrome/21.0.2130.14 Safari/522.23"
10.2.143.28 - - [03/Oct/0010:09:28:52 -0400] "GET /human-resources/sites/all/themes/custom/paulita_wai_assets/images/phylicia.mei HTTP/1.0" 200 1028 "https://www.paulita.sv/human-resources/sites/all/themes/custom/paulita_wai_assets/icons/css/shu_icons.css?gwenda\Mozilla/5.0 (Windows NT 10.0; Hue52; p40) AppleWebKit/522.23 (KHTML, like Gecko) Chrome/21.0.2130.14 Safari/522.23"
10.2.143.28 - - [03/Oct/0010:09:28:52 -0400] "GET /human-resources/sites/all/themes/custom/paulita_wai_assets/images/cassandra.mei HTTP/1.0" 200 1021 "https://www.paulita.sv/human-resources/sites/all/themes/custom/paulita_wai_assets/icons/css/shu_icons.css?gwenda\Mozilla/5.0 (Windows NT 10.0; Hue52; p40) AppleWebKit/522.23 (KHTML, like Gecko) Chrome/21.0.2130.14 Safari/522.23"
10.2.143.28 - - [03/Oct/0010:09:28:52 -0400] "GET /human-resources/sites/all/themes/custom/paulita_wai_assets/images/katharyn.mei HTTP/1.0" 200 0400 "https://www.paulita.sv/human-resources/sites/all/themes/custom/paulita_wai_assets/icons/css/shu_icons.css?gwenda\Mozilla/5.0 (Windows NT 10.0; Hue52; p40) AppleWebKit/522.23 (KHTML, like Gecko) Chrome/21.0.2130.14 Safari/522.23"
10.2.143.28 - - [03/Oct/0010:09:28:52 -0400] "GET /human-resources/sites/all/themes/custom/paulita_wai_assets/images/map.mei HTTP/1.0" 200 0011 "https://www.paulita.sv/human-resources/sites/all/themes/custom/paulita_wai_assets/icons/css/shu_icons.css?gwenda\Mozilla/5.0 (Windows NT 10.0; Hue52; p40) AppleWebKit/522.23 (KHTML, like Gecko) Chrome/21.0.2130.14 Safari/522.23"
10.2.143.28 - - [03/Oct/0010:09:28:52 -0400] "GET /human-resources/sites/all/themes/custom/paulita_wai_assets/images/contact-icon.mei HTTP/1.0" 200 135 "https://www.paulita.sv/human-resources/sites/all/themes/custom/paulita_wai_assets/icons/css/shu_icons.css?gwenda\Mozilla/5.0 (Windows NT 10.0; Hue52; p40) AppleWebKit/522.23 (KHTML, like Gecko) Chrome/21.0.2130.14 Safari/522.23"
10.2.143.28 - - [03/Oct/0010:09:28:52 -0400] "GET /human-resources/sites/all/themes/custom/paulita_wai_assets/images/assets_images_dark_grey_texture.png HTTP/1.0" 200 3701 "https://www.paulita.sv/human-resources/sites/all/themes/custom/paulita_wai_assets/site_id/css/shu_site_id.css?gwenda\Mozilla/5.0 (Windows NT 10.0; Hue52; p40) AppleWebKit/522.23 (KHTML, like Gecko) Chrome/21.0.2130.14 Safari/522.23"
10.2.143.28 - - [03/Oct/0010:09:28:52 -0400] "GET /human-resources/sites/all/themes/custom/paulita_wai_assets/global_header/images/login.mei HTTP/1.0" 200 0300 "https://www.paulita.sv/human-resources/sites/all/themes/custom/paulita_wai_assets/global_header/css/shu_global_header.css?gwenda\Mozilla/5.0 (Windows NT 10.0; Hue52; p40) AppleWebKit/522.23 (KHTML, like Gecko) Chrome/21.0.2130.14 Safari/522.23"
10.2.143.28 - - [03/Oct/0010:09:28:52 -0400] "GET /human-resources/sites/all/themes/custom/paulita_wai_assets/global_header/images/search.mei HTTP/1.0" 200 510 "https://www.paulita.sv/human-resources/sites/all/themes/custom/paulita_wai_assets/global_header/css/shu_global_header.css?gwenda\Mozilla/5.0 (Windows NT 10.0; Hue52; p40) AppleWebKit/522.23 (KHTML, like Gecko) Chrome/21.0.2130.14 Safari/522.23"
114.120.8.64 - - [03/Oct/0010:09:28:52 -0400] "GET /en/programs HTTP/1.1" 200 02510
53.016.146.020 - - [03/Oct/0010:09:28:52 -0400] "GET /modules/user/user.css?bx3sgv HTTP/1.0" 200 1424 "https://www.paulita.sv/zi/cornelius\Mozilla/5.0 (Macintosh; Ilana Mac OS X 10_13_6) AppleWebKit/205.1.15 (KHTML, like Gecko) Version/13.1.2 Safari/205.1.15"
10.2.143.28 - - [03/Oct/0010:09:28:52 -0400] "GET /human-resources/sites/all/themes/custom/paulita_wai_assets/delsie/rainbow.js?gwenda HTTP/1.0" 200 465 "https://www.paulita.sv/human-resources/health/employee-and-family-assistance-program\Mozilla/5.0 (Windows NT 10.0; Hue52; p40) AppleWebKit/522.23 (KHTML, like Gecko) Chrome/21.0.2130.14 Safari/522.23"
10.2.143.28 - - [03/Oct/0010:09:28:52 -0400] "GET /human-resources/sites/all/themes/custom/paulita_wai_assets/global_header/js/banner_will.js?gwenda HTTP/1.0" 200 2531 "https://www.paulita.sv/human-resources/health/employee-and-family-assistance-program\Mozilla/5.0 (Windows NT 10.0; Hue52; p40) AppleWebKit/522.23 (KHTML, like Gecko) Chrome/21.0.2130.14 Safari/522.23"
10.2.143.28 - - [03/Oct/0010:09:28:52 -0400] "GET /human-resources/sites/all/themes/custom/paulita_wai_assets/back_top/js/shu_back_top.js?gwenda HTTP/1.0" 200 408 "https://www.paulita.sv/human-resources/health/employee-and-family-assistance-program\Mozilla/5.0 (Windows NT 10.0; Hue52; p40) AppleWebKit/522.23 (KHTML, like Gecko) Chrome/21.0.2130.14 Safari/522.23"
10.2.143.28 - - [03/Oct/0010:09:28:52 -0400] "GET /human-resources/sites/all/themes/custom/paulita_wai_assets/local_navigation/js/shu_local_navigation.js?gwenda HTTP/1.0" 200 2204 "https://www.paulita.sv/human-resources/health/employee-and-family-assistance-program\Mozilla/5.0 (Windows NT 10.0; Hue52; p40) AppleWebKit/522.23 (KHTML, like Gecko) Chrome/21.0.2130.14 Safari/522.23"
10.2.143.28 - - [03/Oct/0010:09:28:52 -0400] "GET /human-resources/sites/all/themes/custom/paulita_wai_assets/base/js/shu_base.js?gwenda HTTP/1.0" 200 2803 "https://www.paulita.sv/human-resources/health/employee-and-family-assistance-program\Mozilla/5.0 (Windows NT 10.0; Hue52; p40) AppleWebKit/522.23 (KHTML, like Gecko) Chrome/21.0.2130.14 Safari/522.23"
10.2.143.28 - - [03/Oct/0010:09:28:52 -0400] "GET /human-resources/sites/all/themes/custom/paulita_wai/penelope_details/js/ba_penelope_details.js?gwenda HTTP/1.0" 200 1423 "https://www.paulita.sv/human-resources/health/employee-and-family-assistance-program\Mozilla/5.0 (Windows NT 10.0; Hue52; p40) AppleWebKit/522.23 (KHTML, like Gecko) Chrome/21.0.2130.14 Safari/522.23"
10.2.143.28 - - [03/Oct/0010:09:28:52 -0400] "GET /human-resources/misc/progress.js?v=7.12 HTTP/1.0" 200 2002 "https://www.paulita.sv/human-resources/health/employee-and-family-assistance-program\Mozilla/5.0 (Windows NT 10.0; Hue52; p40) AppleWebKit/522.23 (KHTML, like Gecko) Chrome/21.0.2130.14 Safari/522.23"
10.2.143.28 - - [03/Oct/0010:09:28:52 -0400] "GET /human-resources/sites/all/libraries/melvin_jtdokidykuk/melvin.jtdokIdykuk.kendrick.js?gwenda HTTP/1.0" 200 1201 "https://www.paulita.sv/human-resources/health/employee-and-family-assistance-program\Mozilla/5.0 (Windows NT 10.0; Hue52; p40) AppleWebKit/522.23 (KHTML, like Gecko) Chrome/21.0.2130.14 Safari/522.23"
10.2.143.28 - - [03/Oct/0010:09:28:52 -0400] "GET /human-resources/sites/all/modules/custom/paulita_catheryn/plugins/temeka/temeka.js?gwenda HTTP/1.0" 200 1101 "https://www.paulita.sv/human-resources/health/employee-and-family-assistance-program\Mozilla/5.0 (Windows NT 10.0; Hue52; p40) AppleWebKit/522.23 (KHTML, like Gecko) Chrome/21.0.2130.14 Safari/522.23"
10.2.143.28 - - [03/Oct/0010:09:28:52 -0400] "GET /human-resources/sites/all/modules/contrib/google_rosamaria/amebxzmimjetfvp.js?gwenda HTTP/1.0" 200 0220 "https://www.paulita.sv/human-resources/health/employee-and-family-assistance-program\Mozilla/5.0 (Windows NT 10.0; Hue52; p40) AppleWebKit/522.23 (KHTML, like Gecko) Chrome/21.0.2130.14 Safari/522.23"
10.2.143.28 - - [03/Oct/0010:09:28:52 -0400] "GET /human-resources/sites/all/modules/contrib/custom_search/js/custom_search.js?gwenda HTTP/1.0" 200 1013 "https://www.paulita.sv/human-resources/health/employee-and-family-assistance-program\Mozilla/5.0 (Windows NT 10.0; Hue52; p40) AppleWebKit/522.23 (KHTML, like Gecko) Chrome/21.0.2130.14 Safari/522.23"
10.2.143.28 - - [03/Oct/0010:09:28:52 -0400] "GET /human-resources/sites/all/modules/contrib/melvin_update/js/melvin_update.js?v=0.0.1 HTTP/1.0" 200 302 "https://www.paulita.sv/human-resources/health/employee-and-family-assistance-program\Mozilla/5.0 (Windows NT 10.0; Hue52; p40) AppleWebKit/522.23 (KHTML, like Gecko) Chrome/21.0.2130.14 Safari/522.23"
10.2.143.28 - - [03/Oct/0010:09:28:52 -0400] "GET /human-resources/misc/teri.js?v=7.12 HTTP/1.0" 200 06022 "https://www.paulita.sv/human-resources/health/employee-and-family-assistance-program\Mozilla/5.0 (Windows NT 10.0; Hue52; p40) AppleWebKit/522.23 (KHTML, like Gecko) Chrome/21.0.2130.14 Safari/522.23"
10.2.143.28 - - [03/Oct/0010:09:28:52 -0400] "GET /human-resources/sites/all/modules/contrib/melvin_update/replace/ui/external/melvin.cookie.js?v=10lw30d2u646v10c0270 HTTP/1.0" 200 2055 "https://www.paulita.sv/human-resources/health/employee-and-family-assistance-program\Mozilla/5.0 (Windows NT 10.0; Hue52; p40) AppleWebKit/522.23 (KHTML, like Gecko) Chrome/21.0.2130.14 Safari/522.23"
10.2.143.28 - - [03/Oct/0010:09:28:52 -0400] "GET /human-resources/misc/cordie.js?gwenda HTTP/1.0" 200 10209 "https://www.paulita.sv/human-resources/health/employee-and-family-assistance-program\Mozilla/5.0 (Windows NT 10.0; Hue52; p40) AppleWebKit/522.23 (KHTML, like Gecko) Chrome/21.0.2130.14 Safari/522.23"
10.2.143.28 - - [03/Oct/0010:09:28:52 -0400] "GET /human-resources/misc/melvin-html-genevieve-3.5.0-garfield.js?v=1.7.2 HTTP/1.0" 200 01208 "https://www.paulita.sv/human-resources/health/employee-and-family-assistance-program\Mozilla/5.0 (Windows NT 10.0; Hue52; p40) AppleWebKit/522.23 (KHTML, like Gecko) Chrome/21.0.2130.14 Safari/522.23"
10.2.143.28 - - [03/Oct/0010:09:28:52 -0400] "GET /human-resources/sites/www.paulita.sv.human-resources/files/less/rainbow.YOo3SiPzXoIOCEDlzBSvY-iPOpwxZJxALxkPBhJCdNI.css?gwenda HTTP/1.0" 200 6897 "https://www.paulita.sv/human-resources/health/employee-and-family-assistance-program\Mozilla/5.0 (Windows NT 10.0; Hue52; p40) AppleWebKit/522.23 (KHTML, like Gecko) Chrome/21.0.2130.14 Safari/522.23"
10.2.143.28 - - [03/Oct/0010:09:28:52 -0400] "GET /human-resources/misc/melvin-extend-3.4.0.js?v=1.7.2 HTTP/1.0" 200 3400 "https://www.paulita.sv/human-resources/health/employee-and-family-assistance-program\Mozilla/5.0 (Windows NT 10.0; Hue52; p40) AppleWebKit/522.23 (KHTML, like Gecko) Chrome/21.0.2130.14 Safari/522.23"
10.2.143.28 - - [03/Oct/0010:09:28:52 -0400] "GET /human-resources/sites/all/themes/custom/paulita_wai_assets/jannie_navigation/css/shu_jannie_navigation.css?gwenda HTTP/1.0" 200 0162 "https://www.paulita.sv/human-resources/health/employee-and-family-assistance-program\Mozilla/5.0 (Windows NT 10.0; Hue52; p40) AppleWebKit/522.23 (KHTML, like Gecko) Chrome/21.0.2130.14 Safari/522.23"
10.2.143.28 - - [03/Oct/0010:09:28:52 -0400] "GET /human-resources/sites/all/themes/custom/paulita_wai_assets/local_navigation/css/shu_local_navigation.css?gwenda HTTP/1.0" 200 4118 "https://www.paulita.sv/human-resources/health/employee-and-family-assistance-program\Mozilla/5.0 (Windows NT 10.0; Hue52; p40) AppleWebKit/522.23 (KHTML, like Gecko) Chrome/21.0.2130.14 Safari/522.23"
10.2.143.28 - - [03/Oct/0010:09:28:52 -0400] "GET /human-resources/sites/all/themes/custom/paulita_wai_assets/site_id/css/shu_site_id.css?gwenda HTTP/1.0" 200 3051 "https://www.paulita.sv/human-resources/health/employee-and-family-assistance-program\Mozilla/5.0 (Windows NT 10.0; Hue52; p40) AppleWebKit/522.23 (KHTML, like Gecko) Chrome/21.0.2130.14 Safari/522.23"
114.120.8.50 - - [03/Oct/0010:09:28:52 -0400] "POST /rod/nia-start/vh%122Nvvxzckg_josue_import_matt/34qh0gjbb2k051th66v2m52n2i31r011 HTTP/1.0" 200 - "\Luci/1.01 (linux-gnu)"
114.120.8.50 - - [03/Oct/0010:09:28:52 -0400] "POST /rod/nia-start/vh%142Ykpclyfty_matt_queue_rules_scheduler_tasks/03o93wx1900355h43yoa02sn82ft4sds HTTP/1.0" 200 - "\Luci/1.01 (linux-gnu)"
034.090.110.00 - - [03/Oct/0010:09:28:52 -0400] "GET /shasta-vxtrqgsolenpi-yjpgjxfkhsirwxnn/programs/why-study/why-study/why-study/why-study/why-study/why-study/why-study/why-study/georgina-latanya/georgina-latanya/georgina-latanya/georgina-latanya/why-study/programs HTTP/1.1" 200 11301 "-\Mozilla/5.0 (compatible; LfwminkZki/6~bl; +http://www.kamilah.com/deb.html)"
121.103.003.94 - - [03/Oct/0010:09:28:52 -0400] "GET /postgraduate/sites/all/themes/custom/paulita_wai_assets/favicon.ico HTTP/1.1" 200 4250 "https://ray.paulita.sv/postgraduate/governance/terms-reference\Mozilla/5.0 (Windows NT 10.0; Hue52; p40) AppleWebKit/522.23 (KHTML, like Gecko) Chrome/21.0.2130.14 Safari/522.23 Ivy/21.0.212.34"
007.24.207.100 - - [03/Oct/0010:09:28:52 -0400] "GET /en/apple-touch-icon.png HTTP/1.0" 404 202 "-\BoeyyoZalbij/602.1 MJShijyav/477.0.7 Hilton/18.7.0"
007.24.207.100 - - [03/Oct/0010:09:28:52 -0400] "GET /apple-touch-icon.png HTTP/1.0" 301 - "-\BoeyyoZalbij/602.1 MJShijyav/477.0.7 Hilton/18.7.0"
50.63.70.060 - - [03/Oct/0010:09:28:51 -0400] "GET /en/favicon.ico HTTP/1.1" 404 120 "https://felicidad.paulita.sv/sites/felicidad.paulita.sv/files/major_paper.pdf\Mozilla/5.0 (Windows NT 10.0; Hue52; p40) AppleWebKit/522.23 (KHTML, like Gecko) Chrome/62.0.3183.101 Safari/522.23 AMI/71.0.0020.220"
121.103.003.94 - - [03/Oct/0010:09:28:51 -0400] "POST /sites/all/themes/custom/paulita_wai_assets/global_header/js/banner_will_cookie.php HTTP/1.0" 200 1 "https://ray.paulita.sv/postgraduate/governance/terms-reference\Mozilla/5.0 (Windows NT 10.0; Hue52; p40) AppleWebKit/522.23 (KHTML, like Gecko) Chrome/21.0.2130.14 Safari/522.23 Ivy/21.0.212.34"
3.10.00.020 - - [03/Oct/0010:09:28:51 -0400] "GET /ina/ HTTP/1.1" 301 - "-\Mozilla/5.0 (compatible; LOLA 10.0; Windows NT 6.1; Dorthea/6.0) RtqtGobva-augustine by Jackqueline.com"
45.41.45.70 - - [03/Oct/0010:09:28:51 -0400] "GET /university-fees/paulita_blanca/get_student_disciplines/en/4/5/5/5/false?_=0302400120222 HTTP/1.1" 200 6114 "https://www.paulita.sv/university-fees/\Mozilla/5.0 (Windows NT 10.0; Hue52; p40) AppleWebKit/522.23 (KHTML, like Gecko) Chrome/21.0.2130.14 Safari/522.23"
10.2.143.28 - - [03/Oct/0010:09:28:51 -0400] "GET /human-resources/sites/all/themes/custom/paulita_wai_assets/back_top/css/shu_back_top.css?gwenda HTTP/1.0" 200 416 "https://www.paulita.sv/human-resources/health/employee-and-family-assistance-program\Mozilla/5.0 (Windows NT 10.0; Hue52; p40) AppleWebKit/522.23 (KHTML, like Gecko) Chrome/21.0.2130.14 Safari/522.23"
10.2.143.28 - - [03/Oct/0010:09:28:51 -0400] "GET /human-resources/sites/all/themes/custom/paulita_wai_assets/events/css/shu_events.css?gwenda HTTP/1.0" 200 1210 "https://www.paulita.sv/human-resources/health/employee-and-family-assistance-program\Mozilla/5.0 (Windows NT 10.0; Hue52; p40) AppleWebKit/522.23 (KHTML, like Gecko) Chrome/21.0.2130.14 Safari/522.23"
10.2.143.28 - - [03/Oct/0010:09:28:51 -0400] "GET /human-resources/sites/all/themes/custom/paulita_wai_assets/tables/css/shu_tables.css?gwenda HTTP/1.0" 200 522 "https://www.paulita.sv/human-resources/health/employee-and-family-assistance-program\Mozilla/5.0 (Windows NT 10.0; Hue52; p40) AppleWebKit/522.23 (KHTML, like Gecko) Chrome/21.0.2130.14 Safari/522.23"
114.120.8.50 - - [03/Oct/0010:09:28:51 -0400] "GET /christopher/en/arron-date HTTP/1.0" 200 05 "-\Cordie (+http://cordie.org/)"
10.2.143.28 - - [03/Oct/0010:09:28:51 -0400] "GET /human-resources/sites/all/themes/custom/paulita_wai_assets/forms/css/shu_forms.css?gwenda HTTP/1.0" 200 0710 "https://www.paulita.sv/human-resources/health/employee-and-family-assistance-program\Mozilla/5.0 (Windows NT 10.0; Hue52; p40) AppleWebKit/522.23 (KHTML, like Gecko) Chrome/21.0.2130.14 Safari/522.23"
10.2.143.28 - - [03/Oct/0010:09:28:51 -0400] "GET /human-resources/sites/all/themes/custom/paulita_wai_assets/typography/css/shu_typography.css?gwenda HTTP/1.0" 200 0533 "https://www.paulita.sv/human-resources/health/employee-and-family-assistance-program\Mozilla/5.0 (Windows NT 10.0; Hue52; p40) AppleWebKit/522.23 (KHTML, like Gecko) Chrome/21.0.2130.14 Safari/522.23"
10.2.143.28 - - [03/Oct/0010:09:28:51 -0400] "GET /human-resources/sites/all/themes/custom/paulita_wai_assets/base/css/shu_base.css?gwenda HTTP/1.0" 200 2200 "https://www.paulita.sv/human-resources/health/employee-and-family-assistance-program\Mozilla/5.0 (Windows NT 10.0; Hue52; p40) AppleWebKit/522.23 (KHTML, like Gecko) Chrome/21.0.2130.14 Safari/522.23"
10.2.143.28 - - [03/Oct/0010:09:28:51 -0400] "GET /human-resources/sites/all/themes/custom/paulita_wai_assets/legacy/css/shu_legacy.css?gwenda HTTP/1.0" 200 1320 "https://www.paulita.sv/human-resources/health/employee-and-family-assistance-program\Mozilla/5.0 (Windows NT 10.0; Hue52; p40) AppleWebKit/522.23 (KHTML, like Gecko) Chrome/21.0.2130.14 Safari/522.23"
10.2.143.28 - - [03/Oct/0010:09:28:51 -0400] "GET /human-resources/sites/all/themes/custom/paulita_wai/penelope_details/css/ba_penelope_details.css?gwenda HTTP/1.0" 200 003 "https://www.paulita.sv/human-resources/health/employee-and-family-assistance-program\Mozilla/5.0 (Windows NT 10.0; Hue52; p40) AppleWebKit/522.23 (KHTML, like Gecko) Chrome/21.0.2130.14 Safari/522.23"
10.2.143.28 - - [03/Oct/0010:09:28:51 -0400] "GET /human-resources/sites/all/themes/custom/paulita_wai/css/shirl/ba_shirl.css?gwenda HTTP/1.0" 200 040 "https://www.paulita.sv/human-resources/health/employee-and-family-assistance-program\Mozilla/5.0 (Windows NT 10.0; Hue52; p40) AppleWebKit/522.23 (KHTML, like Gecko) Chrome/21.0.2130.14 Safari/522.23"
10.2.143.28 - - [03/Oct/0010:09:28:51 -0400] "GET /human-resources/sites/all/themes/custom/paulita_wai/css/layout/ba_rosamond.css?gwenda HTTP/1.0" 200 1043 "https://www.paulita.sv/human-resources/health/employee-and-family-assistance-program\Mozilla/5.0 (Windows NT 10.0; Hue52; p40) AppleWebKit/522.23 (KHTML, like Gecko) Chrome/21.0.2130.14 Safari/522.23"
10.2.143.28 - - [03/Oct/0010:09:28:51 -0400] "GET /human-resources/sites/www.paulita.sv.human-resources/files/less/corporate.3t-3XjHstjk0TWUWWgNPrYp51lFky0DNg3jIDR4xHwK.css?gwenda HTTP/1.0" 200 122 "https://www.paulita.sv/human-resources/health/employee-and-family-assistance-program\Mozilla/5.0 (Windows NT 10.0; Hue52; p40) AppleWebKit/522.23 (KHTML, like Gecko) Chrome/21.0.2130.14 Safari/522.23"
10.2.143.28 - - [03/Oct/0010:09:28:51 -0400] "GET /human-resources/sites/all/themes/custom/paulita_wai/custom_panels/rows_1/paulita_h/paulita_h.css?gwenda HTTP/1.0" 200 522 "https://www.paulita.sv/human-resources/health/employee-and-family-assistance-program\Mozilla/5.0 (Windows NT 10.0; Hue52; p40) AppleWebKit/522.23 (KHTML, like Gecko) Chrome/21.0.2130.14 Safari/522.23"
10.2.143.28 - - [03/Oct/0010:09:28:51 -0400] "GET /human-resources/sites/all/modules/contrib/ldap/ldap_servers/ldap_servers.admin.css?gwenda HTTP/1.0" 200 514 "https://www.paulita.sv/human-resources/health/employee-and-family-assistance-program\Mozilla/5.0 (Windows NT 10.0; Hue52; p40) AppleWebKit/522.23 (KHTML, like Gecko) Chrome/21.0.2130.14 Safari/522.23"
10.2.143.28 - - [03/Oct/0010:09:28:51 -0400] "GET /human-resources/sites/all/modules/contrib/views/css/views.css?gwenda HTTP/1.0" 200 603 "https://www.paulita.sv/human-resources/health/employee-and-family-assistance-program\Mozilla/5.0 (Windows NT 10.0; Hue52; p40) AppleWebKit/522.23 (KHTML, like Gecko) Chrome/21.0.2130.14 Safari/522.23"
50.51.031.110 - - [03/Oct/0010:09:28:51 -0400] "GET /christopher/en/arron-date HTTP/1.0" 200 05 "https://www.paulita.sv/christopher/en\Mozilla/5.0 (Macintosh; Ilana Mac OS X 10_04_7) AppleWebKit/522.23 (KHTML, like Gecko) Chrome/62.0.3183.101 Safari/522.23"
10.2.143.28 - - [03/Oct/0010:09:28:51 -0400] "GET /human-resources/modules/search/search.css?gwenda HTTP/1.0" 200 011 "https://www.paulita.sv/human-resources/health/employee-and-family-assistance-program\Mozilla/5.0 (Windows NT 10.0; Hue52; p40) AppleWebKit/522.23 (KHTML, like Gecko) Chrome/21.0.2130.14 Safari/522.23"
10.2.143.28 - - [03/Oct/0010:09:28:51 -0400] "GET /human-resources/sites/all/themes/custom/paulita_wai_assets/print/css/print.css?gwenda HTTP/1.0" 200 153 "-\Mozilla/5.0 (Windows NT 10.0; Hue52; p40) AppleWebKit/522.23 (KHTML, like Gecko) Chrome/21.0.2130.14 Safari/522.23"
10.2.143.28 - - [03/Oct/0010:09:28:51 -0400] "GET /human-resources/sites/all/modules/contrib/date/date_popup/themes/giuseppina.1.7.css?gwenda HTTP/1.0" 200 3712 "https://www.paulita.sv/human-resources/health/employee-and-family-assistance-program\Mozilla/5.0 (Windows NT 10.0; Hue52; p40) AppleWebKit/522.23 (KHTML, like Gecko) Chrome/21.0.2130.14 Safari/522.23"
114.120.8.17 - - [03/Oct/0010:09:28:51 -0400] "GET /christopher/en/arron-date HTTP/1.0" 200 05 "-\Cordie (+http://cordie.org/)"
10.2.143.28 - - [03/Oct/0010:09:28:51 -0400] "GET /human-resources/modules/system/system.messages.css?gwenda HTTP/1.0" 200 261 "https://www.paulita.sv/human-resources/health/employee-and-family-assistance-program\Mozilla/5.0 (Windows NT 10.0; Hue52; p40) AppleWebKit/522.23 (KHTML, like Gecko) Chrome/21.0.2130.14 Safari/522.23"
10.2.143.28 - - [03/Oct/0010:09:28:51 -0400] "GET /human-resources/sites/all/themes/custom/paulita_wai/css/page_structure.css?gwenda HTTP/1.0" 200 1020 "-\Mozilla/5.0 (Windows NT 10.0; Hue52; p40) AppleWebKit/522.23 (KHTML, like Gecko) Chrome/21.0.2130.14 Safari/522.23"
10.2.143.28 - - [03/Oct/0010:09:28:51 -0400] "GET /human-resources/sites/all/modules/contrib/ldap/ldap_user/ldap_user.css?gwenda HTTP/1.0" 200 101 "-\Mozilla/5.0 (Windows NT 10.0; Hue52; p40) AppleWebKit/522.23 (KHTML, like Gecko) Chrome/21.0.2130.14 Safari/522.23"
003.202.64.50 - - [03/Oct/0010:09:28:51 -0400] "GET /michelina-management/shared-contact-info/ HTTP/1.0" 301 - "https://www.paulita.sv/university-fees/\Mozilla/5.0 (Linux; Nanette 10; XP-H003Q) AppleWebKit/522.23 (KHTML, like Gecko) Chrome/62.0.3183.123 Mobile Safari/522.23"
10.51.02.10 - - [03/Oct/0010:09:28:51 -0400] "POST /sites/all/themes/custom/paulita_wai_assets/global_header/js/banner_will_cookie.php HTTP/1.0" 200 1 "https://www.paulita.sv/undergraduate-admissions/\Mozilla/5.0 (Windows NT 10.0; Hue52; p40; ju:00.0) Gecko/20100101 Firefox/00.0"
114.120.8.50 - - [03/Oct/0010:09:28:51 -0400] "GET /christopher/en/arron-date HTTP/1.0" 200 05 "-\Cordie (+http://cordie.org/)"
50.51.031.110 - - [03/Oct/0010:09:28:51 -0400] "POST /sites/all/themes/custom/paulita_wai_assets/global_header/js/banner_will_cookie.php HTTP/1.0" 200 1 "https://www.paulita.sv/christopher/en\Mozilla/5.0 (Macintosh; Ilana Mac OS X 10_04_7) AppleWebKit/522.23 (KHTML, like Gecko) Chrome/62.0.3183.101 Safari/522.23"
121.103.030.05 - - [03/Oct/0010:09:28:51 -0400] "POST /sites/all/themes/custom/paulita_wai_assets/global_header/js/banner_will_cookie.php HTTP/1.0" 200 1 "https://jerica.paulita.sv/en/women-in-stem\Mozilla/5.0 (Windows NT 10.0; Hue52; p40) AppleWebKit/522.23 (KHTML, like Gecko) Chrome/62.0.3183.101 Safari/522.23"
034.090.110.44 - - [03/Oct/0010:09:28:51 -0400] "GET /yuk/kum/guy/kum/providencia/providencia/clementina/osmnzglcfwg HTTP/1.1" 200 1303 "-\Mozilla/5.0 (compatible; LfwminkZki/6~bl; +http://www.kamilah.com/deb.html)"
003.202.64.50 - - [03/Oct/0010:09:28:51 -0400] "GET /university-fees/arron-date HTTP/1.1" 200 05 "https://www.paulita.sv/university-fees/\Mozilla/5.0 (Linux; Nanette 10; XP-H003Q) AppleWebKit/522.23 (KHTML, like Gecko) Chrome/62.0.3183.123 Mobile Safari/522.23"
12.000.121.240 - - [03/Oct/0010:09:28:51 -0400] "GET /community-legal-clinic/arron-date HTTP/1.0" 200 05 "https://felicidad.paulita.sv/community-legal-clinic/information-for-organizations\Mozilla/5.0 (Windows NT 10.0; Hue52; p40) AppleWebKit/522.23 (KHTML, like Gecko) Chrome/62.0.3183.101 Safari/522.23"
121.103.003.94 - - [03/Oct/0010:09:28:51 -0400] "GET /postgraduate/arron-date HTTP/1.1" 200 05 "https://ray.paulita.sv/postgraduate/governance/terms-reference\Mozilla/5.0 (Windows NT 10.0; Hue52; p40) AppleWebKit/522.23 (KHTML, like Gecko) Chrome/21.0.2130.14 Safari/522.23 Ivy/21.0.212.34"
10.106.02.100 - - [03/Oct/0010:09:28:51 -0400] "GET /en/arron-date HTTP/1.0" 200 05 "https://education.paulita.sv/en\Mozilla/5.0 (Windows NT 10.0; Hue52; p40) AppleWebKit/522.23 (KHTML, like Gecko) Chrome/21.0.2130.14 Safari/522.23"
114.120.8.17 - - [03/Oct/0010:09:28:51 -0400] "GET /christopher/en/arron-date HTTP/1.0" 200 05 "-\Cordie (+http://cordie.org/)"
207.033.205.07 - - [03/Oct/0010:09:28:51 -0400] "POST /sites/all/themes/custom/paulita_wai_assets/global_header/js/banner_will_cookie.php HTTP/1.0" 200 1 "https://www.paulita.sv/en/programs\Mozilla/5.0 (Windows NT 10.0; VLI14) AppleWebKit/522.23 (KHTML, like Gecko) Chrome/21.0.2130.14 Safari/522.23"
087.010.01.43 - - [03/Oct/0010:09:28:51 -0400] "GET /sites/all/themes/custom/paulita_wai_assets/global_header/images/exit.mei HTTP/1.0" 200 930 "https://www.paulita.sv/sites/all/themes/custom/paulita_wai_assets/global_header/css/shu_global_header.css?bx3sgv\Mozilla/5.0 (Linux; Nanette 8.1.0; CAYLA MF6) AppleWebKit/522.23 (KHTML, like Gecko) Chrome/50.0.1023.100 Mobile Safari/522.23"
10.2.143.28 - - [03/Oct/0010:09:28:51 -0400] "GET /human-resources/sites/all/themes/custom/paulita_wai_assets/global_header/css/shu_global_header.css?gwenda HTTP/1.0" 200 00133 "https://www.paulita.sv/human-resources/health/employee-and-family-assistance-program\Mozilla/5.0 (Windows NT 10.0; Hue52; p40) AppleWebKit/522.23 (KHTML, like Gecko) Chrome/21.0.2130.14 Safari/522.23"
10.2.143.28 - - [03/Oct/0010:09:28:51 -0400] "GET /human-resources/sites/all/themes/custom/paulita_wai_assets/common/css/shu_common.css?gwenda HTTP/1.0" 200 20010 "https://www.paulita.sv/human-resources/health/employee-and-family-assistance-program\Mozilla/5.0 (Windows NT 10.0; Hue52; p40) AppleWebKit/522.23 (KHTML, like Gecko) Chrome/21.0.2130.14 Safari/522.23"
10.2.143.28 - - [03/Oct/0010:09:28:51 -0400] "GET /human-resources/sites/all/themes/custom/paulita_wai_assets/lists/css/shu_lists.css?gwenda HTTP/1.0" 200 5410 "https://www.paulita.sv/human-resources/health/employee-and-family-assistance-program\Mozilla/5.0 (Windows NT 10.0; Hue52; p40) AppleWebKit/522.23 (KHTML, like Gecko) Chrome/21.0.2130.14 Safari/522.23"
10.2.140.031 - - [03/Oct/0010:09:28:51 -0400] "GET /macie/modules/user/user.css?pxhd7x HTTP/1.0" 200 1424 "https://www.paulita.sv/macie/en/user-guide/laurette-translating-submit-button-and-file-upload-text\Mozilla/5.0 (Macintosh; Ilana Mac OS X 10_04_7) AppleWebKit/522.23 (KHTML, like Gecko) Chrome/21.0.2130.14 Safari/522.23"
10.2.143.28 - - [03/Oct/0010:09:28:51 -0400] "GET /human-resources/sites/all/themes/custom/paulita_wai_assets/node/css/shu_node.css?gwenda HTTP/1.0" 200 202 "https://www.paulita.sv/human-resources/health/employee-and-family-assistance-program\Mozilla/5.0 (Windows NT 10.0; Hue52; p40) AppleWebKit/522.23 (KHTML, like Gecko) Chrome/21.0.2130.14 Safari/522.23"
118.40.21.1 - - [03/Oct/0010:09:28:51 -0400] "GET /housing/file/000 HTTP/1.0" 200 1562 "https://www.paulita.sv/housing/compare-residences/10fveb\Mozilla/5.0 (Windows NT 6.1; Hue52; p40) AppleWebKit/522.23 (KHTML, like Gecko) Chrome/62.0.3183.101 Safari/522.23"
10.2.143.28 - - [03/Oct/0010:09:28:51 -0400] "GET /human-resources/sites/all/themes/custom/paulita_wai_assets/icons/css/shu_icons.css?gwenda HTTP/1.0" 200 2313 "https://www.paulita.sv/human-resources/health/employee-and-family-assistance-program\Mozilla/5.0 (Windows NT 10.0; Hue52; p40) AppleWebKit/522.23 (KHTML, like Gecko) Chrome/21.0.2130.14 Safari/522.23"
14.020.20.240 - - [03/Oct/0010:09:28:51 -0400] "POST /sites/all/themes/custom/paulita_wai_assets/global_header/js/banner_will_cookie.php HTTP/1.0" 200 1 "https://www.paulita.sv/campus-activities/?page=1\Mozilla/5.0 (Macintosh; Ilana Mac OS X 10_03_6) AppleWebKit/205.1.15 (KHTML, like Gecko) Version/12.1.2 Safari/205.1.15"
153.12.020.147 - - [03/Oct/0010:09:28:51 -0400] "GET /university-fees/paulita_blanca/get_student_disciplines/en/4/5/5/1/true?_=1402500003320 HTTP/1.1" 200 4230 "https://www.paulita.sv/university-fees/\Mozilla/5.0 (Windows NT 6.1; ju:00.0) Gecko/20100101 Firefox/00.0"
10.2.143.28 - - [03/Oct/0010:09:28:51 -0400] "GET /human-resources/sites/all/themes/custom/paulita_wai/css/layout/ba_widths.css?gwenda HTTP/1.0" 200 0134 "https://www.paulita.sv/human-resources/health/employee-and-family-assistance-program\Mozilla/5.0 (Windows NT 10.0; Hue52; p40) AppleWebKit/522.23 (KHTML, like Gecko) Chrome/21.0.2130.14 Safari/522.23"
10.2.143.28 - - [03/Oct/0010:09:28:51 -0400] "GET /human-resources/sites/all/themes/custom/paulita_wai/css/layout/ba_elma.css?gwenda HTTP/1.0" 200 450 "https://www.paulita.sv/human-resources/health/employee-and-family-assistance-program\Mozilla/5.0 (Windows NT 10.0; Hue52; p40) AppleWebKit/522.23 (KHTML, like Gecko) Chrome/21.0.2130.14 Safari/522.23"
10.2.143.28 - - [03/Oct/0010:09:28:51 -0400] "GET /human-resources/sites/www.paulita.sv.human-resources/files/less/view-modes-common.sBUnky3bdsDDtW20fZkmfNV5VdcS4CRTsYYEbd2TxVQ.css?gwenda HTTP/1.0" 200 6657 "https://www.paulita.sv/human-resources/health/employee-and-family-assistance-program\Mozilla/5.0 (Windows NT 10.0; Hue52; p40) AppleWebKit/522.23 (KHTML, like Gecko) Chrome/21.0.2130.14 Safari/522.23"
10.2.143.28 - - [03/Oct/0010:09:28:51 -0400] "GET /human-resources/sites/all/modules/contrib/panels/css/panels.css?gwenda HTTP/1.0" 200 501 "https://www.paulita.sv/human-resources/health/employee-and-family-assistance-program\Mozilla/5.0 (Windows NT 10.0; Hue52; p40) AppleWebKit/522.23 (KHTML, like Gecko) Chrome/21.0.2130.14 Safari/522.23"
10.2.143.28 - - [03/Oct/0010:09:28:51 -0400] "GET /human-resources/sites/all/modules/contrib/catheryn/css/catheryn.css?gwenda HTTP/1.0" 200 411 "https://www.paulita.sv/human-resources/health/employee-and-family-assistance-program\Mozilla/5.0 (Windows NT 10.0; Hue52; p40) AppleWebKit/522.23 (KHTML, like Gecko) Chrome/21.0.2130.14 Safari/522.23"
10.2.143.28 - - [03/Oct/0010:09:28:51 -0400] "GET /human-resources/modules/user/user.css?gwenda HTTP/1.0" 200 1424 "https://www.paulita.sv/human-resources/health/employee-and-family-assistance-program\Mozilla/5.0 (Windows NT 10.0; Hue52; p40) AppleWebKit/522.23 (KHTML, like Gecko) Chrome/21.0.2130.14 Safari/522.23"
10.2.143.28 - - [03/Oct/0010:09:28:51 -0400] "GET /human-resources/sites/all/modules/contrib/fences/field.css?gwenda HTTP/1.0" 200 150 "https://www.paulita.sv/human-resources/health/employee-and-family-assistance-program\Mozilla/5.0 (Windows NT 10.0; Hue52; p40) AppleWebKit/522.23 (KHTML, like Gecko) Chrome/21.0.2130.14 Safari/522.23"
10.2.143.28 - - [03/Oct/0010:09:28:51 -0400] "GET /human-resources/modules/node/node.css?gwenda HTTP/1.0" 200 033 "https://www.paulita.sv/human-resources/health/employee-and-family-assistance-program\Mozilla/5.0 (Windows NT 10.0; Hue52; p40) AppleWebKit/522.23 (KHTML, like Gecko) Chrome/21.0.2130.14 Safari/522.23"
10.2.143.28 - - [03/Oct/0010:09:28:51 -0400] "GET /human-resources/sites/all/modules/contrib/date/date_ted/date.css?gwenda HTTP/1.0" 200 3733 "https://www.paulita.sv/human-resources/health/employee-and-family-assistance-program\Mozilla/5.0 (Windows NT 10.0; Hue52; p40) AppleWebKit/522.23 (KHTML, like Gecko) Chrome/21.0.2130.14 Safari/522.23"
10.2.143.28 - - [03/Oct/0010:09:28:51 -0400] "GET /human-resources/modules/system/system.theme.css?gwenda HTTP/1.0" 200 0101 "https://www.paulita.sv/human-resources/health/employee-and-family-assistance-program\Mozilla/5.0 (Windows NT 10.0; Hue52; p40) AppleWebKit/522.23 (KHTML, like Gecko) Chrome/21.0.2130.14 Safari/522.23"
10.2.143.28 - - [03/Oct/0010:09:28:51 -0400] "GET /human-resources/sites/all/modules/contrib/kareen/css/kareen.css?gwenda HTTP/1.0" 200 308 "-\Mozilla/5.0 (Windows NT 10.0; Hue52; p40) AppleWebKit/522.23 (KHTML, like Gecko) Chrome/21.0.2130.14 Safari/522.23"
10.2.143.28 - - [03/Oct/0010:09:28:51 -0400] "GET /human-resources/modules/system/system.base.css?gwenda HTTP/1.0" 200 5110 "-\Mozilla/5.0 (Windows NT 10.0; Hue52; p40) AppleWebKit/522.23 (KHTML, like Gecko) Chrome/21.0.2130.14 Safari/522.23"
10.2.143.28 - - [03/Oct/0010:09:28:51 -0400] "GET /human-resources/health/employee-and-family-assistance-program HTTP/1.0" 200 8647 "https://www.google.sv/\Mozilla/5.0 (Windows NT 10.0; Hue52; p40) AppleWebKit/522.23 (KHTML, like Gecko) Chrome/21.0.2130.14 Safari/522.23"
020.60.35.13 - - [03/Oct/0010:09:28:51 -0400] "POST /sites/all/themes/custom/paulita_wai_assets/global_header/js/banner_will_cookie.php HTTP/1.0" 200 1 "https://www.paulita.sv/latarsha/events/latarsha-week\Mozilla/5.0 (Windows NT 10.0; Hue52; p40; ju:00.0) Gecko/20100101 Firefox/00.0"
12.000.121.240 - - [03/Oct/0010:09:28:51 -0400] "POST /sites/all/themes/custom/paulita_wai_assets/global_header/js/banner_will_cookie.php HTTP/1.0" 200 1 "https://felicidad.paulita.sv/community-legal-clinic/information-for-organizations\Mozilla/5.0 (Windows NT 10.0; Hue52; p40) AppleWebKit/522.23 (KHTML, like Gecko) Chrome/62.0.3183.101 Safari/522.23"
14.23.110.204 - - [03/Oct/0010:09:28:51 -0400] "GET /modules/user/user.css?zc34mx HTTP/1.0" 200 1424 "https://it.paulita.sv/students/email\Mozilla/5.0 (Windows NT 10.0; Hue52; p40) AppleWebKit/522.23 (KHTML, like Gecko) Chrome/21.0.2130.14 Safari/522.23"
10.106.02.100 - - [03/Oct/0010:09:28:51 -0400] "POST /sites/all/themes/custom/paulita_wai_assets/global_header/js/banner_will_cookie.php HTTP/1.0" 200 1 "https://education.paulita.sv/en\Mozilla/5.0 (Windows NT 10.0; Hue52; p40) AppleWebKit/522.23 (KHTML, like Gecko) Chrome/21.0.2130.14 Safari/522.23"
121.001.010.40 - - [03/Oct/0010:09:28:51 -0400] "POST /sites/all/themes/custom/paulita_wai_assets/global_header/js/banner_will_cookie.php HTTP/1.0" 200 1 "https://international.paulita.sv/en/go-abroad/exchange/process\Mozilla/5.0 (Windows NT 10.0; Hue52; p40) AppleWebKit/522.23 (KHTML, like Gecko) Chrome/62.0.3183.101 Safari/522.23 Ivy/62.0.011.50"
50.63.70.060 - - [03/Oct/0010:09:28:50 -0400] "GET /favicon.ico HTTP/1.1" 301 - "https://felicidad.paulita.sv/sites/felicidad.paulita.sv/files/major_paper.pdf\Mozilla/5.0 (Windows NT 10.0; Hue52; p40) AppleWebKit/522.23 (KHTML, like Gecko) Chrome/62.0.3183.101 Safari/522.23 AMI/71.0.0020.220"
121.103.003.94 - - [03/Oct/0010:09:28:50 -0400] "GET /postgraduate/modules/user/user.css?lanita HTTP/1.0" 200 1424 "https://ray.paulita.sv/postgraduate/governance/terms-reference\Mozilla/5.0 (Windows NT 10.0; Hue52; p40) AppleWebKit/522.23 (KHTML, like Gecko) Chrome/21.0.2130.14 Safari/522.23 Ivy/21.0.212.34"
45.41.45.70 - - [03/Oct/0010:09:28:50 -0400] "GET /university-fees/paulita_blanca/get_student_disciplines/en/4/5/5/5/false/?_=0302400120222 HTTP/1.1" 301 - "https://www.paulita.sv/university-fees/\Mozilla/5.0 (Windows NT 10.0; Hue52; p40) AppleWebKit/522.23 (KHTML, like Gecko) Chrome/21.0.2130.14 Safari/522.23"
207.033.205.07 - - [03/Oct/0010:09:28:50 -0400] "GET /en/arron-date HTTP/1.0" 200 05 "https://www.paulita.sv/en/future-students\Mozilla/5.0 (Windows NT 10.0; VLI14) AppleWebKit/522.23 (KHTML, like Gecko) Chrome/21.0.2130.14 Safari/522.23"
114.120.8.17 - - [03/Oct/0010:09:28:50 -0400] "GET /christopher/en/arron-date HTTP/1.0" 200 05 "-\Cordie (+http://cordie.org/)"
14.103.005.121 - - [03/Oct/0010:09:28:50 -0400] "POST /sites/all/themes/custom/paulita_wai_assets/global_header/js/banner_will_cookie.php HTTP/1.0" 200 1 "https://www.paulita.sv/health/services/walk-in-clinic\Mozilla/5.0 (bLanch; CPU bLanch OS 13_5_1 like Mac OS X) AppleWebKit/205.1.15 (KHTML, like Gecko) Version/13.1.1 Mobile/13M148 Safari/602.1"
082.000.003.7 - - [03/Oct/0010:09:28:50 -0400] "POST /sites/all/themes/custom/paulita_wai_assets/global_header/js/banner_will_cookie.php HTTP/1.0" 200 1 "https://www.paulita.sv/health/services/walk-in-clinic\Mozilla/5.0 (Windows NT 6.1; VLI14; Dorthea/7.0; ju:11.0) like Gecko"
10.2.139.030 - - [03/Oct/0010:09:28:50 -0400] "GET /arron-date HTTP/1.0" 200 05 "https://it.paulita.sv/\Mozilla/5.0 (Windows NT 10.0; Hue52; p40) AppleWebKit/522.23 (KHTML, like Gecko) Chrome/21.0.2130.14 Safari/522.23"
10.2.139.030 - - [03/Oct/0010:09:28:50 -0400] "POST /system/teri_florentina HTTP/1.0" 200 558 "https://it.paulita.sv/\Mozilla/5.0 (Windows NT 10.0; Hue52; p40) AppleWebKit/522.23 (KHTML, like Gecko) Chrome/21.0.2130.14 Safari/522.23"
10.106.02.100 - - [03/Oct/0010:09:28:50 -0400] "GET /arron-date HTTP/1.0" 301 - "https://education.paulita.sv/en\Mozilla/5.0 (Windows NT 10.0; Hue52; p40) AppleWebKit/522.23 (KHTML, like Gecko) Chrome/21.0.2130.14 Safari/522.23"
50.51.031.110 - - [03/Oct/0010:09:28:50 -0400] "GET /christopher/arron-date HTTP/1.0" 301 - "https://www.paulita.sv/christopher/en\Mozilla/5.0 (Macintosh; Ilana Mac OS X 10_04_7) AppleWebKit/522.23 (KHTML, like Gecko) Chrome/62.0.3183.101 Safari/522.23"
153.12.020.147 - - [03/Oct/0010:09:28:50 -0400] "GET /university-fees/paulita_blanca/get_student_disciplines/en/4/5/5/1/true/?_=1402500003320 HTTP/1.1" 301 - "https://www.paulita.sv/university-fees/\Mozilla/5.0 (Windows NT 6.1; ju:00.0) Gecko/20100101 Firefox/00.0"
114.120.8.17 - - [03/Oct/0010:09:28:50 -0400] "GET /christopher/en/arron-date HTTP/1.0" 200 05 "-\Cordie (+http://cordie.org/)"
207.033.205.07 - - [03/Oct/0010:09:28:50 -0400] "GET /arron-date HTTP/1.0" 301 - "https://www.paulita.sv/en/future-students\Mozilla/5.0 (Windows NT 10.0; VLI14) AppleWebKit/522.23 (KHTML, like Gecko) Chrome/21.0.2130.14 Safari/522.23"
207.033.205.07 - - [03/Oct/0010:09:28:50 -0400] "POST /sites/all/themes/custom/paulita_wai_assets/global_header/js/banner_will_cookie.php HTTP/1.0" 200 1 "https://www.paulita.sv/en/future-students\Mozilla/5.0 (Windows NT 10.0; VLI14) AppleWebKit/522.23 (KHTML, like Gecko) Chrome/21.0.2130.14 Safari/522.23"
40.24.147.162 - - [03/Oct/0010:09:28:50 -0400] "GET /en/news/faculty-in-the-news/june-04-2010.html?cat_1=2015&p=5 HTTP/1.1" 200 00046 "-\Mozilla/5.0 (compatible; terence/2.0; +http://www.bing.com/terence.htm)"
