25.103.02.23 - - [07/Oct/0010:09:28:52 -0400] "GET /ethics/sites/all/themes/custom/martina_ray_assets/legacy/css/hui_legacy.css?zxo10b HTTP/1.1" 200 2120 "https://johnathan.martina.vk/ethics/maryalice/arianne-dee\Mozilla/5.0 (Linux; Roberta 6.0.1; Alice 3B Build/PFE27X) AppleWebKit/110.21 (KHTML, like Gecko) Chrome/84.0.2152.130 Mobile Safari/110.21 (compatible; Margarito/2.1; +http://www.google.com/sau.html)"
000.191.131.20 - - [07/Oct/0010:09:28:52 -0400] "GET /university-fees/jimmy-date HTTP/1.0" 200 15 "https://www.martina.vk/university-fees/\Mozilla/5.0 (fUmiko; CPU fUmiko OS 00_0_1 like Mac OS X) AppleWebKit/203.1.15 (KHTML, like Gecko) Version/00.0 Mobile/14T015 Safari/001.1"
023.012.8.10 - - [07/Oct/0010:09:28:52 -0400] "GET /charlesetta/en/jimmy-date HTTP/1.0" 200 15 "-\Sherly (+http://sherly.org/)"
10.52.11.03 - - [07/Oct/0010:09:28:52 -0400] "GET /university-fees/martina_maisie/get_student_disciplines/en/4/5/5/5/false/?_=1203012002663 HTTP/1.1" 301 - "https://www.martina.vk/university-fees/\Mozilla/5.0 (Macintosh; Arden Mac OS X 00_10_6) AppleWebKit/110.21 (KHTML, like Gecko) Chrome/54.0.0120.10 Safari/110.21"
23.103.41.000 - - [07/Oct/0010:09:28:52 -0400] "GET /jimmy-date HTTP/1.0" 301 - "https://www.martina.vk/en/pennie-relations\Mozilla/5.0 (Windows NT 00.0; Nra04; r60) AppleWebKit/110.21 (KHTML, like Gecko) Chrome/54.0.0120.40 Safari/110.21"
023.012.8.10 - - [07/Oct/0010:09:28:52 -0400] "GET /charlesetta/en/jimmy-date HTTP/1.0" 200 15 "-\Sherly (+http://sherly.org/)"
023.012.8.02 - - [07/Oct/0010:09:28:52 -0400] "GET /charlesetta/en/jimmy-date HTTP/1.0" 200 15 "-\Sherly (+http://sherly.org/)"
23.103.41.000 - - [07/Oct/0010:09:28:52 -0400] "GET /sites/all/themes/custom/martina_ray_assets/google_fonts/js/hui_google_fonts.js?meo2n1 HTTP/1.0" 200 320 "https://www.martina.vk/en/pennie-relations\Mozilla/5.0 (Windows NT 00.0; Nra04; r60) AppleWebKit/110.21 (KHTML, like Gecko) Chrome/54.0.0120.40 Safari/110.21"
23.103.41.000 - - [07/Oct/0010:09:28:52 -0400] "GET /sites/all/themes/custom/martina_ray_assets/susann/rainbow.js?meo2n1 HTTP/1.0" 200 373 "https://www.martina.vk/en/pennie-relations\Mozilla/5.0 (Windows NT 00.0; Nra04; r60) AppleWebKit/110.21 (KHTML, like Gecko) Chrome/54.0.0120.40 Safari/110.21"
23.103.41.000 - - [07/Oct/0010:09:28:52 -0400] "GET /sites/all/themes/custom/martina_ray_assets/elna_home/js/hui_elna_home.js?meo2n1 HTTP/1.0" 200 0140 "https://www.martina.vk/en/pennie-relations\Mozilla/5.0 (Windows NT 00.0; Nra04; r60) AppleWebKit/110.21 (KHTML, like Gecko) Chrome/54.0.0120.40 Safari/110.21"
23.103.41.000 - - [07/Oct/0010:09:28:52 -0400] "GET /sites/all/themes/custom/martina_ray_assets/local_navigation/js/hui_local_navigation.js?meo2n1 HTTP/1.0" 200 0322 "https://www.martina.vk/en/pennie-relations\Mozilla/5.0 (Windows NT 00.0; Nra04; r60) AppleWebKit/110.21 (KHTML, like Gecko) Chrome/54.0.0120.40 Safari/110.21"
23.103.41.000 - - [07/Oct/0010:09:28:52 -0400] "GET /sites/all/themes/custom/martina_ray_assets/global_header/js/hui_global_header.js?meo2n1 HTTP/1.0" 200 10215 "https://www.martina.vk/en/pennie-relations\Mozilla/5.0 (Windows NT 00.0; Nra04; r60) AppleWebKit/110.21 (KHTML, like Gecko) Chrome/54.0.0120.40 Safari/110.21"
23.103.41.000 - - [07/Oct/0010:09:28:52 -0400] "GET /sites/all/libraries/jimmie_ujqbidwjpwe/jimmie.ujqbiDwjpwe.benjamin.js?meo2n1 HTTP/1.0" 200 0221 "https://www.martina.vk/en/pennie-relations\Mozilla/5.0 (Windows NT 00.0; Nra04; r60) AppleWebKit/110.21 (KHTML, like Gecko) Chrome/54.0.0120.40 Safari/110.21"
23.103.41.000 - - [07/Oct/0010:09:28:52 -0400] "GET /sites/all/libraries/jimmie_mobile/jimmie.mobile.custom.min.js?meo2n1 HTTP/1.0" 200 03051 "https://www.martina.vk/en/pennie-relations\Mozilla/5.0 (Windows NT 00.0; Nra04; r60) AppleWebKit/110.21 (KHTML, like Gecko) Chrome/54.0.0120.40 Safari/110.21"
23.103.41.000 - - [07/Oct/0010:09:28:52 -0400] "GET /sites/all/modules/custom/user_actions/user_actions.js?meo2n1 HTTP/1.0" 200 420 "https://www.martina.vk/en/pennie-relations\Mozilla/5.0 (Windows NT 00.0; Nra04; r60) AppleWebKit/110.21 (KHTML, like Gecko) Chrome/54.0.0120.40 Safari/110.21"
23.103.41.000 - - [07/Oct/0010:09:28:52 -0400] "GET /sites/all/modules/contrib/google_sharmaine/ztyfyivocvobmmx.js?meo2n1 HTTP/1.0" 200 5020 "https://www.martina.vk/en/pennie-relations\Mozilla/5.0 (Windows NT 00.0; Nra04; r60) AppleWebKit/110.21 (KHTML, like Gecko) Chrome/54.0.0120.40 Safari/110.21"
23.103.41.000 - - [07/Oct/0010:09:28:52 -0400] "GET /sites/all/themes/custom/martina_ray_assets/elna_home/css/hui_elna_home.css?meo2n1 HTTP/1.0" 200 10023 "https://www.martina.vk/en/pennie-relations\Mozilla/5.0 (Windows NT 00.0; Nra04; r60) AppleWebKit/110.21 (KHTML, like Gecko) Chrome/54.0.0120.40 Safari/110.21"
23.103.41.000 - - [07/Oct/0010:09:28:52 -0400] "GET /sites/all/themes/custom/martina_ray_assets/global_footer/css/hui_global_footer.css?meo2n1 HTTP/1.0" 200 00010 "https://www.martina.vk/en/pennie-relations\Mozilla/5.0 (Windows NT 00.0; Nra04; r60) AppleWebKit/110.21 (KHTML, like Gecko) Chrome/54.0.0120.40 Safari/110.21"
23.103.41.000 - - [07/Oct/0010:09:28:52 -0400] "GET /sites/all/themes/custom/martina_ray_assets/contact_footer/css/hui_contact_footer.css?meo2n1 HTTP/1.0" 200 1652 "https://www.martina.vk/en/pennie-relations\Mozilla/5.0 (Windows NT 00.0; Nra04; r60) AppleWebKit/110.21 (KHTML, like Gecko) Chrome/54.0.0120.40 Safari/110.21"
23.103.41.000 - - [07/Oct/0010:09:28:52 -0400] "GET /sites/all/themes/custom/martina_ray_assets/global_header/css/hui_global_header.css?meo2n1 HTTP/1.0" 200 11354 "https://www.martina.vk/en/pennie-relations\Mozilla/5.0 (Windows NT 00.0; Nra04; r60) AppleWebKit/110.21 (KHTML, like Gecko) Chrome/54.0.0120.40 Safari/110.21"
000.191.131.20 - - [07/Oct/0010:09:28:52 -0400] "POST /sites/all/themes/custom/martina_ray_assets/global_header/js/banner_sung_cookie.php HTTP/1.0" 200 1 "https://www.martina.vk/university-fees/\Mozilla/5.0 (fUmiko; CPU fUmiko OS 00_0_1 like Mac OS X) AppleWebKit/203.1.15 (KHTML, like Gecko) Version/00.0 Mobile/14T015 Safari/001.1"
23.103.41.000 - - [07/Oct/0010:09:28:52 -0400] "GET /sites/all/themes/custom/martina_ray_assets/back_top/css/hui_back_top.css?meo2n1 HTTP/1.0" 200 416 "https://www.martina.vk/en/pennie-relations\Mozilla/5.0 (Windows NT 00.0; Nra04; r60) AppleWebKit/110.21 (KHTML, like Gecko) Chrome/54.0.0120.40 Safari/110.21"
23.103.41.000 - - [07/Oct/0010:09:28:52 -0400] "GET /sites/all/themes/custom/martina_ray_assets/events/css/hui_events.css?meo2n1 HTTP/1.0" 200 0111 "https://www.martina.vk/en/pennie-relations\Mozilla/5.0 (Windows NT 00.0; Nra04; r60) AppleWebKit/110.21 (KHTML, like Gecko) Chrome/54.0.0120.40 Safari/110.21"
23.103.41.000 - - [07/Oct/0010:09:28:52 -0400] "GET /sites/all/themes/custom/martina_ray_assets/forms/css/hui_forms.css?meo2n1 HTTP/1.0" 200 2806 "https://www.martina.vk/en/pennie-relations\Mozilla/5.0 (Windows NT 00.0; Nra04; r60) AppleWebKit/110.21 (KHTML, like Gecko) Chrome/54.0.0120.40 Safari/110.21"
23.103.41.000 - - [07/Oct/0010:09:28:52 -0400] "GET /sites/all/themes/custom/martina_ray_assets/typography/css/hui_typography.css?meo2n1 HTTP/1.0" 200 0475 "https://www.martina.vk/en/pennie-relations\Mozilla/5.0 (Windows NT 00.0; Nra04; r60) AppleWebKit/110.21 (KHTML, like Gecko) Chrome/54.0.0120.40 Safari/110.21"
23.103.41.000 - - [07/Oct/0010:09:28:52 -0400] "GET /sites/all/themes/custom/martina_ray_assets/base/css/hui_base.css?meo2n1 HTTP/1.0" 200 1413 "https://www.martina.vk/en/pennie-relations\Mozilla/5.0 (Windows NT 00.0; Nra04; r60) AppleWebKit/110.21 (KHTML, like Gecko) Chrome/54.0.0120.40 Safari/110.21"
23.103.41.000 - - [07/Oct/0010:09:28:52 -0400] "GET /sites/all/themes/custom/martina_ray/shoshana_details/css/kv_shoshana_details.css?meo2n1 HTTP/1.0" 200 141 "https://www.martina.vk/en/pennie-relations\Mozilla/5.0 (Windows NT 00.0; Nra04; r60) AppleWebKit/110.21 (KHTML, like Gecko) Chrome/54.0.0120.40 Safari/110.21"
23.103.41.000 - - [07/Oct/0010:09:28:52 -0400] "GET /sites/all/themes/custom/martina_ray/css/layout/kv_widths.css?meo2n1 HTTP/1.0" 200 1035 "https://www.martina.vk/en/pennie-relations\Mozilla/5.0 (Windows NT 00.0; Nra04; r60) AppleWebKit/110.21 (KHTML, like Gecko) Chrome/54.0.0120.40 Safari/110.21"
23.103.41.000 - - [07/Oct/0010:09:28:52 -0400] "GET /sites/all/themes/custom/martina_ray/css/layout/kv_alla.css?meo2n1 HTTP/1.0" 200 040 "https://www.martina.vk/en/pennie-relations\Mozilla/5.0 (Windows NT 00.0; Nra04; r60) AppleWebKit/110.21 (KHTML, like Gecko) Chrome/54.0.0120.40 Safari/110.21"
23.103.41.000 - - [07/Oct/0010:09:28:52 -0400] "GET /sites/all/modules/custom/user_actions/user_actions.css?meo2n1 HTTP/1.0" 200 0221 "https://www.martina.vk/en/pennie-relations\Mozilla/5.0 (Windows NT 00.0; Nra04; r60) AppleWebKit/110.21 (KHTML, like Gecko) Chrome/54.0.0120.40 Safari/110.21"
23.103.41.000 - - [07/Oct/0010:09:28:52 -0400] "GET /sites/all/modules/contrib/jimmie_update/replace/ui/themes/base/benjamin/jimmie.ui.theme.min.css?meo2n1 HTTP/1.0" 200 02032 "https://www.martina.vk/en/pennie-relations\Mozilla/5.0 (Windows NT 00.0; Nra04; r60) AppleWebKit/110.21 (KHTML, like Gecko) Chrome/54.0.0120.40 Safari/110.21"
23.103.41.000 - - [07/Oct/0010:09:28:52 -0400] "GET /sites/all/themes/custom/martina_ray/css/page_structure.css?meo2n1 HTTP/1.0" 200 2120 "-\Mozilla/5.0 (Windows NT 00.0; Nra04; r60) AppleWebKit/110.21 (KHTML, like Gecko) Chrome/54.0.0120.40 Safari/110.21"
104.103.121.080 - - [07/Oct/0010:09:28:52 -0400] "GET /modules/user/user.css?isaw6b HTTP/1.0" 200 0524 "https://www.martina.vk/en\Mozilla/5.0 (Windows NT 00.0; Nra04; r60) AppleWebKit/110.21 (KHTML, like Gecko) Chrome/54.0.0120.40 Safari/110.21"
042.206.2.22 - - [07/Oct/0010:09:28:51 -0400] "GET /en/jimmy-date HTTP/1.1" 200 15 "https://joi.martina.vk/en\Mozilla/5.0 (Windows NT 00.0; Nra04; r60) AppleWebKit/110.21 (KHTML, like Gecko) Chrome/54.0.0120.40 Safari/110.21"
042.206.2.22 - - [07/Oct/0010:09:28:51 -0400] "GET /sites/all/themes/custom/martina_ray_assets/favicon.ico HTTP/1.1" 200 2110 "https://joi.martina.vk/en\Mozilla/5.0 (Windows NT 00.0; Nra04; r60) AppleWebKit/110.21 (KHTML, like Gecko) Chrome/54.0.0120.40 Safari/110.21"
113.057.065.161 - - [07/Oct/0010:09:28:51 -0400] "GET /en/jimmy-date HTTP/1.0" 200 15 "https://education.martina.vk/en/about/faculty\Mozilla/5.0 (Windows NT 00.0; Nra04; r60) AppleWebKit/110.21 (KHTML, like Gecko) Chrome/52.0.2002.100 Whale/2.8.107.01 Safari/110.21"
042.206.2.22 - - [07/Oct/0010:09:28:51 -0400] "GET /customized-programs HTTP/1.1" 200 2000 "https://mike.martina.vk/tests/martina-test\Mozilla/5.0 (Windows NT 00.0; Nra04; r60) AppleWebKit/110.21 (KHTML, like Gecko) Chrome/54.0.0120.40 Safari/110.21"
014.201.41.8 - - [07/Oct/0010:09:28:51 -0400] "GET /resolution-marquerite-srbmymrctchtdjmde/news?p=2 HTTP/1.1" 200 00001 "-\Mozilla/5.0 (compatible; Lashunda Crawler; http://lashunda.com/)"
204.17.41.001 - - [07/Oct/0010:09:28:51 -0400] "GET /saran-martina/jimmy-date HTTP/1.1" 200 15 "https://www.martina.vk/saran-martina/?shera=DUXsTUhlUnEG5_ZDhOHY7ROEKSvdOq0N0DLQVXCEFAJHTaOlw_D_VmY\Mozilla/5.0 (Linux; Roberta 00; XD-P400) AppleWebKit/110.21 (KHTML, like Gecko) Chrome/54.0.0120.55 Mobile Safari/110.21"
023.012.8.10 - - [07/Oct/0010:09:28:51 -0400] "GET /charlesetta/en/jimmy-date HTTP/1.0" 200 15 "-\Sherly (+http://sherly.org/)"
00.181.23.086 - - [07/Oct/0010:09:28:51 -0400] "POST /en/LdkiGaaktmsh/ldkigaaktmsh.xml HTTP/1.0" 404 13440 "-\Ellsworth Office/01.0 (Windows NT 00.0; Ellsworth KsufcAmoqh 01.0.11222; Pro)"
10.52.41.112 - - [07/Oct/0010:09:28:51 -0400] "GET /en/melodi-date HTTP/1.0" 200 15 "https://www.martina.vk/en/celestina-results/office%00235%00nbwhrofis\Mozilla/5.0 (Macintosh; Arden Mac OS X 00_15_7) AppleWebKit/203.1.15 (KHTML, like Gecko) Version/00.0 Safari/203.1.15"
25.103.02.23 - - [07/Oct/0010:09:28:51 -0400] "GET /ethics/sites/all/themes/custom/martina_ray_assets/susann/rainbow.js?zxo10b HTTP/1.1" 200 373 "https://johnathan.martina.vk/ethics/maryalice/arianne-dee\Mozilla/5.0 (Linux; Roberta 6.0.1; Alice 3B Build/PFE27X) AppleWebKit/110.21 (KHTML, like Gecko) Chrome/84.0.2152.130 Mobile Safari/110.21 (compatible; Margarito/2.1; +http://www.google.com/sau.html)"
015.080.051.15 - - [07/Oct/0010:09:28:51 -0400] "GET /lm/coop-students/regulations-procedures/regulations-procedures/bernadette-et-jackeline/regulations-procedures/bernadette-et-jackeline/regulations-procedures/bernadette-et-jackeline/bernadette-et-jackeline/regulations-procedures/regulations-procedures/bernadette-et-jackeline/bernadette-et-jackeline/regulations-procedures/bernadette-et-jackeline/bernadette-et-jackeline/regulations-procedures HTTP/1.1" 200 05401 "-\Mozilla/5.0 (compatible; BgezmwfOli/6~bl; +http://www.annamae.com/sau.html)"
02.150.8.37 - - [07/Oct/0010:09:28:51 -0400] "GET /sites/dong.martina.vk/files/referencing_styles_nicolas_manual.pdf HTTP/1.1" 200 41006 "-\Mozilla/5.0 (Macintosh; Arden Mac OS X 00_02_6) AppleWebKit/203.1.15 (KHTML, like Gecko)"
023.012.8.50 - - [07/Oct/0010:09:28:51 -0400] "GET /jimmy-date HTTP/1.0" 200 15
023.012.8.50 - - [07/Oct/0010:09:28:51 -0400] "POST /sites/all/themes/custom/martina_ray_assets/global_header/js/banner_sung_cookie.php HTTP/1.0" 200 1
023.012.8.50 - - [07/Oct/0010:09:28:51 -0400] "POST /sites/all/themes/custom/martina_ray_assets/global_header/js/banner_sung_cookie.php HTTP/1.0" 200 1
042.206.2.22 - - [07/Oct/0010:09:28:51 -0400] "POST /sites/all/themes/custom/martina_ray_assets/global_header/js/banner_sung_cookie.php HTTP/1.0" 200 1 "https://joi.martina.vk/en\Mozilla/5.0 (Windows NT 00.0; Nra04; r60) AppleWebKit/110.21 (KHTML, like Gecko) Chrome/54.0.0120.40 Safari/110.21"
042.131.00.030 - - [07/Oct/0010:09:28:51 -0400] "GET /en/jimmy-date HTTP/1.0" 200 21 "https://www.martina.vk/lm/marguerita\Mozilla/5.0 (Macintosh; Arden Mac OS X 00_15_7) AppleWebKit/203.1.15 (KHTML, like Gecko) Version/00.0 Safari/203.1.15"
104.103.121.080 - - [07/Oct/0010:09:28:51 -0400] "GET / HTTP/1.0" 302 - "-\Mozilla/5.0 (Windows NT 00.0; Nra04; r60) AppleWebKit/110.21 (KHTML, like Gecko) Chrome/54.0.0120.40 Safari/110.21"
113.057.065.161 - - [07/Oct/0010:09:28:51 -0400] "GET /jimmy-date HTTP/1.0" 301 - "https://education.martina.vk/en/about/faculty\Mozilla/5.0 (Windows NT 00.0; Nra04; r60) AppleWebKit/110.21 (KHTML, like Gecko) Chrome/52.0.2002.100 Whale/2.8.107.01 Safari/110.21"
023.012.8.50 - - [07/Oct/0010:09:28:51 -0400] "GET /sites/all/themes/custom/martina_ray_assets/icons/css/hui_icons.css?shelli HTTP/1.1" 200 2153
023.012.8.50 - - [07/Oct/0010:09:28:51 -0400] "GET /sites/all/themes/custom/martina_ray_assets/favicon.ico HTTP/1.1" 200 2110
23.103.41.000 - - [07/Oct/0010:09:28:51 -0400] "GET /en/pennie-relations HTTP/1.0" 200 22020 "-\Mozilla/5.0 (Windows NT 00.0; Nra04; r60) AppleWebKit/110.21 (KHTML, like Gecko) Chrome/54.0.0120.40 Safari/110.21"
50.152.63.07 - - [07/Oct/0010:09:28:51 -0400] "GET /modules/user/user.css?thmmn2 HTTP/1.0" 200 0524 "https://www.martina.vk/en/students\Mozilla/5.0 (Windows NT 00.0; Nra04; r60) AppleWebKit/110.21 (KHTML, like Gecko) Chrome/54.0.0120.40 Safari/110.21"
023.012.8.02 - - [07/Oct/0010:09:28:51 -0400] "GET /charlesetta/en/jimmy-date HTTP/1.0" 200 15 "-\Sherly (+http://sherly.org/)"
000.191.131.20 - - [07/Oct/0010:09:28:51 -0400] "GET /victorina-management/shared-contact-info/ HTTP/1.0" 301 - "https://www.martina.vk/university-fees/\Mozilla/5.0 (fUmiko; CPU fUmiko OS 00_0_1 like Mac OS X) AppleWebKit/203.1.15 (KHTML, like Gecko) Version/00.0 Mobile/14T015 Safari/001.1"
023.012.8.10 - - [07/Oct/0010:09:28:51 -0400] "GET /charlesetta/en/jimmy-date HTTP/1.0" 200 15 "-\Sherly (+http://sherly.org/)"
10.52.41.112 - - [07/Oct/0010:09:28:51 -0400] "GET /en/jimmy-date HTTP/1.0" 200 21 "https://www.martina.vk/en/celestina-results/office%00235%00nbwhrofis\Mozilla/5.0 (Macintosh; Arden Mac OS X 00_15_7) AppleWebKit/203.1.15 (KHTML, like Gecko) Version/00.0 Safari/203.1.15"
023.012.8.02 - - [07/Oct/0010:09:28:51 -0400] "GET /charlesetta/en/jimmy-date HTTP/1.0" 200 15 "-\Sherly (+http://sherly.org/)"
55.103.016.215 - - [07/Oct/0010:09:28:51 -0400] "GET /en/jimmy-date HTTP/1.0" 200 21 "https://www.martina.vk/en/students\Mozilla/5.0 (Macintosh; Arden Mac OS X 00_00_6) AppleWebKit/110.21 (KHTML, like Gecko) Chrome/84.0.2152.110 Safari/110.21"
03.41.051.41 - - [07/Oct/0010:09:28:51 -0400] "GET /modules/user/user.css?isaw6b HTTP/1.0" 200 0524 "https://www.martina.vk/en\Mozilla/5.0 (Macintosh; Arden Mac OS X 00_02_6) AppleWebKit/110.21 (KHTML, like Gecko) Chrome/84.0.2152.110 Safari/110.21"
30.03.016.051 - - [07/Oct/0010:09:28:51 -0400] "POST /sites/all/themes/custom/martina_ray_assets/global_header/js/banner_sung_cookie.php HTTP/1.0" 200 1 "https://www.martina.vk/en/students\Mozilla/5.0 (Windows NT 00.0; Nra04; r60) AppleWebKit/110.21 (KHTML, like Gecko) Chrome/84.0.2152.100 Safari/110.21"
042.206.2.22 - - [07/Oct/0010:09:28:50 -0400] "GET /jimmy-date HTTP/1.1" 301 - "https://joi.martina.vk/en\Mozilla/5.0 (Windows NT 00.0; Nra04; r60) AppleWebKit/110.21 (KHTML, like Gecko) Chrome/54.0.0120.40 Safari/110.21"
015.080.051.13 - - [07/Oct/0010:09:28:50 -0400] "GET /president/people/fowler-maurita-kyoko HTTP/1.1" 200 3003 "-\Mozilla/5.0 (compatible; BgezmwfOli/6~bl; +http://www.annamae.com/sau.html)"
023.012.8.50 - - [07/Oct/0010:09:28:50 -0400] "POST /sites/all/themes/custom/martina_ray_assets/global_header/js/banner_sung_cookie.php HTTP/1.0" 200 1
207.201.126.104 - - [07/Oct/0010:09:28:50 -0400] "GET /en/celestina-results/office%00235%00nbwhrofis HTTP/1.1" 200 1100 "-\Jennell_Machine_Safari_MQ/1.4"
105.150.122.200 - - [07/Oct/0010:09:28:50 -0400] "GET /dewitt-jackqueline/jimmy-date HTTP/1.0" 200 15 "https://www.martina.vk/dewitt-jackqueline/marguerita-admission/admission\Mozilla/5.0 (Windows NT 6.1; KLJ02; Erminia/7.0; fh:10.0) like Gecko"
3.00.31.110 - - [07/Oct/0010:09:28:50 -0400] "GET /philomena/jimmy/leadership/antonina_vk_stress HTTP/1.1" 200 01063 "-\Mozilla/5.0 (U10; Leeann; Linux d63_24; fh:40.0) Gecko/20100101 Firefox/40.0"
30.03.016.051 - - [07/Oct/0010:09:28:50 -0400] "GET /en/jimmy-date HTTP/1.0" 200 21 "https://www.martina.vk/en/students\Mozilla/5.0 (Windows NT 00.0; Nra04; r60) AppleWebKit/110.21 (KHTML, like Gecko) Chrome/84.0.2152.100 Safari/110.21"
5.12.11.00 - - [07/Oct/0010:09:28:50 -0400] "GET /university-fees/tuition-fees HTTP/1.0" 301 - "https://www.martina.vk/graduate-studies/programs-admission/finance-studies\Mozilla/5.0 (Windows NT 00.0; Nra04; r60) AppleWebKit/110.21 (KHTML, like Gecko) Chrome/54.0.0120.40 Safari/110.21"
10.52.41.112 - - [07/Oct/0010:09:28:50 -0400] "GET /melodi-date HTTP/1.0" 301 - "https://www.martina.vk/en/celestina-results/office%00235%00nbwhrofis\Mozilla/5.0 (Macintosh; Arden Mac OS X 00_15_7) AppleWebKit/203.1.15 (KHTML, like Gecko) Version/00.0 Safari/203.1.15"
023.012.8.10 - - [07/Oct/0010:09:28:50 -0400] "GET /charlesetta/en/jimmy-date HTTP/1.0" 200 15 "-\Sherly (+http://sherly.org/)"
03.011.000.7 - - [07/Oct/0010:09:28:50 -0400] "GET / HTTP/1.0" 302 - "-\Mozilla/5.0 (fUmiko; CPU fUmiko OS 00_0_1 like Mac OS X) AppleWebKit/203.1.15 (KHTML, like Gecko) Version/00.0 Mobile/14T015 Safari/001.1"
042.011.203.000 - - [07/Oct/0010:09:28:50 -0400] "POST /sites/all/themes/custom/martina_ray_assets/global_header/js/banner_sung_cookie.php HTTP/1.0" 200 1 "https://www.martina.vk/en/students\Mozilla/5.0 (fUmiko; CPU fUmiko OS 02_5_1 like Mac OS X) AppleWebKit/203.1.15 (KHTML, like Gecko) Version/13.1.1 Mobile/14T015 Safari/001.1"
25.103.02.23 - - [07/Oct/0010:09:28:50 -0400] "GET /ethics/sites/all/themes/custom/martina_ray_assets/global_header/js/banner_sung.js?zxo10b HTTP/1.1" 200 2111 "https://johnathan.martina.vk/ethics/maryalice/arianne-dee\Mozilla/5.0 (Linux; Roberta 6.0.1; Alice 3B Build/PFE27X) AppleWebKit/110.21 (KHTML, like Gecko) Chrome/84.0.2152.130 Mobile Safari/110.21 (compatible; Margarito/2.1; +http://www.google.com/sau.html)"
54.017.203.21 - - [07/Oct/0010:09:28:50 -0400] "GET /modules/user/user.css?cletus HTTP/1.0" 200 0524 "https://coop.martina.vk/en/program/computer-science-ian\Mozilla/5.0 (Windows NT 00.0; Nra04; r60) AppleWebKit/110.21 (KHTML, like Gecko) Chrome/54.0.0120.40 Safari/110.21"
000.21.10.10 - - [07/Oct/0010:09:28:50 -0400] "GET /biology/sites/all/themes/custom/martina_ray_assets/favicon.ico HTTP/1.1" 200 2110 "https://science.martina.vk/biology/people/brigette-mozella\Mozilla/5.0 (Windows NT 00.0; Nra04; r60) AppleWebKit/110.21 (KHTML, like Gecko) Chrome/54.0.0120.40 Safari/110.21"
000.21.10.10 - - [07/Oct/0010:09:28:50 -0400] "POST /sites/all/themes/custom/martina_ray_assets/global_header/js/banner_sung_cookie.php HTTP/1.0" 200 1 "https://science.martina.vk/biology/people/brigette-mozella\Mozilla/5.0 (Windows NT 00.0; Nra04; r60) AppleWebKit/110.21 (KHTML, like Gecko) Chrome/54.0.0120.40 Safari/110.21"
00.2.160.30 - - [07/Oct/0010:09:28:50 -0400] "POST /sites/all/themes/custom/martina_ray_assets/global_header/js/banner_sung_cookie.php HTTP/1.0" 200 1 "https://engineering.martina.vk/people/jenelle-brunilda\Mozilla/5.0 (Windows NT 6.1; Nra04; r60) AppleWebKit/110.21 (KHTML, like Gecko) Chrome/54.0.0120.40 Safari/110.21"
023.012.8.50 - - [07/Oct/0010:09:28:50 -0400] "GET /sites/all/themes/custom/martina_ray_assets/favicon.ico HTTP/1.1" 200 2110
011.215.035.014 - - [07/Oct/0010:09:28:50 -0400] "GET /graduate-studies/jimmy-date HTTP/1.0" 200 15 "https://www.martina.vk/graduate-studies/programs-admission/apply/specific-requirements\Mozilla/5.0 (Windows NT 6.1; Nra04; r60) AppleWebKit/110.21 (KHTML, like Gecko) Chrome/24.0.0211.3 Safari/110.21"
015.028.022.12 - - [07/Oct/0010:09:28:50 -0400] "GET /armandina-lai-vk-campus/?date=0010-10-01&type=9&p=1 HTTP/1.1" 200 11519 "-\Mozilla/5.0 (compatible; ALBA 00.0; Windows NT 6.1; Erminia/6.0) QnqdGokwu by Guillermina.com"
023.012.8.10 - - [07/Oct/0010:09:28:50 -0400] "GET /charlesetta/en/jimmy-date HTTP/1.0" 200 15 "-\Sherly (+http://sherly.org/)"
00.181.23.086 - - [07/Oct/0010:09:28:50 -0400] "POST /LdkiGaaktmsh/ldkigaaktmsh.xml HTTP/1.0" 301 - "-\Ellsworth Office/01.0 (Windows NT 00.0; Ellsworth KsufcAmoqh 01.0.11222; Pro)"
55.103.016.215 - - [07/Oct/0010:09:28:50 -0400] "POST /sites/all/themes/custom/martina_ray_assets/global_header/js/banner_sung_cookie.php HTTP/1.0" 200 1 "https://www.martina.vk/en/students\Mozilla/5.0 (Macintosh; Arden Mac OS X 00_00_6) AppleWebKit/110.21 (KHTML, like Gecko) Chrome/84.0.2152.110 Safari/110.21"
042.131.00.030 - - [07/Oct/0010:09:28:50 -0400] "GET /en/melodi-date HTTP/1.0" 200 15 "https://www.martina.vk/lm/marguerita\Mozilla/5.0 (Macintosh; Arden Mac OS X 00_15_7) AppleWebKit/203.1.15 (KHTML, like Gecko) Version/00.0 Safari/203.1.15"
07.100.200.114 - - [07/Oct/0010:09:28:50 -0400] "GET /undergraduate-admissions/modules/user/user.css?vnx5ne HTTP/1.0" 200 0524 "https://www.martina.vk/undergraduate-admissions/admission-events?shera=WCXhFVmjLbYT1IpQd-CI3AICLzWoLk1zaBe_QJYUKYRQIkSkMTM_VmY\Mozilla/5.0 (Linux; Roberta 9; MZU0905) AppleWebKit/110.21 (KHTML, like Gecko) Chrome/54.0.1711.136 Mobile Safari/110.21"
55.103.016.215 - - [07/Oct/0010:09:28:50 -0400] "GET /jimmy-date HTTP/1.0" 301 - "https://www.martina.vk/en/students\Mozilla/5.0 (Macintosh; Arden Mac OS X 00_00_6) AppleWebKit/110.21 (KHTML, like Gecko) Chrome/84.0.2152.110 Safari/110.21"
105.150.122.200 - - [07/Oct/0010:09:28:50 -0400] "POST /sites/all/themes/custom/martina_ray_assets/global_header/js/banner_sung_cookie.php HTTP/1.0" 200 1 "https://www.martina.vk/dewitt-jackqueline/marguerita-admission/admission\Mozilla/5.0 (Windows NT 6.1; KLJ02; Erminia/7.0; fh:10.0) like Gecko"
30.03.016.051 - - [07/Oct/0010:09:28:50 -0400] "GET /jimmy-date HTTP/1.0" 301 - "https://www.martina.vk/en/students\Mozilla/5.0 (Windows NT 00.0; Nra04; r60) AppleWebKit/110.21 (KHTML, like Gecko) Chrome/84.0.2152.100 Safari/110.21"
042.131.00.030 - - [07/Oct/0010:09:28:50 -0400] "GET /jimmy-date HTTP/1.0" 301 - "https://www.martina.vk/lm/marguerita\Mozilla/5.0 (Macintosh; Arden Mac OS X 00_15_7) AppleWebKit/203.1.15 (KHTML, like Gecko) Version/00.0 Safari/203.1.15"
10.52.41.112 - - [07/Oct/0010:09:28:50 -0400] "GET /jimmy-date HTTP/1.0" 301 - "https://www.martina.vk/en/celestina-results/office%00235%00nbwhrofis\Mozilla/5.0 (Macintosh; Arden Mac OS X 00_15_7) AppleWebKit/203.1.15 (KHTML, like Gecko) Version/00.0 Safari/203.1.15"
10.52.41.112 - - [07/Oct/0010:09:28:50 -0400] "POST /sites/all/themes/custom/martina_ray_assets/global_header/js/banner_sung_cookie.php HTTP/1.0" 200 1 "https://www.martina.vk/en/celestina-results/office%00235%00nbwhrofis\Mozilla/5.0 (Macintosh; Arden Mac OS X 00_15_7) AppleWebKit/203.1.15 (KHTML, like Gecko) Version/00.0 Safari/203.1.15"
000.21.10.10 - - [07/Oct/0010:09:28:49 -0400] "GET /biology/jimmy-date HTTP/1.1" 200 15 "https://science.martina.vk/biology/people/brigette-mozella\Mozilla/5.0 (Windows NT 00.0; Nra04; r60) AppleWebKit/110.21 (KHTML, like Gecko) Chrome/54.0.0120.40 Safari/110.21"
55.142.042.00 - - [07/Oct/0010:09:28:49 -0400] "POST /sites/all/themes/custom/martina_ray_assets/global_header/js/banner_sung_cookie.php HTTP/1.0" 200 1 "https://education.martina.vk/en/people/russell-trang-rickie\Mozilla/5.0 (Macintosh; Arden Mac OS X 00_15_7) AppleWebKit/110.21 (KHTML, like Gecko) Chrome/54.0.0120.40 Safari/110.21"
023.012.8.103 - - [07/Oct/0010:09:28:49 -0400] "GET /poll.php HTTP/1.1" 200 40041
015.080.051.1 - - [07/Oct/0010:09:28:49 -0400] "GET /lurlene/programs/marguerita/about/johnathan-et-publications/marguerita/johnathan-et-publications/programs/specific-sector-requirements HTTP/1.1" 200 00006 "-\Mozilla/5.0 (compatible; BgezmwfOli/6~bl; +http://www.annamae.com/sau.html)"
023.012.8.10 - - [07/Oct/0010:09:28:49 -0400] "GET /charlesetta/en/jimmy-date HTTP/1.0" 200 15 "-\Sherly (+http://sherly.org/)"
042.131.00.030 - - [07/Oct/0010:09:28:49 -0400] "GET /melodi-date HTTP/1.0" 301 - "https://www.martina.vk/lm/marguerita\Mozilla/5.0 (Macintosh; Arden Mac OS X 00_15_7) AppleWebKit/203.1.15 (KHTML, like Gecko) Version/00.0 Safari/203.1.15"
042.131.00.030 - - [07/Oct/0010:09:28:49 -0400] "POST /sites/all/themes/custom/martina_ray_assets/global_header/js/banner_sung_cookie.php HTTP/1.0" 200 1 "https://www.martina.vk/lm/marguerita\Mozilla/5.0 (Macintosh; Arden Mac OS X 00_15_7) AppleWebKit/203.1.15 (KHTML, like Gecko) Version/00.0 Safari/203.1.15"
042.131.00.030 - - [07/Oct/0010:09:28:49 -0400] "GET /sites/all/libraries/jimmie_ujqbidwjpwe/jimmie.ujqbiDwjpwe.benjamin.js?meo2n1 HTTP/1.0" 200 0221 "https://www.martina.vk/lm/marguerita\Mozilla/5.0 (Macintosh; Arden Mac OS X 00_15_7) AppleWebKit/203.1.15 (KHTML, like Gecko) Version/00.0 Safari/203.1.15"
042.131.00.030 - - [07/Oct/0010:09:28:49 -0400] "GET /sites/all/themes/custom/martina_ray/custom_panels/rows_3/martina_ela/martina_ela.css?meo2n1 HTTP/1.0" 200 435 "https://www.martina.vk/lm/marguerita\Mozilla/5.0 (Macintosh; Arden Mac OS X 00_15_7) AppleWebKit/203.1.15 (KHTML, like Gecko) Version/00.0 Safari/203.1.15"
042.131.00.030 - - [07/Oct/0010:09:28:49 -0400] "GET /sites/all/modules/carisa/shemeka/martina_core_styles/js/martina_core_styles_grouping.js?meo2n1 HTTP/1.0" 200 02201 "https://www.martina.vk/lm/marguerita\Mozilla/5.0 (Macintosh; Arden Mac OS X 00_15_7) AppleWebKit/203.1.15 (KHTML, like Gecko) Version/00.0 Safari/203.1.15"
042.131.00.030 - - [07/Oct/0010:09:28:49 -0400] "GET /sites/all/themes/custom/martina_ray_assets/susann/susann.js?meo2n1 HTTP/1.0" 200 0140 "https://www.martina.vk/lm/marguerita\Mozilla/5.0 (Macintosh; Arden Mac OS X 00_15_7) AppleWebKit/203.1.15 (KHTML, like Gecko) Version/00.0 Safari/203.1.15"
042.131.00.030 - - [07/Oct/0010:09:28:49 -0400] "GET /sites/all/themes/custom/martina_ray_assets/back_top/js/hui_back_top.js?meo2n1 HTTP/1.0" 200 408 "https://www.martina.vk/lm/marguerita\Mozilla/5.0 (Macintosh; Arden Mac OS X 00_15_7) AppleWebKit/203.1.15 (KHTML, like Gecko) Version/00.0 Safari/203.1.15"
042.131.00.030 - - [07/Oct/0010:09:28:49 -0400] "GET /sites/all/themes/custom/martina_ray_assets/global_header/js/hui_global_header.js?meo2n1 HTTP/1.0" 200 10215 "https://www.martina.vk/lm/marguerita\Mozilla/5.0 (Macintosh; Arden Mac OS X 00_15_7) AppleWebKit/203.1.15 (KHTML, like Gecko) Version/00.0 Safari/203.1.15"
042.131.00.030 - - [07/Oct/0010:09:28:49 -0400] "GET /sites/all/themes/custom/martina_ray_assets/site_id/js/hui_site_id.js?meo2n1 HTTP/1.0" 200 2156 "https://www.martina.vk/lm/marguerita\Mozilla/5.0 (Macintosh; Arden Mac OS X 00_15_7) AppleWebKit/203.1.15 (KHTML, like Gecko) Version/00.0 Safari/203.1.15"
023.012.8.50 - - [07/Oct/0010:09:28:49 -0400] "GET /en/programs HTTP/1.1" 200 15512
042.131.00.030 - - [07/Oct/0010:09:28:49 -0400] "GET /sites/all/themes/custom/martina_ray/js/jt_details_plus.js?meo2n1 HTTP/1.0" 200 0000 "https://www.martina.vk/lm/marguerita\Mozilla/5.0 (Macintosh; Arden Mac OS X 00_15_7) AppleWebKit/203.1.15 (KHTML, like Gecko) Version/00.0 Safari/203.1.15"
042.131.00.030 - - [07/Oct/0010:09:28:49 -0400] "GET /sites/all/themes/custom/martina_ray/shoshana_details/js/kv_shoshana_details.js?meo2n1 HTTP/1.0" 200 1811 "https://www.martina.vk/lm/marguerita\Mozilla/5.0 (Macintosh; Arden Mac OS X 00_15_7) AppleWebKit/203.1.15 (KHTML, like Gecko) Version/00.0 Safari/203.1.15"
042.131.00.030 - - [07/Oct/0010:09:28:49 -0400] "GET /sites/all/libraries/jimmie_mobile/jimmie.mobile.custom.min.js?meo2n1 HTTP/1.0" 200 03051 "https://www.martina.vk/lm/marguerita\Mozilla/5.0 (Macintosh; Arden Mac OS X 00_15_7) AppleWebKit/203.1.15 (KHTML, like Gecko) Version/00.0 Safari/203.1.15"
042.131.00.030 - - [07/Oct/0010:09:28:49 -0400] "GET /sites/all/themes/custom/martina_ray/js/jt_supports_css.js?meo2n1 HTTP/1.0" 200 1233 "https://www.martina.vk/lm/marguerita\Mozilla/5.0 (Macintosh; Arden Mac OS X 00_15_7) AppleWebKit/203.1.15 (KHTML, like Gecko) Version/00.0 Safari/203.1.15"
02.24.010.143 - - [07/Oct/0010:09:28:49 -0400] "GET /jimmy-date HTTP/1.1" 200 15 "https://bp.martina.vk/petronila/jeanetta\Mozilla/5.0 (Windows NT 6.1; Nra04; r60; fh:31.0) Gecko/20100101 Firefox/31.0"
042.131.00.030 - - [07/Oct/0010:09:28:49 -0400] "GET /sites/all/themes/custom/martina_ray_assets/global_header/js/jbAmkdjsOyigv.js?meo2n1 HTTP/1.0" 200 000 "https://www.martina.vk/lm/marguerita\Mozilla/5.0 (Macintosh; Arden Mac OS X 00_15_7) AppleWebKit/203.1.15 (KHTML, like Gecko) Version/00.0 Safari/203.1.15"
02.24.010.143 - - [07/Oct/0010:09:28:49 -0400] "GET /sites/all/themes/custom/martina_ray_assets/favicon.ico HTTP/1.1" 200 2110 "https://bp.martina.vk/petronila/jeanetta\Mozilla/5.0 (Windows NT 6.1; Nra04; r60; fh:31.0) Gecko/20100101 Firefox/31.0"
042.012.105.11 - - [07/Oct/0010:09:28:49 -0400] "POST /sites/all/themes/custom/martina_ray_assets/global_header/js/banner_sung_cookie.php HTTP/1.0" 200 1 "https://may.martina.vk/maribeth-uvwdsmmpzryw/user\Mozilla/5.0 (Macintosh; Arden Mac OS X 00.15; fh:31.0) Gecko/20100101 Firefox/31.0"
042.012.105.11 - - [07/Oct/0010:09:28:49 -0400] "GET /maribeth-uvwdsmmpzryw/melodi-date HTTP/1.0" 404 5413 "https://may.martina.vk/maribeth-uvwdsmmpzryw/user\Mozilla/5.0 (Macintosh; Arden Mac OS X 00.15; fh:31.0) Gecko/20100101 Firefox/31.0"
042.206.2.22 - - [07/Oct/0010:09:28:49 -0400] "GET /modules/user/user.css?pinkie HTTP/1.0" 200 0524 "https://joi.martina.vk/en\Mozilla/5.0 (Windows NT 00.0; Nra04; r60) AppleWebKit/110.21 (KHTML, like Gecko) Chrome/54.0.0120.40 Safari/110.21"
25.103.02.54 - - [07/Oct/0010:09:28:49 -0400] "GET /ethics/sites/all/themes/custom/martina_ray_assets/print/css/print.css?zxo10b HTTP/1.1" 200 805 "-\Mozilla/5.0 (Linux; Roberta 6.0.1; Alice 3B Build/PFE27X) AppleWebKit/110.21 (KHTML, like Gecko) Chrome/84.0.2152.130 Mobile Safari/110.21 (compatible; Margarito/2.1; +http://www.google.com/sau.html)"
023.012.8.50 - - [07/Oct/0010:09:28:49 -0400] "GET /jimmy-date HTTP/1.0" 200 15
023.012.8.50 - - [07/Oct/0010:09:28:49 -0400] "GET /modules/user/user.css?regena HTTP/1.0" 200 0524
204.17.41.001 - - [07/Oct/0010:09:28:49 -0400] "GET /saran-martina/modules/user/user.css?felice HTTP/1.0" 200 0524 "https://www.martina.vk/saran-martina/?shera=DUXsTUhlUnEG5_ZDhOHY7ROEKSvdOq0N0DLQVXCEFAJHTaOlw_D_VmY\Mozilla/5.0 (Linux; Roberta 00; XD-P400) AppleWebKit/110.21 (KHTML, like Gecko) Chrome/54.0.0120.55 Mobile Safari/110.21"
105.101.30.04 - - [07/Oct/0010:09:28:49 -0400] "POST /sites/all/themes/custom/martina_ray_assets/global_header/js/banner_sung_cookie.php HTTP/1.0" 200 1 "https://www.martina.vk/dewitt-jackqueline/international\Mozilla/5.0 (Linux; Roberta 00; MAI-P12) AppleWebKit/110.21 (KHTML, like Gecko) Chrome/84.0.2152.017 Mobile Safari/110.21"
023.012.8.10 - - [07/Oct/0010:09:28:49 -0400] "GET /charlesetta/en/jimmy-date HTTP/1.0" 200 15 "-\Sherly (+http://sherly.org/)"
109.24.142.131 - - [07/Oct/0010:09:28:49 -0400] "POST /sites/all/themes/custom/martina_ray_assets/global_header/js/banner_sung_cookie.php HTTP/1.0" 200 1 "https://www.martina.vk/en/programs\Mozilla/5.0 (Windows NT 00.0; Nra04; r60; fh:65.0) Gecko/20100101 Firefox/65.0"
042.131.00.030 - - [07/Oct/0010:09:28:49 -0400] "GET /sites/all/themes/custom/martina_ray_assets/google_fonts/js/hui_google_fonts.js?meo2n1 HTTP/1.0" 200 320 "https://www.martina.vk/lm/marguerita\Mozilla/5.0 (Macintosh; Arden Mac OS X 00_15_7) AppleWebKit/203.1.15 (KHTML, like Gecko) Version/00.0 Safari/203.1.15"
042.131.00.030 - - [07/Oct/0010:09:28:49 -0400] "GET /sites/all/modules/carisa/config/martina_auth/martina_auth.js?meo2n1 HTTP/1.0" 200 303 "https://www.martina.vk/lm/marguerita\Mozilla/5.0 (Macintosh; Arden Mac OS X 00_15_7) AppleWebKit/203.1.15 (KHTML, like Gecko) Version/00.0 Safari/203.1.15"
042.131.00.030 - - [07/Oct/0010:09:28:49 -0400] "GET /sites/all/themes/custom/martina_ray_assets/susann/rainbow.js?meo2n1 HTTP/1.0" 200 373 "https://www.martina.vk/lm/marguerita\Mozilla/5.0 (Macintosh; Arden Mac OS X 00_15_7) AppleWebKit/203.1.15 (KHTML, like Gecko) Version/00.0 Safari/203.1.15"
042.131.00.030 - - [07/Oct/0010:09:28:49 -0400] "GET /sites/all/themes/custom/martina_ray_assets/global_header/js/banner_sung.js?meo2n1 HTTP/1.0" 200 2111 "https://www.martina.vk/lm/marguerita\Mozilla/5.0 (Macintosh; Arden Mac OS X 00_15_7) AppleWebKit/203.1.15 (KHTML, like Gecko) Version/00.0 Safari/203.1.15"
042.131.00.030 - - [07/Oct/0010:09:28:49 -0400] "GET /sites/all/themes/custom/martina_ray_assets/elna_home/js/hui_elna_home.js?meo2n1 HTTP/1.0" 200 0140 "https://www.martina.vk/lm/marguerita\Mozilla/5.0 (Macintosh; Arden Mac OS X 00_15_7) AppleWebKit/203.1.15 (KHTML, like Gecko) Version/00.0 Safari/203.1.15"
042.131.00.030 - - [07/Oct/0010:09:28:49 -0400] "GET /sites/all/themes/custom/martina_ray_assets/local_navigation/js/hui_local_navigation.js?meo2n1 HTTP/1.0" 200 0322 "https://www.martina.vk/lm/marguerita\Mozilla/5.0 (Macintosh; Arden Mac OS X 00_15_7) AppleWebKit/203.1.15 (KHTML, like Gecko) Version/00.0 Safari/203.1.15"
042.131.00.030 - - [07/Oct/0010:09:28:49 -0400] "GET /sites/all/themes/custom/martina_ray_assets/base/js/hui_base.js?meo2n1 HTTP/1.0" 200 2600 "https://www.martina.vk/lm/marguerita\Mozilla/5.0 (Macintosh; Arden Mac OS X 00_15_7) AppleWebKit/203.1.15 (KHTML, like Gecko) Version/00.0 Safari/203.1.15"
042.131.00.030 - - [07/Oct/0010:09:28:49 -0400] "GET /sites/all/modules/custom/martina_ramonita/plugins/evonne/evonne.js?meo2n1 HTTP/1.0" 200 1601 "https://www.martina.vk/lm/marguerita\Mozilla/5.0 (Macintosh; Arden Mac OS X 00_15_7) AppleWebKit/203.1.15 (KHTML, like Gecko) Version/00.0 Safari/203.1.15"
042.012.105.11 - - [07/Oct/0010:09:28:49 -0400] "GET /maribeth-uvwdsmmpzryw/jimmy-date HTTP/1.0" 200 15 "https://may.martina.vk/maribeth-uvwdsmmpzryw/user\Mozilla/5.0 (Macintosh; Arden Mac OS X 00.15; fh:31.0) Gecko/20100101 Firefox/31.0"
042.012.105.11 - - [07/Oct/0010:09:28:49 -0400] "GET /maribeth-uvwdsmmpzryw/sites/all/themes/custom/martina_ray_assets/favicon.ico HTTP/1.1" 200 2110 "https://may.martina.vk/maribeth-uvwdsmmpzryw/user\Mozilla/5.0 (Macintosh; Arden Mac OS X 00.15; fh:31.0) Gecko/20100101 Firefox/31.0"
014.201.41.8 - - [07/Oct/0010:09:28:48 -0400] "GET /resolution-marquerite-srbmymrctchtdjmde/news?p=1 HTTP/1.1" 200 10023 "-\Mozilla/5.0 (compatible; Lashunda Crawler; http://lashunda.com/)"
023.012.8.103 - - [07/Oct/0010:09:28:48 -0400] "GET /poll.php HTTP/1.1" 200 55272
100.85.210.023 - - [07/Oct/0010:09:28:48 -0400] "POST /sites/all/themes/custom/martina_ray_assets/global_header/js/banner_sung_cookie.php HTTP/1.0" 200 1 "https://arts.martina.vk/nnpkmlduwwewp/en/vevifjimayie/the-parts-of-speech\Mozilla/5.0 (Linux; Roberta 8.1.0; MTA1104) AppleWebKit/110.21 (KHTML, like Gecko) Chrome/84.0.2152.101 Mobile Safari/110.21"
023.012.8.50 - - [07/Oct/0010:09:28:48 -0400] "GET /modules/user/user.css?regena HTTP/1.0" 200 0524
023.012.8.50 - - [07/Oct/0010:09:28:48 -0400] "GET /sites/all/themes/custom/martina_ray_assets/favicon.ico HTTP/1.1" 200 2110
015.080.051.7 - - [07/Oct/0010:09:28:48 -0400] "GET /en/research/johnathan/research/johnathan/johnathan/johnathan/research/johnathan/research/johnathan/research/johnathan/johnathan/research/research/johnathan HTTP/1.1" 200 12255 "-\Mozilla/5.0 (compatible; BgezmwfOli/6~bl; +http://www.annamae.com/sau.html)"
204.17.41.001 - - [07/Oct/0010:09:28:48 -0400] "GET /saran-martina/?shera=DUXsTUhlUnEG5_ZDhOHY7ROEKSvdOq0N0DLQVXCEFAJHTaOlw_D_VmY HTTP/1.1" 200 00040 "-\Mozilla/5.0 (Linux; Roberta 00; XD-P400) AppleWebKit/110.21 (KHTML, like Gecko) Chrome/54.0.0120.55 Mobile Safari/110.21"
042.131.00.030 - - [07/Oct/0010:09:28:48 -0400] "GET /sites/all/modules/contrib/google_sharmaine/ztyfyivocvobmmx.js?meo2n1 HTTP/1.0" 200 5020 "https://www.martina.vk/lm/marguerita\Mozilla/5.0 (Macintosh; Arden Mac OS X 00_15_7) AppleWebKit/203.1.15 (KHTML, like Gecko) Version/00.0 Safari/203.1.15"
042.131.00.030 - - [07/Oct/0010:09:28:48 -0400] "GET /sites/all/modules/carisa/love/martina_core/martina_core.js?meo2n1 HTTP/1.0" 200 411 "https://www.martina.vk/lm/marguerita\Mozilla/5.0 (Macintosh; Arden Mac OS X 00_15_7) AppleWebKit/203.1.15 (KHTML, like Gecko) Version/00.0 Safari/203.1.15"
042.131.00.030 - - [07/Oct/0010:09:28:48 -0400] "GET /sites/www.martina.vk/files/less/rainbow.37KsRI1FIecHmLFWL0zEo28NH6mRNgoE7OdWXRuYzaQ.css?meo2n1 HTTP/1.0" 200 5052 "https://www.martina.vk/lm/marguerita\Mozilla/5.0 (Macintosh; Arden Mac OS X 00_15_7) AppleWebKit/203.1.15 (KHTML, like Gecko) Version/00.0 Safari/203.1.15"
042.131.00.030 - - [07/Oct/0010:09:28:48 -0400] "GET /sites/all/themes/custom/martina_ray_assets/elna_home/css/hui_elna_home.css?meo2n1 HTTP/1.0" 200 10023 "https://www.martina.vk/lm/marguerita\Mozilla/5.0 (Macintosh; Arden Mac OS X 00_15_7) AppleWebKit/203.1.15 (KHTML, like Gecko) Version/00.0 Safari/203.1.15"
042.131.00.030 - - [07/Oct/0010:09:28:48 -0400] "GET /sites/all/themes/custom/martina_ray_assets/eliseo_navigation/css/hui_eliseo_navigation.css?meo2n1 HTTP/1.0" 200 0163 "https://www.martina.vk/lm/marguerita\Mozilla/5.0 (Macintosh; Arden Mac OS X 00_15_7) AppleWebKit/203.1.15 (KHTML, like Gecko) Version/00.0 Safari/203.1.15"
042.131.00.030 - - [07/Oct/0010:09:28:48 -0400] "GET /sites/all/themes/custom/martina_ray_assets/contact_footer/css/hui_contact_footer.css?meo2n1 HTTP/1.0" 200 1652 "https://www.martina.vk/lm/marguerita\Mozilla/5.0 (Macintosh; Arden Mac OS X 00_15_7) AppleWebKit/203.1.15 (KHTML, like Gecko) Version/00.0 Safari/203.1.15"
042.131.00.030 - - [07/Oct/0010:09:28:48 -0400] "GET /sites/all/themes/custom/martina_ray_assets/site_id/css/hui_site_id.css?meo2n1 HTTP/1.0" 200 2020 "https://www.martina.vk/lm/marguerita\Mozilla/5.0 (Macintosh; Arden Mac OS X 00_15_7) AppleWebKit/203.1.15 (KHTML, like Gecko) Version/00.0 Safari/203.1.15"
30.03.016.051 - - [07/Oct/0010:09:28:48 -0400] "GET /modules/user/user.css?thmmn2 HTTP/1.0" 200 0524 "https://www.martina.vk/en/students\Mozilla/5.0 (Windows NT 00.0; Nra04; r60) AppleWebKit/110.21 (KHTML, like Gecko) Chrome/84.0.2152.100 Safari/110.21"
042.131.00.030 - - [07/Oct/0010:09:28:48 -0400] "GET /sites/all/themes/custom/martina_ray_assets/global_navigation/css/hui_global_navigation.css?meo2n1 HTTP/1.0" 200 10350 "https://www.martina.vk/lm/marguerita\Mozilla/5.0 (Macintosh; Arden Mac OS X 00_15_7) AppleWebKit/203.1.15 (KHTML, like Gecko) Version/00.0 Safari/203.1.15"
042.131.00.030 - - [07/Oct/0010:09:28:48 -0400] "GET /sites/all/themes/custom/martina_ray_assets/events/css/hui_events.css?meo2n1 HTTP/1.0" 200 0111 "https://www.martina.vk/lm/marguerita\Mozilla/5.0 (Macintosh; Arden Mac OS X 00_15_7) AppleWebKit/203.1.15 (KHTML, like Gecko) Version/00.0 Safari/203.1.15"
042.131.00.030 - - [07/Oct/0010:09:28:48 -0400] "GET /sites/all/themes/custom/martina_ray_assets/back_top/css/hui_back_top.css?meo2n1 HTTP/1.0" 200 416 "https://www.martina.vk/lm/marguerita\Mozilla/5.0 (Macintosh; Arden Mac OS X 00_15_7) AppleWebKit/203.1.15 (KHTML, like Gecko) Version/00.0 Safari/203.1.15"
042.131.00.030 - - [07/Oct/0010:09:28:48 -0400] "GET /sites/all/themes/custom/martina_ray_assets/forms/css/hui_forms.css?meo2n1 HTTP/1.0" 200 2806 "https://www.martina.vk/lm/marguerita\Mozilla/5.0 (Macintosh; Arden Mac OS X 00_15_7) AppleWebKit/203.1.15 (KHTML, like Gecko) Version/00.0 Safari/203.1.15"
042.131.00.030 - - [07/Oct/0010:09:28:48 -0400] "GET /sites/all/themes/custom/martina_ray_assets/typography/css/hui_typography.css?meo2n1 HTTP/1.0" 200 0475 "https://www.martina.vk/lm/marguerita\Mozilla/5.0 (Macintosh; Arden Mac OS X 00_15_7) AppleWebKit/203.1.15 (KHTML, like Gecko) Version/00.0 Safari/203.1.15"
042.131.00.030 - - [07/Oct/0010:09:28:48 -0400] "GET /sites/all/themes/custom/martina_ray_assets/base/css/hui_base.css?meo2n1 HTTP/1.0" 200 1413 "https://www.martina.vk/lm/marguerita\Mozilla/5.0 (Macintosh; Arden Mac OS X 00_15_7) AppleWebKit/203.1.15 (KHTML, like Gecko) Version/00.0 Safari/203.1.15"
042.131.00.030 - - [07/Oct/0010:09:28:48 -0400] "GET /sites/all/themes/custom/martina_ray/css/henry/kv_henry.css?meo2n1 HTTP/1.0" 200 050 "https://www.martina.vk/lm/marguerita\Mozilla/5.0 (Macintosh; Arden Mac OS X 00_15_7) AppleWebKit/203.1.15 (KHTML, like Gecko) Version/00.0 Safari/203.1.15"
042.131.00.030 - - [07/Oct/0010:09:28:48 -0400] "GET /sites/all/themes/custom/martina_ray/css/layout/kv_widths.css?meo2n1 HTTP/1.0" 200 1035 "https://www.martina.vk/lm/marguerita\Mozilla/5.0 (Macintosh; Arden Mac OS X 00_15_7) AppleWebKit/203.1.15 (KHTML, like Gecko) Version/00.0 Safari/203.1.15"
042.131.00.030 - - [07/Oct/0010:09:28:48 -0400] "GET /sites/all/themes/custom/martina_ray/css/layout/kv_hipolito.css?meo2n1 HTTP/1.0" 200 0101 "https://www.martina.vk/lm/marguerita\Mozilla/5.0 (Macintosh; Arden Mac OS X 00_15_7) AppleWebKit/203.1.15 (KHTML, like Gecko) Version/00.0 Safari/203.1.15"
042.131.00.030 - - [07/Oct/0010:09:28:48 -0400] "GET /sites/www.martina.vk/files/less/view-modes-common.ZHfsXUYQEhFulWX2nLE4LRLb0whSEcvUPUyhU4Z1OJ0.css?meo2n1 HTTP/1.0" 200 6013 "https://www.martina.vk/lm/marguerita\Mozilla/5.0 (Macintosh; Arden Mac OS X 00_15_7) AppleWebKit/203.1.15 (KHTML, like Gecko) Version/00.0 Safari/203.1.15"
042.131.00.030 - - [07/Oct/0010:09:28:48 -0400] "GET /sites/all/themes/custom/martina_ray/custom_panels/full_width/martina_b_full/martina_b_full.css?meo2n1 HTTP/1.0" 200 020 "https://www.martina.vk/lm/marguerita\Mozilla/5.0 (Macintosh; Arden Mac OS X 00_15_7) AppleWebKit/203.1.15 (KHTML, like Gecko) Version/00.0 Safari/203.1.15"
042.131.00.030 - - [07/Oct/0010:09:28:48 -0400] "GET /sites/all/themes/custom/martina_ray/custom_panels/rows_1/martina_g/martina_g.css?meo2n1 HTTP/1.0" 200 204 "https://www.martina.vk/lm/marguerita\Mozilla/5.0 (Macintosh; Arden Mac OS X 00_15_7) AppleWebKit/203.1.15 (KHTML, like Gecko) Version/00.0 Safari/203.1.15"
042.131.00.030 - - [07/Oct/0010:09:28:48 -0400] "GET /sites/all/modules/contrib/panels/css/panels.css?meo2n1 HTTP/1.0" 200 450 "https://www.martina.vk/lm/marguerita\Mozilla/5.0 (Macintosh; Arden Mac OS X 00_15_7) AppleWebKit/203.1.15 (KHTML, like Gecko) Version/00.0 Safari/203.1.15"
042.131.00.030 - - [07/Oct/0010:09:28:48 -0400] "GET /sites/all/modules/contrib/ailene/css/ailene.css?meo2n1 HTTP/1.0" 200 406 "https://www.martina.vk/lm/marguerita\Mozilla/5.0 (Macintosh; Arden Mac OS X 00_15_7) AppleWebKit/203.1.15 (KHTML, like Gecko) Version/00.0 Safari/203.1.15"
042.131.00.030 - - [07/Oct/0010:09:28:48 -0400] "GET /sites/all/modules/contrib/ramonita/css/ramonita.css?meo2n1 HTTP/1.0" 200 330 "https://www.martina.vk/lm/marguerita\Mozilla/5.0 (Macintosh; Arden Mac OS X 00_15_7) AppleWebKit/203.1.15 (KHTML, like Gecko) Version/00.0 Safari/203.1.15"
042.131.00.030 - - [07/Oct/0010:09:28:48 -0400] "GET /modules/user/user.css?meo2n1 HTTP/1.0" 200 0524 "https://www.martina.vk/lm/marguerita\Mozilla/5.0 (Macintosh; Arden Mac OS X 00_15_7) AppleWebKit/203.1.15 (KHTML, like Gecko) Version/00.0 Safari/203.1.15"
042.131.00.030 - - [07/Oct/0010:09:28:48 -0400] "GET /sites/all/modules/contrib/ldap/ldap_user/ldap_user.css?meo2n1 HTTP/1.0" 200 110 "https://www.martina.vk/lm/marguerita\Mozilla/5.0 (Macintosh; Arden Mac OS X 00_15_7) AppleWebKit/203.1.15 (KHTML, like Gecko) Version/00.0 Safari/203.1.15"
042.131.00.030 - - [07/Oct/0010:09:28:48 -0400] "GET /sites/all/modules/contrib/date/date_popup/themes/christoper.1.7.css?meo2n1 HTTP/1.0" 200 2202 "https://www.martina.vk/lm/marguerita\Mozilla/5.0 (Macintosh; Arden Mac OS X 00_15_7) AppleWebKit/203.1.15 (KHTML, like Gecko) Version/00.0 Safari/203.1.15"
042.131.00.030 - - [07/Oct/0010:09:28:48 -0400] "GET /modules/system/system.messages.css?meo2n1 HTTP/1.0" 200 351 "https://www.martina.vk/lm/marguerita\Mozilla/5.0 (Macintosh; Arden Mac OS X 00_15_7) AppleWebKit/203.1.15 (KHTML, like Gecko) Version/00.0 Safari/203.1.15"
042.131.00.030 - - [07/Oct/0010:09:28:48 -0400] "GET /modules/system/system.theme.css?meo2n1 HTTP/1.0" 200 0111 "https://www.martina.vk/lm/marguerita\Mozilla/5.0 (Macintosh; Arden Mac OS X 00_15_7) AppleWebKit/203.1.15 (KHTML, like Gecko) Version/00.0 Safari/203.1.15"
042.011.203.000 - - [07/Oct/0010:09:28:48 -0400] "GET /jimmy-date HTTP/1.0" 301 - "https://www.martina.vk/en/students\Mozilla/5.0 (fUmiko; CPU fUmiko OS 02_5_1 like Mac OS X) AppleWebKit/203.1.15 (KHTML, like Gecko) Version/13.1.1 Mobile/14T015 Safari/001.1"
042.131.00.030 - - [07/Oct/0010:09:28:48 -0400] "GET /sites/all/modules/contrib/fences/field.css?meo2n1 HTTP/1.0" 200 115 "https://www.martina.vk/lm/marguerita\Mozilla/5.0 (Macintosh; Arden Mac OS X 00_15_7) AppleWebKit/203.1.15 (KHTML, like Gecko) Version/00.0 Safari/203.1.15"
03.41.051.41 - - [07/Oct/0010:09:28:48 -0400] "GET / HTTP/1.0" 302 - "-\Mozilla/5.0 (Macintosh; Arden Mac OS X 00_02_6) AppleWebKit/110.21 (KHTML, like Gecko) Chrome/84.0.2152.110 Safari/110.21"
207.04.02.120 - - [07/Oct/0010:09:28:48 -0400] "GET /lm/news/prostitution-loreta-brant-antonia-wilber-carmelita-xjkgljvnrlzrgj?cat_1=0010&cat_2=00 HTTP/1.1" 200 06029 "-\Mozilla/5.0 (compatible; louella/2.0; +http://www.bing.com/louella.htm)"
044.110.01.30 - - [07/Oct/0010:09:28:48 -0400] "GET /en/jimmy-date HTTP/1.0" 200 21 "https://www.martina.vk/en/programs\Mozilla/5.0 (Windows NT 00.0; Nra04; r60) AppleWebKit/110.21 (KHTML, like Gecko) Chrome/54.0.0120.40 Safari/110.21"
10.52.41.112 - - [07/Oct/0010:09:28:48 -0400] "GET /en/celestina-results/office%00235%00nbwhrofis HTTP/1.0" 200 15214 "https://www.martina.vk/en/celestina-results/ellsworth%00lteu\Mozilla/5.0 (Macintosh; Arden Mac OS X 00_15_7) AppleWebKit/203.1.15 (KHTML, like Gecko) Version/00.0 Safari/203.1.15"
042.131.00.030 - - [07/Oct/0010:09:28:48 -0400] "GET /sites/all/modules/contrib/custom_search/js/custom_search.js?meo2n1 HTTP/1.0" 200 0102 "https://www.martina.vk/lm/marguerita\Mozilla/5.0 (Macintosh; Arden Mac OS X 00_15_7) AppleWebKit/203.1.15 (KHTML, like Gecko) Version/00.0 Safari/203.1.15"
042.011.203.000 - - [07/Oct/0010:09:28:48 -0400] "GET /en/jimmy-date HTTP/1.0" 200 21 "https://www.martina.vk/en/students\Mozilla/5.0 (fUmiko; CPU fUmiko OS 02_5_1 like Mac OS X) AppleWebKit/203.1.15 (KHTML, like Gecko) Version/13.1.1 Mobile/14T015 Safari/001.1"
042.131.00.030 - - [07/Oct/0010:09:28:48 -0400] "GET /sites/www.martina.vk/files/languages/lm_4_JXhvs7-hvlACt5b4r4kZNxEWF2yRIYLiMU30YQwA0.js?meo2n1 HTTP/1.0" 200 2211 "https://www.martina.vk/lm/marguerita\Mozilla/5.0 (Macintosh; Arden Mac OS X 00_15_7) AppleWebKit/203.1.15 (KHTML, like Gecko) Version/00.0 Safari/203.1.15"
