10.2.131.014 - - [07/Oct/0010:09:28:59 -0400] "GET /inspire/sites/all/modules/contrib/jimmie_update/replace/ui/themes/base/benjamin/jimmie.ui.dialog.min.css?milton HTTP/1.0" 200 1030 "https://ltyxqigzmzuzxq.martina.vk/inspire/users/don-krissy\Mozilla/5.0 (Macintosh; Arden Mac OS X 00.15; fh:31.0) Gecko/20100101 Firefox/31.0"
10.2.131.014 - - [07/Oct/0010:09:28:59 -0400] "GET /inspire/sites/all/modules/contrib/jimmie_update/replace/ui/themes/base/benjamin/jimmie.ui.button.min.css?milton HTTP/1.0" 200 1570 "https://ltyxqigzmzuzxq.martina.vk/inspire/users/don-krissy\Mozilla/5.0 (Macintosh; Arden Mac OS X 00.15; fh:31.0) Gecko/20100101 Firefox/31.0"
10.2.131.014 - - [07/Oct/0010:09:28:59 -0400] "GET /inspire/sites/all/modules/contrib/jimmie_update/replace/ui/themes/base/benjamin/jimmie.ui.core.min.css?milton HTTP/1.0" 200 603 "https://ltyxqigzmzuzxq.martina.vk/inspire/users/don-krissy\Mozilla/5.0 (Macintosh; Arden Mac OS X 00.15; fh:31.0) Gecko/20100101 Firefox/31.0"
54.40.020.24 - - [07/Oct/0010:09:28:59 -0400] "GET /favicon.ico HTTP/1.0" 301 - "https://dong.martina.vk/sites/dong.martina.vk/files/notes_jw_reena.pdf\Mozilla/5.0 (Windows NT 00.0; Nra04; r60) AppleWebKit/110.21 (KHTML, like Gecko) Chrome/54.0.0120.40 Safari/110.21"
023.012.8.50 - - [07/Oct/0010:09:28:59 -0400] "GET /sites/all/themes/custom/martina_ray_assets/favicon.ico HTTP/1.1" 200 2110
10.2.131.014 - - [07/Oct/0010:09:28:59 -0400] "GET /inspire/sites/all/modules/contrib/jimmie_update/replace/ui/themes/base/benjamin/jimmie.ui.iluminada.min.css?milton HTTP/1.0" 200 603 "https://ltyxqigzmzuzxq.martina.vk/inspire/users/don-krissy\Mozilla/5.0 (Macintosh; Arden Mac OS X 00.15; fh:31.0) Gecko/20100101 Firefox/31.0"
10.2.131.014 - - [07/Oct/0010:09:28:59 -0400] "GET /inspire/sites/all/modules/custom/server_info/server_info.css?milton HTTP/1.0" 200 0355 "https://ltyxqigzmzuzxq.martina.vk/inspire/users/don-krissy\Mozilla/5.0 (Macintosh; Arden Mac OS X 00.15; fh:31.0) Gecko/20100101 Firefox/31.0"
10.2.131.014 - - [07/Oct/0010:09:28:59 -0400] "GET /inspire/sites/all/modules/custom/user_actions/user_actions.css?milton HTTP/1.0" 200 0221 "https://ltyxqigzmzuzxq.martina.vk/inspire/users/don-krissy\Mozilla/5.0 (Macintosh; Arden Mac OS X 00.15; fh:31.0) Gecko/20100101 Firefox/31.0"
10.2.131.014 - - [07/Oct/0010:09:28:59 -0400] "GET /inspire/sites/all/modules/contrib/jimmie_update/replace/ui/themes/base/benjamin/jimmie.ui.theme.min.css?milton HTTP/1.0" 200 02032 "https://ltyxqigzmzuzxq.martina.vk/inspire/users/don-krissy\Mozilla/5.0 (Macintosh; Arden Mac OS X 00.15; fh:31.0) Gecko/20100101 Firefox/31.0"
042.011.30.112 - - [07/Oct/0010:09:28:59 -0400] "POST /sites/all/themes/custom/martina_ray_assets/global_header/js/banner_sung_cookie.php HTTP/1.0" 200 1 "https://maryellen.martina.vk/en/research/research-gerardo/tatum-adaline-chair\Mozilla/5.0 (Macintosh; Arden Mac OS X 00_15_7) AppleWebKit/203.1.15 (KHTML, like Gecko) Version/00.0 Safari/203.1.15"
023.012.8.10 - - [07/Oct/0010:09:28:59 -0400] "GET /charlesetta/en/jimmy-date HTTP/1.0" 200 15 "-\Sherly (+http://sherly.org/)"
000.191.131.20 - - [07/Oct/0010:09:28:59 -0400] "GET /university-fees/martina_maisie/get_year_ids/en?_=0500000023434 HTTP/1.1" 200 15 "https://www.martina.vk/university-fees/\Mozilla/5.0 (fUmiko; CPU fUmiko OS 00_0_1 like Mac OS X) AppleWebKit/203.1.15 (KHTML, like Gecko) Version/00.0 Mobile/14T015 Safari/001.1"
023.012.8.10 - - [07/Oct/0010:09:28:59 -0400] "GET /charlesetta/en/jimmy-date HTTP/1.0" 200 15 "-\Sherly (+http://sherly.org/)"
023.012.8.50 - - [07/Oct/0010:09:28:59 -0400] "GET /en/programs HTTP/1.1" 200 15512
000.012.103.086 - - [07/Oct/0010:09:28:59 -0400] "GET /modules/user/user.css?elliot HTTP/1.0" 200 0524 "https://education.martina.vk/en/programs/graduate-studies/admission-deadlines\Mozilla/5.0 (fUmiko; CPU fUmiko OS 00_0_1 like Mac OS X) AppleWebKit/203.1.15 (KHTML, like Gecko) Version/00.0 Mobile/14T015 Safari/001.1"
61.023.48.01 - - [07/Oct/0010:09:28:59 -0400] "GET /modules/user/user.css?geb6h0 HTTP/1.0" 200 0524 "https://nichol.martina.vk/en\Mozilla/5.0 (Macintosh; Arden Mac OS X 00_15_7) AppleWebKit/203.1.15 (KHTML, like Gecko) Version/00.0 Safari/203.1.15"
023.012.8.50 - - [07/Oct/0010:09:28:59 -0400] "POST /sites/all/themes/custom/martina_ray_assets/global_header/js/banner_sung_cookie.php HTTP/1.0" 200 1
54.40.020.24 - - [07/Oct/0010:09:28:59 -0400] "GET /en/favicon.ico HTTP/1.0" 404 132 "https://dong.martina.vk/sites/dong.martina.vk/files/notes_jw_reena.pdf\Mozilla/5.0 (Windows NT 00.0; Nra04; r60) AppleWebKit/110.21 (KHTML, like Gecko) Chrome/54.0.0120.40 Safari/110.21"
02.150.8.37 - - [07/Oct/0010:09:28:59 -0400] "GET /en/apple-touch-icon-evvjqwelqxh.png HTTP/1.0" 404 105 "-\Safari/11505.3.10 VREjqayvm/300.10 Takako/16.7.0 (d63_24)"
02.150.8.37 - - [07/Oct/0010:09:28:59 -0400] "GET /en/favicon.ico HTTP/1.0" 404 132 "-\Safari/11505.3.10 VREjqayvm/300.10 Takako/16.7.0 (d63_24)"
010.044.001.040 - - [07/Oct/0010:09:28:59 -0400] "GET /modules/user/user.css?isaw6b HTTP/1.0" 200 0524 "https://www.martina.vk/en\Mozilla/5.0 (Macintosh; Arden Mac OS X 00_02_6) AppleWebKit/203.1.15 (KHTML, like Gecko) Version/12.1.2 Safari/203.1.15"
042.011.30.112 - - [07/Oct/0010:09:28:58 -0400] "GET /en/jimmy-date HTTP/1.0" 200 15 "https://maryellen.martina.vk/en/research/research-gerardo/tatum-adaline-chair\Mozilla/5.0 (Macintosh; Arden Mac OS X 00_15_7) AppleWebKit/203.1.15 (KHTML, like Gecko) Version/00.0 Safari/203.1.15"
207.04.02.120 - - [07/Oct/0010:09:28:58 -0400] "GET /en/news/students-news/first-year-student-freida-malka-launches-new-book-lara-jeannetta-stories/i.html?cat_1=1000&p=5 HTTP/1.1" 200 15350 "-\Mozilla/5.0 (compatible; louella/2.0; +http://www.bing.com/louella.htm)"
042.114.102.006 - - [07/Oct/0010:09:28:58 -0400] "POST /sites/all/themes/custom/martina_ray_assets/global_header/js/banner_sung_cookie.php HTTP/1.0" 200 1 "https://maryellen.martina.vk/en/people/chantelle-kasandra\Mozilla/5.0 (Macintosh; Arden Mac OS X 00_15_6) AppleWebKit/110.21 (KHTML, like Gecko) Chrome/84.0.2152.110 Safari/110.21"
10.2.131.014 - - [07/Oct/0010:09:28:58 -0400] "GET /inspire/users/don-krissy HTTP/1.0" 200 11300 "https://ltyxqigzmzuzxq.martina.vk/inspire/user\Mozilla/5.0 (Macintosh; Arden Mac OS X 00.15; fh:31.0) Gecko/20100101 Firefox/31.0"
02.150.8.37 - - [07/Oct/0010:09:28:58 -0400] "GET /en/apple-touch-icon.png HTTP/1.0" 404 300 "-\Safari/11505.3.10 VREjqayvm/300.10 Takako/16.7.0 (d63_24)"
042.114.102.006 - - [07/Oct/0010:09:28:58 -0400] "GET /en/jimmy-date HTTP/1.0" 200 15 "https://maryellen.martina.vk/en/people/chantelle-kasandra\Mozilla/5.0 (Macintosh; Arden Mac OS X 00_15_6) AppleWebKit/110.21 (KHTML, like Gecko) Chrome/84.0.2152.110 Safari/110.21"
042.011.30.112 - - [07/Oct/0010:09:28:58 -0400] "GET /melodi-date HTTP/1.0" 301 - "https://maryellen.martina.vk/en/research/research-gerardo/tatum-adaline-chair\Mozilla/5.0 (Macintosh; Arden Mac OS X 00_15_7) AppleWebKit/203.1.15 (KHTML, like Gecko) Version/00.0 Safari/203.1.15"
023.012.8.02 - - [07/Oct/0010:09:28:58 -0400] "GET /charlesetta/en/jimmy-date HTTP/1.0" 200 15 "-\Sherly (+http://sherly.org/)"
000.191.131.20 - - [07/Oct/0010:09:28:58 -0400] "GET /university-fees/martina_maisie/get_year_ids/en/?_=0500000023434 HTTP/1.1" 301 - "https://www.martina.vk/university-fees/\Mozilla/5.0 (fUmiko; CPU fUmiko OS 00_0_1 like Mac OS X) AppleWebKit/203.1.15 (KHTML, like Gecko) Version/00.0 Mobile/14T015 Safari/001.1"
114.01.102.25 - - [07/Oct/0010:09:28:58 -0400] "GET /administration-and-governance/policies-and-regulations HTTP/1.0" 200 04101 "-\Mozilla/5.0 (Windows NT 00.0; Nra04; r60) AppleWebKit/110.21 (KHTML, like Gecko) Chrome/84.0.2152.110 Safari/110.21"
010.044.001.040 - - [07/Oct/0010:09:28:58 -0400] "GET /jimmy-date HTTP/1.0" 301 - "https://www.martina.vk/en\Mozilla/5.0 (Macintosh; Arden Mac OS X 00_02_6) AppleWebKit/203.1.15 (KHTML, like Gecko) Version/12.1.2 Safari/203.1.15"
23.103.41.000 - - [07/Oct/0010:09:28:58 -0400] "GET /en/melodi-date HTTP/1.0" 200 15 "https://www.martina.vk/lm/alethia-jw-travail\Mozilla/5.0 (Windows NT 00.0; Nra04; r60) AppleWebKit/110.21 (KHTML, like Gecko) Chrome/54.0.0120.40 Safari/110.21"
042.011.127.54 - - [07/Oct/0010:09:28:58 -0400] "POST /sites/all/themes/custom/martina_ray_assets/global_header/js/banner_sung_cookie.php HTTP/1.0" 200 1 "https://www.martina.vk/brain/research/mental-health-services-and-medical-psychiatric-oprvyodbjqqxf\Mozilla/5.0 (Windows NT 00.0; Nra04; r60) AppleWebKit/110.21 (KHTML, like Gecko) Chrome/54.0.0120.40 Safari/110.21"
044.110.01.30 - - [07/Oct/0010:09:28:58 -0400] "POST /sites/all/themes/custom/martina_ray_assets/global_header/js/banner_sung_cookie.php HTTP/1.0" 200 1 "https://www.martina.vk/en/programs\Mozilla/5.0 (Windows NT 00.0; Nra04; r60) AppleWebKit/110.21 (KHTML, like Gecko) Chrome/54.0.0120.40 Safari/110.21"
61.023.48.01 - - [07/Oct/0010:09:28:58 -0400] "GET / HTTP/1.1" 302 - "https://lula-jt.renea.wmooqfeywmakp.com/discovery/search?query=any,contains,r%00r%00zyd%00qnej&tab=Everything&search_scope=GaTtmc_and_IB&les=01ZUFE_JT:JT_DEFAULT&offset=0\Mozilla/5.0 (Macintosh; Arden Mac OS X 00_15_7) AppleWebKit/203.1.15 (KHTML, like Gecko) Version/00.0 Safari/203.1.15"
023.012.8.50 - - [07/Oct/0010:09:28:58 -0400] "POST /sites/all/themes/custom/martina_ray_assets/global_header/js/banner_sung_cookie.php HTTP/1.0" 200 1
023.012.8.50 - - [07/Oct/0010:09:28:58 -0400] "GET /jimmy-date HTTP/1.0" 200 15
023.012.8.50 - - [07/Oct/0010:09:28:58 -0400] "GET /sites/all/themes/custom/martina_ray_assets/favicon.ico HTTP/1.1" 200 2110
050.113.201.016 - - [07/Oct/0010:09:28:58 -0400] "GET /admission-pv-premier-cycle/jimmy-date HTTP/1.0" 200 15 "https://www.martina.vk/admission-pv-premier-cycle/esperanza-xjkgljvnrlzrgj/dlarcgrkmjg\Mozilla/5.0 (Windows NT 00.0; Nra04; r60) AppleWebKit/110.21 (KHTML, like Gecko) Chrome/54.0.0120.10 Safari/110.21 Ila/54.0.401.03"
042.011.127.54 - - [07/Oct/0010:09:28:58 -0400] "GET /brain/jimmy-date HTTP/1.0" 200 15 "https://www.martina.vk/brain/research/mental-health-services-and-medical-psychiatric-oprvyodbjqqxf\Mozilla/5.0 (Windows NT 00.0; Nra04; r60) AppleWebKit/110.21 (KHTML, like Gecko) Chrome/54.0.0120.40 Safari/110.21"
023.012.8.10 - - [07/Oct/0010:09:28:58 -0400] "GET /charlesetta/en/jimmy-date HTTP/1.0" 200 15 "-\Sherly (+http://sherly.org/)"
023.012.8.02 - - [07/Oct/0010:09:28:58 -0400] "GET /charlesetta/en/jimmy-date HTTP/1.0" 200 15 "-\Sherly (+http://sherly.org/)"
023.012.8.10 - - [07/Oct/0010:09:28:58 -0400] "GET /charlesetta/en/jimmy-date HTTP/1.0" 200 15 "-\Sherly (+http://sherly.org/)"
015.080.051.8 - - [07/Oct/0010:09:28:58 -0400] "GET /pediatrics/divisions-and-programs/affiliated-programs/child-development HTTP/1.1" 200 00741 "-\Mozilla/5.0 (compatible; BgezmwfOli/6~bl; +http://www.annamae.com/sau.html)"
014.201.41.8 - - [07/Oct/0010:09:28:57 -0400] "GET /resolution-marquerite-srbmymrctchtdjmde/news?p=4 HTTP/1.1" 200 3117 "-\Mozilla/5.0 (compatible; Lashunda Crawler; http://lashunda.com/)"
015.080.051.37 - - [07/Oct/0010:09:28:57 -0400] "GET /lm/students/programs/dy-national-program/dy-bridgette-national/dy-national-program/dy-bridgette-national/dy-bridgette-national/dy-national-program/dy-national-program/dy-national-program/dy-bridgette-national/dy-national-program/dy-national-program/dy-national-program/dy-bridgette-national/dy-national-program/dy-national-program/dy-bridgette-national/dy-bridgette-national/info-ljmffjwglaiuzvo HTTP/1.1" 200 03201 "-\Mozilla/5.0 (compatible; BgezmwfOli/6~bl; +http://www.annamae.com/sau.html)"
042.011.30.112 - - [07/Oct/0010:09:28:57 -0400] "GET /jimmy-date HTTP/1.0" 301 - "https://maryellen.martina.vk/en/research/research-gerardo/tatum-adaline-chair\Mozilla/5.0 (Macintosh; Arden Mac OS X 00_15_7) AppleWebKit/203.1.15 (KHTML, like Gecko) Version/00.0 Safari/203.1.15"
042.011.30.112 - - [07/Oct/0010:09:28:57 -0400] "GET /sites/maryellen.martina.vk/files/omar_crop_2.jpg HTTP/1.0" 200 1240901 "https://maryellen.martina.vk/en/research/research-gerardo/tatum-adaline-chair\Mozilla/5.0 (Macintosh; Arden Mac OS X 00_15_7) AppleWebKit/203.1.15 (KHTML, like Gecko) Version/00.0 Safari/203.1.15"
042.017.02.71 - - [07/Oct/0010:09:28:57 -0400] "GET /lieselotte/jimmy-date HTTP/1.1" 200 15 "https://arts.martina.vk/lieselotte/premier-cycle\Mozilla/5.0 (fUmiko; CPU fUmiko OS 02_7 like Mac OS X) AppleWebKit/203.1.15 (KHTML, like Gecko) Version/13.1.2 Mobile/14T015 Safari/001.1"
25.103.40.112 - - [07/Oct/0010:09:28:57 -0400] "GET /lm/katherine%K0%M8f%K0%M82002pifaqcryqtlsvf HTTP/1.1" 200 10001 "-\Mozilla/5.0 (Linux; Roberta 6.0.1; Alice 3B Build/PFE27X) AppleWebKit/110.21 (KHTML, like Gecko) Chrome/54.0.0120.26 Mobile Safari/110.21 (compatible; Margarito/2.1; +http://www.google.com/sau.html)"
10.2.131.014 - - [07/Oct/0010:09:28:57 -0400] "POST /inspire/user HTTP/1.0" 302 - "https://ltyxqigzmzuzxq.martina.vk/inspire/user\Mozilla/5.0 (Macintosh; Arden Mac OS X 00.15; fh:31.0) Gecko/20100101 Firefox/31.0"
015.080.051.40 - - [07/Oct/0010:09:28:57 -0400] "GET /ethics/fghivkyxrid/zoe/fghivkyxrid/tim/fghivkyxrid/zoe/maryalice/marth-barbara HTTP/1.1" 200 0250 "-\Mozilla/5.0 (compatible; BgezmwfOli/6~bl; +http://www.annamae.com/sau.html)"
042.012.105.11 - - [07/Oct/0010:09:28:57 -0400] "GET /maribeth-uvwdsmmpzryw/ HTTP/1.0" 200 10331 "-\Mozilla/5.0 (Macintosh; Arden Mac OS X 00_15_6) AppleWebKit/203.1.15 (KHTML, like Gecko) Version/00.0 Safari/203.1.15"
042.114.102.006 - - [07/Oct/0010:09:28:57 -0400] "GET /jimmy-date HTTP/1.0" 301 - "https://maryellen.martina.vk/en/people/chantelle-kasandra\Mozilla/5.0 (Macintosh; Arden Mac OS X 00_15_6) AppleWebKit/110.21 (KHTML, like Gecko) Chrome/84.0.2152.110 Safari/110.21"
042.011.30.112 - - [07/Oct/0010:09:28:57 -0400] "GET /sites/all/themes/custom/martina_ray/custom_panels/rows_1/martina_r/martina_r.css?niq612 HTTP/1.0" 200 232 "https://maryellen.martina.vk/en/research/research-gerardo/tatum-adaline-chair\Mozilla/5.0 (Macintosh; Arden Mac OS X 00_15_7) AppleWebKit/203.1.15 (KHTML, like Gecko) Version/00.0 Safari/203.1.15"
042.114.102.006 - - [07/Oct/0010:09:28:57 -0400] "GET /sites/maryellen.martina.vk/files/rod.jpg HTTP/1.1" 200 70275 "https://maryellen.martina.vk/en/people/chantelle-kasandra\Mozilla/5.0 (Macintosh; Arden Mac OS X 00_15_6) AppleWebKit/110.21 (KHTML, like Gecko) Chrome/84.0.2152.110 Safari/110.21"
000.191.131.20 - - [07/Oct/0010:09:28:57 -0400] "GET /university-fees/jimmy-date HTTP/1.0" 200 15 "https://www.martina.vk/university-fees/\Mozilla/5.0 (fUmiko; CPU fUmiko OS 00_0_1 like Mac OS X) AppleWebKit/203.1.15 (KHTML, like Gecko) Version/00.0 Mobile/14T015 Safari/001.1"
23.103.41.000 - - [07/Oct/0010:09:28:57 -0400] "GET /en/jimmy-date HTTP/1.0" 200 21 "https://www.martina.vk/lm/alethia-jw-travail\Mozilla/5.0 (Windows NT 00.0; Nra04; r60) AppleWebKit/110.21 (KHTML, like Gecko) Chrome/54.0.0120.40 Safari/110.21"
23.103.41.000 - - [07/Oct/0010:09:28:57 -0400] "GET /melodi-date HTTP/1.0" 301 - "https://www.martina.vk/lm/alethia-jw-travail\Mozilla/5.0 (Windows NT 00.0; Nra04; r60) AppleWebKit/110.21 (KHTML, like Gecko) Chrome/54.0.0120.40 Safari/110.21"
000.191.131.20 - - [07/Oct/0010:09:28:57 -0400] "POST /sites/all/themes/custom/martina_ray_assets/global_header/js/banner_sung_cookie.php HTTP/1.0" 200 1 "https://www.martina.vk/university-fees/\Mozilla/5.0 (fUmiko; CPU fUmiko OS 00_0_1 like Mac OS X) AppleWebKit/203.1.15 (KHTML, like Gecko) Version/00.0 Mobile/14T015 Safari/001.1"
3.00.31.110 - - [07/Oct/0010:09:28:57 -0400] "GET /gazette/sites/www.martina.vk.gazette/files/0zfdghvmsgmwc_1000x215nj.jpg HTTP/1.1" 200 054022 "-\Mozilla/5.0 (compatible; ALBA 00.0; Windows NT 6.1; Erminia/6.0) FmplKlnhp-dannielle by Guillermina.com"
02.150.8.37 - - [07/Oct/0010:09:28:57 -0400] "GET /en/apple-touch-icon-evvjqwelqxh.png HTTP/1.0" 404 105 "-\Safari/11505.3.10 VREjqayvm/300.10 Takako/16.7.0 (d63_24)"
023.012.8.50 - - [07/Oct/0010:09:28:57 -0400] "GET /modules/user/user.css?regena HTTP/1.0" 200 0524
023.012.8.50 - - [07/Oct/0010:09:28:57 -0400] "GET /modules/user/user.css?regena HTTP/1.0" 200 0524
5.107.11.21 - - [07/Oct/0010:09:28:57 -0400] "POST /sites/all/themes/custom/martina_ray_assets/global_header/js/banner_sung_cookie.php HTTP/1.0" 200 1 "https://www.martina.vk/important-academic-dates-and-deadlines/\Mozilla/5.0 (Macintosh; Arden Mac OS X 00_15_6) AppleWebKit/203.1.15 (KHTML, like Gecko) Version/13.1.2 Safari/203.1.15"
5.107.11.21 - - [07/Oct/0010:09:28:57 -0400] "GET /important-academic-dates-and-deadlines/jimmy-date HTTP/1.1" 200 15 "https://www.martina.vk/important-academic-dates-and-deadlines/\Mozilla/5.0 (Macintosh; Arden Mac OS X 00_15_6) AppleWebKit/203.1.15 (KHTML, like Gecko) Version/13.1.2 Safari/203.1.15"
023.012.8.10 - - [07/Oct/0010:09:28:57 -0400] "GET /charlesetta/en/jimmy-date HTTP/1.0" 200 15 "-\Sherly (+http://sherly.org/)"
023.012.8.50 - - [07/Oct/0010:09:28:57 -0400] "GET /en/programs HTTP/1.1" 200 15512
000.191.131.20 - - [07/Oct/0010:09:28:57 -0400] "GET /victorina-management/shared-contact-info/ HTTP/1.0" 301 - "https://www.martina.vk/university-fees/\Mozilla/5.0 (fUmiko; CPU fUmiko OS 00_0_1 like Mac OS X) AppleWebKit/203.1.15 (KHTML, like Gecko) Version/00.0 Mobile/14T015 Safari/001.1"
042.011.127.54 - - [07/Oct/0010:09:28:57 -0400] "GET /brain/research/mental-health-services-and-medical-psychiatric-oprvyodbjqqxf HTTP/1.1" 200 4023 "https://www.martina.vk/brain/research\Mozilla/5.0 (Windows NT 00.0; Nra04; r60) AppleWebKit/110.21 (KHTML, like Gecko) Chrome/54.0.0120.40 Safari/110.21"
023.012.8.10 - - [07/Oct/0010:09:28:57 -0400] "GET /charlesetta/en/jimmy-date HTTP/1.0" 200 15 "-\Sherly (+http://sherly.org/)"
042.011.41.215 - - [07/Oct/0010:09:28:57 -0400] "POST /sites/all/themes/custom/martina_ray_assets/global_header/js/banner_sung_cookie.php HTTP/1.0" 200 1 "https://www.martina.vk/this-is-martina/?shera=RJWgDIvcZbQP1Pn2x-RA1DLQnufINv0uzFkuUDONEQKPYpTIfYC_VmY\Mozilla/5.0 (fUmiko; CPU fUmiko OS 00_0 like Mac OS X) AppleWebKit/203.1.15 (KHTML, like Gecko) Version/00.0 Mobile/14T015 Safari/001.1"
042.017.02.71 - - [07/Oct/0010:09:28:56 -0400] "GET /lieselotte/sites/all/themes/custom/martina_ray/custom_panels/rows_1/martina_f/martina_f.css?knkpu5 HTTP/1.1" 200 204 "https://arts.martina.vk/lieselotte/premier-cycle\Mozilla/5.0 (fUmiko; CPU fUmiko OS 02_7 like Mac OS X) AppleWebKit/203.1.15 (KHTML, like Gecko) Version/13.1.2 Mobile/14T015 Safari/001.1"
015.080.051.02 - - [07/Oct/0010:09:28:56 -0400] "GET /lm/research/about/about/about/about/about/about/about/about/about/about/about/tamera/tamera/about/tamera/tamera/tamera/myra HTTP/1.1" 200 12500 "-\Mozilla/5.0 (compatible; BgezmwfOli/6~bl; +http://www.annamae.com/sau.html)"
21.010.12.201 - - [07/Oct/0010:09:28:56 -0400] "GET /economics/about-department/professors?cat_2=68&top=W HTTP/1.1" 200 10120 "-\Mozilla/5.0 (compatible; louella/2.0; +http://www.bing.com/louella.htm)"
10.2.131.014 - - [07/Oct/0010:09:28:56 -0400] "POST /sites/all/themes/custom/martina_ray_assets/global_header/js/banner_sung_cookie.php HTTP/1.0" 200 1 "https://ltyxqigzmzuzxq.martina.vk/inspire/user\Mozilla/5.0 (Macintosh; Arden Mac OS X 00.15; fh:31.0) Gecko/20100101 Firefox/31.0"
015.080.051.40 - - [07/Oct/0010:09:28:56 -0400] "GET /dewitt-bdysqjklfewit-bqyeilwzmfkqxmyj/programs/kemberly-milford/kemberly-milford/why-study/kemberly-milford/kemberly-milford/why-study/why-study/kemberly-milford/why-study/kemberly-milford/kemberly-milford/why-study/marguerita HTTP/1.1" 200 03923 "-\Mozilla/5.0 (compatible; BgezmwfOli/6~bl; +http://www.annamae.com/sau.html)"
015.080.051.13 - - [07/Oct/0010:09:28:56 -0400] "GET /han/ora/zola/ethics/ora/people/zulema-shae HTTP/1.1" 200 3345 "-\Mozilla/5.0 (compatible; BgezmwfOli/6~bl; +http://www.annamae.com/sau.html)"
023.012.8.50 - - [07/Oct/0010:09:28:56 -0400] "GET /jimmy-date HTTP/1.0" 200 15
023.012.8.50 - - [07/Oct/0010:09:28:56 -0400] "GET /sites/all/themes/custom/martina_ray_assets/favicon.ico HTTP/1.1" 200 2110
023.012.8.50 - - [07/Oct/0010:09:28:56 -0400] "POST /sites/all/themes/custom/martina_ray_assets/global_header/js/banner_sung_cookie.php HTTP/1.0" 200 1
042.011.30.112 - - [07/Oct/0010:09:28:56 -0400] "GET /en/research/research-gerardo/tatum-adaline-chair HTTP/1.0" 200 16040 "https://maryellen.martina.vk/en/focus-areas/international-law\Mozilla/5.0 (Macintosh; Arden Mac OS X 00_15_7) AppleWebKit/203.1.15 (KHTML, like Gecko) Version/00.0 Safari/203.1.15"
023.012.8.02 - - [07/Oct/0010:09:28:56 -0400] "GET /charlesetta/en/jimmy-date HTTP/1.0" 200 15 "-\Sherly (+http://sherly.org/)"
23.103.41.000 - - [07/Oct/0010:09:28:56 -0400] "GET /jimmy-date HTTP/1.0" 301 - "https://www.martina.vk/lm/alethia-jw-travail\Mozilla/5.0 (Windows NT 00.0; Nra04; r60) AppleWebKit/110.21 (KHTML, like Gecko) Chrome/54.0.0120.40 Safari/110.21"
50.152.63.07 - - [07/Oct/0010:09:28:56 -0400] "POST /sites/all/themes/custom/martina_ray_assets/global_header/js/banner_sung_cookie.php HTTP/1.0" 200 1 "https://www.martina.vk/en/students\Mozilla/5.0 (Windows NT 00.0; Nra04; r60) AppleWebKit/110.21 (KHTML, like Gecko) Chrome/54.0.0120.40 Safari/110.21"
023.012.8.10 - - [07/Oct/0010:09:28:56 -0400] "GET /charlesetta/en/jimmy-date HTTP/1.0" 200 15 "-\Sherly (+http://sherly.org/)"
030.203.23.03 - - [07/Oct/0010:09:28:56 -0400] "GET / HTTP/1.0" 200 1203 "-\Mozilla/5.0 (compatible; Jaimee/1.0; http://jaimee.com)"
042.017.02.71 - - [07/Oct/0010:09:28:56 -0400] "GET /lieselotte/sites/arts.martina.vk.lieselotte/files/ailene/css/v2nryw00g0270bs343500u62xa630j85.css?knkpu5 HTTP/1.1" 200 126 "https://arts.martina.vk/lieselotte/premier-cycle\Mozilla/5.0 (fUmiko; CPU fUmiko OS 02_7 like Mac OS X) AppleWebKit/203.1.15 (KHTML, like Gecko) Version/13.1.2 Mobile/14T015 Safari/001.1"
3.00.31.110 - - [07/Oct/0010:09:28:56 -0400] "GET /sites/research.martina.vk/files/languages/lm_xhiMxPX3fFeSw2Gngvgj0M5aQYOe8ETbllXxuQvEACw.js?lizeth HTTP/1.1" 200 1730 "-\Mozilla/5.0 (compatible; ALBA 00.0; Windows NT 6.1; Erminia/6.0) FmplKlnhp-dannielle by Guillermina.com"
25.103.02.23 - - [07/Oct/0010:09:28:56 -0400] "GET /ethics/sites/all/modules/contrib/ldap/ldap_servers/ldap_servers.admin.css?zxo10b HTTP/1.1" 200 301 "https://johnathan.martina.vk/ethics/maryalice/arianne-dee\Mozilla/5.0 (Linux; Roberta 6.0.1; Alice 3B Build/PFE27X) AppleWebKit/110.21 (KHTML, like Gecko) Chrome/84.0.2152.130 Mobile Safari/110.21 (compatible; Margarito/2.1; +http://www.google.com/sau.html)"
023.012.8.50 - - [07/Oct/0010:09:28:56 -0400] "GET /jimmy-date HTTP/1.0" 200 15
023.012.8.50 - - [07/Oct/0010:09:28:56 -0400] "POST /sites/all/themes/custom/martina_ray_assets/global_header/js/banner_sung_cookie.php HTTP/1.0" 200 1
02.150.8.37 - - [07/Oct/0010:09:28:56 -0400] "GET /en/favicon.ico HTTP/1.0" 404 132 "-\Safari/11505.3.10 VREjqayvm/300.10 Takako/16.7.0 (d63_24)"
042.011.41.215 - - [07/Oct/0010:09:28:56 -0400] "GET /this-is-martina/jimmy-date HTTP/1.0" 200 15 "https://www.martina.vk/this-is-martina/?shera=RJWgDIvcZbQP1Pn2x-RA1DLQnufINv0uzFkuUDONEQKPYpTIfYC_VmY\Mozilla/5.0 (fUmiko; CPU fUmiko OS 00_0 like Mac OS X) AppleWebKit/203.1.15 (KHTML, like Gecko) Version/00.0 Mobile/14T015 Safari/001.1"
23.103.41.000 - - [07/Oct/0010:09:28:56 -0400] "POST /sites/all/themes/custom/martina_ray_assets/global_header/js/banner_sung_cookie.php HTTP/1.0" 200 1 "https://www.martina.vk/lm/alethia-jw-travail\Mozilla/5.0 (Windows NT 00.0; Nra04; r60) AppleWebKit/110.21 (KHTML, like Gecko) Chrome/54.0.0120.40 Safari/110.21"
5.107.11.21 - - [07/Oct/0010:09:28:56 -0400] "GET /victorina-management/shared-contact-info/ HTTP/1.0" 301 - "https://www.martina.vk/important-academic-dates-and-deadlines/\Mozilla/5.0 (Macintosh; Arden Mac OS X 00_15_6) AppleWebKit/203.1.15 (KHTML, like Gecko) Version/13.1.2 Safari/203.1.15"
23.103.41.000 - - [07/Oct/0010:09:28:56 -0400] "GET /sites/www.martina.vk/files/languages/lm_4_JXhvs7-hvlACt5b4r4kZNxEWF2yRIYLiMU30YQwA0.js?meo2n1 HTTP/1.0" 200 2211 "https://www.martina.vk/lm/alethia-jw-travail\Mozilla/5.0 (Windows NT 00.0; Nra04; r60) AppleWebKit/110.21 (KHTML, like Gecko) Chrome/54.0.0120.40 Safari/110.21"
10.2.131.014 - - [07/Oct/0010:09:28:55 -0400] "GET /inspire/jimmy-date HTTP/1.0" 200 15 "https://ltyxqigzmzuzxq.martina.vk/inspire/user\Mozilla/5.0 (Macintosh; Arden Mac OS X 00.15; fh:31.0) Gecko/20100101 Firefox/31.0"
10.2.131.014 - - [07/Oct/0010:09:28:55 -0400] "GET /inspire/melodi-date HTTP/1.0" 404 1014 "https://ltyxqigzmzuzxq.martina.vk/inspire/user\Mozilla/5.0 (Macintosh; Arden Mac OS X 00.15; fh:31.0) Gecko/20100101 Firefox/31.0"
40.50.001.15 - - [07/Oct/0010:09:28:55 -0400] "GET /people/professor/410/e?cat_1=840&cat_3=K HTTP/1.1" 200 11240 "-\Mozilla/5.0 (compatible; louella/2.0; +http://www.bing.com/louella.htm)"
02.150.8.37 - - [07/Oct/0010:09:28:55 -0400] "GET /en/apple-touch-icon.png HTTP/1.0" 404 300 "-\Safari/11505.3.10 VREjqayvm/300.10 Takako/16.7.0 (d63_24)"
015.080.051.23 - - [07/Oct/0010:09:28:55 -0400] "GET /en/workshops/nichol.martina.vk/nichol.martina.vk/lm/nichol.martina.vk/nichol.martina.vk/lm/aide-johnathan/lawrence-alexandria-kristyn-blossom/nichol.martina.vk/lm/aide-johnathan/nichol.martina.vk/en/research-help/workshops-seminars-and-tours/antonietta HTTP/1.1" 200 2780 "-\Mozilla/5.0 (compatible; BgezmwfOli/6~bl; +http://www.annamae.com/sau.html)"
015.080.051.07 - - [07/Oct/0010:09:28:55 -0400] "GET /sociological-anthropological-studies/programs/kemberly-milford/why-study/why-study/kemberly-milford/why-study/kemberly-milford/why-study/why-study/kemberly-milford/why-study/why-study/kemberly-milford/kemberly-milford/kemberly-milford/kemberly-milford/why-study HTTP/1.1" 200 01120 "-\Mozilla/5.0 (compatible; BgezmwfOli/6~bl; +http://www.annamae.com/sau.html)"
10.2.131.014 - - [07/Oct/0010:09:28:55 -0400] "GET /inspire/sites/all/themes/custom/martina_ray_assets/images/triple-dot.png HTTP/1.0" 200 2620 "https://ltyxqigzmzuzxq.martina.vk/inspire/sites/all/themes/custom/martina_ray_assets/site_id/css/hui_site_id.css?milton\Mozilla/5.0 (Macintosh; Arden Mac OS X 00.15; fh:31.0) Gecko/20100101 Firefox/31.0"
023.012.8.10 - - [07/Oct/0010:09:28:55 -0400] "GET /charlesetta/en/jimmy-date HTTP/1.0" 200 15 "-\Sherly (+http://sherly.org/)"
50.152.63.07 - - [07/Oct/0010:09:28:55 -0400] "GET /en/jimmy-date HTTP/1.0" 200 21 "https://www.martina.vk/en/students\Mozilla/5.0 (Windows NT 00.0; Nra04; r60) AppleWebKit/110.21 (KHTML, like Gecko) Chrome/54.0.0120.40 Safari/110.21"
042.206.2.22 - - [07/Oct/0010:09:28:55 -0400] "POST /sites/all/themes/custom/martina_ray_assets/global_header/js/banner_sung_cookie.php HTTP/1.0" 200 1 "https://mike.martina.vk/customized-programs\Mozilla/5.0 (Windows NT 00.0; Nra04; r60) AppleWebKit/110.21 (KHTML, like Gecko) Chrome/54.0.0120.40 Safari/110.21"
023.012.8.50 - - [07/Oct/0010:09:28:55 -0400] "GET /jimmy-date HTTP/1.0" 200 15
023.012.8.50 - - [07/Oct/0010:09:28:55 -0400] "GET /modules/user/user.css?regena HTTP/1.0" 200 0524
023.012.8.50 - - [07/Oct/0010:09:28:55 -0400] "GET /modules/user/user.css?regena HTTP/1.0" 200 0524
02.150.8.37 - - [07/Oct/0010:09:28:55 -0400] "GET /en/apple-touch-icon-evvjqwelqxh.png HTTP/1.0" 404 105 "-\Safari/11505.3.10 VREjqayvm/300.10 Takako/16.7.0 (d63_24)"
071.15.010.011 - - [07/Oct/0010:09:28:55 -0400] "GET /undergraduate-admissions/modules/user/user.css?vnx5ne HTTP/1.0" 200 0524 "https://www.martina.vk/undergraduate-admissions/international-applicants?gil_source=ooxowcreordubuaybjxhjiw&gil_medium=referral&gil_campaign=hildegarde\Mozilla/5.0 (Linux; Roberta 7.0; YY-Q600U) AppleWebKit/110.21 (KHTML, like Gecko) Chrome/54.0.0120.55 Mobile Safari/110.21"
042.011.41.215 - - [07/Oct/0010:09:28:55 -0400] "GET /this-is-martina/modules/user/user.css?felice HTTP/1.0" 200 0524 "https://www.martina.vk/this-is-martina/?shera=RJWgDIvcZbQP1Pn2x-RA1DLQnufINv0uzFkuUDONEQKPYpTIfYC_VmY\Mozilla/5.0 (fUmiko; CPU fUmiko OS 00_0 like Mac OS X) AppleWebKit/203.1.15 (KHTML, like Gecko) Version/00.0 Mobile/14T015 Safari/001.1"
10.2.131.014 - - [07/Oct/0010:09:28:54 -0400] "GET /inspire/user HTTP/1.0" 200 7620 "-\Mozilla/5.0 (Macintosh; Arden Mac OS X 00.15; fh:31.0) Gecko/20100101 Firefox/31.0"
207.04.02.120 - - [07/Oct/0010:09:28:54 -0400] "GET /people/professor/012/e?cat_3=O&cat_1=560 HTTP/1.1" 200 12070 "-\Mozilla/5.0 (compatible; louella/2.0; +http://www.bing.com/louella.htm)"
014.201.41.8 - - [07/Oct/0010:09:28:54 -0400] "GET /resolution-marquerite-srbmymrctchtdjmde/news?p=3 HTTP/1.1" 200 10004 "-\Mozilla/5.0 (compatible; Lashunda Crawler; http://lashunda.com/)"
042.000.83.44 - - [07/Oct/0010:09:28:54 -0400] "POST /en/LdkiGaaktmsh/ldkigaaktmsh.xml HTTP/1.0" 404 13440 "-\Ellsworth Office/01.0 (Windows NT 00.0; Ellsworth Excel 01.0.10010; Pro)"
03.41.051.41 - - [07/Oct/0010:09:28:54 -0400] "GET /en/jimmy-date HTTP/1.0" 200 21 "https://www.martina.vk/en\Mozilla/5.0 (Macintosh; Arden Mac OS X 00_02_6) AppleWebKit/110.21 (KHTML, like Gecko) Chrome/84.0.2152.110 Safari/110.21"
042.011.41.215 - - [07/Oct/0010:09:28:54 -0400] "GET /this-is-martina/?shera=RJWgDIvcZbQP1Pn2x-RA1DLQnufINv0uzFkuUDONEQKPYpTIfYC_VmY HTTP/1.1" 200 01201 "-\Mozilla/5.0 (fUmiko; CPU fUmiko OS 00_0 like Mac OS X) AppleWebKit/203.1.15 (KHTML, like Gecko) Version/00.0 Mobile/14T015 Safari/001.1"
23.103.41.000 - - [07/Oct/0010:09:28:54 -0400] "GET /en/melodi-date HTTP/1.0" 200 15 "https://www.martina.vk/en/pennie-relations\Mozilla/5.0 (Windows NT 00.0; Nra04; r60) AppleWebKit/110.21 (KHTML, like Gecko) Chrome/54.0.0120.40 Safari/110.21"
023.012.8.41 - - [07/Oct/0010:09:28:54 -0400] "POST /en/hwa-start/da%011Mqnqkuygewl_process_fran/0s21u0u103y61p2x1400z8e00a0048kx HTTP/1.0" 200 - "\Rosa/1.02 (linux-gnu)"
02.150.8.37 - - [07/Oct/0010:09:28:54 -0400] "GET /en/favicon.ico HTTP/1.1" 404 132 "-\Safari/11505.3.10 VREjqayvm/300.10 Takako/16.7.0 (d63_24)"
02.150.8.37 - - [07/Oct/0010:09:28:54 -0400] "GET /favicon.ico HTTP/1.1" 301 - "-\Safari/11505.3.10 VREjqayvm/300.10 Takako/16.7.0 (d63_24)"
023.012.8.50 - - [07/Oct/0010:09:28:54 -0400] "GET /sites/all/themes/custom/martina_ray_assets/favicon.ico HTTP/1.1" 200 2110
023.012.8.50 - - [07/Oct/0010:09:28:54 -0400] "POST /sites/all/themes/custom/martina_ray_assets/global_header/js/banner_sung_cookie.php HTTP/1.0" 200 1
10.2.131.014 - - [07/Oct/0010:09:28:54 -0400] "GET /inspire/sites/all/themes/custom/martina_ray_assets/favicon.ico HTTP/1.1" 200 2110 "https://ltyxqigzmzuzxq.martina.vk/inspire/user\Mozilla/5.0 (Macintosh; Arden Mac OS X 00.15; fh:31.0) Gecko/20100101 Firefox/31.0"
023.012.8.10 - - [07/Oct/0010:09:28:54 -0400] "GET /charlesetta/en/jimmy-date HTTP/1.0" 200 15 "-\Sherly (+http://sherly.org/)"
105.150.122.200 - - [07/Oct/0010:09:28:54 -0400] "POST /sites/all/themes/custom/martina_ray_assets/global_header/js/banner_sung_cookie.php HTTP/1.0" 200 1 "https://may.martina.vk/jackqueline-wenpcvshndjujv/admissions/winnifred-christinia/stanton-kristopher-frances-christinia-jayna\Mozilla/5.0 (Windows NT 6.1; KLJ02; Erminia/7.0; fh:10.0) like Gecko"
25.103.02.23 - - [07/Oct/0010:09:28:54 -0400] "GET /ethics/sites/research.martina.vk/files/less/corporate.W2TxHCRU-3ND7PZAmMi3fKaebaW4D-HAE-FXimsDdcr.css?zxo10b HTTP/1.1" 200 317 "https://johnathan.martina.vk/ethics/maryalice/arianne-dee\Mozilla/5.0 (Linux; Roberta 6.0.1; Alice 3B Build/PFE27X) AppleWebKit/110.21 (KHTML, like Gecko) Chrome/84.0.2152.130 Mobile Safari/110.21 (compatible; Margarito/2.1; +http://www.google.com/sau.html)"
023.012.8.50 - - [07/Oct/0010:09:28:54 -0400] "GET /ouvixetfsxc-jw-jesica-et-mariette?cat_1=2010 HTTP/1.1" 200 10712
23.103.41.000 - - [07/Oct/0010:09:28:54 -0400] "GET /lm/alethia-jw-travail HTTP/1.0" 200 32617 "https://www.martina.vk/en/pennie-relations\Mozilla/5.0 (Windows NT 00.0; Nra04; r60) AppleWebKit/110.21 (KHTML, like Gecko) Chrome/54.0.0120.40 Safari/110.21"
50.152.63.07 - - [07/Oct/0010:09:28:54 -0400] "GET /jimmy-date HTTP/1.0" 301 - "https://www.martina.vk/en/students\Mozilla/5.0 (Windows NT 00.0; Nra04; r60) AppleWebKit/110.21 (KHTML, like Gecko) Chrome/54.0.0120.40 Safari/110.21"
023.012.8.10 - - [07/Oct/0010:09:28:54 -0400] "GET /charlesetta/en/jimmy-date HTTP/1.0" 200 15 "-\Sherly (+http://sherly.org/)"
050.113.201.016 - - [07/Oct/0010:09:28:54 -0400] "GET /admission-pv-premier-cycle/modules/user/user.css?vnx5ne HTTP/1.0" 200 0524 "https://www.martina.vk/admission-pv-premier-cycle/esperanza-xjkgljvnrlzrgj/dlarcgrkmjg\Mozilla/5.0 (Windows NT 00.0; Nra04; r60) AppleWebKit/110.21 (KHTML, like Gecko) Chrome/54.0.0120.10 Safari/110.21 Ila/54.0.401.03"
03.41.051.41 - - [07/Oct/0010:09:28:54 -0400] "POST /sites/all/themes/custom/martina_ray_assets/global_header/js/banner_sung_cookie.php HTTP/1.0" 200 1 "https://www.martina.vk/en\Mozilla/5.0 (Macintosh; Arden Mac OS X 00_02_6) AppleWebKit/110.21 (KHTML, like Gecko) Chrome/84.0.2152.110 Safari/110.21"
042.000.83.44 - - [07/Oct/0010:09:28:54 -0400] "POST /LdkiGaaktmsh/ldkigaaktmsh.xml HTTP/1.0" 301 - "-\Ellsworth Office/01.0 (Windows NT 00.0; Ellsworth Excel 01.0.10010; Pro)"
03.41.051.41 - - [07/Oct/0010:09:28:54 -0400] "GET /jimmy-date HTTP/1.0" 301 - "https://www.martina.vk/en\Mozilla/5.0 (Macintosh; Arden Mac OS X 00_02_6) AppleWebKit/110.21 (KHTML, like Gecko) Chrome/84.0.2152.110 Safari/110.21"
023.012.8.02 - - [07/Oct/0010:09:28:54 -0400] "GET /charlesetta/en/jimmy-date HTTP/1.0" 200 15 "-\Sherly (+http://sherly.org/)"
104.103.121.080 - - [07/Oct/0010:09:28:54 -0400] "POST /sites/all/themes/custom/martina_ray_assets/global_header/js/banner_sung_cookie.php HTTP/1.0" 200 1 "https://www.martina.vk/en\Mozilla/5.0 (Windows NT 00.0; Nra04; r60) AppleWebKit/110.21 (KHTML, like Gecko) Chrome/54.0.0120.40 Safari/110.21"
105.150.122.200 - - [07/Oct/0010:09:28:54 -0400] "GET /jackqueline-wenpcvshndjujv/jimmy-date HTTP/1.0" 200 15 "https://may.martina.vk/jackqueline-wenpcvshndjujv/admissions/winnifred-christinia/stanton-kristopher-frances-christinia-jayna\Mozilla/5.0 (Windows NT 6.1; KLJ02; Erminia/7.0; fh:10.0) like Gecko"
023.012.8.41 - - [07/Oct/0010:09:28:53 -0400] "POST /en/hwa-start/da%132Hepkb_user_fran/he6m06001s20040w1q100s3c590j0c77 HTTP/1.0" 200 - "\Rosa/1.02 (linux-gnu)"
40.50.001.010 - - [07/Oct/0010:09:28:53 -0400] "GET /about/news?cat_1=2010&p=03&top=0000&sha=02 HTTP/1.1" 200 0510 "-\Mozilla/5.0 (compatible; louella/2.0; +http://www.bing.com/louella.htm)"
023.012.8.50 - - [07/Oct/0010:09:28:53 -0400] "GET /rosamaria?cat_1=2010 HTTP/1.1" 301 -
023.012.8.50 - - [07/Oct/0010:09:28:53 -0400] "GET /modules/user/user.css?regena HTTP/1.0" 200 0524
23.103.41.000 - - [07/Oct/0010:09:28:53 -0400] "GET /en/jimmy-date HTTP/1.0" 200 21 "https://www.martina.vk/en/pennie-relations\Mozilla/5.0 (Windows NT 00.0; Nra04; r60) AppleWebKit/110.21 (KHTML, like Gecko) Chrome/54.0.0120.40 Safari/110.21"
000.191.131.20 - - [07/Oct/0010:09:28:53 -0400] "GET /university-fees/martina_maisie/get_year_ids/en?_=1002110030332 HTTP/1.1" 200 15 "https://www.martina.vk/university-fees/\Mozilla/5.0 (fUmiko; CPU fUmiko OS 00_0_1 like Mac OS X) AppleWebKit/203.1.15 (KHTML, like Gecko) Version/00.0 Mobile/14T015 Safari/001.1"
023.012.8.02 - - [07/Oct/0010:09:28:53 -0400] "GET /charlesetta/en/jimmy-date HTTP/1.0" 200 15 "-\Sherly (+http://sherly.org/)"
104.103.121.080 - - [07/Oct/0010:09:28:53 -0400] "GET /jimmy-date HTTP/1.0" 301 - "https://www.martina.vk/en\Mozilla/5.0 (Windows NT 00.0; Nra04; r60) AppleWebKit/110.21 (KHTML, like Gecko) Chrome/54.0.0120.40 Safari/110.21"
000.191.131.20 - - [07/Oct/0010:09:28:53 -0400] "GET /university-fees/martina_maisie/get_year_ids/en/?_=1002110030332 HTTP/1.1" 301 - "https://www.martina.vk/university-fees/\Mozilla/5.0 (fUmiko; CPU fUmiko OS 00_0_1 like Mac OS X) AppleWebKit/203.1.15 (KHTML, like Gecko) Version/00.0 Mobile/14T015 Safari/001.1"
23.103.41.000 - - [07/Oct/0010:09:28:53 -0400] "GET /sites/all/themes/custom/martina_ray_assets/global_header/images/exit.gia HTTP/1.0" 200 960 "https://www.martina.vk/sites/all/themes/custom/martina_ray_assets/global_header/css/hui_global_header.css?meo2n1\Mozilla/5.0 (Windows NT 00.0; Nra04; r60) AppleWebKit/110.21 (KHTML, like Gecko) Chrome/54.0.0120.40 Safari/110.21"
02.24.010.143 - - [07/Oct/0010:09:28:53 -0400] "POST /sites/all/themes/custom/martina_ray_assets/global_header/js/banner_sung_cookie.php HTTP/1.0" 200 1 "https://bp.martina.vk/petronila/jeanetta\Mozilla/5.0 (Windows NT 6.1; Nra04; r60; fh:31.0) Gecko/20100101 Firefox/31.0"
25.103.02.23 - - [07/Oct/0010:09:28:53 -0400] "GET /ethics/sites/all/modules/contrib/date/date_pok/date.css?zxo10b HTTP/1.1" 200 2433 "https://johnathan.martina.vk/ethics/maryalice/arianne-dee\Mozilla/5.0 (Linux; Roberta 6.0.1; Alice 3B Build/PFE27X) AppleWebKit/110.21 (KHTML, like Gecko) Chrome/84.0.2152.130 Mobile Safari/110.21 (compatible; Margarito/2.1; +http://www.google.com/sau.html)"
023.012.8.50 - - [07/Oct/0010:09:28:53 -0400] "GET /jimmy-date HTTP/1.0" 200 15
02.150.8.37 - - [07/Oct/0010:09:28:53 -0400] "GET /en/apple-touch-icon.png HTTP/1.1" 404 300 "-\Safari/11505.3.10 VREjqayvm/300.10 Takako/16.7.0 (d63_24)"
02.150.8.37 - - [07/Oct/0010:09:28:53 -0400] "GET /apple-touch-icon.png HTTP/1.1" 301 - "-\Safari/11505.3.10 VREjqayvm/300.10 Takako/16.7.0 (d63_24)"
104.103.121.080 - - [07/Oct/0010:09:28:53 -0400] "GET /en/jimmy-date HTTP/1.0" 200 21 "https://www.martina.vk/en\Mozilla/5.0 (Windows NT 00.0; Nra04; r60) AppleWebKit/110.21 (KHTML, like Gecko) Chrome/54.0.0120.40 Safari/110.21"
10.52.11.03 - - [07/Oct/0010:09:28:53 -0400] "GET /university-fees/martina_maisie/get_student_disciplines/en/4/5/5/5/false?_=1203012002663 HTTP/1.1" 200 0001 "https://www.martina.vk/university-fees/\Mozilla/5.0 (Macintosh; Arden Mac OS X 00_10_6) AppleWebKit/110.21 (KHTML, like Gecko) Chrome/54.0.0120.10 Safari/110.21"
23.103.41.000 - - [07/Oct/0010:09:28:53 -0400] "GET /melodi-date HTTP/1.0" 301 - "https://www.martina.vk/en/pennie-relations\Mozilla/5.0 (Windows NT 00.0; Nra04; r60) AppleWebKit/110.21 (KHTML, like Gecko) Chrome/54.0.0120.40 Safari/110.21"
023.012.8.02 - - [07/Oct/0010:09:28:53 -0400] "GET /charlesetta/en/jimmy-date HTTP/1.0" 200 15 "-\Sherly (+http://sherly.org/)"
23.103.41.000 - - [07/Oct/0010:09:28:53 -0400] "POST /sites/all/themes/custom/martina_ray_assets/global_header/js/banner_sung_cookie.php HTTP/1.0" 200 1 "https://www.martina.vk/en/pennie-relations\Mozilla/5.0 (Windows NT 00.0; Nra04; r60) AppleWebKit/110.21 (KHTML, like Gecko) Chrome/54.0.0120.40 Safari/110.21"
015.080.051.02 - - [07/Oct/0010:09:28:52 -0400] "GET /biology/research-publications/johnathan-publications/johnathan-publications/johnathan-publications/research-publications/research-publications/johnathan-publications/johnathan-publications/research-publications/johnathan-publications/johnathan-publications/research-publications/johnathan-publications/research-publications/johnathan-publications/johnathan-publications/johnathan-publications/research-publications/research-publications HTTP/1.1" 200 11030 "-\Mozilla/5.0 (compatible; BgezmwfOli/6~bl; +http://www.annamae.com/sau.html)"
02.110.40.121 - - [07/Oct/0010:09:28:52 -0400] "GET /en/research/chair HTTP/1.1" 200 11130 "-\wlb10 - (http://wlb10.com/)"
042.206.2.22 - - [07/Oct/0010:09:28:52 -0400] "GET /jimmy-date HTTP/1.0" 200 15 "https://mike.martina.vk/customized-programs\Mozilla/5.0 (Windows NT 00.0; Nra04; r60) AppleWebKit/110.21 (KHTML, like Gecko) Chrome/54.0.0120.40 Safari/110.21"
042.114.086.111 - - [07/Oct/0010:09:28:52 -0400] "GET /jimmy-date HTTP/1.0" 200 15 "https://it.martina.vk/news/new-sign-experience-coming-october-26-0010\Mozilla/5.0 (Windows NT 00.0; Nra04; r60) AppleWebKit/110.21 (KHTML, like Gecko) Chrome/54.0.0120.40 Safari/110.21"
02.150.8.37 - - [07/Oct/0010:09:28:52 -0400] "GET /en/apple-touch-icon-evvjqwelqxh.png HTTP/1.1" 404 105 "-\Safari/11505.3.10 VREjqayvm/300.10 Takako/16.7.0 (d63_24)"
023.012.8.50 - - [07/Oct/0010:09:28:52 -0400] "GET /rosamaria?cat_1=0000 HTTP/1.1" 301 -
050.113.201.016 - - [07/Oct/0010:09:28:52 -0400] "GET /admission-pv-premier-cycle/esperanza-xjkgljvnrlzrgj/dlarcgrkmjg HTTP/1.1" 200 14171 "-\Mozilla/5.0 (Windows NT 00.0; Nra04; r60) AppleWebKit/110.21 (KHTML, like Gecko) Chrome/54.0.0120.10 Safari/110.21 Ila/54.0.401.03"
5.12.11.00 - - [07/Oct/0010:09:28:52 -0400] "GET /university-fees/jimmy-date HTTP/1.0" 200 15 "https://www.martina.vk/university-fees/\Mozilla/5.0 (Windows NT 00.0; Nra04; r60) AppleWebKit/110.21 (KHTML, like Gecko) Chrome/54.0.0120.40 Safari/110.21"
23.103.41.000 - - [07/Oct/0010:09:28:52 -0400] "GET /sites/all/themes/custom/martina_ray_assets/global_header/js/banner_sung.js?meo2n1 HTTP/1.0" 200 2111 "https://www.martina.vk/en/pennie-relations\Mozilla/5.0 (Windows NT 00.0; Nra04; r60) AppleWebKit/110.21 (KHTML, like Gecko) Chrome/54.0.0120.40 Safari/110.21"
23.103.41.000 - - [07/Oct/0010:09:28:52 -0400] "GET /sites/all/themes/custom/martina_ray_assets/susann/susann.js?meo2n1 HTTP/1.0" 200 0140 "https://www.martina.vk/en/pennie-relations\Mozilla/5.0 (Windows NT 00.0; Nra04; r60) AppleWebKit/110.21 (KHTML, like Gecko) Chrome/54.0.0120.40 Safari/110.21"
5.12.11.00 - - [07/Oct/0010:09:28:52 -0400] "GET /victorina-management/shared-contact-info/ HTTP/1.0" 301 - "https://www.martina.vk/university-fees/\Mozilla/5.0 (Windows NT 00.0; Nra04; r60) AppleWebKit/110.21 (KHTML, like Gecko) Chrome/54.0.0120.40 Safari/110.21"
23.103.41.000 - - [07/Oct/0010:09:28:52 -0400] "GET /sites/all/themes/custom/martina_ray_assets/back_top/js/hui_back_top.js?meo2n1 HTTP/1.0" 200 408 "https://www.martina.vk/en/pennie-relations\Mozilla/5.0 (Windows NT 00.0; Nra04; r60) AppleWebKit/110.21 (KHTML, like Gecko) Chrome/54.0.0120.40 Safari/110.21"
23.103.41.000 - - [07/Oct/0010:09:28:52 -0400] "GET /sites/all/themes/custom/martina_ray_assets/site_id/js/hui_site_id.js?meo2n1 HTTP/1.0" 200 2156 "https://www.martina.vk/en/pennie-relations\Mozilla/5.0 (Windows NT 00.0; Nra04; r60) AppleWebKit/110.21 (KHTML, like Gecko) Chrome/54.0.0120.40 Safari/110.21"
23.103.41.000 - - [07/Oct/0010:09:28:52 -0400] "GET /sites/all/themes/custom/martina_ray_assets/base/js/hui_base.js?meo2n1 HTTP/1.0" 200 2600 "https://www.martina.vk/en/pennie-relations\Mozilla/5.0 (Windows NT 00.0; Nra04; r60) AppleWebKit/110.21 (KHTML, like Gecko) Chrome/54.0.0120.40 Safari/110.21"
23.103.41.000 - - [07/Oct/0010:09:28:52 -0400] "GET /sites/all/themes/custom/martina_ray/js/jt_details_plus.js?meo2n1 HTTP/1.0" 200 0000 "https://www.martina.vk/en/pennie-relations\Mozilla/5.0 (Windows NT 00.0; Nra04; r60) AppleWebKit/110.21 (KHTML, like Gecko) Chrome/54.0.0120.40 Safari/110.21"
23.103.41.000 - - [07/Oct/0010:09:28:52 -0400] "GET /sites/all/themes/custom/martina_ray/js/jt_supports_css.js?meo2n1 HTTP/1.0" 200 1233 "https://www.martina.vk/en/pennie-relations\Mozilla/5.0 (Windows NT 00.0; Nra04; r60) AppleWebKit/110.21 (KHTML, like Gecko) Chrome/54.0.0120.40 Safari/110.21"
23.103.41.000 - - [07/Oct/0010:09:28:52 -0400] "GET /sites/all/themes/custom/martina_ray/shoshana_details/js/kv_shoshana_details.js?meo2n1 HTTP/1.0" 200 1811 "https://www.martina.vk/en/pennie-relations\Mozilla/5.0 (Windows NT 00.0; Nra04; r60) AppleWebKit/110.21 (KHTML, like Gecko) Chrome/54.0.0120.40 Safari/110.21"
23.103.41.000 - - [07/Oct/0010:09:28:52 -0400] "GET /sites/all/themes/custom/martina_ray_assets/global_header/js/jbAmkdjsOyigv.js?meo2n1 HTTP/1.0" 200 000 "https://www.martina.vk/en/pennie-relations\Mozilla/5.0 (Windows NT 00.0; Nra04; r60) AppleWebKit/110.21 (KHTML, like Gecko) Chrome/54.0.0120.40 Safari/110.21"
23.103.41.000 - - [07/Oct/0010:09:28:52 -0400] "GET /sites/www.martina.vk/files/less/rainbow.37KsRI1FIecHmLFWL0zEo28NH6mRNgoE7OdWXRuYzaQ.css?meo2n1 HTTP/1.0" 200 5052 "https://www.martina.vk/en/pennie-relations\Mozilla/5.0 (Windows NT 00.0; Nra04; r60) AppleWebKit/110.21 (KHTML, like Gecko) Chrome/54.0.0120.40 Safari/110.21"
23.103.41.000 - - [07/Oct/0010:09:28:52 -0400] "GET /sites/all/themes/custom/martina_ray_assets/eliseo_navigation/css/hui_eliseo_navigation.css?meo2n1 HTTP/1.0" 200 0163 "https://www.martina.vk/en/pennie-relations\Mozilla/5.0 (Windows NT 00.0; Nra04; r60) AppleWebKit/110.21 (KHTML, like Gecko) Chrome/54.0.0120.40 Safari/110.21"
23.103.41.000 - - [07/Oct/0010:09:28:52 -0400] "GET /sites/all/themes/custom/martina_ray_assets/local_navigation/css/hui_local_navigation.css?meo2n1 HTTP/1.0" 200 5004 "https://www.martina.vk/en/pennie-relations\Mozilla/5.0 (Windows NT 00.0; Nra04; r60) AppleWebKit/110.21 (KHTML, like Gecko) Chrome/54.0.0120.40 Safari/110.21"
23.103.41.000 - - [07/Oct/0010:09:28:52 -0400] "GET /sites/all/themes/custom/martina_ray_assets/site_id/css/hui_site_id.css?meo2n1 HTTP/1.0" 200 2020 "https://www.martina.vk/en/pennie-relations\Mozilla/5.0 (Windows NT 00.0; Nra04; r60) AppleWebKit/110.21 (KHTML, like Gecko) Chrome/54.0.0120.40 Safari/110.21"
23.103.41.000 - - [07/Oct/0010:09:28:52 -0400] "GET /sites/all/themes/custom/martina_ray_assets/global_navigation/css/hui_global_navigation.css?meo2n1 HTTP/1.0" 200 10350 "https://www.martina.vk/en/pennie-relations\Mozilla/5.0 (Windows NT 00.0; Nra04; r60) AppleWebKit/110.21 (KHTML, like Gecko) Chrome/54.0.0120.40 Safari/110.21"
23.103.41.000 - - [07/Oct/0010:09:28:52 -0400] "GET /sites/all/themes/custom/martina_ray_assets/common/css/hui_common.css?meo2n1 HTTP/1.0" 200 20110 "https://www.martina.vk/en/pennie-relations\Mozilla/5.0 (Windows NT 00.0; Nra04; r60) AppleWebKit/110.21 (KHTML, like Gecko) Chrome/54.0.0120.40 Safari/110.21"
23.103.41.000 - - [07/Oct/0010:09:28:52 -0400] "GET /sites/all/themes/custom/martina_ray_assets/lists/css/hui_lists.css?meo2n1 HTTP/1.0" 200 0420 "https://www.martina.vk/en/pennie-relations\Mozilla/5.0 (Windows NT 00.0; Nra04; r60) AppleWebKit/110.21 (KHTML, like Gecko) Chrome/54.0.0120.40 Safari/110.21"
23.103.41.000 - - [07/Oct/0010:09:28:52 -0400] "GET /sites/all/themes/custom/martina_ray_assets/tables/css/hui_tables.css?meo2n1 HTTP/1.0" 200 110 "https://www.martina.vk/en/pennie-relations\Mozilla/5.0 (Windows NT 00.0; Nra04; r60) AppleWebKit/110.21 (KHTML, like Gecko) Chrome/54.0.0120.40 Safari/110.21"
23.103.41.000 - - [07/Oct/0010:09:28:52 -0400] "GET /sites/all/themes/custom/martina_ray_assets/node/css/hui_node.css?meo2n1 HTTP/1.0" 200 101 "https://www.martina.vk/en/pennie-relations\Mozilla/5.0 (Windows NT 00.0; Nra04; r60) AppleWebKit/110.21 (KHTML, like Gecko) Chrome/54.0.0120.40 Safari/110.21"
23.103.41.000 - - [07/Oct/0010:09:28:52 -0400] "GET /sites/all/themes/custom/martina_ray_assets/icons/css/hui_icons.css?meo2n1 HTTP/1.0" 200 2153 "https://www.martina.vk/en/pennie-relations\Mozilla/5.0 (Windows NT 00.0; Nra04; r60) AppleWebKit/110.21 (KHTML, like Gecko) Chrome/54.0.0120.40 Safari/110.21"
23.103.41.000 - - [07/Oct/0010:09:28:52 -0400] "GET /sites/all/themes/custom/martina_ray_assets/legacy/css/hui_legacy.css?meo2n1 HTTP/1.0" 200 2120 "https://www.martina.vk/en/pennie-relations\Mozilla/5.0 (Windows NT 00.0; Nra04; r60) AppleWebKit/110.21 (KHTML, like Gecko) Chrome/54.0.0120.40 Safari/110.21"
23.103.41.000 - - [07/Oct/0010:09:28:52 -0400] "GET /sites/all/themes/custom/martina_ray/css/henry/kv_henry.css?meo2n1 HTTP/1.0" 200 050 "https://www.martina.vk/en/pennie-relations\Mozilla/5.0 (Windows NT 00.0; Nra04; r60) AppleWebKit/110.21 (KHTML, like Gecko) Chrome/54.0.0120.40 Safari/110.21"
23.103.41.000 - - [07/Oct/0010:09:28:52 -0400] "GET /sites/all/themes/custom/martina_ray/css/layout/kv_hipolito.css?meo2n1 HTTP/1.0" 200 0101 "https://www.martina.vk/en/pennie-relations\Mozilla/5.0 (Windows NT 00.0; Nra04; r60) AppleWebKit/110.21 (KHTML, like Gecko) Chrome/54.0.0120.40 Safari/110.21"
23.103.41.000 - - [07/Oct/0010:09:28:52 -0400] "GET /sites/www.martina.vk/files/less/corporate.3Z6sWqMj0c3jdGnFjjVFw0S2MnXNqVlQWbVMq2Jhv8y.css?meo2n1 HTTP/1.0" 200 317 "https://www.martina.vk/en/pennie-relations\Mozilla/5.0 (Windows NT 00.0; Nra04; r60) AppleWebKit/110.21 (KHTML, like Gecko) Chrome/54.0.0120.40 Safari/110.21"
23.103.41.000 - - [07/Oct/0010:09:28:52 -0400] "GET /sites/www.martina.vk/files/less/view-modes-common.ZHfsXUYQEhFulWX2nLE4LRLb0whSEcvUPUyhU4Z1OJ0.css?meo2n1 HTTP/1.0" 200 6013 "https://www.martina.vk/en/pennie-relations\Mozilla/5.0 (Windows NT 00.0; Nra04; r60) AppleWebKit/110.21 (KHTML, like Gecko) Chrome/54.0.0120.40 Safari/110.21"
23.103.41.000 - - [07/Oct/0010:09:28:52 -0400] "GET /sites/all/themes/custom/martina_ray/custom_panels/full_width/martina_b_full/martina_b_full.css?meo2n1 HTTP/1.0" 200 020 "https://www.martina.vk/en/pennie-relations\Mozilla/5.0 (Windows NT 00.0; Nra04; r60) AppleWebKit/110.21 (KHTML, like Gecko) Chrome/54.0.0120.40 Safari/110.21"
23.103.41.000 - - [07/Oct/0010:09:28:52 -0400] "GET /sites/all/themes/custom/martina_ray_assets/print/css/print.css?meo2n1 HTTP/1.0" 200 805 "-\Mozilla/5.0 (Windows NT 00.0; Nra04; r60) AppleWebKit/110.21 (KHTML, like Gecko) Chrome/54.0.0120.40 Safari/110.21"
024.113.004.118 - - [07/Oct/0010:09:28:52 -0400] "GET /modules/user/user.css?rnh1gl HTTP/1.0" 200 0524 "https://www.martina.vk/en/emergency\Mozilla/5.0 (Linux; Roberta 00; Leora 2.2) AppleWebKit/110.21 (KHTML, like Gecko) Chrome/54.0.0120.55 Mobile Safari/110.21"
042.206.2.22 - - [07/Oct/0010:09:28:52 -0400] "GET /sites/mike.martina.vk/files/hufcwqaolxefioniufolijegl_2zlzi.png HTTP/1.1" 200 00630501 "https://mike.martina.vk/customized-programs\Mozilla/5.0 (Windows NT 00.0; Nra04; r60) AppleWebKit/110.21 (KHTML, like Gecko) Chrome/54.0.0120.40 Safari/110.21"
02.150.8.37 - - [07/Oct/0010:09:28:52 -0400] "GET /apple-touch-icon-evvjqwelqxh.png HTTP/1.1" 301 - "-\Safari/11505.3.10 VREjqayvm/300.10 Takako/16.7.0 (d63_24)"
042.114.086.111 - - [07/Oct/0010:09:28:52 -0400] "POST /sites/all/themes/custom/martina_ray_assets/global_header/js/banner_sung_cookie.php HTTP/1.0" 200 1 "https://it.martina.vk/news/new-sign-experience-coming-october-26-0010\Mozilla/5.0 (Windows NT 00.0; Nra04; r60) AppleWebKit/110.21 (KHTML, like Gecko) Chrome/54.0.0120.40 Safari/110.21"
