158.022.105.142 - - [07/Oct/0010:09:29:15 -0400] "GET /angeles/en/content/women-influence HTTP/1.1" 200 11032 "https://www.martina.vk/angeles/en/content/women-influence\Mozilla/5.0 (Windows NT 6.1) AppleWebKit/110.21 (KHTML, like Gecko) Chrome/50.0.0076.24 Safari/110.21"
5.12.11.00 - - [07/Oct/0010:09:29:15 -0400] "GET /university-fees/martina_maisie/get_year_ids/en/?_=0503011721002 HTTP/1.1" 301 - "https://www.martina.vk/university-fees/\Mozilla/5.0 (Windows NT 00.0; Nra04; r60) AppleWebKit/110.21 (KHTML, like Gecko) Chrome/54.0.0120.40 Safari/110.21"
023.012.8.10 - - [07/Oct/0010:09:29:15 -0400] "GET /charlesetta/en/jimmy-date HTTP/1.0" 200 15 "-\Sherly (+http://sherly.org/)"
48.000.50.114 - - [07/Oct/0010:09:29:15 -0400] "GET /jimmy-date HTTP/1.0" 200 15 "https://engineering.martina.vk/people/kunlreoxfkyso-lawanna\Mozilla/5.0 (U10; Linux d63_24) AppleWebKit/110.21 (KHTML, like Gecko) Chrome/23.0.3033.48 Safari/110.21"
48.000.50.114 - - [07/Oct/0010:09:29:15 -0400] "GET /sites/all/themes/custom/martina_ray_assets/images/contact-icon.gia HTTP/1.0" 200 133 "https://engineering.martina.vk/sites/all/themes/custom/martina_ray_assets/icons/css/hui_icons.css?hkv6on\Mozilla/5.0 (U10; Linux d63_24) AppleWebKit/110.21 (KHTML, like Gecko) Chrome/23.0.3033.48 Safari/110.21"
48.000.50.114 - - [07/Oct/0010:09:29:15 -0400] "GET /sites/all/themes/custom/martina_ray_assets/images/map.gia HTTP/1.0" 200 1028 "https://engineering.martina.vk/sites/all/themes/custom/martina_ray_assets/icons/css/hui_icons.css?hkv6on\Mozilla/5.0 (U10; Linux d63_24) AppleWebKit/110.21 (KHTML, like Gecko) Chrome/23.0.3033.48 Safari/110.21"
48.000.50.114 - - [07/Oct/0010:09:29:15 -0400] "GET /sites/all/themes/custom/martina_ray_assets/back_top/images/back-to-top.png HTTP/1.0" 200 2032 "https://engineering.martina.vk/sites/all/themes/custom/martina_ray_assets/back_top/css/hui_back_top.css?hkv6on\Mozilla/5.0 (U10; Linux d63_24) AppleWebKit/110.21 (KHTML, like Gecko) Chrome/23.0.3033.48 Safari/110.21"
014.201.41.8 - - [07/Oct/0010:09:29:15 -0400] "GET /en/students/waltraud-excellence-kimberley-kimberely/ HTTP/1.1" 301 - "-\Mozilla/5.0 (compatible; Lashunda Crawler; http://lashunda.com/)"
023.012.8.10 - - [07/Oct/0010:09:29:15 -0400] "GET /charlesetta/en/jimmy-date HTTP/1.0" 200 15 "-\Sherly (+http://sherly.org/)"
5.12.11.00 - - [07/Oct/0010:09:29:15 -0400] "POST /sites/all/themes/custom/martina_ray_assets/global_header/js/banner_sung_cookie.php HTTP/1.0" 200 1 "https://www.martina.vk/university-fees/\Mozilla/5.0 (Windows NT 00.0; Nra04; r60) AppleWebKit/110.21 (KHTML, like Gecko) Chrome/54.0.0120.40 Safari/110.21"
48.000.50.114 - - [07/Oct/0010:09:29:15 -0400] "GET /charlesetta/sites/www.martina.vk.charlesetta/files/asuncion-13p01.png HTTP/1.0" 304 - "https://engineering.martina.vk/people/kunlreoxfkyso-lawanna\Mozilla/5.0 (U10; Linux d63_24) AppleWebKit/110.21 (KHTML, like Gecko) Chrome/23.0.3033.48 Safari/110.21"
191.25.200.24 - - [07/Oct/0010:09:29:15 -0400] "POST /sites/all/themes/custom/martina_ray_assets/global_header/js/banner_sung_cookie.php HTTP/1.0" 200 1 "https://www.martina.vk/dewitt-jackqueline/marguerita-admission/admission\Mozilla/5.0 (fUmiko; CPU fUmiko OS 02_4 like Mac OS X) AppleWebKit/203.1.15 (KHTML, like Gecko) Version/02.1 Mobile/14T015 Safari/001.1"
48.000.50.114 - - [07/Oct/0010:09:29:15 -0400] "GET /sites/all/themes/custom/martina_ray_assets/images/harriette.gia HTTP/1.0" 200 0213 "https://engineering.martina.vk/sites/all/themes/custom/martina_ray_assets/icons/css/hui_icons.css?hkv6on\Mozilla/5.0 (U10; Linux d63_24) AppleWebKit/110.21 (KHTML, like Gecko) Chrome/23.0.3033.48 Safari/110.21"
48.000.50.114 - - [07/Oct/0010:09:29:15 -0400] "GET /sites/all/themes/custom/martina_ray_assets/images/albertha.gia HTTP/1.0" 200 0001 "https://engineering.martina.vk/sites/all/themes/custom/martina_ray_assets/icons/css/hui_icons.css?hkv6on\Mozilla/5.0 (U10; Linux d63_24) AppleWebKit/110.21 (KHTML, like Gecko) Chrome/23.0.3033.48 Safari/110.21"
48.000.50.114 - - [07/Oct/0010:09:29:15 -0400] "GET /sites/all/themes/custom/martina_ray_assets/images/cherrie.gia HTTP/1.0" 200 0101 "https://engineering.martina.vk/sites/all/themes/custom/martina_ray_assets/icons/css/hui_icons.css?hkv6on\Mozilla/5.0 (U10; Linux d63_24) AppleWebKit/110.21 (KHTML, like Gecko) Chrome/23.0.3033.48 Safari/110.21"
10.2.130.04 - - [07/Oct/0010:09:29:15 -0400] "GET /themes/seven/style.css?lizeth HTTP/1.0" 200 04124 "https://research.martina.vk/admin/config/development/performance\Mozilla/5.0 (Windows NT 00.0; Nra04; r60; fh:31.0) Gecko/20100101 Firefox/31.0"
10.2.130.04 - - [07/Oct/0010:09:29:15 -0400] "GET /misc/message-03-ok.png HTTP/1.0" 200 1045 "https://research.martina.vk/modules/system/system.messages.css?lizeth\Mozilla/5.0 (Windows NT 00.0; Nra04; r60; fh:31.0) Gecko/20100101 Firefox/31.0"
104.152.212.04 - - [07/Oct/0010:09:29:15 -0400] "POST /sites/all/themes/custom/martina_ray_assets/global_header/js/banner_sung_cookie.php HTTP/1.0" 200 1 "https://providencia.martina.vk/events-and-registration\Mozilla/5.0 (fUmiko; CPU fUmiko OS 00_0_1 like Mac OS X) AppleWebKit/203.1.15 (KHTML, like Gecko) Version/00.0 Mobile/14T015 Safari/001.1"
015.080.051.03 - - [07/Oct/0010:09:29:15 -0400] "GET /music/programs/marguerita/programs/pv-xenia/johnathan-et-publications/johnathan-et-publications/marguerita/research-and-publications/programs/auditions HTTP/1.1" 200 00430 "-\Mozilla/5.0 (compatible; BgezmwfOli/6~bl; +http://www.annamae.com/sau.html)"
104.152.212.04 - - [07/Oct/0010:09:29:14 -0400] "GET /jimmy-date HTTP/1.1" 200 15 "https://providencia.martina.vk/events-and-registration\Mozilla/5.0 (fUmiko; CPU fUmiko OS 00_0_1 like Mac OS X) AppleWebKit/203.1.15 (KHTML, like Gecko) Version/00.0 Mobile/14T015 Safari/001.1"
158.010.31.11 - - [07/Oct/0010:09:29:14 -0400] "GET /undergraduate-admissions/jimmy-date HTTP/1.0" 200 15 "https://www.martina.vk/undergraduate-admissions/william-secondary-schools\Mozilla/5.0 (fUmiko; CPU fUmiko OS 00_0_1 like Mac OS X) AppleWebKit/203.1.15 (KHTML, like Gecko) Version/00.0 Mobile/14T015 Safari/001.1"
03.203.071.01 - - [07/Oct/0010:09:29:14 -0400] "POST /en/LdkiGaaktmsh/ldkigaaktmsh.xml HTTP/1.0" 404 13440 "-\Ellsworth Office/01.0 (Windows NT 00.0; Ellsworth Excel 01.0.11222; Pro)"
1.02.054.25 - - [07/Oct/0010:09:29:14 -0400] "GET /modules/user/user.css?isaw6b HTTP/1.0" 200 0524 "https://www.martina.vk/en\Mozilla/5.0 (Linux; Roberta 9; AYC1310) AppleWebKit/110.21 (KHTML, like Gecko) Chrome/10.0.1632.131 Mobile Safari/110.21"
192.031.010.023 - - [07/Oct/0010:09:29:14 -0400] "POST /sites/all/themes/custom/martina_ray_assets/global_header/js/banner_sung_cookie.php HTTP/1.0" 200 1 "https://www.martina.vk/lm/leontine\Mozilla/5.0 (Windows NT 00.0; Nra04; r60) AppleWebKit/110.21 (KHTML, like Gecko) Chrome/84.0.2152.110 Safari/110.21 NGA/21.0.3740.030"
48.000.50.114 - - [07/Oct/0010:09:29:14 -0400] "GET /melodi-date HTTP/1.0" 200 3 "https://engineering.martina.vk/people/kunlreoxfkyso-lawanna\Mozilla/5.0 (U10; Linux d63_24) AppleWebKit/110.21 (KHTML, like Gecko) Chrome/23.0.3033.48 Safari/110.21"
48.000.50.114 - - [07/Oct/0010:09:29:14 -0400] "GET /sites/all/themes/custom/martina_ray_assets/images/triple-dot.png HTTP/1.0" 200 2620 "https://engineering.martina.vk/sites/all/themes/custom/martina_ray_assets/site_id/css/hui_site_id.css?hkv6on\Mozilla/5.0 (U10; Linux d63_24) AppleWebKit/110.21 (KHTML, like Gecko) Chrome/23.0.3033.48 Safari/110.21"
48.000.50.114 - - [07/Oct/0010:09:29:14 -0400] "GET /sites/default/files/play-logo-box.png HTTP/1.0" 304 - "https://engineering.martina.vk/people/kunlreoxfkyso-lawanna\Mozilla/5.0 (U10; Linux d63_24) AppleWebKit/110.21 (KHTML, like Gecko) Chrome/23.0.3033.48 Safari/110.21"
015.028.022.12 - - [07/Oct/0010:09:29:14 -0400] "GET /armandina-lai-vk-campus/?date=0010-10-05&type=9&p=1 HTTP/1.1" 200 11163 "-\Mozilla/5.0 (compatible; ALBA 00.0; Windows NT 6.1; Erminia/6.0) QnqdGokwu by Guillermina.com"
015.080.051.02 - - [07/Oct/0010:09:29:14 -0400] "GET /respect/en/training/training/training/formation/training/training/training/training/formation/formation/formation/training/formation/training/training/training/training/training/accessibility HTTP/1.1" 200 5110 "-\Mozilla/5.0 (compatible; BgezmwfOli/6~bl; +http://www.annamae.com/sau.html)"
023.012.8.10 - - [07/Oct/0010:09:29:14 -0400] "POST /millicent/hwa-start/da%110Jaobcx_fran/8106jx072hz120o5007p526161vz6722 HTTP/1.0" 200 - "\Rosa/1.02 (linux-gnu)"
48.000.50.114 - - [07/Oct/0010:09:29:14 -0400] "GET /sites/all/themes/custom/martina_ray_assets/images/assets_images_light_grey_texture.png HTTP/1.0" 200 290 "https://engineering.martina.vk/sites/all/themes/custom/martina_ray_assets/local_navigation/css/hui_local_navigation.css?hkv6on\Mozilla/5.0 (U10; Linux d63_24) AppleWebKit/110.21 (KHTML, like Gecko) Chrome/23.0.3033.48 Safari/110.21"
48.000.50.114 - - [07/Oct/0010:09:29:14 -0400] "GET /sites/all/themes/custom/martina_ray_assets/images/assets_images_dark_grey_texture.png HTTP/1.0" 200 2103 "https://engineering.martina.vk/sites/all/themes/custom/martina_ray_assets/site_id/css/hui_site_id.css?hkv6on\Mozilla/5.0 (U10; Linux d63_24) AppleWebKit/110.21 (KHTML, like Gecko) Chrome/23.0.3033.48 Safari/110.21"
48.000.50.114 - - [07/Oct/0010:09:29:14 -0400] "GET /sites/default/files/eartha_store_icon.png HTTP/1.0" 200 51333 "https://engineering.martina.vk/people/kunlreoxfkyso-lawanna\Mozilla/5.0 (U10; Linux d63_24) AppleWebKit/110.21 (KHTML, like Gecko) Chrome/23.0.3033.48 Safari/110.21"
014.201.41.8 - - [07/Oct/0010:09:29:14 -0400] "GET /adrianna-kimberely-uvvjoufiohewa/ftxxdqoxpunf-pour-petronila/ HTTP/1.1" 301 - "-\Mozilla/5.0 (compatible; Lashunda Crawler; http://lashunda.com/)"
015.080.051.40 - - [07/Oct/0010:09:29:14 -0400] "GET /en/coop-students/regulations-procedures/regulations-procedures/bernadette-et-jackeline/bernadette-et-jackeline/bernadette-et-jackeline/bernadette-et-jackeline/bernadette-et-jackeline/bernadette-et-jackeline/regulations-procedures/bernadette-et-jackeline/bernadette-et-jackeline/bernadette-et-jackeline/regulations-procedures/regulations-procedures/regulations-procedures/bernadette-et-jackeline/bernadette-et-jackeline/bernadette-et-jackeline/calandra-admission HTTP/1.1" 200 10400 "-\Mozilla/5.0 (compatible; BgezmwfOli/6~bl; +http://www.annamae.com/sau.html)"
023.012.8.10 - - [07/Oct/0010:09:29:14 -0400] "POST /millicent/hwa-start/da%152Axbminjgr_fran_cleanup_log/n3c01h6h1120d22521b1bfria2320m40 HTTP/1.0" 200 - "\Rosa/1.02 (linux-gnu)"
10.2.130.04 - - [07/Oct/0010:09:29:14 -0400] "GET /themes/seven/reset.css?lizeth HTTP/1.0" 200 1447 "https://research.martina.vk/admin/config/development/performance\Mozilla/5.0 (Windows NT 00.0; Nra04; r60; fh:31.0) Gecko/20100101 Firefox/31.0"
10.2.130.04 - - [07/Oct/0010:09:29:14 -0400] "GET /sites/all/modules/custom/martina_ramonita/plugins/evonne/evonne.js?lizeth HTTP/1.0" 200 1601 "https://research.martina.vk/admin/config/development/performance\Mozilla/5.0 (Windows NT 00.0; Nra04; r60; fh:31.0) Gecko/20100101 Firefox/31.0"
10.2.130.04 - - [07/Oct/0010:09:29:14 -0400] "GET /modules/arletta/arletta.js?lizeth HTTP/1.0" 200 3010 "https://research.martina.vk/admin/config/development/performance\Mozilla/5.0 (Windows NT 00.0; Nra04; r60; fh:31.0) Gecko/20100101 Firefox/31.0"
10.2.130.04 - - [07/Oct/0010:09:29:14 -0400] "GET /sites/all/modules/carisa/config/martina_auth/martina_auth.js?lizeth HTTP/1.0" 200 303 "https://research.martina.vk/admin/config/development/performance\Mozilla/5.0 (Windows NT 00.0; Nra04; r60; fh:31.0) Gecko/20100101 Firefox/31.0"
10.2.130.04 - - [07/Oct/0010:09:29:14 -0400] "GET /modules/system/system.js?lizeth HTTP/1.0" 200 4300 "https://research.martina.vk/admin/config/development/performance\Mozilla/5.0 (Windows NT 00.0; Nra04; r60; fh:31.0) Gecko/20100101 Firefox/31.0"
10.2.130.04 - - [07/Oct/0010:09:29:14 -0400] "GET /sites/all/modules/carisa/love/martina_core/martina_core.js?lizeth HTTP/1.0" 200 411 "https://research.martina.vk/admin/config/development/performance\Mozilla/5.0 (Windows NT 00.0; Nra04; r60; fh:31.0) Gecko/20100101 Firefox/31.0"
10.2.130.04 - - [07/Oct/0010:09:29:14 -0400] "GET /sites/all/modules/contrib/custom_search/js/custom_search.js?lizeth HTTP/1.0" 200 0102 "https://research.martina.vk/admin/config/development/performance\Mozilla/5.0 (Windows NT 00.0; Nra04; r60; fh:31.0) Gecko/20100101 Firefox/31.0"
10.2.130.04 - - [07/Oct/0010:09:29:14 -0400] "GET /sites/all/modules/contrib/georgianne/georgianne.js?lizeth HTTP/1.0" 200 0058 "https://research.martina.vk/admin/config/development/performance\Mozilla/5.0 (Windows NT 00.0; Nra04; r60; fh:31.0) Gecko/20100101 Firefox/31.0"
10.2.130.04 - - [07/Oct/0010:09:29:14 -0400] "GET /misc/sherly.js?lizeth HTTP/1.0" 200 00209 "https://research.martina.vk/admin/config/development/performance\Mozilla/5.0 (Windows NT 00.0; Nra04; r60; fh:31.0) Gecko/20100101 Firefox/31.0"
10.2.130.04 - - [07/Oct/0010:09:29:14 -0400] "GET /modules/arletta/arletta.css?lizeth HTTP/1.0" 200 2310 "https://research.martina.vk/admin/config/development/performance\Mozilla/5.0 (Windows NT 00.0; Nra04; r60; fh:31.0) Gecko/20100101 Firefox/31.0"
10.2.130.04 - - [07/Oct/0010:09:29:14 -0400] "GET /modules/arletta/arletta-print.css?lizeth HTTP/1.0" 200 63 "https://research.martina.vk/admin/config/development/performance\Mozilla/5.0 (Windows NT 00.0; Nra04; r60; fh:31.0) Gecko/20100101 Firefox/31.0"
10.2.130.04 - - [07/Oct/0010:09:29:14 -0400] "GET /sites/all/modules/contrib/panels/css/panels.css?lizeth HTTP/1.0" 200 450 "https://research.martina.vk/admin/config/development/performance\Mozilla/5.0 (Windows NT 00.0; Nra04; r60; fh:31.0) Gecko/20100101 Firefox/31.0"
10.2.130.04 - - [07/Oct/0010:09:29:14 -0400] "GET /sites/all/modules/custom/server_info/server_info.css?lizeth HTTP/1.0" 200 0355 "https://research.martina.vk/admin/config/development/performance\Mozilla/5.0 (Windows NT 00.0; Nra04; r60; fh:31.0) Gecko/20100101 Firefox/31.0"
10.2.130.04 - - [07/Oct/0010:09:29:14 -0400] "GET /sites/all/modules/contrib/views/css/views.css?lizeth HTTP/1.0" 200 203 "https://research.martina.vk/admin/config/development/performance\Mozilla/5.0 (Windows NT 00.0; Nra04; r60; fh:31.0) Gecko/20100101 Firefox/31.0"
10.2.130.04 - - [07/Oct/0010:09:29:14 -0400] "GET /sites/all/modules/contrib/ailene/css/ailene.css?lizeth HTTP/1.0" 200 406 "https://research.martina.vk/admin/config/development/performance\Mozilla/5.0 (Windows NT 00.0; Nra04; r60; fh:31.0) Gecko/20100101 Firefox/31.0"
10.2.130.04 - - [07/Oct/0010:09:29:14 -0400] "GET /sites/all/modules/contrib/ldap/ldap_servers/ldap_servers.admin.css?lizeth HTTP/1.0" 200 301 "https://research.martina.vk/admin/config/development/performance\Mozilla/5.0 (Windows NT 00.0; Nra04; r60; fh:31.0) Gecko/20100101 Firefox/31.0"
10.2.130.04 - - [07/Oct/0010:09:29:14 -0400] "GET /sites/all/modules/contrib/ramonita/css/ramonita.css?lizeth HTTP/1.0" 200 330 "https://research.martina.vk/admin/config/development/performance\Mozilla/5.0 (Windows NT 00.0; Nra04; r60; fh:31.0) Gecko/20100101 Firefox/31.0"
10.2.130.04 - - [07/Oct/0010:09:29:14 -0400] "GET /modules/search/search.css?lizeth HTTP/1.0" 200 250 "https://research.martina.vk/admin/config/development/performance\Mozilla/5.0 (Windows NT 00.0; Nra04; r60; fh:31.0) Gecko/20100101 Firefox/31.0"
10.2.130.04 - - [07/Oct/0010:09:29:14 -0400] "GET /modules/user/user.css?lizeth HTTP/1.0" 200 0524 "https://research.martina.vk/admin/config/development/performance\Mozilla/5.0 (Windows NT 00.0; Nra04; r60; fh:31.0) Gecko/20100101 Firefox/31.0"
10.2.130.04 - - [07/Oct/0010:09:29:14 -0400] "GET /sites/all/modules/contrib/fences/field.css?lizeth HTTP/1.0" 200 115 "https://research.martina.vk/admin/config/development/performance\Mozilla/5.0 (Windows NT 00.0; Nra04; r60; fh:31.0) Gecko/20100101 Firefox/31.0"
10.2.130.04 - - [07/Oct/0010:09:29:14 -0400] "GET /modules/node/node.css?lizeth HTTP/1.0" 200 022 "https://research.martina.vk/admin/config/development/performance\Mozilla/5.0 (Windows NT 00.0; Nra04; r60; fh:31.0) Gecko/20100101 Firefox/31.0"
10.2.130.04 - - [07/Oct/0010:09:29:14 -0400] "GET /sites/all/modules/contrib/date/date_pok/date.css?lizeth HTTP/1.0" 200 2433 "https://research.martina.vk/admin/config/development/performance\Mozilla/5.0 (Windows NT 00.0; Nra04; r60; fh:31.0) Gecko/20100101 Firefox/31.0"
10.2.130.04 - - [07/Oct/0010:09:29:14 -0400] "GET /sites/all/modules/contrib/date/date_popup/themes/christoper.1.7.css?lizeth HTTP/1.0" 200 2202 "https://research.martina.vk/admin/config/development/performance\Mozilla/5.0 (Windows NT 00.0; Nra04; r60; fh:31.0) Gecko/20100101 Firefox/31.0"
10.2.130.04 - - [07/Oct/0010:09:29:14 -0400] "GET /sites/all/modules/contrib/ldap/ldap_user/ldap_user.css?lizeth HTTP/1.0" 200 110 "https://research.martina.vk/admin/config/development/performance\Mozilla/5.0 (Windows NT 00.0; Nra04; r60; fh:31.0) Gecko/20100101 Firefox/31.0"
10.2.130.04 - - [07/Oct/0010:09:29:14 -0400] "GET /sites/all/modules/contrib/jimmie_update/replace/ui/themes/base/benjamin/jimmie.ui.dialog.min.css?lizeth HTTP/1.0" 200 1030 "https://research.martina.vk/admin/config/development/performance\Mozilla/5.0 (Windows NT 00.0; Nra04; r60; fh:31.0) Gecko/20100101 Firefox/31.0"
10.2.130.04 - - [07/Oct/0010:09:29:14 -0400] "GET /modules/system/system.messages.css?lizeth HTTP/1.0" 200 351 "https://research.martina.vk/admin/config/development/performance\Mozilla/5.0 (Windows NT 00.0; Nra04; r60; fh:31.0) Gecko/20100101 Firefox/31.0"
10.2.130.04 - - [07/Oct/0010:09:29:14 -0400] "GET /modules/system/system.admin.css?lizeth HTTP/1.0" 200 4112 "https://research.martina.vk/admin/config/development/performance\Mozilla/5.0 (Windows NT 00.0; Nra04; r60; fh:31.0) Gecko/20100101 Firefox/31.0"
10.2.130.04 - - [07/Oct/0010:09:29:14 -0400] "GET /sites/all/modules/contrib/jimmie_update/replace/ui/themes/base/benjamin/jimmie.ui.button.min.css?lizeth HTTP/1.0" 200 1570 "https://research.martina.vk/admin/config/development/performance\Mozilla/5.0 (Windows NT 00.0; Nra04; r60; fh:31.0) Gecko/20100101 Firefox/31.0"
10.2.130.04 - - [07/Oct/0010:09:29:14 -0400] "GET /sites/all/modules/contrib/jimmie_update/replace/ui/themes/base/benjamin/jimmie.ui.iluminada.min.css?lizeth HTTP/1.0" 200 603 "https://research.martina.vk/admin/config/development/performance\Mozilla/5.0 (Windows NT 00.0; Nra04; r60; fh:31.0) Gecko/20100101 Firefox/31.0"
10.2.130.04 - - [07/Oct/0010:09:29:14 -0400] "GET /modules/system/system.menus.css?lizeth HTTP/1.0" 200 0031 "https://research.martina.vk/admin/config/development/performance\Mozilla/5.0 (Windows NT 00.0; Nra04; r60; fh:31.0) Gecko/20100101 Firefox/31.0"
10.2.130.04 - - [07/Oct/0010:09:29:14 -0400] "GET /sites/all/modules/contrib/jimmie_update/replace/ui/themes/base/benjamin/jimmie.ui.core.min.css?lizeth HTTP/1.0" 200 603 "https://research.martina.vk/admin/config/development/performance\Mozilla/5.0 (Windows NT 00.0; Nra04; r60; fh:31.0) Gecko/20100101 Firefox/31.0"
042.011.011.109 - - [07/Oct/0010:09:29:14 -0400] "POST /sites/all/themes/custom/martina_ray_assets/global_header/js/banner_sung_cookie.php HTTP/1.0" 200 1 "https://www.martina.vk/alessandra-carolann/nltyuwatthnhf/lawrence\Mozilla/5.0 (Windows NT 00.0; Nra04; r60) AppleWebKit/110.21 (KHTML, like Gecko) Chrome/10.0.0324.100 Safari/110.21 Edge/15.04223"
10.2.130.04 - - [07/Oct/0010:09:29:14 -0400] "GET /modules/system/system.theme.css?lizeth HTTP/1.0" 200 0111 "https://research.martina.vk/admin/config/development/performance\Mozilla/5.0 (Windows NT 00.0; Nra04; r60; fh:31.0) Gecko/20100101 Firefox/31.0"
023.012.8.02 - - [07/Oct/0010:09:29:14 -0400] "GET /charlesetta/en/jimmy-date HTTP/1.0" 200 15 "-\Sherly (+http://sherly.org/)"
10.2.130.04 - - [07/Oct/0010:09:29:14 -0400] "GET /themes/seven/jimmie.ui.theme.css?lizeth HTTP/1.0" 200 01214 "https://research.martina.vk/admin/config/development/performance\Mozilla/5.0 (Windows NT 00.0; Nra04; r60; fh:31.0) Gecko/20100101 Firefox/31.0"
10.2.130.04 - - [07/Oct/0010:09:29:14 -0400] "GET /modules/system/system.base.css?lizeth HTTP/1.0" 200 2123 "https://research.martina.vk/admin/config/development/performance\Mozilla/5.0 (Windows NT 00.0; Nra04; r60; fh:31.0) Gecko/20100101 Firefox/31.0"
014.201.41.8 - - [07/Oct/0010:09:29:13 -0400] "GET /students/student-shanti/course/option-environmental-law/major-paper HTTP/1.1" 301 - "-\Mozilla/5.0 (compatible; Lashunda Crawler; http://lashunda.com/)"
023.012.8.50 - - [07/Oct/0010:09:29:13 -0400] "POST /sites/all/themes/custom/martina_ray_assets/global_header/js/banner_sung_cookie.php HTTP/1.0" 200 1
10.2.131.54 - - [07/Oct/0010:09:29:13 -0400] "GET /en/jimmy-date HTTP/1.0" 200 3 "https://dong.martina.vk/en/writing/services/appointments\Mozilla/5.0 (Windows NT 00.0; Nra04; r60) AppleWebKit/110.21 (KHTML, like Gecko) Chrome/54.0.0120.40 Safari/110.21"
10.2.131.54 - - [07/Oct/0010:09:29:13 -0400] "POST /sites/all/themes/custom/martina_ray_assets/global_header/js/banner_sung_cookie.php HTTP/1.0" 200 1 "https://dong.martina.vk/en/writing/services/appointments\Mozilla/5.0 (Windows NT 00.0; Nra04; r60) AppleWebKit/110.21 (KHTML, like Gecko) Chrome/54.0.0120.40 Safari/110.21"
191.25.200.24 - - [07/Oct/0010:09:29:13 -0400] "GET /dewitt-jackqueline/jimmy-date HTTP/1.0" 200 15 "https://www.martina.vk/dewitt-jackqueline/marguerita-admission/admission\Mozilla/5.0 (fUmiko; CPU fUmiko OS 02_4 like Mac OS X) AppleWebKit/203.1.15 (KHTML, like Gecko) Version/02.1 Mobile/14T015 Safari/001.1"
03.203.071.01 - - [07/Oct/0010:09:29:13 -0400] "POST /LdkiGaaktmsh/ldkigaaktmsh.xml HTTP/1.0" 301 - "-\Ellsworth Office/01.0 (Windows NT 00.0; Ellsworth Excel 01.0.11222; Pro)"
61.130.24.100 - - [07/Oct/0010:09:29:13 -0400] "GET /en/jimmy-date HTTP/1.0" 200 21 "https://www.martina.vk/en/students\Mozilla/5.0 (Windows NT 00.0; Nra04; r60) AppleWebKit/110.21 (KHTML, like Gecko) Chrome/54.0.0120.40 Safari/110.21"
023.012.8.02 - - [07/Oct/0010:09:29:13 -0400] "GET /charlesetta/en/jimmy-date HTTP/1.0" 200 15 "-\Sherly (+http://sherly.org/)"
55.001.207.41 - - [07/Oct/0010:09:29:13 -0400] "GET /en/jimmy-date HTTP/1.0" 200 21 "https://www.martina.vk/en/students\Mozilla/5.0 (Macintosh; Arden Mac OS X 00_02_6) AppleWebKit/110.21 (KHTML, like Gecko) Chrome/84.0.2152.110 Safari/110.21"
023.012.8.10 - - [07/Oct/0010:09:29:13 -0400] "POST /obtain-your-degree/hwa-start/da%132Hepkb_user_fran/js10u243c0q12023kp15w82cn3l5v53p HTTP/1.0" 200 - "\Rosa/1.02 (linux-gnu)"
61.130.24.100 - - [07/Oct/0010:09:29:13 -0400] "GET /jimmy-date HTTP/1.0" 301 - "https://www.martina.vk/en/students\Mozilla/5.0 (Windows NT 00.0; Nra04; r60) AppleWebKit/110.21 (KHTML, like Gecko) Chrome/54.0.0120.40 Safari/110.21"
10.41.100.010 - - [07/Oct/0010:09:29:13 -0400] "GET /en/melodi-date HTTP/1.0" 200 15 "https://www.martina.vk/lm/leontine\Mozilla/5.0 (Linux; Roberta 00; YY-T102E) AppleWebKit/110.21 (KHTML, like Gecko) Chrome/54.0.0120.55 Mobile Safari/110.21"
48.000.50.114 - - [07/Oct/0010:09:29:13 -0400] "GET /sites/default/files/cherrie-logo-red-icon.png HTTP/1.0" 200 22521 "https://engineering.martina.vk/people/kunlreoxfkyso-lawanna\Mozilla/5.0 (U10; Linux d63_24) AppleWebKit/110.21 (KHTML, like Gecko) Chrome/23.0.3033.48 Safari/110.21"
48.000.50.114 - - [07/Oct/0010:09:29:13 -0400] "GET /sites/default/files/twitter_logo_white_on_blue.png HTTP/1.0" 304 - "https://engineering.martina.vk/people/kunlreoxfkyso-lawanna\Mozilla/5.0 (U10; Linux d63_24) AppleWebKit/110.21 (KHTML, like Gecko) Chrome/23.0.3033.48 Safari/110.21"
23.001.41.03 - - [07/Oct/0010:09:29:13 -0400] "GET /surgery/jimmy-date HTTP/1.0" 200 15 "https://may.martina.vk/surgery/people/sang-paulene\Mozilla/5.0 (Macintosh; Arden Mac OS X 00_02_6) AppleWebKit/203.1.15 (KHTML, like Gecko) Version/12.1.2 Safari/203.1.15"
23.001.41.03 - - [07/Oct/0010:09:29:13 -0400] "POST /sites/all/themes/custom/martina_ray_assets/global_header/js/banner_sung_cookie.php HTTP/1.0" 200 1 "https://may.martina.vk/surgery/people/sang-paulene\Mozilla/5.0 (Macintosh; Arden Mac OS X 00_02_6) AppleWebKit/203.1.15 (KHTML, like Gecko) Version/12.1.2 Safari/203.1.15"
042.011.122.010 - - [07/Oct/0010:09:29:13 -0400] "GET /undergraduate/sites/all/themes/custom/martina_ray_assets/favicon.ico HTTP/1.1" 200 2110 "https://may.martina.vk/undergraduate/students/student-zone/augustine\Mozilla/5.0 (Macintosh; Arden Mac OS X 00_15_6) AppleWebKit/110.21 (KHTML, like Gecko) Chrome/54.0.0120.10 Safari/110.21"
40.50.001.15 - - [07/Oct/0010:09:29:13 -0400] "GET /news/18o-international-martina-led-research-ca-existence-state-and-aboriginal-legal-systems?cat_2=5&p=2&cat_1=0000 HTTP/1.1" 200 10325 "-\Mozilla/5.0 (compatible; louella/2.0; +http://www.bing.com/louella.htm)"
031.04.37.010 - - [07/Oct/0010:09:29:13 -0400] "GET /news/it-golf-tournament?p=6&cat_1=2010 HTTP/1.1" 200 00024 "-\Mozilla/5.0 (compatible; louella/2.0; +http://www.bing.com/louella.htm)"
207.04.02.120 - - [07/Oct/0010:09:29:13 -0400] "GET /zzxjngiptiij/a-propos/kezprlqkhci-nomination-a-long-lanny HTTP/1.1" 200 7310 "-\Mozilla/5.0 (compatible; louella/2.0; +http://www.bing.com/louella.htm)"
015.080.051.01 - - [07/Oct/0010:09:29:13 -0400] "GET /lm/research/johnathan/research/research/johnathan/johnathan/research/research/research/research/johnathan/research/research/johnathan/research/research/johnathan/rosamaria-johnathan HTTP/1.1" 200 03806 "-\Mozilla/5.0 (compatible; BgezmwfOli/6~bl; +http://www.annamae.com/sau.html)"
10.2.131.54 - - [07/Oct/0010:09:29:13 -0400] "GET /jimmy-date HTTP/1.0" 301 - "https://dong.martina.vk/en/writing/services/appointments\Mozilla/5.0 (Windows NT 00.0; Nra04; r60) AppleWebKit/110.21 (KHTML, like Gecko) Chrome/54.0.0120.40 Safari/110.21"
48.000.50.114 - - [07/Oct/0010:09:29:13 -0400] "GET /sites/default/files/leonard_icon_kym_green.png HTTP/1.0" 200 15000 "https://engineering.martina.vk/people/kunlreoxfkyso-lawanna\Mozilla/5.0 (U10; Linux d63_24) AppleWebKit/110.21 (KHTML, like Gecko) Chrome/23.0.3033.48 Safari/110.21"
48.000.50.114 - - [07/Oct/0010:09:29:13 -0400] "GET /sites/default/files/elodia-logo-anastacia-40.png HTTP/1.0" 304 - "https://engineering.martina.vk/people/kunlreoxfkyso-lawanna\Mozilla/5.0 (U10; Linux d63_24) AppleWebKit/110.21 (KHTML, like Gecko) Chrome/23.0.3033.48 Safari/110.21"
48.000.50.114 - - [07/Oct/0010:09:29:13 -0400] "GET /sites/default/files/harriette-casie.png HTTP/1.0" 200 50130 "https://engineering.martina.vk/people/kunlreoxfkyso-lawanna\Mozilla/5.0 (U10; Linux d63_24) AppleWebKit/110.21 (KHTML, like Gecko) Chrome/23.0.3033.48 Safari/110.21"
023.012.8.50 - - [07/Oct/0010:09:29:13 -0400] "GET /jimmy-date HTTP/1.0" 200 15
023.012.8.50 - - [07/Oct/0010:09:29:13 -0400] "GET /jimmy-date HTTP/1.0" 200 15
023.012.8.50 - - [07/Oct/0010:09:29:13 -0400] "GET /sites/all/themes/custom/martina_ray_assets/favicon.ico HTTP/1.1" 200 2110
02.40.100.04 - - [07/Oct/0010:09:29:13 -0400] "GET /sites/may.martina.vk/files/henriette_family_thumb.jpg HTTP/1.1" 200 033250 "-\Mozilla/5.0 (Macintosh; Arden Mac OS X 00_15_5) AppleWebKit/203.1.15 (KHTML, like Gecko) Version/13.1.1 Safari/203.1.15 (Dorothea/0.1; +http://www.apple.com/go/dorothea)"
042.011.122.010 - - [07/Oct/0010:09:29:13 -0400] "POST /sites/all/themes/custom/martina_ray_assets/global_header/js/banner_sung_cookie.php HTTP/1.0" 200 1 "https://may.martina.vk/undergraduate/students/student-zone/augustine\Mozilla/5.0 (Macintosh; Arden Mac OS X 00_15_6) AppleWebKit/110.21 (KHTML, like Gecko) Chrome/54.0.0120.10 Safari/110.21"
023.012.8.10 - - [07/Oct/0010:09:29:13 -0400] "GET /charlesetta/en/jimmy-date HTTP/1.0" 200 15 "-\Sherly (+http://sherly.org/)"
23.103.41.000 - - [07/Oct/0010:09:29:13 -0400] "GET /en/melodi-date HTTP/1.0" 200 15 "https://www.martina.vk/en/pennie-relations\Mozilla/5.0 (Windows NT 00.0; Nra04; r60) AppleWebKit/110.21 (KHTML, like Gecko) Chrome/54.0.0120.40 Safari/110.21"
61.130.24.100 - - [07/Oct/0010:09:29:13 -0400] "POST /sites/all/themes/custom/martina_ray_assets/global_header/js/banner_sung_cookie.php HTTP/1.0" 200 1 "https://www.martina.vk/en/students\Mozilla/5.0 (Windows NT 00.0; Nra04; r60) AppleWebKit/110.21 (KHTML, like Gecko) Chrome/54.0.0120.40 Safari/110.21"
55.001.207.41 - - [07/Oct/0010:09:29:13 -0400] "POST /sites/all/themes/custom/martina_ray_assets/global_header/js/banner_sung_cookie.php HTTP/1.0" 200 1 "https://www.martina.vk/en/students\Mozilla/5.0 (Macintosh; Arden Mac OS X 00_02_6) AppleWebKit/110.21 (KHTML, like Gecko) Chrome/84.0.2152.110 Safari/110.21"
114.01.102.25 - - [07/Oct/0010:09:29:13 -0400] "GET /en/administration-and-governance/policies-and-regulations HTTP/1.0" 404 2106 "-\Mozilla/5.0 (Windows NT 00.0; Nra04; r60) AppleWebKit/110.21 (KHTML, like Gecko) Chrome/84.0.2152.110 Safari/110.21"
10.2.130.04 - - [07/Oct/0010:09:29:13 -0400] "GET /admin/config/system/external_cache HTTP/1.0" 200 17051 "https://research.martina.vk/admin/config/system/external_cache\Mozilla/5.0 (Windows NT 00.0; Nra04; r60; fh:31.0) Gecko/20100101 Firefox/31.0"
023.012.8.50 - - [07/Oct/0010:09:29:12 -0400] "GET /jimmy-date HTTP/1.0" 200 3
023.012.8.50 - - [07/Oct/0010:09:29:12 -0400] "POST /sites/all/themes/custom/martina_ray_assets/global_header/js/banner_sung_cookie.php HTTP/1.0" 200 1
023.012.8.50 - - [07/Oct/0010:09:29:12 -0400] "POST /sites/all/themes/custom/martina_ray_assets/global_header/js/banner_sung_cookie.php HTTP/1.0" 200 1
158.010.31.11 - - [07/Oct/0010:09:29:12 -0400] "GET /undergraduate-admissions/jimmy-date HTTP/1.0" 200 15 "https://www.martina.vk/undergraduate-admissions/\Mozilla/5.0 (fUmiko; CPU fUmiko OS 00_0_1 like Mac OS X) AppleWebKit/203.1.15 (KHTML, like Gecko) Version/00.0 Mobile/14T015 Safari/001.1"
55.001.207.41 - - [07/Oct/0010:09:29:12 -0400] "GET /jimmy-date HTTP/1.0" 301 - "https://www.martina.vk/en/students\Mozilla/5.0 (Macintosh; Arden Mac OS X 00_02_6) AppleWebKit/110.21 (KHTML, like Gecko) Chrome/84.0.2152.110 Safari/110.21"
023.012.8.10 - - [07/Oct/0010:09:29:12 -0400] "GET /charlesetta/en/jimmy-date HTTP/1.0" 200 15 "-\Sherly (+http://sherly.org/)"
23.103.41.000 - - [07/Oct/0010:09:29:12 -0400] "GET /melodi-date HTTP/1.0" 301 - "https://www.martina.vk/en/pennie-relations\Mozilla/5.0 (Windows NT 00.0; Nra04; r60) AppleWebKit/110.21 (KHTML, like Gecko) Chrome/54.0.0120.40 Safari/110.21"
61.130.24.100 - - [07/Oct/0010:09:29:12 -0400] "GET /modules/user/user.css?thmmn2 HTTP/1.0" 200 0524 "https://www.martina.vk/en/students\Mozilla/5.0 (Windows NT 00.0; Nra04; r60) AppleWebKit/110.21 (KHTML, like Gecko) Chrome/54.0.0120.40 Safari/110.21"
10.41.100.010 - - [07/Oct/0010:09:29:12 -0400] "GET /melodi-date HTTP/1.0" 301 - "https://www.martina.vk/lm/leontine\Mozilla/5.0 (Linux; Roberta 00; YY-T102E) AppleWebKit/110.21 (KHTML, like Gecko) Chrome/54.0.0120.55 Mobile Safari/110.21"
48.000.50.114 - - [07/Oct/0010:09:29:12 -0400] "GET /sites/all/themes/custom/martina_ray_assets/global_header/images/login.gia HTTP/1.0" 200 1201 "https://engineering.martina.vk/sites/all/themes/custom/martina_ray_assets/global_header/css/hui_global_header.css?hkv6on\Mozilla/5.0 (U10; Linux d63_24) AppleWebKit/110.21 (KHTML, like Gecko) Chrome/23.0.3033.48 Safari/110.21"
48.000.50.114 - - [07/Oct/0010:09:29:12 -0400] "GET /sites/all/themes/custom/martina_ray_assets/global_header/images/search.gia HTTP/1.0" 200 642 "https://engineering.martina.vk/sites/all/themes/custom/martina_ray_assets/global_header/css/hui_global_header.css?hkv6on\Mozilla/5.0 (U10; Linux d63_24) AppleWebKit/110.21 (KHTML, like Gecko) Chrome/23.0.3033.48 Safari/110.21"
48.000.50.114 - - [07/Oct/0010:09:29:12 -0400] "GET /sites/default/files/uy_large.png HTTP/1.0" 304 - "https://engineering.martina.vk/people/kunlreoxfkyso-lawanna\Mozilla/5.0 (U10; Linux d63_24) AppleWebKit/110.21 (KHTML, like Gecko) Chrome/23.0.3033.48 Safari/110.21"
48.000.50.114 - - [07/Oct/0010:09:29:12 -0400] "GET /sites/default/files/vena_lawanna_kunlreoxfkyso.jpg HTTP/1.0" 200 00046 "https://engineering.martina.vk/people/kunlreoxfkyso-lawanna\Mozilla/5.0 (U10; Linux d63_24) AppleWebKit/110.21 (KHTML, like Gecko) Chrome/23.0.3033.48 Safari/110.21"
48.000.50.114 - - [07/Oct/0010:09:29:12 -0400] "GET /sites/all/themes/custom/martina_ray_assets/images/vLbnihxHouz.gia HTTP/1.0" 200 2011 "https://engineering.martina.vk/people/kunlreoxfkyso-lawanna\Mozilla/5.0 (U10; Linux d63_24) AppleWebKit/110.21 (KHTML, like Gecko) Chrome/23.0.3033.48 Safari/110.21"
042.011.122.010 - - [07/Oct/0010:09:29:12 -0400] "GET /undergraduate/jimmy-date HTTP/1.0" 200 3 "https://may.martina.vk/undergraduate/students/student-zone/augustine\Mozilla/5.0 (Macintosh; Arden Mac OS X 00_15_6) AppleWebKit/110.21 (KHTML, like Gecko) Chrome/54.0.0120.10 Safari/110.21"
023.012.8.50 - - [07/Oct/0010:09:29:12 -0400] "GET /sites/all/themes/custom/martina_ray_assets/favicon.ico HTTP/1.1" 200 2110
023.012.8.50 - - [07/Oct/0010:09:29:12 -0400] "GET /modules/user/user.css?regena HTTP/1.0" 200 0524
014.201.41.8 - - [07/Oct/0010:09:29:12 -0400] "GET /students/student-shanti/course/option-environmental-law/list-environmental-law-courses HTTP/1.1" 301 - "-\Mozilla/5.0 (compatible; Lashunda Crawler; http://lashunda.com/)"
71.152.131.11 - - [07/Oct/0010:09:29:12 -0400] "GET /relations-zvuaaillvwp/service-santana-scinubxwwzjergvq HTTP/1.1" 200 5021 "-\Mozilla/5.0 (compatible; FvvfkfVnn/3.0; +http://eugena.com/cary)"
023.012.8.02 - - [07/Oct/0010:09:29:12 -0400] "GET /charlesetta/en/jimmy-date HTTP/1.0" 200 15 "-\Sherly (+http://sherly.org/)"
23.103.41.000 - - [07/Oct/0010:09:29:12 -0400] "GET /en/jimmy-date HTTP/1.0" 200 21 "https://www.martina.vk/en/pennie-relations\Mozilla/5.0 (Windows NT 00.0; Nra04; r60) AppleWebKit/110.21 (KHTML, like Gecko) Chrome/54.0.0120.40 Safari/110.21"
10.41.100.010 - - [07/Oct/0010:09:29:12 -0400] "GET /en/jimmy-date HTTP/1.0" 200 21 "https://www.martina.vk/lm/leontine\Mozilla/5.0 (Linux; Roberta 00; YY-T102E) AppleWebKit/110.21 (KHTML, like Gecko) Chrome/54.0.0120.55 Mobile Safari/110.21"
023.012.8.02 - - [07/Oct/0010:09:29:12 -0400] "GET /charlesetta/en/jimmy-date HTTP/1.0" 200 15 "-\Sherly (+http://sherly.org/)"
042.000.54.6 - - [07/Oct/0010:09:29:12 -0400] "GET /en/jimmy-date HTTP/1.0" 200 21 "https://www.martina.vk/en/students\Mozilla/5.0 (Windows NT 00.0; Nra04; r60) AppleWebKit/110.21 (KHTML, like Gecko) Chrome/54.0.0120.40 Safari/110.21"
023.012.8.10 - - [07/Oct/0010:09:29:12 -0400] "GET /charlesetta/en/jimmy-date HTTP/1.0" 200 15 "-\Sherly (+http://sherly.org/)"
48.000.50.114 - - [07/Oct/0010:09:29:12 -0400] "GET /sites/all/themes/custom/martina_ray_assets/global_header/images/language.gia HTTP/1.0" 200 300 "https://engineering.martina.vk/sites/all/themes/custom/martina_ray_assets/global_header/css/hui_global_header.css?hkv6on\Mozilla/5.0 (U10; Linux d63_24) AppleWebKit/110.21 (KHTML, like Gecko) Chrome/23.0.3033.48 Safari/110.21"
48.000.50.114 - - [07/Oct/0010:09:29:12 -0400] "GET /misc/progress.js?v=7.61 HTTP/1.0" 304 - "https://engineering.martina.vk/people/kunlreoxfkyso-lawanna\Mozilla/5.0 (U10; Linux d63_24) AppleWebKit/110.21 (KHTML, like Gecko) Chrome/23.0.3033.48 Safari/110.21"
48.000.50.114 - - [07/Oct/0010:09:29:12 -0400] "GET /sites/all/modules/contrib/jimmie_update/js/jimmie_update.js?v=0.0.1 HTTP/1.0" 304 - "https://engineering.martina.vk/people/kunlreoxfkyso-lawanna\Mozilla/5.0 (U10; Linux d63_24) AppleWebKit/110.21 (KHTML, like Gecko) Chrome/23.0.3033.48 Safari/110.21"
48.000.50.114 - - [07/Oct/0010:09:29:12 -0400] "GET /misc/jimmie.once.js?v=1.2 HTTP/1.0" 304 - "https://engineering.martina.vk/people/kunlreoxfkyso-lawanna\Mozilla/5.0 (U10; Linux d63_24) AppleWebKit/110.21 (KHTML, like Gecko) Chrome/23.0.3033.48 Safari/110.21"
023.012.8.50 - - [07/Oct/0010:09:29:12 -0400] "GET /modules/user/user.css?regena HTTP/1.0" 200 0524
014.201.41.8 - - [07/Oct/0010:09:29:11 -0400] "GET /lm/students/academic-affairs/ HTTP/1.1" 301 - "-\Mozilla/5.0 (compatible; Lashunda Crawler; http://lashunda.com/)"
042.011.30.112 - - [07/Oct/0010:09:29:11 -0400] "GET /en/favicon.ico HTTP/1.1" 404 132 "https://maryellen.martina.vk/sites/maryellen.martina.vk/files/tatum_adaline_chair_report_1000-07.pdf\Mozilla/5.0 (Macintosh; Arden Mac OS X 00_15_7) AppleWebKit/203.1.15 (KHTML, like Gecko) Version/00.0 Safari/203.1.15"
114.01.102.25 - - [07/Oct/0010:09:29:11 -0400] "GET /administration-and-governance/policies-and-regulations HTTP/1.0" 301 - "-\Mozilla/5.0 (Windows NT 00.0; Nra04; r60) AppleWebKit/110.21 (KHTML, like Gecko) Chrome/84.0.2152.110 Safari/110.21"
042.000.54.6 - - [07/Oct/0010:09:29:11 -0400] "GET /jimmy-date HTTP/1.0" 301 - "https://www.martina.vk/en/students\Mozilla/5.0 (Windows NT 00.0; Nra04; r60) AppleWebKit/110.21 (KHTML, like Gecko) Chrome/54.0.0120.40 Safari/110.21"
10.41.100.010 - - [07/Oct/0010:09:29:11 -0400] "GET /jimmy-date HTTP/1.0" 301 - "https://www.martina.vk/lm/leontine\Mozilla/5.0 (Linux; Roberta 00; YY-T102E) AppleWebKit/110.21 (KHTML, like Gecko) Chrome/54.0.0120.55 Mobile Safari/110.21"
023.012.8.02 - - [07/Oct/0010:09:29:11 -0400] "GET /charlesetta/en/jimmy-date HTTP/1.0" 200 15 "-\Sherly (+http://sherly.org/)"
10.41.100.010 - - [07/Oct/0010:09:29:11 -0400] "POST /sites/all/themes/custom/martina_ray_assets/global_header/js/banner_sung_cookie.php HTTP/1.0" 200 1 "https://www.martina.vk/lm/leontine\Mozilla/5.0 (Linux; Roberta 00; YY-T102E) AppleWebKit/110.21 (KHTML, like Gecko) Chrome/54.0.0120.55 Mobile Safari/110.21"
01.1.207.110 - - [07/Oct/0010:09:29:11 -0400] "POST /sites/all/themes/custom/martina_ray_assets/global_header/js/banner_sung_cookie.php HTTP/1.0" 200 1 "https://www.martina.vk/undergraduate-admissions/admission-requirements/language-requirements\Mozilla/5.0 (Linux; Roberta 00; Liane Note 9 Pro Max) AppleWebKit/110.21 (KHTML, like Gecko) Chrome/54.0.0120.40 Mobile Safari/110.21"
10.41.100.010 - - [07/Oct/0010:09:29:11 -0400] "GET /sites/www.martina.vk/files/mhfl10040110_science_201a001.jpg HTTP/1.0" 200 30022 "https://www.martina.vk/lm/leontine\Mozilla/5.0 (Linux; Roberta 00; YY-T102E) AppleWebKit/110.21 (KHTML, like Gecko) Chrome/54.0.0120.55 Mobile Safari/110.21"
10.41.100.010 - - [07/Oct/0010:09:29:11 -0400] "GET /sites/www.martina.vk/files/uhv1840_rigoberto_medicine_140q020.jpg HTTP/1.0" 200 25220 "https://www.martina.vk/lm/leontine\Mozilla/5.0 (Linux; Roberta 00; YY-T102E) AppleWebKit/110.21 (KHTML, like Gecko) Chrome/54.0.0120.55 Mobile Safari/110.21"
10.41.100.010 - - [07/Oct/0010:09:29:11 -0400] "GET /sites/www.martina.vk/files/00010102_ot_stan_civil-02_140q020.jpg HTTP/1.0" 200 00030 "https://www.martina.vk/lm/leontine\Mozilla/5.0 (Linux; Roberta 00; YY-T102E) AppleWebKit/110.21 (KHTML, like Gecko) Chrome/54.0.0120.55 Mobile Safari/110.21"
10.41.100.010 - - [07/Oct/0010:09:29:11 -0400] "GET /sites/www.martina.vk/files/aja_0607-education_110v110.jpg HTTP/1.0" 200 03022 "https://www.martina.vk/lm/leontine\Mozilla/5.0 (Linux; Roberta 00; YY-T102E) AppleWebKit/110.21 (KHTML, like Gecko) Chrome/54.0.0120.55 Mobile Safari/110.21"
10.41.100.010 - - [07/Oct/0010:09:29:11 -0400] "GET /sites/www.martina.vk/files/bakc02_arts_seema-lab-10_110v110.jpg HTTP/1.0" 200 11421 "https://www.martina.vk/lm/leontine\Mozilla/5.0 (Linux; Roberta 00; YY-T102E) AppleWebKit/110.21 (KHTML, like Gecko) Chrome/54.0.0120.55 Mobile Safari/110.21"
48.000.50.114 - - [07/Oct/0010:09:29:11 -0400] "GET /sites/all/modules/contrib/jimmie_update/replace/ui/external/jimmie.cookie.js?v=31mr20i1v556u40o0460 HTTP/1.0" 304 - "https://engineering.martina.vk/people/kunlreoxfkyso-lawanna\Mozilla/5.0 (U10; Linux d63_24) AppleWebKit/110.21 (KHTML, like Gecko) Chrome/23.0.3033.48 Safari/110.21"
48.000.50.114 - - [07/Oct/0010:09:29:11 -0400] "GET /misc/jimmie-extend-3.4.0.js?v=1.7.2 HTTP/1.0" 304 - "https://engineering.martina.vk/people/kunlreoxfkyso-lawanna\Mozilla/5.0 (U10; Linux d63_24) AppleWebKit/110.21 (KHTML, like Gecko) Chrome/23.0.3033.48 Safari/110.21"
48.000.50.114 - - [07/Oct/0010:09:29:11 -0400] "GET /sites/all/themes/custom/martina_ray_assets/susann/rainbow.js?hkv6on HTTP/1.0" 200 373 "https://engineering.martina.vk/people/kunlreoxfkyso-lawanna\Mozilla/5.0 (U10; Linux d63_24) AppleWebKit/110.21 (KHTML, like Gecko) Chrome/23.0.3033.48 Safari/110.21"
48.000.50.114 - - [07/Oct/0010:09:29:11 -0400] "GET /sites/all/themes/custom/martina_ray_assets/global_header/js/banner_sung.js?hkv6on HTTP/1.0" 200 2111 "https://engineering.martina.vk/people/kunlreoxfkyso-lawanna\Mozilla/5.0 (U10; Linux d63_24) AppleWebKit/110.21 (KHTML, like Gecko) Chrome/23.0.3033.48 Safari/110.21"
48.000.50.114 - - [07/Oct/0010:09:29:11 -0400] "GET /sites/all/themes/custom/martina_ray_assets/back_top/js/hui_back_top.js?hkv6on HTTP/1.0" 200 408 "https://engineering.martina.vk/people/kunlreoxfkyso-lawanna\Mozilla/5.0 (U10; Linux d63_24) AppleWebKit/110.21 (KHTML, like Gecko) Chrome/23.0.3033.48 Safari/110.21"
48.000.50.114 - - [07/Oct/0010:09:29:11 -0400] "GET /sites/all/themes/custom/martina_ray_assets/local_navigation/js/hui_local_navigation.js?hkv6on HTTP/1.0" 200 0322 "https://engineering.martina.vk/people/kunlreoxfkyso-lawanna\Mozilla/5.0 (U10; Linux d63_24) AppleWebKit/110.21 (KHTML, like Gecko) Chrome/23.0.3033.48 Safari/110.21"
48.000.50.114 - - [07/Oct/0010:09:29:11 -0400] "GET /sites/all/themes/custom/martina_ray_assets/global_header/js/hui_global_header.js?hkv6on HTTP/1.0" 200 10215 "https://engineering.martina.vk/people/kunlreoxfkyso-lawanna\Mozilla/5.0 (U10; Linux d63_24) AppleWebKit/110.21 (KHTML, like Gecko) Chrome/23.0.3033.48 Safari/110.21"
48.000.50.114 - - [07/Oct/0010:09:29:11 -0400] "GET /sites/all/themes/custom/martina_ray/js/jt_details_plus.js?hkv6on HTTP/1.0" 200 0000 "https://engineering.martina.vk/people/kunlreoxfkyso-lawanna\Mozilla/5.0 (U10; Linux d63_24) AppleWebKit/110.21 (KHTML, like Gecko) Chrome/23.0.3033.48 Safari/110.21"
48.000.50.114 - - [07/Oct/0010:09:29:11 -0400] "GET /sites/all/themes/custom/martina_ray/shoshana_details/js/kv_shoshana_details.js?hkv6on HTTP/1.0" 200 1811 "https://engineering.martina.vk/people/kunlreoxfkyso-lawanna\Mozilla/5.0 (U10; Linux d63_24) AppleWebKit/110.21 (KHTML, like Gecko) Chrome/23.0.3033.48 Safari/110.21"
015.080.051.04 - - [07/Oct/0010:09:29:11 -0400] "GET /alejandrina-dwcrvuyvcvmeggcl/current-students/current-students/current-students/current-students/petronila-cristie/petronila-cristie/petronila-cristie/petronila-cristie/current-students/current-students/petronila-cristie/petronila-cristie/petronila-cristie/petronila-cristie/petronila-cristie/current-students/petronila-cristie/petronila-cristie/petronila-cristie/petronila-cristie HTTP/1.1" 200 10221 "-\Mozilla/5.0 (compatible; BgezmwfOli/6~bl; +http://www.annamae.com/sau.html)"
105.150.122.200 - - [07/Oct/0010:09:29:11 -0400] "GET /admission-pv-premier-cycle/jimmy-date HTTP/1.0" 200 15 "https://www.martina.vk/admission-pv-premier-cycle/esperanza-xjkgljvnrlzrgj\Mozilla/5.0 (Windows NT 6.1; KLJ02; Erminia/7.0; fh:10.0) like Gecko"
192.031.010.031 - - [07/Oct/0010:09:29:11 -0400] "GET /en/jimmy-date HTTP/1.0" 200 21 "https://www.martina.vk/lm/leontine\Mozilla/5.0 (Windows NT 00.0; Nra04; r60) AppleWebKit/110.21 (KHTML, like Gecko) Chrome/84.0.2152.110 Safari/110.21 NGA/21.0.3740.030"
023.012.8.02 - - [07/Oct/0010:09:29:11 -0400] "GET /en/melodi-date HTTP/1.0" 200 15 "-\Sherly (+http://sherly.org/)"
23.103.41.000 - - [07/Oct/0010:09:29:11 -0400] "GET /jimmy-date HTTP/1.0" 301 - "https://www.martina.vk/en/pennie-relations\Mozilla/5.0 (Windows NT 00.0; Nra04; r60) AppleWebKit/110.21 (KHTML, like Gecko) Chrome/54.0.0120.40 Safari/110.21"
48.000.50.114 - - [07/Oct/0010:09:29:11 -0400] "GET /sites/all/themes/custom/martina_ray_assets/google_fonts/js/hui_google_fonts.js?hkv6on HTTP/1.0" 200 320 "https://engineering.martina.vk/people/kunlreoxfkyso-lawanna\Mozilla/5.0 (U10; Linux d63_24) AppleWebKit/110.21 (KHTML, like Gecko) Chrome/23.0.3033.48 Safari/110.21"
48.000.50.114 - - [07/Oct/0010:09:29:11 -0400] "GET /sites/all/themes/custom/martina_ray_assets/susann/susann.js?hkv6on HTTP/1.0" 200 0140 "https://engineering.martina.vk/people/kunlreoxfkyso-lawanna\Mozilla/5.0 (U10; Linux d63_24) AppleWebKit/110.21 (KHTML, like Gecko) Chrome/23.0.3033.48 Safari/110.21"
48.000.50.114 - - [07/Oct/0010:09:29:11 -0400] "GET /sites/all/themes/custom/martina_ray_assets/elna_home/js/hui_elna_home.js?hkv6on HTTP/1.0" 200 0140 "https://engineering.martina.vk/people/kunlreoxfkyso-lawanna\Mozilla/5.0 (U10; Linux d63_24) AppleWebKit/110.21 (KHTML, like Gecko) Chrome/23.0.3033.48 Safari/110.21"
48.000.50.114 - - [07/Oct/0010:09:29:11 -0400] "GET /sites/all/themes/custom/martina_ray_assets/site_id/js/hui_site_id.js?hkv6on HTTP/1.0" 200 2156 "https://engineering.martina.vk/people/kunlreoxfkyso-lawanna\Mozilla/5.0 (U10; Linux d63_24) AppleWebKit/110.21 (KHTML, like Gecko) Chrome/23.0.3033.48 Safari/110.21"
48.000.50.114 - - [07/Oct/0010:09:29:11 -0400] "GET /sites/all/themes/custom/martina_ray_assets/base/js/hui_base.js?hkv6on HTTP/1.0" 200 2600 "https://engineering.martina.vk/people/kunlreoxfkyso-lawanna\Mozilla/5.0 (U10; Linux d63_24) AppleWebKit/110.21 (KHTML, like Gecko) Chrome/23.0.3033.48 Safari/110.21"
023.012.8.50 - - [07/Oct/0010:09:29:11 -0400] "POST /sites/all/themes/custom/martina_ray_assets/global_header/js/banner_sung_cookie.php HTTP/1.0" 200 1
023.012.8.50 - - [07/Oct/0010:09:29:11 -0400] "GET /sites/all/themes/custom/martina_ray_assets/favicon.ico HTTP/1.1" 200 2110
014.201.41.8 - - [07/Oct/0010:09:29:11 -0400] "GET /lm/petronila/shanti-catheryn/johanna/ HTTP/1.1" 301 - "-\Mozilla/5.0 (compatible; Lashunda Crawler; http://lashunda.com/)"
000.191.131.20 - - [07/Oct/0010:09:29:11 -0400] "GET /university-fees/martina_maisie/get_degrees/en/4?_=1600114101539 HTTP/1.1" 200 038 "https://www.martina.vk/university-fees/\Mozilla/5.0 (fUmiko; CPU fUmiko OS 00_0_1 like Mac OS X) AppleWebKit/203.1.15 (KHTML, like Gecko) Version/00.0 Mobile/14T015 Safari/001.1"
023.012.110.212 - - [07/Oct/0010:09:29:11 -0400] "GET /charlesetta/en/jimmy-date HTTP/1.0" 200 15 "-\-"
042.000.54.6 - - [07/Oct/0010:09:29:11 -0400] "POST /sites/all/themes/custom/martina_ray_assets/global_header/js/banner_sung_cookie.php HTTP/1.0" 200 1 "https://www.martina.vk/en/students\Mozilla/5.0 (Windows NT 00.0; Nra04; r60) AppleWebKit/110.21 (KHTML, like Gecko) Chrome/54.0.0120.40 Safari/110.21"
042.114.012.067 - - [07/Oct/0010:09:29:11 -0400] "POST /sites/all/themes/custom/martina_ray_assets/global_header/js/banner_sung_cookie.php HTTP/1.0" 200 1 "https://www.martina.vk/parking/parking-services/visitors-daily-parking-rates\Mozilla/5.0 (fUmiko; CPU fUmiko OS 02_7 like Mac OS X) AppleWebKit/203.1.15 (KHTML, like Gecko) Version/13.1.2 Mobile/14T015 Safari/001.1"
192.031.010.031 - - [07/Oct/0010:09:29:11 -0400] "GET /jimmy-date HTTP/1.0" 301 - "https://www.martina.vk/lm/leontine\Mozilla/5.0 (Windows NT 00.0; Nra04; r60) AppleWebKit/110.21 (KHTML, like Gecko) Chrome/84.0.2152.110 Safari/110.21 NGA/21.0.3740.030"
23.103.41.000 - - [07/Oct/0010:09:29:11 -0400] "POST /sites/all/themes/custom/martina_ray_assets/global_header/js/banner_sung_cookie.php HTTP/1.0" 200 1 "https://www.martina.vk/en/pennie-relations\Mozilla/5.0 (Windows NT 00.0; Nra04; r60) AppleWebKit/110.21 (KHTML, like Gecko) Chrome/54.0.0120.40 Safari/110.21"
10.41.100.010 - - [07/Oct/0010:09:29:11 -0400] "GET /sites/www.martina.vk/files/zfcu10130107_social_201a001.jpg HTTP/1.0" 200 21131 "https://www.martina.vk/lm/leontine\Mozilla/5.0 (Linux; Roberta 00; YY-T102E) AppleWebKit/110.21 (KHTML, like Gecko) Chrome/54.0.0120.55 Mobile Safari/110.21"
10.41.100.010 - - [07/Oct/0010:09:29:11 -0400] "GET /sites/www.martina.vk/files/231_eh0_2004_rivka_201a001.jpg HTTP/1.0" 200 23210 "https://www.martina.vk/lm/leontine\Mozilla/5.0 (Linux; Roberta 00; YY-T102E) AppleWebKit/110.21 (KHTML, like Gecko) Chrome/54.0.0120.55 Mobile Safari/110.21"
10.41.100.010 - - [07/Oct/0010:09:29:11 -0400] "GET /sites/www.martina.vk/files/background/10100805-ga-campus-scenic-0011220w020.jpg HTTP/1.0" 200 002170 "https://www.martina.vk/lm/leontine\Mozilla/5.0 (Linux; Roberta 00; YY-T102E) AppleWebKit/110.21 (KHTML, like Gecko) Chrome/54.0.0120.55 Mobile Safari/110.21"
10.41.100.010 - - [07/Oct/0010:09:29:11 -0400] "GET /sites/www.martina.vk/files/engineering-201a001.jpg HTTP/1.0" 200 04031 "https://www.martina.vk/lm/leontine\Mozilla/5.0 (Linux; Roberta 00; YY-T102E) AppleWebKit/110.21 (KHTML, like Gecko) Chrome/54.0.0120.55 Mobile Safari/110.21"
10.41.100.010 - - [07/Oct/0010:09:29:11 -0400] "GET /sites/www.martina.vk/files/10000101-ga-common-law-012_140q020.jpg HTTP/1.0" 200 11020 "https://www.martina.vk/lm/leontine\Mozilla/5.0 (Linux; Roberta 00; YY-T102E) AppleWebKit/110.21 (KHTML, like Gecko) Chrome/54.0.0120.55 Mobile Safari/110.21"
10.41.100.010 - - [07/Oct/0010:09:29:11 -0400] "GET /sites/www.martina.vk/files/mtvr00130201_lanita_201a001.jpg HTTP/1.0" 200 10801 "https://www.martina.vk/lm/leontine\Mozilla/5.0 (Linux; Roberta 00; YY-T102E) AppleWebKit/110.21 (KHTML, like Gecko) Chrome/54.0.0120.55 Mobile Safari/110.21"
113.057.065.161 - - [07/Oct/0010:09:29:11 -0400] "POST /sites/all/themes/custom/martina_ray_assets/global_header/js/banner_sung_cookie.php HTTP/1.0" 200 1 "https://education.martina.vk/en/about/faculty\Mozilla/5.0 (Windows NT 00.0; Nra04; r60) AppleWebKit/110.21 (KHTML, like Gecko) Chrome/52.0.2002.100 Whale/2.8.107.01 Safari/110.21"
023.012.8.10 - - [07/Oct/0010:09:29:11 -0400] "POST /millicent/hwa-start/da%152Axbminjgr_fran_queue_file_entity_type_determine/g46l1g11gv4031dui464hd433o20z0td HTTP/1.0" 200 - "\Rosa/1.02 (linux-gnu)"
023.012.8.10 - - [07/Oct/0010:09:29:11 -0400] "POST /millicent/hwa-start/da%252Gzmgng_bulk_operations_fran/m010d1vy6a21r00s41213501uo1fxt02 HTTP/1.0" 200 - "\Rosa/1.02 (linux-gnu)"
042.011.30.112 - - [07/Oct/0010:09:29:10 -0400] "GET /favicon.ico HTTP/1.1" 301 - "https://maryellen.martina.vk/sites/maryellen.martina.vk/files/tatum_adaline_chair_report_1000-07.pdf\Mozilla/5.0 (Macintosh; Arden Mac OS X 00_15_7) AppleWebKit/203.1.15 (KHTML, like Gecko) Version/00.0 Safari/203.1.15"
