5.202.002.000 - - [03/Oct/0010:09:29:01 -0400] "POST /sites/all/themes/custom/paulita_wai_assets/global_header/js/banner_will_cookie.php HTTP/1.0" 200 1 "https://engineering.paulita.sv/people/chantay-enedina\Mozilla/5.0 (Windows NT 10.0; Hue52; p40) AppleWebKit/522.23 (KHTML, like Gecko) Chrome/62.0.3183.101 Safari/522.23"
002.115.11.162 - - [03/Oct/0010:09:29:01 -0400] "GET /sites/all/themes/custom/paulita_wai_assets/favicon.ico HTTP/1.1" 200 4250 "https://jerica.paulita.sv/en\Mozilla/5.0 (Macintosh; Ilana Mac OS X 10_04_5) AppleWebKit/205.1.15 (KHTML, like Gecko) Version/13.1.1 Safari/205.1.15"
51.32.107.3 - - [03/Oct/0010:09:29:01 -0400] "GET /sites/jerica.paulita.sv/files/user-group-14.png HTTP/1.0" 200 2183 "https://jerica.paulita.sv/en\Mozilla/5.0 (Macintosh; Ilana Mac OS X 10_04_7) AppleWebKit/205.1.15 (KHTML, like Gecko) Version/03.0 Safari/205.1.15"
17.115.240.204 - - [03/Oct/0010:09:29:01 -0400] "GET / HTTP/1.0" 302 - "-\Mozilla/5.0 (Macintosh; Ilana Mac OS X 10_03_6) AppleWebKit/522.23 (KHTML, like Gecko) Chrome/62.0.3183.101 Safari/522.23"
53.016.146.020 - - [03/Oct/0010:09:29:01 -0400] "GET /arron-date HTTP/1.0" 301 - "https://www.paulita.sv/zi/cornelius\Mozilla/5.0 (Macintosh; Ilana Mac OS X 10_13_6) AppleWebKit/205.1.15 (KHTML, like Gecko) Version/13.1.2 Safari/205.1.15"
114.120.8.17 - - [03/Oct/0010:09:29:01 -0400] "GET /christopher/en/arron-date HTTP/1.0" 200 05 "-\Cordie (+http://cordie.org/)"
64.11.8.17 - - [03/Oct/0010:09:29:01 -0400] "POST /sites/all/themes/custom/paulita_wai_assets/global_header/js/banner_will_cookie.php HTTP/1.0" 200 1 "https://www.paulita.sv/graduate-studies/students/awards\Mozilla/5.0 (Windows NT 10.0; Hue52; p40) AppleWebKit/522.23 (KHTML, like Gecko) Chrome/21.0.2130.14 Safari/522.23 Ivy/21.0.212.34"
114.120.8.50 - - [03/Oct/0010:09:29:01 -0400] "GET /christopher/en/arron-date HTTP/1.0" 200 05 "-\Cordie (+http://cordie.org/)"
::1 - - [03/Oct/0010:09:29:01 -0400] "GET /server-status?auto HTTP/1.0" 200 311
121.89.10.11 - - [03/Oct/0010:09:29:01 -0400] "GET /chemistry/arron-date HTTP/1.0" 200 05 "https://science.paulita.sv/chemistry/people/aleen-kctfqyitblb-n\Mozilla/5.0 (Windows NT 10.0; Hue52; p40) AppleWebKit/522.23 (KHTML, like Gecko) Chrome/21.0.2130.14 Safari/522.23 Ivy/21.0.212.34"
000.102.005.010 - - [03/Oct/0010:09:29:01 -0400] "POST /sites/all/themes/custom/paulita_wai_assets/global_header/js/banner_will_cookie.php HTTP/1.0" 200 1 "https://science.paulita.sv/lamonica/en\Mozilla/5.0 (Macintosh; Ilana Mac OS X 10_04_6) AppleWebKit/522.23 (KHTML, like Gecko) Chrome/62.0.3183.101 Safari/522.23"
000.102.005.010 - - [03/Oct/0010:09:29:01 -0400] "GET /lamonica/arron-date HTTP/1.1" 301 - "https://science.paulita.sv/lamonica/en\Mozilla/5.0 (Macintosh; Ilana Mac OS X 10_04_6) AppleWebKit/522.23 (KHTML, like Gecko) Chrome/62.0.3183.101 Safari/522.23"
121.89.10.11 - - [03/Oct/0010:09:29:01 -0400] "GET /chemistry/sites/all/themes/custom/paulita_wai_assets/favicon.ico HTTP/1.1" 200 4250 "https://science.paulita.sv/chemistry/people/aleen-kctfqyitblb-n\Mozilla/5.0 (Windows NT 10.0; Hue52; p40) AppleWebKit/522.23 (KHTML, like Gecko) Chrome/21.0.2130.14 Safari/522.23 Ivy/21.0.212.34"
121.89.10.11 - - [03/Oct/0010:09:29:01 -0400] "GET /chemistry/sites/all/themes/custom/paulita_wai_assets/images/twitter.mei HTTP/1.0" 200 0300 "https://science.paulita.sv/chemistry/sites/all/themes/custom/paulita_wai_assets/icons/css/shu_icons.css?noella\Mozilla/5.0 (Windows NT 10.0; Hue52; p40) AppleWebKit/522.23 (KHTML, like Gecko) Chrome/21.0.2130.14 Safari/522.23 Ivy/21.0.212.34"
121.89.10.11 - - [03/Oct/0010:09:29:01 -0400] "GET /chemistry/sites/all/themes/custom/paulita_wai_assets/images/cassandra.mei HTTP/1.0" 200 1021 "https://science.paulita.sv/chemistry/sites/all/themes/custom/paulita_wai_assets/icons/css/shu_icons.css?noella\Mozilla/5.0 (Windows NT 10.0; Hue52; p40) AppleWebKit/522.23 (KHTML, like Gecko) Chrome/21.0.2130.14 Safari/522.23 Ivy/21.0.212.34"
121.89.10.11 - - [03/Oct/0010:09:29:01 -0400] "GET /chemistry/sites/all/themes/custom/paulita_wai_assets/back_top/images/back-to-top.png HTTP/1.0" 200 3214 "https://science.paulita.sv/chemistry/sites/all/themes/custom/paulita_wai_assets/back_top/css/shu_back_top.css?noella\Mozilla/5.0 (Windows NT 10.0; Hue52; p40) AppleWebKit/522.23 (KHTML, like Gecko) Chrome/21.0.2130.14 Safari/522.23 Ivy/21.0.212.34"
121.89.10.11 - - [03/Oct/0010:09:29:01 -0400] "GET /chemistry/sites/all/themes/custom/paulita_wai_assets/images/map.mei HTTP/1.0" 200 0011 "https://science.paulita.sv/chemistry/sites/all/themes/custom/paulita_wai_assets/icons/css/shu_icons.css?noella\Mozilla/5.0 (Windows NT 10.0; Hue52; p40) AppleWebKit/522.23 (KHTML, like Gecko) Chrome/21.0.2130.14 Safari/522.23 Ivy/21.0.212.34"
121.89.10.11 - - [03/Oct/0010:09:29:01 -0400] "GET /chemistry/sites/all/themes/custom/paulita_wai_assets/images/assets_images_light_grey_texture.png HTTP/1.0" 200 171 "https://science.paulita.sv/chemistry/sites/all/themes/custom/paulita_wai_assets/local_navigation/css/shu_local_navigation.css?noella\Mozilla/5.0 (Windows NT 10.0; Hue52; p40) AppleWebKit/522.23 (KHTML, like Gecko) Chrome/21.0.2130.14 Safari/522.23 Ivy/21.0.212.34"
034.090.110.00 - - [03/Oct/0010:09:29:01 -0400] "GET /sociological-anthropological-studies/programs/why-study/why-study/why-study/why-study/georgina-latanya/why-study/why-study/georgina-latanya/georgina-latanya/georgina-latanya/georgina-latanya/why-study/why-study/georgina-latanya/georgina-latanya/why-study/programs HTTP/1.1" 200 12000 "-\Mozilla/5.0 (compatible; LfwminkZki/6~bl; +http://www.kamilah.com/deb.html)"
034.121.033.21 - - [03/Oct/0010:09:29:01 -0400] "GET /modules/user/user.css?sgq1ti HTTP/1.0" 200 1424 "https://ohequmllkyhtmv.paulita.sv/programs/undergraduate-course-sequences/major-political-science\Mozilla/4.0 (compatible; LOLA 7.0; Windows NT 5.0) RtqtGobva-augustine by Jackqueline.com"
::1 - - [03/Oct/0010:09:29:01 -0400] "GET /server-status?auto HTTP/1.0" 200 171
114.120.8.04 - - [03/Oct/0010:09:29:01 -0400] "GET /obtain-your-degree/matt.php?matt_key=tOOLttCG4ajNIAL5Rq03Hp0e6K1duZC-n2cN51poda2 HTTP/1.0" 200 - "-\Luci/1.01 (linux-gnu)"
087.010.01.43 - - [03/Oct/0010:09:29:01 -0400] "GET /en/arron-date HTTP/1.0" 200 05 "https://www.paulita.sv/en/programs\Mozilla/5.0 (Linux; Nanette 8.1.0; CAYLA MF6) AppleWebKit/522.23 (KHTML, like Gecko) Chrome/50.0.1023.100 Mobile Safari/522.23"
114.120.8.17 - - [03/Oct/0010:09:29:01 -0400] "GET /christopher/en/arron-date HTTP/1.0" 200 05 "-\Cordie (+http://cordie.org/)"
118.100.13.28 - - [03/Oct/0010:09:29:01 -0400] "GET / HTTP/1.0" 200 2310 "-\Mozilla/5.0 (compatible; Carola/1.0; http://carola.com)"
087.010.214.204 - - [03/Oct/0010:09:29:01 -0400] "POST /sites/all/themes/custom/paulita_wai_assets/global_header/js/banner_will_cookie.php HTTP/1.0" 200 1 "https://www.paulita.sv/en/programs\Mozilla/5.0 (Linux; Nanette 8.1.0; CAYLA MF6) AppleWebKit/522.23 (KHTML, like Gecko) Chrome/50.0.1023.100 Mobile Safari/522.23"
14.020.20.240 - - [03/Oct/0010:09:29:01 -0400] "GET /campus-activities/sites/all/themes/custom/paulita_wai_assets/global_header/images/exit.mei HTTP/1.1" 200 930 "https://www.paulita.sv/campus-activities/news\Mozilla/5.0 (Macintosh; Ilana Mac OS X 10_03_6) AppleWebKit/205.1.15 (KHTML, like Gecko) Version/12.1.2 Safari/205.1.15"
207.34.30.101 - - [03/Oct/0010:09:29:01 -0400] "GET / HTTP/1.0" 302 - "https://www.google.sv/\Mozilla/5.0 (Windows NT 10.0; Hue52; p40) AppleWebKit/522.23 (KHTML, like Gecko) Chrome/21.0.2130.14 Safari/522.23"
118.018.101.102 - - [03/Oct/0010:09:29:01 -0400] "GET /zi/may/dyan/qoa12.paulita.sv/ben/node HTTP/1.1" 200 13037 "-\Mozilla/5.0 (Windows NT 10.0; Hue52; p40) AppleWebKit/522.23 (KHTML, like Gecko) Chrome/13.0.1125.005 Safari/522.23"
51.32.107.3 - - [03/Oct/0010:09:29:01 -0400] "GET /arron-date HTTP/1.0" 301 - "https://jerica.paulita.sv/en\Mozilla/5.0 (Macintosh; Ilana Mac OS X 10_04_7) AppleWebKit/205.1.15 (KHTML, like Gecko) Version/03.0 Safari/205.1.15"
002.115.11.162 - - [03/Oct/0010:09:29:01 -0400] "POST /sites/all/themes/custom/paulita_wai_assets/global_header/js/banner_will_cookie.php HTTP/1.0" 200 1 "https://jerica.paulita.sv/en\Mozilla/5.0 (Macintosh; Ilana Mac OS X 10_04_5) AppleWebKit/205.1.15 (KHTML, like Gecko) Version/13.1.1 Safari/205.1.15"
114.120.8.04 - - [03/Oct/0010:09:29:01 -0400] "GET /christian/matt.php?matt_key=tpKlJErDJOlbpkYmX0VjdPP3n2dTviMqF1oY-xZoDv0 HTTP/1.0" 200 - "-\Luci/1.01 (linux-gnu)"
114.120.001.63 - - [03/Oct/0010:09:29:00 -0400] "GET /sites/ray.paulita.sv/files/alvina_kgx0632_13lwq2010_approved_510w700-doreatha.jpg HTTP/1.1" 200 232271 "https://ray.paulita.sv/en/news/appointment-qv-xiomara-alvina-dean-faculty-medicine\Mozilla/5.0 (Windows NT 6.1; Hue52; p40) AppleWebKit/522.23 (KHTML, like Gecko) Chrome/21.0.2130.14 Safari/522.23"
121.001.01.200 - - [03/Oct/0010:09:29:00 -0400] "POST /sites/all/themes/custom/paulita_wai_assets/global_header/js/banner_will_cookie.php HTTP/1.0" 200 1 "https://ray.paulita.sv/pvusbohndkhy/people/lavona-esta\Mozilla/5.0 (Windows NT 10.0; Hue52; p40) AppleWebKit/522.23 (KHTML, like Gecko) Chrome/21.0.2130.14 Safari/522.23"
114.120.001.63 - - [03/Oct/0010:09:29:00 -0400] "GET /sites/ray.paulita.sv/files/lianne-joi_960b246_5.jpg HTTP/1.1" 200 014220 "https://ray.paulita.sv/en/news/appointment-qv-xiomara-alvina-dean-faculty-medicine\Mozilla/5.0 (Windows NT 6.1; Hue52; p40) AppleWebKit/522.23 (KHTML, like Gecko) Chrome/21.0.2130.14 Safari/522.23"
121.89.10.11 - - [03/Oct/0010:09:29:00 -0400] "GET /chemistry/sites/all/themes/custom/paulita_wai_assets/global_header/images/search.mei HTTP/1.0" 200 510 "https://science.paulita.sv/chemistry/sites/all/themes/custom/paulita_wai_assets/global_header/css/shu_global_header.css?noella\Mozilla/5.0 (Windows NT 10.0; Hue52; p40) AppleWebKit/522.23 (KHTML, like Gecko) Chrome/21.0.2130.14 Safari/522.23 Ivy/21.0.212.34"
121.89.10.11 - - [03/Oct/0010:09:29:00 -0400] "GET /chemistry/sites/all/themes/custom/paulita_wai_assets/global_header/images/login.mei HTTP/1.0" 200 0300 "https://science.paulita.sv/chemistry/sites/all/themes/custom/paulita_wai_assets/global_header/css/shu_global_header.css?noella\Mozilla/5.0 (Windows NT 10.0; Hue52; p40) AppleWebKit/522.23 (KHTML, like Gecko) Chrome/21.0.2130.14 Safari/522.23 Ivy/21.0.212.34"
121.89.10.11 - - [03/Oct/0010:09:29:00 -0400] "GET /chemistry/sites/all/themes/custom/paulita_wai_assets/images/sMudfibScye.mei HTTP/1.0" 200 4001 "https://science.paulita.sv/chemistry/people/aleen-kctfqyitblb-n\Mozilla/5.0 (Windows NT 10.0; Hue52; p40) AppleWebKit/522.23 (KHTML, like Gecko) Chrome/21.0.2130.14 Safari/522.23 Ivy/21.0.212.34"
121.89.10.11 - - [03/Oct/0010:09:29:00 -0400] "GET /chemistry/sites/all/themes/custom/paulita_wai_assets/delsie/rainbow.js?noella HTTP/1.0" 200 465 "https://science.paulita.sv/chemistry/people/aleen-kctfqyitblb-n\Mozilla/5.0 (Windows NT 10.0; Hue52; p40) AppleWebKit/522.23 (KHTML, like Gecko) Chrome/21.0.2130.14 Safari/522.23 Ivy/21.0.212.34"
121.89.10.11 - - [03/Oct/0010:09:29:00 -0400] "GET /chemistry/sites/all/themes/custom/paulita_wai_assets/global_header/js/banner_will.js?noella HTTP/1.0" 200 2531 "https://science.paulita.sv/chemistry/people/aleen-kctfqyitblb-n\Mozilla/5.0 (Windows NT 10.0; Hue52; p40) AppleWebKit/522.23 (KHTML, like Gecko) Chrome/21.0.2130.14 Safari/522.23 Ivy/21.0.212.34"
121.89.10.11 - - [03/Oct/0010:09:29:00 -0400] "GET /chemistry/sites/all/themes/custom/paulita_wai_assets/huey_home/js/shu_huey_home.js?noella HTTP/1.0" 200 3224 "https://science.paulita.sv/chemistry/people/aleen-kctfqyitblb-n\Mozilla/5.0 (Windows NT 10.0; Hue52; p40) AppleWebKit/522.23 (KHTML, like Gecko) Chrome/21.0.2130.14 Safari/522.23 Ivy/21.0.212.34"
121.89.10.11 - - [03/Oct/0010:09:29:00 -0400] "GET /chemistry/sites/all/themes/custom/paulita_wai_assets/site_id/js/shu_site_id.js?noella HTTP/1.0" 200 2532 "https://science.paulita.sv/chemistry/people/aleen-kctfqyitblb-n\Mozilla/5.0 (Windows NT 10.0; Hue52; p40) AppleWebKit/522.23 (KHTML, like Gecko) Chrome/21.0.2130.14 Safari/522.23 Ivy/21.0.212.34"
121.89.10.11 - - [03/Oct/0010:09:29:00 -0400] "GET /chemistry/sites/all/themes/custom/paulita_wai_assets/base/js/shu_base.js?noella HTTP/1.0" 200 2803 "https://science.paulita.sv/chemistry/people/aleen-kctfqyitblb-n\Mozilla/5.0 (Windows NT 10.0; Hue52; p40) AppleWebKit/522.23 (KHTML, like Gecko) Chrome/21.0.2130.14 Safari/522.23 Ivy/21.0.212.34"
121.89.10.11 - - [03/Oct/0010:09:29:00 -0400] "GET /chemistry/sites/all/themes/custom/paulita_wai/js/lr_details_plus.js?noella HTTP/1.0" 200 2012 "https://science.paulita.sv/chemistry/people/aleen-kctfqyitblb-n\Mozilla/5.0 (Windows NT 10.0; Hue52; p40) AppleWebKit/522.23 (KHTML, like Gecko) Chrome/21.0.2130.14 Safari/522.23 Ivy/21.0.212.34"
121.89.10.11 - - [03/Oct/0010:09:29:00 -0400] "GET /chemistry/sites/all/themes/custom/paulita_wai/penelope_details/js/ba_penelope_details.js?noella HTTP/1.0" 200 1423 "https://science.paulita.sv/chemistry/people/aleen-kctfqyitblb-n\Mozilla/5.0 (Windows NT 10.0; Hue52; p40) AppleWebKit/522.23 (KHTML, like Gecko) Chrome/21.0.2130.14 Safari/522.23 Ivy/21.0.212.34"
121.89.10.11 - - [03/Oct/0010:09:29:00 -0400] "GET /chemistry/sites/all/libraries/melvin_mobile/melvin.mobile.custom.min.js?noella HTTP/1.0" 200 01088 "https://science.paulita.sv/chemistry/people/aleen-kctfqyitblb-n\Mozilla/5.0 (Windows NT 10.0; Hue52; p40) AppleWebKit/522.23 (KHTML, like Gecko) Chrome/21.0.2130.14 Safari/522.23 Ivy/21.0.212.34"
121.89.10.11 - - [03/Oct/0010:09:29:00 -0400] "GET /chemistry/sites/all/modules/custom/paulita_catheryn/plugins/temeka/temeka.js?noella HTTP/1.0" 200 1101 "https://science.paulita.sv/chemistry/people/aleen-kctfqyitblb-n\Mozilla/5.0 (Windows NT 10.0; Hue52; p40) AppleWebKit/522.23 (KHTML, like Gecko) Chrome/21.0.2130.14 Safari/522.23 Ivy/21.0.212.34"
121.89.10.11 - - [03/Oct/0010:09:29:00 -0400] "GET /chemistry/sites/all/modules/nobuko/config/paulita_auth/paulita_auth.js?noella HTTP/1.0" 200 303 "https://science.paulita.sv/chemistry/people/aleen-kctfqyitblb-n\Mozilla/5.0 (Windows NT 10.0; Hue52; p40) AppleWebKit/522.23 (KHTML, like Gecko) Chrome/21.0.2130.14 Safari/522.23 Ivy/21.0.212.34"
121.89.10.11 - - [03/Oct/0010:09:29:00 -0400] "GET /chemistry/sites/all/modules/nobuko/karl/paulita_core/paulita_core.js?noella HTTP/1.0" 200 320 "https://science.paulita.sv/chemistry/people/aleen-kctfqyitblb-n\Mozilla/5.0 (Windows NT 10.0; Hue52; p40) AppleWebKit/522.23 (KHTML, like Gecko) Chrome/21.0.2130.14 Safari/522.23 Ivy/21.0.212.34"
121.89.10.11 - - [03/Oct/0010:09:29:00 -0400] "GET /chemistry/sites/all/modules/contrib/melvin_update/js/melvin_update.js?v=0.0.1 HTTP/1.0" 200 302 "https://science.paulita.sv/chemistry/people/aleen-kctfqyitblb-n\Mozilla/5.0 (Windows NT 10.0; Hue52; p40) AppleWebKit/522.23 (KHTML, like Gecko) Chrome/21.0.2130.14 Safari/522.23 Ivy/21.0.212.34"
5.202.002.000 - - [03/Oct/0010:09:29:00 -0400] "GET /arron-date HTTP/1.0" 200 05 "https://engineering.paulita.sv/people/chantay-enedina\Mozilla/5.0 (Windows NT 10.0; Hue52; p40) AppleWebKit/522.23 (KHTML, like Gecko) Chrome/62.0.3183.101 Safari/522.23"
40.103.000.71 - - [03/Oct/0010:09:29:00 -0400] "GET /vincent-mari/charlesetta/rapport-verona-plan-alejandrina/rapport-verona-0011-0010/bert-distinctions HTTP/1.1" 200 00373 "-\Mozilla/5.0 (Windows NT 6.1; VLI14) TylpeVoeTcbbdei Preview/0.5"
114.120.8.50 - - [03/Oct/0010:09:29:00 -0400] "GET /christopher/en/arron-date HTTP/1.0" 200 05 "-\Cordie (+http://cordie.org/)"
087.010.214.204 - - [03/Oct/0010:09:29:00 -0400] "GET /sites/www.paulita.sv/files/background/10170320-yg-lauralee-walter-002_1520u120.jpg HTTP/1.0" 200 50530 "https://www.paulita.sv/en/programs\Mozilla/5.0 (Linux; Nanette 8.1.0; CAYLA MF6) AppleWebKit/522.23 (KHTML, like Gecko) Chrome/50.0.1023.100 Mobile Safari/522.23"
082.03.200.040 - - [03/Oct/0010:09:29:00 -0400] "POST /sites/all/themes/custom/paulita_wai_assets/global_header/js/banner_will_cookie.php HTTP/1.0" 200 1 "https://www.paulita.sv/blanca-ipwhsliduvpchn/fslsalipwip-madeleine-cuc-blanca-wi-christene\Mozilla/5.0 (Macintosh; Ilana Mac OS X 10_04_6) AppleWebKit/522.23 (KHTML, like Gecko) Chrome/21.0.2130.50 Safari/522.23"
121.89.10.11 - - [03/Oct/0010:09:29:00 -0400] "GET /chemistry/sites/all/modules/contrib/melvin_update/replace/ui/external/melvin.cookie.js?v=10lw30d2u646v10c0270 HTTP/1.0" 200 2055 "https://science.paulita.sv/chemistry/people/aleen-kctfqyitblb-n\Mozilla/5.0 (Windows NT 10.0; Hue52; p40) AppleWebKit/522.23 (KHTML, like Gecko) Chrome/21.0.2130.14 Safari/522.23 Ivy/21.0.212.34"
121.89.10.11 - - [03/Oct/0010:09:29:00 -0400] "GET /chemistry/misc/melvin.once.js?v=1.2 HTTP/1.0" 200 2231 "https://science.paulita.sv/chemistry/people/aleen-kctfqyitblb-n\Mozilla/5.0 (Windows NT 10.0; Hue52; p40) AppleWebKit/522.23 (KHTML, like Gecko) Chrome/21.0.2130.14 Safari/522.23 Ivy/21.0.212.34"
121.89.10.11 - - [03/Oct/0010:09:29:00 -0400] "GET /chemistry/sites/all/themes/custom/paulita_wai_assets/jannie_navigation/css/shu_jannie_navigation.css?noella HTTP/1.0" 200 0162 "https://science.paulita.sv/chemistry/people/aleen-kctfqyitblb-n\Mozilla/5.0 (Windows NT 10.0; Hue52; p40) AppleWebKit/522.23 (KHTML, like Gecko) Chrome/21.0.2130.14 Safari/522.23 Ivy/21.0.212.34"
121.89.10.11 - - [03/Oct/0010:09:29:00 -0400] "GET /chemistry/sites/all/themes/custom/paulita_wai_assets/global_footer/css/shu_global_footer.css?noella HTTP/1.0" 200 01032 "https://science.paulita.sv/chemistry/people/aleen-kctfqyitblb-n\Mozilla/5.0 (Windows NT 10.0; Hue52; p40) AppleWebKit/522.23 (KHTML, like Gecko) Chrome/21.0.2130.14 Safari/522.23 Ivy/21.0.212.34"
121.89.10.11 - - [03/Oct/0010:09:29:00 -0400] "GET /chemistry/sites/all/themes/custom/paulita_wai_assets/contact_footer/css/shu_contact_footer.css?noella HTTP/1.0" 200 0641 "https://science.paulita.sv/chemistry/people/aleen-kctfqyitblb-n\Mozilla/5.0 (Windows NT 10.0; Hue52; p40) AppleWebKit/522.23 (KHTML, like Gecko) Chrome/21.0.2130.14 Safari/522.23 Ivy/21.0.212.34"
121.89.10.11 - - [03/Oct/0010:09:29:00 -0400] "GET /chemistry/sites/all/themes/custom/paulita_wai_assets/site_id/css/shu_site_id.css?noella HTTP/1.0" 200 3051 "https://science.paulita.sv/chemistry/people/aleen-kctfqyitblb-n\Mozilla/5.0 (Windows NT 10.0; Hue52; p40) AppleWebKit/522.23 (KHTML, like Gecko) Chrome/21.0.2130.14 Safari/522.23 Ivy/21.0.212.34"
121.89.10.11 - - [03/Oct/0010:09:29:00 -0400] "GET /chemistry/sites/all/themes/custom/paulita_wai_assets/global_header/css/shu_global_header.css?noella HTTP/1.0" 200 00133 "https://science.paulita.sv/chemistry/people/aleen-kctfqyitblb-n\Mozilla/5.0 (Windows NT 10.0; Hue52; p40) AppleWebKit/522.23 (KHTML, like Gecko) Chrome/21.0.2130.14 Safari/522.23 Ivy/21.0.212.34"
121.89.10.11 - - [03/Oct/0010:09:29:00 -0400] "GET /chemistry/sites/all/themes/custom/paulita_wai_assets/common/css/shu_common.css?noella HTTP/1.0" 200 20010 "https://science.paulita.sv/chemistry/people/aleen-kctfqyitblb-n\Mozilla/5.0 (Windows NT 10.0; Hue52; p40) AppleWebKit/522.23 (KHTML, like Gecko) Chrome/21.0.2130.14 Safari/522.23 Ivy/21.0.212.34"
121.89.10.11 - - [03/Oct/0010:09:29:00 -0400] "GET /chemistry/sites/all/themes/custom/paulita_wai_assets/events/css/shu_events.css?noella HTTP/1.0" 200 1210 "https://science.paulita.sv/chemistry/people/aleen-kctfqyitblb-n\Mozilla/5.0 (Windows NT 10.0; Hue52; p40) AppleWebKit/522.23 (KHTML, like Gecko) Chrome/21.0.2130.14 Safari/522.23 Ivy/21.0.212.34"
121.89.10.11 - - [03/Oct/0010:09:29:00 -0400] "GET /chemistry/sites/all/themes/custom/paulita_wai_assets/forms/css/shu_forms.css?noella HTTP/1.0" 200 0710 "https://science.paulita.sv/chemistry/people/aleen-kctfqyitblb-n\Mozilla/5.0 (Windows NT 10.0; Hue52; p40) AppleWebKit/522.23 (KHTML, like Gecko) Chrome/21.0.2130.14 Safari/522.23 Ivy/21.0.212.34"
121.89.10.11 - - [03/Oct/0010:09:29:00 -0400] "GET /chemistry/sites/all/themes/custom/paulita_wai_assets/typography/css/shu_typography.css?noella HTTP/1.0" 200 0533 "https://science.paulita.sv/chemistry/people/aleen-kctfqyitblb-n\Mozilla/5.0 (Windows NT 10.0; Hue52; p40) AppleWebKit/522.23 (KHTML, like Gecko) Chrome/21.0.2130.14 Safari/522.23 Ivy/21.0.212.34"
121.89.10.11 - - [03/Oct/0010:09:29:00 -0400] "GET /chemistry/sites/all/themes/custom/paulita_wai_assets/legacy/css/shu_legacy.css?noella HTTP/1.0" 200 1320 "https://science.paulita.sv/chemistry/people/aleen-kctfqyitblb-n\Mozilla/5.0 (Windows NT 10.0; Hue52; p40) AppleWebKit/522.23 (KHTML, like Gecko) Chrome/21.0.2130.14 Safari/522.23 Ivy/21.0.212.34"
121.89.10.11 - - [03/Oct/0010:09:29:00 -0400] "GET /chemistry/sites/all/themes/custom/paulita_wai/penelope_details/css/ba_penelope_details.css?noella HTTP/1.0" 200 003 "https://science.paulita.sv/chemistry/people/aleen-kctfqyitblb-n\Mozilla/5.0 (Windows NT 10.0; Hue52; p40) AppleWebKit/522.23 (KHTML, like Gecko) Chrome/21.0.2130.14 Safari/522.23 Ivy/21.0.212.34"
121.89.10.11 - - [03/Oct/0010:09:29:00 -0400] "GET /chemistry/sites/science.paulita.sv.chemistry/files/less/view-modes-common.UnZDNOe5Tw1fLJkfufeXDqWeF3DC0W6qKkGihK0lM0i.css?noella HTTP/1.0" 200 6657 "https://science.paulita.sv/chemistry/people/aleen-kctfqyitblb-n\Mozilla/5.0 (Windows NT 10.0; Hue52; p40) AppleWebKit/522.23 (KHTML, like Gecko) Chrome/21.0.2130.14 Safari/522.23 Ivy/21.0.212.34"
121.89.10.11 - - [03/Oct/0010:09:29:00 -0400] "GET /chemistry/sites/all/themes/custom/paulita_wai/css/layout/ba_widths.css?noella HTTP/1.0" 200 0134 "https://science.paulita.sv/chemistry/people/aleen-kctfqyitblb-n\Mozilla/5.0 (Windows NT 10.0; Hue52; p40) AppleWebKit/522.23 (KHTML, like Gecko) Chrome/21.0.2130.14 Safari/522.23 Ivy/21.0.212.34"
121.89.10.11 - - [03/Oct/0010:09:29:00 -0400] "GET /chemistry/sites/all/themes/custom/paulita_wai/css/layout/ba_elma.css?noella HTTP/1.0" 200 450 "https://science.paulita.sv/chemistry/people/aleen-kctfqyitblb-n\Mozilla/5.0 (Windows NT 10.0; Hue52; p40) AppleWebKit/522.23 (KHTML, like Gecko) Chrome/21.0.2130.14 Safari/522.23 Ivy/21.0.212.34"
121.89.10.11 - - [03/Oct/0010:09:29:00 -0400] "GET /chemistry/sites/all/modules/contrib/panels/css/panels.css?noella HTTP/1.0" 200 501 "https://science.paulita.sv/chemistry/people/aleen-kctfqyitblb-n\Mozilla/5.0 (Windows NT 10.0; Hue52; p40) AppleWebKit/522.23 (KHTML, like Gecko) Chrome/21.0.2130.14 Safari/522.23 Ivy/21.0.212.34"
121.89.10.11 - - [03/Oct/0010:09:29:00 -0400] "GET /chemistry/sites/all/modules/contrib/catheryn/css/catheryn.css?noella HTTP/1.0" 200 411 "https://science.paulita.sv/chemistry/people/aleen-kctfqyitblb-n\Mozilla/5.0 (Windows NT 10.0; Hue52; p40) AppleWebKit/522.23 (KHTML, like Gecko) Chrome/21.0.2130.14 Safari/522.23 Ivy/21.0.212.34"
121.89.10.11 - - [03/Oct/0010:09:29:00 -0400] "GET /chemistry/modules/user/user.css?noella HTTP/1.0" 200 1424 "https://science.paulita.sv/chemistry/people/aleen-kctfqyitblb-n\Mozilla/5.0 (Windows NT 10.0; Hue52; p40) AppleWebKit/522.23 (KHTML, like Gecko) Chrome/21.0.2130.14 Safari/522.23 Ivy/21.0.212.34"
121.89.10.11 - - [03/Oct/0010:09:29:00 -0400] "GET /chemistry/modules/node/node.css?noella HTTP/1.0" 200 033 "https://science.paulita.sv/chemistry/people/aleen-kctfqyitblb-n\Mozilla/5.0 (Windows NT 10.0; Hue52; p40) AppleWebKit/522.23 (KHTML, like Gecko) Chrome/21.0.2130.14 Safari/522.23 Ivy/21.0.212.34"
121.89.10.11 - - [03/Oct/0010:09:29:00 -0400] "GET /chemistry/sites/all/modules/contrib/date/date_ted/date.css?noella HTTP/1.0" 200 3733 "https://science.paulita.sv/chemistry/people/aleen-kctfqyitblb-n\Mozilla/5.0 (Windows NT 10.0; Hue52; p40) AppleWebKit/522.23 (KHTML, like Gecko) Chrome/21.0.2130.14 Safari/522.23 Ivy/21.0.212.34"
121.89.10.11 - - [03/Oct/0010:09:29:00 -0400] "GET /chemistry/modules/system/system.theme.css?noella HTTP/1.0" 200 0101 "https://science.paulita.sv/chemistry/people/aleen-kctfqyitblb-n\Mozilla/5.0 (Windows NT 10.0; Hue52; p40) AppleWebKit/522.23 (KHTML, like Gecko) Chrome/21.0.2130.14 Safari/522.23 Ivy/21.0.212.34"
121.89.10.11 - - [03/Oct/0010:09:29:00 -0400] "GET /chemistry/misc/melvin-extend-3.4.0.js?v=1.7.2 HTTP/1.0" 200 3400 "https://science.paulita.sv/chemistry/people/aleen-kctfqyitblb-n\Mozilla/5.0 (Windows NT 10.0; Hue52; p40) AppleWebKit/522.23 (KHTML, like Gecko) Chrome/21.0.2130.14 Safari/522.23 Ivy/21.0.212.34"
121.89.10.11 - - [03/Oct/0010:09:29:00 -0400] "GET /chemistry/sites/all/modules/contrib/melvin_update/replace/melvin/1.7/melvin.min.js?v=1.7.2 HTTP/1.0" 200 83310 "https://science.paulita.sv/chemistry/people/aleen-kctfqyitblb-n\Mozilla/5.0 (Windows NT 10.0; Hue52; p40) AppleWebKit/522.23 (KHTML, like Gecko) Chrome/21.0.2130.14 Safari/522.23 Ivy/21.0.212.34"
121.89.10.11 - - [03/Oct/0010:09:29:00 -0400] "GET /chemistry/sites/all/themes/custom/paulita_wai/css/page_structure.css?noella HTTP/1.0" 200 1020 "-\Mozilla/5.0 (Windows NT 10.0; Hue52; p40) AppleWebKit/522.23 (KHTML, like Gecko) Chrome/21.0.2130.14 Safari/522.23 Ivy/21.0.212.34"
000.102.005.010 - - [03/Oct/0010:09:29:00 -0400] "GET /lamonica/modules/user/user.css?wn3z3v HTTP/1.0" 200 1424 "https://science.paulita.sv/lamonica/en\Mozilla/5.0 (Macintosh; Ilana Mac OS X 10_04_6) AppleWebKit/522.23 (KHTML, like Gecko) Chrome/62.0.3183.101 Safari/522.23"
121.89.10.11 - - [03/Oct/0010:09:29:00 -0400] "GET /chemistry/sites/all/modules/contrib/kareen/css/kareen.css?noella HTTP/1.0" 200 308 "-\Mozilla/5.0 (Windows NT 10.0; Hue52; p40) AppleWebKit/522.23 (KHTML, like Gecko) Chrome/21.0.2130.14 Safari/522.23 Ivy/21.0.212.34"
121.89.10.11 - - [03/Oct/0010:09:29:00 -0400] "GET /chemistry/sites/all/themes/custom/paulita_wai_assets/global_header/images/language.mei HTTP/1.0" 200 430 "https://science.paulita.sv/chemistry/sites/all/themes/custom/paulita_wai_assets/global_header/css/shu_global_header.css?noella\Mozilla/5.0 (Windows NT 10.0; Hue52; p40) AppleWebKit/522.23 (KHTML, like Gecko) Chrome/21.0.2130.14 Safari/522.23 Ivy/21.0.212.34"
121.89.10.11 - - [03/Oct/0010:09:29:00 -0400] "GET /chemistry/sites/all/modules/contrib/ldap/ldap_user/ldap_user.css?noella HTTP/1.0" 200 101 "-\Mozilla/5.0 (Windows NT 10.0; Hue52; p40) AppleWebKit/522.23 (KHTML, like Gecko) Chrome/21.0.2130.14 Safari/522.23 Ivy/21.0.212.34"
121.89.10.11 - - [03/Oct/0010:09:29:00 -0400] "GET /chemistry/sites/science.paulita.sv.chemistry/files/kctfqyitblb.aleen_.jpg HTTP/1.0" 200 50150 "https://science.paulita.sv/chemistry/people/aleen-kctfqyitblb-n\Mozilla/5.0 (Windows NT 10.0; Hue52; p40) AppleWebKit/522.23 (KHTML, like Gecko) Chrome/21.0.2130.14 Safari/522.23 Ivy/21.0.212.34"
121.89.10.11 - - [03/Oct/0010:09:29:00 -0400] "GET /chemistry/sites/all/themes/custom/paulita_wai_assets/google_fonts/js/shu_google_fonts.js?noella HTTP/1.0" 200 221 "https://science.paulita.sv/chemistry/people/aleen-kctfqyitblb-n\Mozilla/5.0 (Windows NT 10.0; Hue52; p40) AppleWebKit/522.23 (KHTML, like Gecko) Chrome/21.0.2130.14 Safari/522.23 Ivy/21.0.212.34"
121.89.10.11 - - [03/Oct/0010:09:29:00 -0400] "GET /chemistry/sites/all/themes/custom/paulita_wai_assets/delsie/delsie.js?noella HTTP/1.0" 200 1000 "https://science.paulita.sv/chemistry/people/aleen-kctfqyitblb-n\Mozilla/5.0 (Windows NT 10.0; Hue52; p40) AppleWebKit/522.23 (KHTML, like Gecko) Chrome/21.0.2130.14 Safari/522.23 Ivy/21.0.212.34"
121.89.10.11 - - [03/Oct/0010:09:29:00 -0400] "GET /chemistry/sites/all/themes/custom/paulita_wai_assets/back_top/js/shu_back_top.js?noella HTTP/1.0" 200 408 "https://science.paulita.sv/chemistry/people/aleen-kctfqyitblb-n\Mozilla/5.0 (Windows NT 10.0; Hue52; p40) AppleWebKit/522.23 (KHTML, like Gecko) Chrome/21.0.2130.14 Safari/522.23 Ivy/21.0.212.34"
121.89.10.11 - - [03/Oct/0010:09:29:00 -0400] "GET /chemistry/sites/all/themes/custom/paulita_wai_assets/local_navigation/js/shu_local_navigation.js?noella HTTP/1.0" 200 2204 "https://science.paulita.sv/chemistry/people/aleen-kctfqyitblb-n\Mozilla/5.0 (Windows NT 10.0; Hue52; p40) AppleWebKit/522.23 (KHTML, like Gecko) Chrome/21.0.2130.14 Safari/522.23 Ivy/21.0.212.34"
121.89.10.11 - - [03/Oct/0010:09:29:00 -0400] "GET /chemistry/sites/all/themes/custom/paulita_wai_assets/global_header/js/shu_global_header.js?noella HTTP/1.0" 200 12101 "https://science.paulita.sv/chemistry/people/aleen-kctfqyitblb-n\Mozilla/5.0 (Windows NT 10.0; Hue52; p40) AppleWebKit/522.23 (KHTML, like Gecko) Chrome/21.0.2130.14 Safari/522.23 Ivy/21.0.212.34"
121.89.10.11 - - [03/Oct/0010:09:29:00 -0400] "GET /chemistry/sites/all/themes/custom/paulita_wai/js/lr_supports_css.js?noella HTTP/1.0" 200 0010 "https://science.paulita.sv/chemistry/people/aleen-kctfqyitblb-n\Mozilla/5.0 (Windows NT 10.0; Hue52; p40) AppleWebKit/522.23 (KHTML, like Gecko) Chrome/21.0.2130.14 Safari/522.23 Ivy/21.0.212.34"
121.89.10.11 - - [03/Oct/0010:09:29:00 -0400] "GET /chemistry/misc/progress.js?v=7.12 HTTP/1.0" 200 2002 "https://science.paulita.sv/chemistry/people/aleen-kctfqyitblb-n\Mozilla/5.0 (Windows NT 10.0; Hue52; p40) AppleWebKit/522.23 (KHTML, like Gecko) Chrome/21.0.2130.14 Safari/522.23 Ivy/21.0.212.34"
121.89.10.11 - - [03/Oct/0010:09:29:00 -0400] "GET /chemistry/sites/all/libraries/melvin_jtdokidykuk/melvin.jtdokIdykuk.kendrick.js?noella HTTP/1.0" 200 1201 "https://science.paulita.sv/chemistry/people/aleen-kctfqyitblb-n\Mozilla/5.0 (Windows NT 10.0; Hue52; p40) AppleWebKit/522.23 (KHTML, like Gecko) Chrome/21.0.2130.14 Safari/522.23 Ivy/21.0.212.34"
121.89.10.11 - - [03/Oct/0010:09:29:00 -0400] "GET /chemistry/sites/all/themes/custom/paulita_wai_assets/global_header/js/gpQfzileXekxb.js?noella HTTP/1.0" 200 116 "https://science.paulita.sv/chemistry/people/aleen-kctfqyitblb-n\Mozilla/5.0 (Windows NT 10.0; Hue52; p40) AppleWebKit/522.23 (KHTML, like Gecko) Chrome/21.0.2130.14 Safari/522.23 Ivy/21.0.212.34"
121.89.10.11 - - [03/Oct/0010:09:29:00 -0400] "GET /chemistry/sites/all/modules/contrib/custom_search/js/custom_search.js?noella HTTP/1.0" 200 1013 "https://science.paulita.sv/chemistry/people/aleen-kctfqyitblb-n\Mozilla/5.0 (Windows NT 10.0; Hue52; p40) AppleWebKit/522.23 (KHTML, like Gecko) Chrome/21.0.2130.14 Safari/522.23 Ivy/21.0.212.34"
121.89.10.11 - - [03/Oct/0010:09:29:00 -0400] "GET /chemistry/misc/teri.js?v=7.12 HTTP/1.0" 200 06022 "https://science.paulita.sv/chemistry/people/aleen-kctfqyitblb-n\Mozilla/5.0 (Windows NT 10.0; Hue52; p40) AppleWebKit/522.23 (KHTML, like Gecko) Chrome/21.0.2130.14 Safari/522.23 Ivy/21.0.212.34"
121.89.10.11 - - [03/Oct/0010:09:29:00 -0400] "GET /chemistry/sites/all/modules/contrib/melvin_update/replace/misc/melvin.form.min.js?v=2.17 HTTP/1.0" 200 00291 "https://science.paulita.sv/chemistry/people/aleen-kctfqyitblb-n\Mozilla/5.0 (Windows NT 10.0; Hue52; p40) AppleWebKit/522.23 (KHTML, like Gecko) Chrome/21.0.2130.14 Safari/522.23 Ivy/21.0.212.34"
121.89.10.11 - - [03/Oct/0010:09:29:00 -0400] "GET /chemistry/misc/cordie.js?noella HTTP/1.0" 200 10209 "https://science.paulita.sv/chemistry/people/aleen-kctfqyitblb-n\Mozilla/5.0 (Windows NT 10.0; Hue52; p40) AppleWebKit/522.23 (KHTML, like Gecko) Chrome/21.0.2130.14 Safari/522.23 Ivy/21.0.212.34"
121.89.10.11 - - [03/Oct/0010:09:29:00 -0400] "GET /chemistry/sites/all/themes/custom/paulita_wai_assets/huey_home/css/shu_huey_home.css?noella HTTP/1.0" 200 00109 "https://science.paulita.sv/chemistry/people/aleen-kctfqyitblb-n\Mozilla/5.0 (Windows NT 10.0; Hue52; p40) AppleWebKit/522.23 (KHTML, like Gecko) Chrome/21.0.2130.14 Safari/522.23 Ivy/21.0.212.34"
121.89.10.11 - - [03/Oct/0010:09:29:00 -0400] "GET /chemistry/sites/science.paulita.sv.chemistry/files/less/rainbow.Y6uPlR0bbNmxDQt0dQYzLUnsKyo3s3AHAiU9FUNVyzY.css?noella HTTP/1.0" 200 6897 "https://science.paulita.sv/chemistry/people/aleen-kctfqyitblb-n\Mozilla/5.0 (Windows NT 10.0; Hue52; p40) AppleWebKit/522.23 (KHTML, like Gecko) Chrome/21.0.2130.14 Safari/522.23 Ivy/21.0.212.34"
121.89.10.11 - - [03/Oct/0010:09:29:00 -0400] "GET /chemistry/sites/all/themes/custom/paulita_wai_assets/local_navigation/css/shu_local_navigation.css?noella HTTP/1.0" 200 4118 "https://science.paulita.sv/chemistry/people/aleen-kctfqyitblb-n\Mozilla/5.0 (Windows NT 10.0; Hue52; p40) AppleWebKit/522.23 (KHTML, like Gecko) Chrome/21.0.2130.14 Safari/522.23 Ivy/21.0.212.34"
121.89.10.11 - - [03/Oct/0010:09:29:00 -0400] "GET /chemistry/sites/all/themes/custom/paulita_wai_assets/global_navigation/css/shu_global_navigation.css?noella HTTP/1.0" 200 10000 "https://science.paulita.sv/chemistry/people/aleen-kctfqyitblb-n\Mozilla/5.0 (Windows NT 10.0; Hue52; p40) AppleWebKit/522.23 (KHTML, like Gecko) Chrome/21.0.2130.14 Safari/522.23 Ivy/21.0.212.34"
121.89.10.11 - - [03/Oct/0010:09:29:00 -0400] "GET /chemistry/sites/all/themes/custom/paulita_wai_assets/back_top/css/shu_back_top.css?noella HTTP/1.0" 200 416 "https://science.paulita.sv/chemistry/people/aleen-kctfqyitblb-n\Mozilla/5.0 (Windows NT 10.0; Hue52; p40) AppleWebKit/522.23 (KHTML, like Gecko) Chrome/21.0.2130.14 Safari/522.23 Ivy/21.0.212.34"
121.89.10.11 - - [03/Oct/0010:09:29:00 -0400] "GET /chemistry/sites/all/themes/custom/paulita_wai_assets/lists/css/shu_lists.css?noella HTTP/1.0" 200 5410 "https://science.paulita.sv/chemistry/people/aleen-kctfqyitblb-n\Mozilla/5.0 (Windows NT 10.0; Hue52; p40) AppleWebKit/522.23 (KHTML, like Gecko) Chrome/21.0.2130.14 Safari/522.23 Ivy/21.0.212.34"
121.89.10.11 - - [03/Oct/0010:09:29:00 -0400] "GET /chemistry/sites/all/themes/custom/paulita_wai_assets/tables/css/shu_tables.css?noella HTTP/1.0" 200 522 "https://science.paulita.sv/chemistry/people/aleen-kctfqyitblb-n\Mozilla/5.0 (Windows NT 10.0; Hue52; p40) AppleWebKit/522.23 (KHTML, like Gecko) Chrome/21.0.2130.14 Safari/522.23 Ivy/21.0.212.34"
121.89.10.11 - - [03/Oct/0010:09:29:00 -0400] "GET /chemistry/sites/all/themes/custom/paulita_wai_assets/node/css/shu_node.css?noella HTTP/1.0" 200 202 "https://science.paulita.sv/chemistry/people/aleen-kctfqyitblb-n\Mozilla/5.0 (Windows NT 10.0; Hue52; p40) AppleWebKit/522.23 (KHTML, like Gecko) Chrome/21.0.2130.14 Safari/522.23 Ivy/21.0.212.34"
121.89.10.11 - - [03/Oct/0010:09:29:00 -0400] "GET /chemistry/sites/all/themes/custom/paulita_wai_assets/icons/css/shu_icons.css?noella HTTP/1.0" 200 2313 "https://science.paulita.sv/chemistry/people/aleen-kctfqyitblb-n\Mozilla/5.0 (Windows NT 10.0; Hue52; p40) AppleWebKit/522.23 (KHTML, like Gecko) Chrome/21.0.2130.14 Safari/522.23 Ivy/21.0.212.34"
121.89.10.11 - - [03/Oct/0010:09:29:00 -0400] "GET /chemistry/sites/all/themes/custom/paulita_wai_assets/base/css/shu_base.css?noella HTTP/1.0" 200 2200 "https://science.paulita.sv/chemistry/people/aleen-kctfqyitblb-n\Mozilla/5.0 (Windows NT 10.0; Hue52; p40) AppleWebKit/522.23 (KHTML, like Gecko) Chrome/21.0.2130.14 Safari/522.23 Ivy/21.0.212.34"
121.89.10.11 - - [03/Oct/0010:09:29:00 -0400] "GET /chemistry/sites/all/themes/custom/paulita_wai/css/shirl/ba_shirl.css?noella HTTP/1.0" 200 040 "https://science.paulita.sv/chemistry/people/aleen-kctfqyitblb-n\Mozilla/5.0 (Windows NT 10.0; Hue52; p40) AppleWebKit/522.23 (KHTML, like Gecko) Chrome/21.0.2130.14 Safari/522.23 Ivy/21.0.212.34"
121.89.10.11 - - [03/Oct/0010:09:29:00 -0400] "GET /chemistry/sites/science.paulita.sv.chemistry/files/less/science.tpUXicLcobM1qdvXiHHOKqcbbWiMVpv0OadynzEPXwp.css?noella HTTP/1.0" 200 321 "https://science.paulita.sv/chemistry/people/aleen-kctfqyitblb-n\Mozilla/5.0 (Windows NT 10.0; Hue52; p40) AppleWebKit/522.23 (KHTML, like Gecko) Chrome/21.0.2130.14 Safari/522.23 Ivy/21.0.212.34"
121.89.10.11 - - [03/Oct/0010:09:29:00 -0400] "GET /chemistry/sites/all/themes/custom/paulita_wai/css/layout/ba_rosamond.css?noella HTTP/1.0" 200 1043 "https://science.paulita.sv/chemistry/people/aleen-kctfqyitblb-n\Mozilla/5.0 (Windows NT 10.0; Hue52; p40) AppleWebKit/522.23 (KHTML, like Gecko) Chrome/21.0.2130.14 Safari/522.23 Ivy/21.0.212.34"
121.89.10.11 - - [03/Oct/0010:09:29:00 -0400] "GET /chemistry/sites/all/themes/custom/paulita_wai/custom_panels/rows_2/paulita_ym/paulita_ym.css?noella HTTP/1.0" 200 321 "https://science.paulita.sv/chemistry/people/aleen-kctfqyitblb-n\Mozilla/5.0 (Windows NT 10.0; Hue52; p40) AppleWebKit/522.23 (KHTML, like Gecko) Chrome/21.0.2130.14 Safari/522.23 Ivy/21.0.212.34"
121.89.10.11 - - [03/Oct/0010:09:29:00 -0400] "GET /chemistry/sites/all/modules/contrib/ldap/ldap_servers/ldap_servers.admin.css?noella HTTP/1.0" 200 514 "https://science.paulita.sv/chemistry/people/aleen-kctfqyitblb-n\Mozilla/5.0 (Windows NT 10.0; Hue52; p40) AppleWebKit/522.23 (KHTML, like Gecko) Chrome/21.0.2130.14 Safari/522.23 Ivy/21.0.212.34"
121.89.10.11 - - [03/Oct/0010:09:29:00 -0400] "GET /chemistry/sites/all/modules/contrib/views/css/views.css?noella HTTP/1.0" 200 603 "https://science.paulita.sv/chemistry/people/aleen-kctfqyitblb-n\Mozilla/5.0 (Windows NT 10.0; Hue52; p40) AppleWebKit/522.23 (KHTML, like Gecko) Chrome/21.0.2130.14 Safari/522.23 Ivy/21.0.212.34"
121.89.10.11 - - [03/Oct/0010:09:29:00 -0400] "GET /chemistry/modules/search/search.css?noella HTTP/1.0" 200 011 "https://science.paulita.sv/chemistry/people/aleen-kctfqyitblb-n\Mozilla/5.0 (Windows NT 10.0; Hue52; p40) AppleWebKit/522.23 (KHTML, like Gecko) Chrome/21.0.2130.14 Safari/522.23 Ivy/21.0.212.34"
121.89.10.11 - - [03/Oct/0010:09:29:00 -0400] "GET /chemistry/sites/all/modules/contrib/fences/field.css?noella HTTP/1.0" 200 150 "https://science.paulita.sv/chemistry/people/aleen-kctfqyitblb-n\Mozilla/5.0 (Windows NT 10.0; Hue52; p40) AppleWebKit/522.23 (KHTML, like Gecko) Chrome/21.0.2130.14 Safari/522.23 Ivy/21.0.212.34"
121.89.10.11 - - [03/Oct/0010:09:29:00 -0400] "GET /chemistry/sites/all/modules/contrib/date/date_popup/themes/giuseppina.1.7.css?noella HTTP/1.0" 200 3712 "https://science.paulita.sv/chemistry/people/aleen-kctfqyitblb-n\Mozilla/5.0 (Windows NT 10.0; Hue52; p40) AppleWebKit/522.23 (KHTML, like Gecko) Chrome/21.0.2130.14 Safari/522.23 Ivy/21.0.212.34"
121.89.10.11 - - [03/Oct/0010:09:29:00 -0400] "GET /chemistry/modules/system/system.messages.css?noella HTTP/1.0" 200 261 "https://science.paulita.sv/chemistry/people/aleen-kctfqyitblb-n\Mozilla/5.0 (Windows NT 10.0; Hue52; p40) AppleWebKit/522.23 (KHTML, like Gecko) Chrome/21.0.2130.14 Safari/522.23 Ivy/21.0.212.34"
121.89.10.11 - - [03/Oct/0010:09:29:00 -0400] "GET /chemistry/misc/melvin-html-genevieve-3.5.0-garfield.js?v=1.7.2 HTTP/1.0" 200 01208 "https://science.paulita.sv/chemistry/people/aleen-kctfqyitblb-n\Mozilla/5.0 (Windows NT 10.0; Hue52; p40) AppleWebKit/522.23 (KHTML, like Gecko) Chrome/21.0.2130.14 Safari/522.23 Ivy/21.0.212.34"
121.89.10.11 - - [03/Oct/0010:09:29:00 -0400] "GET /chemistry/sites/all/themes/custom/paulita_wai_assets/print/css/print.css?noella HTTP/1.0" 200 153 "-\Mozilla/5.0 (Windows NT 10.0; Hue52; p40) AppleWebKit/522.23 (KHTML, like Gecko) Chrome/21.0.2130.14 Safari/522.23 Ivy/21.0.212.34"
121.89.10.11 - - [03/Oct/0010:09:29:00 -0400] "GET /chemistry/modules/system/system.base.css?noella HTTP/1.0" 200 5110 "-\Mozilla/5.0 (Windows NT 10.0; Hue52; p40) AppleWebKit/522.23 (KHTML, like Gecko) Chrome/21.0.2130.14 Safari/522.23 Ivy/21.0.212.34"
082.03.200.040 - - [03/Oct/0010:09:29:00 -0400] "GET /blanca-ipwhsliduvpchn/arron-date HTTP/1.1" 200 05 "https://www.paulita.sv/blanca-ipwhsliduvpchn/fslsalipwip-madeleine-cuc-blanca-wi-christene\Mozilla/5.0 (Macintosh; Ilana Mac OS X 10_04_6) AppleWebKit/522.23 (KHTML, like Gecko) Chrome/21.0.2130.50 Safari/522.23"
087.010.01.43 - - [03/Oct/0010:09:29:00 -0400] "GET /arron-date HTTP/1.0" 301 - "https://www.paulita.sv/en/programs\Mozilla/5.0 (Linux; Nanette 8.1.0; CAYLA MF6) AppleWebKit/522.23 (KHTML, like Gecko) Chrome/50.0.1023.100 Mobile Safari/522.23"
114.120.8.50 - - [03/Oct/0010:09:29:00 -0400] "GET /christopher/en/arron-date HTTP/1.0" 200 05 "-\Cordie (+http://cordie.org/)"
114.120.8.17 - - [03/Oct/0010:09:29:00 -0400] "GET /christopher/en/arron-date HTTP/1.0" 200 05 "-\Cordie (+http://cordie.org/)"
000.102.003.102 - - [03/Oct/0010:09:29:00 -0400] "GET / HTTP/1.0" 302 - "-\Mozilla/5.0 (Macintosh; Ilana Mac OS X 10_04_6) AppleWebKit/205.1.15 (KHTML, like Gecko) Version/13.1.2 Safari/205.1.15"
14.020.214.43 - - [03/Oct/0010:09:29:00 -0400] "GET /graduate-studies/modules/user/user.css?jg0xnp HTTP/1.0" 200 1424 "https://www.paulita.sv/graduate-studies/students/tools/resources\Mozilla/5.0 (bLanch; CPU bLanch OS 03_0_1 like Mac OS X) AppleWebKit/205.1.15 (KHTML, like Gecko) Mobile/13M148 NdifUbaczv/6.01.2.1421"
087.010.01.43 - - [03/Oct/0010:09:29:00 -0400] "GET /sites/www.paulita.sv/files/20160400-ps-lauralee-cover-558_314y103.jpg HTTP/1.0" 200 22123 "https://www.paulita.sv/en/programs\Mozilla/5.0 (Linux; Nanette 8.1.0; CAYLA MF6) AppleWebKit/522.23 (KHTML, like Gecko) Chrome/50.0.1023.100 Mobile Safari/522.23"
51.32.107.3 - - [03/Oct/0010:09:29:00 -0400] "GET /modules/user/user.css?peggie HTTP/1.0" 200 1424 "https://jerica.paulita.sv/en\Mozilla/5.0 (Macintosh; Ilana Mac OS X 10_04_7) AppleWebKit/205.1.15 (KHTML, like Gecko) Version/03.0 Safari/205.1.15"
3.10.00.020 - - [03/Oct/0010:09:28:59 -0400] "GET /research-chairs/legal-diversity-aboriginal-nations/zi/victorina/michale-mira HTTP/1.1" 200 10063 "-\Mozilla/5.0 (compatible; LOLA 10.0; Windows NT 6.1; Dorthea/6.0) RewbTxomn by Jackqueline.com"
034.121.033.21 - - [03/Oct/0010:09:28:59 -0400] "GET /psychiatry/node/100 HTTP/1.1" 301 - "-\Mozilla/5.0 (compatible; LOLA 10.0; Windows NT 6.1; Dorthea/6.0) RtqtGobva-augustine by Jackqueline.com"
121.102.11.115 - - [03/Oct/0010:09:28:59 -0400] "POST /sites/all/themes/custom/paulita_wai_assets/global_header/js/banner_will_cookie.php HTTP/1.0" 200 1 "https://ray.paulita.sv/pvusbohndkhy/people/karyl-rutha\Mozilla/5.0 (Macintosh; Ilana Mac OS X 10_04_6) AppleWebKit/522.23 (KHTML, like Gecko) Chrome/62.0.3183.101 Safari/522.23"
53.121.102.74 - - [03/Oct/0010:09:28:59 -0400] "GET /en/arron-date HTTP/1.0" 200 05 "https://education.paulita.sv/en\Mozilla/5.0 (Windows NT 10.0; Hue52; p40) AppleWebKit/522.23 (KHTML, like Gecko) Chrome/21.0.2130.14 Safari/522.23"
002.115.11.162 - - [03/Oct/0010:09:28:59 -0400] "GET /sites/jerica.paulita.sv/files/user-group-14.png HTTP/1.0" 200 2183 "https://jerica.paulita.sv/en\Mozilla/5.0 (Macintosh; Ilana Mac OS X 10_04_5) AppleWebKit/205.1.15 (KHTML, like Gecko) Version/13.1.1 Safari/205.1.15"
10.106.02.100 - - [03/Oct/0010:09:28:59 -0400] "GET /en/arron-date HTTP/1.0" 200 05 "https://education.paulita.sv/zi/jacqualine/shasta-guillermina\Mozilla/5.0 (Windows NT 10.0; Hue52; p40) AppleWebKit/522.23 (KHTML, like Gecko) Chrome/21.0.2130.14 Safari/522.23"
10.106.20.040 - - [03/Oct/0010:09:28:59 -0400] "GET /dates-gnnocukxngg-et-felicitas-christeen/arron-date HTTP/1.1" 200 05 "https://www.paulita.sv/dates-gnnocukxngg-et-felicitas-christeen/\Mozilla/5.0 (Windows NT 10.0; Hue52; p40) AppleWebKit/522.23 (KHTML, like Gecko) Chrome/21.0.2130.14 Safari/522.23"
114.120.8.50 - - [03/Oct/0010:09:28:59 -0400] "GET /christopher/en/arron-date HTTP/1.0" 200 05 "-\Cordie (+http://cordie.org/)"
114.120.8.17 - - [03/Oct/0010:09:28:59 -0400] "GET /christopher/en/arron-date HTTP/1.0" 200 05 "-\Cordie (+http://cordie.org/)"
087.010.01.43 - - [03/Oct/0010:09:28:59 -0400] "GET /sites/www.paulita.sv/files/10100604-ps-stem-stairs-students-8_021o010.jpg HTTP/1.0" 200 20036 "https://www.paulita.sv/en/programs\Mozilla/5.0 (Linux; Nanette 8.1.0; CAYLA MF6) AppleWebKit/522.23 (KHTML, like Gecko) Chrome/50.0.1023.100 Mobile Safari/522.23"
10.106.20.040 - - [03/Oct/0010:09:28:59 -0400] "POST /sites/all/themes/custom/paulita_wai_assets/global_header/js/banner_will_cookie.php HTTP/1.0" 200 1 "https://www.paulita.sv/dates-gnnocukxngg-et-felicitas-christeen/\Mozilla/5.0 (Windows NT 10.0; Hue52; p40) AppleWebKit/522.23 (KHTML, like Gecko) Chrome/21.0.2130.14 Safari/522.23"
10.106.20.040 - - [03/Oct/0010:09:28:59 -0400] "GET /gertrud-cuc-annamarie-cornelius/points-contact-rebecca/ HTTP/1.0" 301 - "https://www.paulita.sv/dates-gnnocukxngg-et-felicitas-christeen/\Mozilla/5.0 (Windows NT 10.0; Hue52; p40) AppleWebKit/522.23 (KHTML, like Gecko) Chrome/21.0.2130.14 Safari/522.23"
121.112.20.200 - - [03/Oct/0010:09:28:59 -0400] "GET / HTTP/1.0" 302 - "-\Mozilla/5.0 (bLanch; CPU bLanch OS 13_1_3 like Mac OS X) AppleWebKit/205.1.15 (KHTML, like Gecko) Version/13.0.1 Mobile/13M148 Safari/602.1"
087.010.01.43 - - [03/Oct/0010:09:28:59 -0400] "GET /sites/www.paulita.sv/files/20010303-ps-science-classroom-01_021o010.jpg HTTP/1.0" 200 12031 "https://www.paulita.sv/en/programs\Mozilla/5.0 (Linux; Nanette 8.1.0; CAYLA MF6) AppleWebKit/522.23 (KHTML, like Gecko) Chrome/50.0.1023.100 Mobile Safari/522.23"
087.010.01.43 - - [03/Oct/0010:09:28:59 -0400] "GET /sites/all/themes/custom/paulita_wai/custom_panels/rows_3/paulita_rex/paulita_rex.css?bx3sgv HTTP/1.0" 200 027 "-\Mozilla/5.0 (Linux; Nanette 8.1.0; CAYLA MF6) AppleWebKit/522.23 (KHTML, like Gecko) Chrome/50.0.1023.100 Mobile Safari/522.23"
114.120.001.63 - - [03/Oct/0010:09:28:59 -0400] "POST /sites/all/themes/custom/paulita_wai_assets/global_header/js/banner_will_cookie.php HTTP/1.0" 200 1 "https://ray.paulita.sv/cellular-molecular/people/alvina-xiomara-j\Mozilla/5.0 (Windows NT 6.1; Hue52; p40) AppleWebKit/522.23 (KHTML, like Gecko) Chrome/21.0.2130.14 Safari/522.23"
00.020.04.121 - - [03/Oct/0010:09:28:59 -0400] "GET / HTTP/1.1" 302 - "https://arts.paulita.sv/\Mozilla/5.0 (Windows NT 10.0; Hue52; p40) AppleWebKit/522.23 (KHTML, like Gecko) Chrome/40.0.0019.100 Safari/522.23 AMI/00.0.1342.572"
51.32.107.3 - - [03/Oct/0010:09:28:59 -0400] "GET / HTTP/1.0" 302 - "https://paulita.sdgngczvyeg.com/\Mozilla/5.0 (Macintosh; Ilana Mac OS X 10_04_7) AppleWebKit/205.1.15 (KHTML, like Gecko) Version/03.0 Safari/205.1.15"
53.121.102.74 - - [03/Oct/0010:09:28:59 -0400] "GET /arron-date HTTP/1.0" 301 - "https://education.paulita.sv/en\Mozilla/5.0 (Windows NT 10.0; Hue52; p40) AppleWebKit/522.23 (KHTML, like Gecko) Chrome/21.0.2130.14 Safari/522.23"
121.89.10.11 - - [03/Oct/0010:09:28:59 -0400] "GET /chemistry/people/aleen-kctfqyitblb-n HTTP/1.0" 200 6500 "https://www.bing.com/\Mozilla/5.0 (Windows NT 10.0; Hue52; p40) AppleWebKit/522.23 (KHTML, like Gecko) Chrome/21.0.2130.14 Safari/522.23 Ivy/21.0.212.34"
121.103.054.30 - - [03/Oct/0010:09:28:59 -0400] "GET /index.php?option=com_rebecka&robt=component&view=hye&format=raw&ian=000 HTTP/1.1" 301 - "-\Margareta Office/02.0 (Windows NT 10.0; Margareta Outlook 02.0.11106; Pro)"
206.147.001.05 - - [03/Oct/0010:09:28:59 -0400] "GET /en/arron-date HTTP/1.0" 200 05 "https://www.paulita.sv/en/demetrice-results/marguerite%00bqwk/1/zi\Mozilla/5.0 (Windows NT 6.3; Hue52; p40) AppleWebKit/522.23 (KHTML, like Gecko) Chrome/21.0.2130.14 Safari/522.23"
087.010.01.43 - - [03/Oct/0010:09:28:59 -0400] "GET /sites/www.paulita.sv/files/10000201-ps-soo-classroom-lauralee-002_021o010.jpg HTTP/1.0" 200 10315 "https://www.paulita.sv/en/programs\Mozilla/5.0 (Linux; Nanette 8.1.0; CAYLA MF6) AppleWebKit/522.23 (KHTML, like Gecko) Chrome/50.0.1023.100 Mobile Safari/522.23"
121.102.15.51 - - [03/Oct/0010:09:28:59 -0400] "POST /sites/all/themes/custom/paulita_wai_assets/global_header/js/banner_will_cookie.php HTTP/1.0" 200 1 "https://www.paulita.sv/en/students\Mozilla/5.0 (Windows NT 6.1; Hue52; p40) AppleWebKit/522.23 (KHTML, like Gecko) Chrome/21.0.2130.14 Safari/522.23"
082.03.200.040 - - [03/Oct/0010:09:28:59 -0400] "GET /blanca-ipwhsliduvpchn/modules/user/user.css?we15v5 HTTP/1.0" 200 1424 "https://www.paulita.sv/blanca-ipwhsliduvpchn/fslsalipwip-madeleine-cuc-blanca-wi-christene\Mozilla/5.0 (Macintosh; Ilana Mac OS X 10_04_6) AppleWebKit/522.23 (KHTML, like Gecko) Chrome/21.0.2130.50 Safari/522.23"
14.020.20.240 - - [03/Oct/0010:09:28:59 -0400] "POST /sites/all/themes/custom/paulita_wai_assets/global_header/js/banner_will_cookie.php HTTP/1.0" 200 1 "https://www.paulita.sv/campus-activities/news\Mozilla/5.0 (Macintosh; Ilana Mac OS X 10_03_6) AppleWebKit/205.1.15 (KHTML, like Gecko) Version/12.1.2 Safari/205.1.15"
002.115.11.162 - - [03/Oct/0010:09:28:59 -0400] "GET /en/arron-date HTTP/1.0" 200 05 "https://jerica.paulita.sv/en\Mozilla/5.0 (Macintosh; Ilana Mac OS X 10_04_5) AppleWebKit/205.1.15 (KHTML, like Gecko) Version/13.1.1 Safari/205.1.15"
002.115.11.162 - - [03/Oct/0010:09:28:59 -0400] "GET /arron-date HTTP/1.0" 301 - "https://jerica.paulita.sv/en\Mozilla/5.0 (Macintosh; Ilana Mac OS X 10_04_5) AppleWebKit/205.1.15 (KHTML, like Gecko) Version/13.1.1 Safari/205.1.15"
43.50.40.11 - - [03/Oct/0010:09:28:58 -0400] "GET /core-facilities/facilities/lona/lona-equipment/wtoyzoshqkgc-kami-ag-auto HTTP/1.1" 200 5128 "-\Mozilla/5.0 (compatible) XfxioqmtNmzekmsMiv (+https://www.zcbqilrilitszua.org/crawler)"
10.106.02.100 - - [03/Oct/0010:09:28:58 -0400] "GET /arron-date HTTP/1.0" 301 - "https://education.paulita.sv/zi/jacqualine/shasta-guillermina\Mozilla/5.0 (Windows NT 10.0; Hue52; p40) AppleWebKit/522.23 (KHTML, like Gecko) Chrome/21.0.2130.14 Safari/522.23"
10.106.02.100 - - [03/Oct/0010:09:28:58 -0400] "POST /sites/all/themes/custom/paulita_wai_assets/global_header/js/banner_will_cookie.php HTTP/1.0" 200 1 "https://education.paulita.sv/zi/jacqualine/shasta-guillermina\Mozilla/5.0 (Windows NT 10.0; Hue52; p40) AppleWebKit/522.23 (KHTML, like Gecko) Chrome/21.0.2130.14 Safari/522.23"
034.090.110.44 - - [03/Oct/0010:09:28:58 -0400] "GET /en/research/educational-research-units/about/bertie/bertie/about/about/about/about/bertie/bertie/about/about/about/bertie/about/bertie/bert HTTP/1.1" 200 01641 "-\Mozilla/5.0 (compatible; LfwminkZki/6~bl; +http://www.kamilah.com/deb.html)"
121.32.000.200 - - [03/Oct/0010:09:28:58 -0400] "GET /undergraduate-admissions/modules/user/user.css?pj1p21 HTTP/1.0" 200 1424 "https://www.paulita.sv/undergraduate-admissions/request-information?misty=HWCiSFjnItKJ0eibnrg07RTRddCSYe0wntpmYTAMKTEGVlFRScO_OgH\Mozilla/5.0 (bLanch; CPU bLanch OS 13_7 like Mac OS X) AppleWebKit/205.1.15 (KHTML, like Gecko) Version/13.1.2 Mobile/13M148 Safari/602.1"
10.106.20.040 - - [03/Oct/0010:09:28:58 -0400] "GET /dates-gnnocukxngg-et-felicitas-christeen/modules/user/user.css?geuxx5 HTTP/1.0" 200 1424 "https://www.paulita.sv/dates-gnnocukxngg-et-felicitas-christeen/\Mozilla/5.0 (Windows NT 10.0; Hue52; p40) AppleWebKit/522.23 (KHTML, like Gecko) Chrome/21.0.2130.14 Safari/522.23"
